<?xml version="1.0" encoding="UTF-8"?>
<testsuite name="org.opensearch.sql.legacy.AggregationExpressionIT" tests="15" skipped="8" failures="0" errors="0" timestamp="2023-01-17T02:15:24" hostname="Unused26-MacBook.local" time="1.965">
  <properties/>
  <testcase name="noGroupKeyAvgOnIntegerShouldPass" classname="org.opensearch.sql.legacy.AggregationExpressionIT" time="0.0">
    <skipped/>
  </testcase>
  <testcase name="AddLiteralOnGroupKeyShouldPass" classname="org.opensearch.sql.legacy.AggregationExpressionIT" time="0.0">
    <skipped/>
  </testcase>
  <testcase name="noGroupKeyMaxAddLiteralShouldPass" classname="org.opensearch.sql.legacy.AggregationExpressionIT" time="0.002">
    <skipped/>
  </testcase>
  <testcase name="noGroupKeySingleFuncOverAggWithoutAliasShouldPass" classname="org.opensearch.sql.legacy.AggregationExpressionIT" time="1.422"/>
  <testcase name="groupByDateShouldPass" classname="org.opensearch.sql.legacy.AggregationExpressionIT" time="0.001">
    <skipped/>
  </testcase>
  <testcase name="noGroupKeyMaxAddMinShouldPass" classname="org.opensearch.sql.legacy.AggregationExpressionIT" time="0.061"/>
  <testcase name="groupByDateWithAliasShouldPass" classname="org.opensearch.sql.legacy.AggregationExpressionIT" time="0.0">
    <skipped/>
  </testcase>
  <testcase name="hasGroupKeyMaxAddLiteralShouldPass" classname="org.opensearch.sql.legacy.AggregationExpressionIT" time="0.0">
    <skipped/>
  </testcase>
  <testcase name="hasGroupKeyLogMaxAddMinShouldPass" classname="org.opensearch.sql.legacy.AggregationExpressionIT" time="0.117"/>
  <testcase name="hasGroupKeyAvgOnIntegerShouldPass" classname="org.opensearch.sql.legacy.AggregationExpressionIT" time="0.076"/>
  <testcase name="aggregateCastStatementShouldNotReturnZero" classname="org.opensearch.sql.legacy.AggregationExpressionIT" time="0.098"/>
  <testcase name="noGroupKeyLogMaxAddMinShouldPass" classname="org.opensearch.sql.legacy.AggregationExpressionIT" time="0.0">
    <skipped/>
  </testcase>
  <testcase name="logWithAddLiteralOnGroupKeyShouldPass" classname="org.opensearch.sql.legacy.AggregationExpressionIT" time="0.112"/>
  <testcase name="logWithAddLiteralOnGroupKeyAndMaxSubtractLiteralShouldPass" classname="org.opensearch.sql.legacy.AggregationExpressionIT" time="0.0">
    <skipped/>
  </testcase>
  <testcase name="hasGroupKeyMaxAddMinShouldPass" classname="org.opensearch.sql.legacy.AggregationExpressionIT" time="0.069"/>
  <system-out><![CDATA[[2023-01-17T08:15:24,837][INFO ][o.o.s.l.AggregationExpressionIT] [noGroupKeySingleFuncOverAggWithoutAliasShouldPass] before test
]]></system-out>
  <system-err><![CDATA[]]></system-err>
</testsuite>
<?xml version="1.0" encoding="UTF-8"?>
<testsuite name="org.opensearch.sql.legacy.AggregationIT" tests="55" skipped="2" failures="45" errors="0" timestamp="2023-01-17T02:15:27" hostname="Unused26-MacBook.local" time="8.575">
  <properties/>
  <testcase name="minTest" classname="org.opensearch.sql.legacy.AggregationIT" time="5.442">
    <failure message="org.opensearch.client.ResponseException: method [POST], host [http://[::1]:61802], URI [/_plugins/_sql?format=json], status line [HTTP/1.1 400 Bad Request]&#10;{&#10;  &quot;error&quot;: {&#10;    &quot;reason&quot;: &quot;Invalid SQL query&quot;,&#10;    &quot;details&quot;: &quot;Query is unsupported in the new engine&quot;,&#10;    &quot;type&quot;: &quot;SQLFeatureDisabledException&quot;&#10;  },&#10;  &quot;status&quot;: 400&#10;}" type="org.opensearch.client.ResponseException">org.opensearch.client.ResponseException: method [POST], host [http://[::1]:61802], URI [/_plugins/_sql?format=json], status line [HTTP/1.1 400 Bad Request]
</failure>
  </testcase>
  <testcase name="countGroupByDateTest" classname="org.opensearch.sql.legacy.AggregationIT" time="0.1">
    <failure message="org.opensearch.client.ResponseException: method [POST], host [http://127.0.0.1:61803], URI [/_plugins/_sql/_explain], status line [HTTP/1.1 400 Bad Request]&#10;{&#10;  &quot;error&quot;: {&#10;    &quot;reason&quot;: &quot;Invalid SQL query&quot;,&#10;    &quot;details&quot;: &quot;Query is unsupported in the new engine&quot;,&#10;    &quot;type&quot;: &quot;SQLFeatureDisabledException&quot;&#10;  },&#10;  &quot;status&quot;: 400&#10;}" type="org.opensearch.client.ResponseException">org.opensearch.client.ResponseException: method [POST], host [http://127.0.0.1:61803], URI [/_plugins/_sql/_explain], status line [HTTP/1.1 400 Bad Request]
</failure>
  </testcase>
  <testcase name="topHitTest" classname="org.opensearch.sql.legacy.AggregationIT" time="0.082">
    <failure message="org.opensearch.client.ResponseException: method [POST], host [http://[::1]:61802], URI [/_plugins/_sql?format=json], status line [HTTP/1.1 400 Bad Request]&#10;{&#10;  &quot;error&quot;: {&#10;    &quot;reason&quot;: &quot;Invalid SQL query&quot;,&#10;    &quot;details&quot;: &quot;Query is unsupported in the new engine&quot;,&#10;    &quot;type&quot;: &quot;SQLFeatureDisabledException&quot;&#10;  },&#10;  &quot;status&quot;: 400&#10;}" type="org.opensearch.client.ResponseException">org.opensearch.client.ResponseException: method [POST], host [http://[::1]:61802], URI [/_plugins/_sql?format=json], status line [HTTP/1.1 400 Bad Request]
</failure>
  </testcase>
  <testcase name="minOnNestedField" classname="org.opensearch.sql.legacy.AggregationIT" time="0.057">
    <failure message="org.opensearch.client.ResponseException: method [POST], host [http://127.0.0.1:61803], URI [/_plugins/_sql?format=json], status line [HTTP/1.1 400 Bad Request]&#10;{&#10;  &quot;error&quot;: {&#10;    &quot;reason&quot;: &quot;Invalid SQL query&quot;,&#10;    &quot;details&quot;: &quot;Query is unsupported in the new engine&quot;,&#10;    &quot;type&quot;: &quot;SQLFeatureDisabledException&quot;&#10;  },&#10;  &quot;status&quot;: 400&#10;}" type="org.opensearch.client.ResponseException">org.opensearch.client.ResponseException: method [POST], host [http://127.0.0.1:61803], URI [/_plugins/_sql?format=json], status line [HTTP/1.1 400 Bad Request]
</failure>
  </testcase>
  <testcase name="extendedStatsTest" classname="org.opensearch.sql.legacy.AggregationIT" time="0.053">
    <failure message="org.opensearch.client.ResponseException: method [POST], host [http://[::1]:61802], URI [/_plugins/_sql?format=json], status line [HTTP/1.1 400 Bad Request]&#10;{&#10;  &quot;error&quot;: {&#10;    &quot;reason&quot;: &quot;Invalid SQL query&quot;,&#10;    &quot;details&quot;: &quot;Query is unsupported in the new engine&quot;,&#10;    &quot;type&quot;: &quot;SQLFeatureDisabledException&quot;&#10;  },&#10;  &quot;status&quot;: 400&#10;}" type="org.opensearch.client.ResponseException">org.opensearch.client.ResponseException: method [POST], host [http://[::1]:61802], URI [/_plugins/_sql?format=json], status line [HTTP/1.1 400 Bad Request]
</failure>
  </testcase>
  <testcase name="multipleGroupBysWithSize" classname="org.opensearch.sql.legacy.AggregationIT" time="0.057">
    <failure message="org.opensearch.client.ResponseException: method [POST], host [http://127.0.0.1:61803], URI [/_plugins/_sql?format=json], status line [HTTP/1.1 400 Bad Request]&#10;{&#10;  &quot;error&quot;: {&#10;    &quot;reason&quot;: &quot;Invalid SQL query&quot;,&#10;    &quot;details&quot;: &quot;Query is unsupported in the new engine&quot;,&#10;    &quot;type&quot;: &quot;SQLFeatureDisabledException&quot;&#10;  },&#10;  &quot;status&quot;: 400&#10;}" type="org.opensearch.client.ResponseException">org.opensearch.client.ResponseException: method [POST], host [http://127.0.0.1:61803], URI [/_plugins/_sql?format=json], status line [HTTP/1.1 400 Bad Request]
</failure>
  </testcase>
  <testcase name="topHitTest_WithExclude" classname="org.opensearch.sql.legacy.AggregationIT" time="0.06">
    <failure message="org.opensearch.client.ResponseException: method [POST], host [http://[::1]:61802], URI [/_plugins/_sql?format=json], status line [HTTP/1.1 400 Bad Request]&#10;{&#10;  &quot;error&quot;: {&#10;    &quot;reason&quot;: &quot;Invalid SQL query&quot;,&#10;    &quot;details&quot;: &quot;Query is unsupported in the new engine&quot;,&#10;    &quot;type&quot;: &quot;SQLFeatureDisabledException&quot;&#10;  },&#10;  &quot;status&quot;: 400&#10;}" type="org.opensearch.client.ResponseException">org.opensearch.client.ResponseException: method [POST], host [http://[::1]:61802], URI [/_plugins/_sql?format=json], status line [HTTP/1.1 400 Bad Request]
</failure>
  </testcase>
  <testcase name="reverseToRootGroupByOnNestedFieldWithFilterAndSumOnReverseNestedField" classname="org.opensearch.sql.legacy.AggregationIT" time="0.058">
    <failure message="org.opensearch.client.ResponseException: method [POST], host [http://127.0.0.1:61803], URI [/_plugins/_sql?format=json], status line [HTTP/1.1 400 Bad Request]&#10;{&#10;  &quot;error&quot;: {&#10;    &quot;reason&quot;: &quot;Invalid SQL query&quot;,&#10;    &quot;details&quot;: &quot;Query is unsupported in the new engine&quot;,&#10;    &quot;type&quot;: &quot;SQLFeatureDisabledException&quot;&#10;  },&#10;  &quot;status&quot;: 400&#10;}" type="org.opensearch.client.ResponseException">org.opensearch.client.ResponseException: method [POST], host [http://127.0.0.1:61803], URI [/_plugins/_sql?format=json], status line [HTTP/1.1 400 Bad Request]
</failure>
  </testcase>
  <testcase name="sumOnNestedField" classname="org.opensearch.sql.legacy.AggregationIT" time="0.078">
    <failure message="org.opensearch.client.ResponseException: method [POST], host [http://[::1]:61802], URI [/_plugins/_sql?format=json], status line [HTTP/1.1 400 Bad Request]&#10;{&#10;  &quot;error&quot;: {&#10;    &quot;reason&quot;: &quot;Invalid SQL query&quot;,&#10;    &quot;details&quot;: &quot;Query is unsupported in the new engine&quot;,&#10;    &quot;type&quot;: &quot;SQLFeatureDisabledException&quot;&#10;  },&#10;  &quot;status&quot;: 400&#10;}" type="org.opensearch.client.ResponseException">org.opensearch.client.ResponseException: method [POST], host [http://[::1]:61802], URI [/_plugins/_sql?format=json], status line [HTTP/1.1 400 Bad Request]
</failure>
  </testcase>
  <testcase name="limitTest" classname="org.opensearch.sql.legacy.AggregationIT" time="0.154"/>
  <testcase name="groupByTest" classname="org.opensearch.sql.legacy.AggregationIT" time="0.069">
    <failure message="org.opensearch.client.ResponseException: method [POST], host [http://[::1]:61802], URI [/_plugins/_sql?format=json], status line [HTTP/1.1 400 Bad Request]&#10;{&#10;  &quot;error&quot;: {&#10;    &quot;reason&quot;: &quot;Invalid SQL query&quot;,&#10;    &quot;details&quot;: &quot;Query is unsupported in the new engine&quot;,&#10;    &quot;type&quot;: &quot;SQLFeatureDisabledException&quot;&#10;  },&#10;  &quot;status&quot;: 400&#10;}" type="org.opensearch.client.ResponseException">org.opensearch.client.ResponseException: method [POST], host [http://[::1]:61802], URI [/_plugins/_sql?format=json], status line [HTTP/1.1 400 Bad Request]
</failure>
  </testcase>
  <testcase name="reverseToRootGroupByOnNestedFieldWithFilterTestWithReverseNestedNoPath" classname="org.opensearch.sql.legacy.AggregationIT" time="0.071">
    <failure message="org.opensearch.client.ResponseException: method [POST], host [http://127.0.0.1:61803], URI [/_plugins/_sql?format=json], status line [HTTP/1.1 400 Bad Request]&#10;{&#10;  &quot;error&quot;: {&#10;    &quot;reason&quot;: &quot;Invalid SQL query&quot;,&#10;    &quot;details&quot;: &quot;Query is unsupported in the new engine&quot;,&#10;    &quot;type&quot;: &quot;SQLFeatureDisabledException&quot;&#10;  },&#10;  &quot;status&quot;: 400&#10;}" type="org.opensearch.client.ResponseException">org.opensearch.client.ResponseException: method [POST], host [http://127.0.0.1:61803], URI [/_plugins/_sql?format=json], status line [HTTP/1.1 400 Bad Request]
</failure>
  </testcase>
  <testcase name="postFilterTest" classname="org.opensearch.sql.legacy.AggregationIT" time="0.057">
    <failure message="org.opensearch.client.ResponseException: method [POST], host [http://[::1]:61802], URI [/_plugins/_sql?format=json], status line [HTTP/1.1 400 Bad Request]&#10;{&#10;  &quot;error&quot;: {&#10;    &quot;reason&quot;: &quot;Invalid SQL query&quot;,&#10;    &quot;details&quot;: &quot;Query is unsupported in the new engine&quot;,&#10;    &quot;type&quot;: &quot;SQLFeatureDisabledException&quot;&#10;  },&#10;  &quot;status&quot;: 400&#10;}" type="org.opensearch.client.ResponseException">org.opensearch.client.ResponseException: method [POST], host [http://[::1]:61802], URI [/_plugins/_sql?format=json], status line [HTTP/1.1 400 Bad Request]
</failure>
  </testcase>
  <testcase name="termsWithOrder" classname="org.opensearch.sql.legacy.AggregationIT" time="0.058">
    <failure message="org.opensearch.client.ResponseException: method [POST], host [http://127.0.0.1:61803], URI [/_plugins/_sql?format=json], status line [HTTP/1.1 400 Bad Request]&#10;{&#10;  &quot;error&quot;: {&#10;    &quot;reason&quot;: &quot;Invalid SQL query&quot;,&#10;    &quot;details&quot;: &quot;Query is unsupported in the new engine&quot;,&#10;    &quot;type&quot;: &quot;SQLFeatureDisabledException&quot;&#10;  },&#10;  &quot;status&quot;: 400&#10;}" type="org.opensearch.client.ResponseException">org.opensearch.client.ResponseException: method [POST], host [http://127.0.0.1:61803], URI [/_plugins/_sql?format=json], status line [HTTP/1.1 400 Bad Request]
</failure>
  </testcase>
  <testcase name="percentileTestSpecific" classname="org.opensearch.sql.legacy.AggregationIT" time="0.057">
    <failure message="org.opensearch.client.ResponseException: method [POST], host [http://[::1]:61802], URI [/_plugins/_sql?format=json], status line [HTTP/1.1 400 Bad Request]&#10;{&#10;  &quot;error&quot;: {&#10;    &quot;reason&quot;: &quot;Invalid SQL query&quot;,&#10;    &quot;details&quot;: &quot;Query is unsupported in the new engine&quot;,&#10;    &quot;type&quot;: &quot;SQLFeatureDisabledException&quot;&#10;  },&#10;  &quot;status&quot;: 400&#10;}" type="org.opensearch.client.ResponseException">org.opensearch.client.ResponseException: method [POST], host [http://[::1]:61802], URI [/_plugins/_sql?format=json], status line [HTTP/1.1 400 Bad Request]
</failure>
  </testcase>
  <testcase name="sumTest" classname="org.opensearch.sql.legacy.AggregationIT" time="0.055">
    <failure message="org.opensearch.client.ResponseException: method [POST], host [http://127.0.0.1:61803], URI [/_plugins/_sql?format=json], status line [HTTP/1.1 400 Bad Request]&#10;{&#10;  &quot;error&quot;: {&#10;    &quot;reason&quot;: &quot;Invalid SQL query&quot;,&#10;    &quot;details&quot;: &quot;Query is unsupported in the new engine&quot;,&#10;    &quot;type&quot;: &quot;SQLFeatureDisabledException&quot;&#10;  },&#10;  &quot;status&quot;: 400&#10;}" type="org.opensearch.client.ResponseException">org.opensearch.client.ResponseException: method [POST], host [http://127.0.0.1:61803], URI [/_plugins/_sql?format=json], status line [HTTP/1.1 400 Bad Request]
</failure>
  </testcase>
  <testcase name="orderByDescTest" classname="org.opensearch.sql.legacy.AggregationIT" time="0.066"/>
  <testcase name="orderByGroupFieldWithAlias" classname="org.opensearch.sql.legacy.AggregationIT" time="0.098"/>
  <testcase name="distinctWithOneField" classname="org.opensearch.sql.legacy.AggregationIT" time="0.091"/>
  <testcase name="groupByUsingTableAliasTest" classname="org.opensearch.sql.legacy.AggregationIT" time="0.061">
    <failure message="org.opensearch.client.ResponseException: method [POST], host [http://127.0.0.1:61803], URI [/_plugins/_sql?format=json], status line [HTTP/1.1 400 Bad Request]&#10;{&#10;  &quot;error&quot;: {&#10;    &quot;reason&quot;: &quot;Invalid SQL query&quot;,&#10;    &quot;details&quot;: &quot;Query is unsupported in the new engine&quot;,&#10;    &quot;type&quot;: &quot;SQLFeatureDisabledException&quot;&#10;  },&#10;  &quot;status&quot;: 400&#10;}" type="org.opensearch.client.ResponseException">org.opensearch.client.ResponseException: method [POST], host [http://127.0.0.1:61803], URI [/_plugins/_sql?format=json], status line [HTTP/1.1 400 Bad Request]
</failure>
  </testcase>
  <testcase name="topHitTest_WithInclude" classname="org.opensearch.sql.legacy.AggregationIT" time="0.074">
    <failure message="org.opensearch.client.ResponseException: method [POST], host [http://[::1]:61802], URI [/_plugins/_sql?format=json], status line [HTTP/1.1 400 Bad Request]&#10;{&#10;  &quot;error&quot;: {&#10;    &quot;reason&quot;: &quot;Invalid SQL query&quot;,&#10;    &quot;details&quot;: &quot;Query is unsupported in the new engine&quot;,&#10;    &quot;type&quot;: &quot;SQLFeatureDisabledException&quot;&#10;  },&#10;  &quot;status&quot;: 400&#10;}" type="org.opensearch.client.ResponseException">org.opensearch.client.ResponseException: method [POST], host [http://[::1]:61802], URI [/_plugins/_sql?format=json], status line [HTTP/1.1 400 Bad Request]
</failure>
  </testcase>
  <testcase name="termsWithScript" classname="org.opensearch.sql.legacy.AggregationIT" time="0.0">
    <skipped/>
  </testcase>
  <testcase name="multipleGroupByTest" classname="org.opensearch.sql.legacy.AggregationIT" time="0.06">
    <failure message="org.opensearch.client.ResponseException: method [POST], host [http://127.0.0.1:61803], URI [/_plugins/_sql?format=json], status line [HTTP/1.1 400 Bad Request]&#10;{&#10;  &quot;error&quot;: {&#10;    &quot;reason&quot;: &quot;Invalid SQL query&quot;,&#10;    &quot;details&quot;: &quot;Query is unsupported in the new engine&quot;,&#10;    &quot;type&quot;: &quot;SQLFeatureDisabledException&quot;&#10;  },&#10;  &quot;status&quot;: 400&#10;}" type="org.opensearch.client.ResponseException">org.opensearch.client.ResponseException: method [POST], host [http://127.0.0.1:61803], URI [/_plugins/_sql?format=json], status line [HTTP/1.1 400 Bad Request]
</failure>
  </testcase>
  <testcase name="percentileTest" classname="org.opensearch.sql.legacy.AggregationIT" time="0.051">
    <failure message="org.opensearch.client.ResponseException: method [POST], host [http://[::1]:61802], URI [/_plugins/_sql?format=json], status line [HTTP/1.1 400 Bad Request]&#10;{&#10;  &quot;error&quot;: {&#10;    &quot;reason&quot;: &quot;Invalid SQL query&quot;,&#10;    &quot;details&quot;: &quot;Query is unsupported in the new engine&quot;,&#10;    &quot;type&quot;: &quot;SQLFeatureDisabledException&quot;&#10;  },&#10;  &quot;status&quot;: 400&#10;}" type="org.opensearch.client.ResponseException">org.opensearch.client.ResponseException: method [POST], host [http://[::1]:61802], URI [/_plugins/_sql?format=json], status line [HTTP/1.1 400 Bad Request]
</failure>
  </testcase>
  <testcase name="countTest" classname="org.opensearch.sql.legacy.AggregationIT" time="0.041">
    <failure message="org.opensearch.client.ResponseException: method [POST], host [http://127.0.0.1:61803], URI [/_plugins/_sql?format=json], status line [HTTP/1.1 400 Bad Request]&#10;{&#10;  &quot;error&quot;: {&#10;    &quot;reason&quot;: &quot;Invalid SQL query&quot;,&#10;    &quot;details&quot;: &quot;Query is unsupported in the new engine&quot;,&#10;    &quot;type&quot;: &quot;SQLFeatureDisabledException&quot;&#10;  },&#10;  &quot;status&quot;: 400&#10;}" type="org.opensearch.client.ResponseException">org.opensearch.client.ResponseException: method [POST], host [http://127.0.0.1:61803], URI [/_plugins/_sql?format=json], status line [HTTP/1.1 400 Bad Request]
</failure>
  </testcase>
  <testcase name="groupByHavingUsingTableNamePrefixTest" classname="org.opensearch.sql.legacy.AggregationIT" time="0.048">
    <failure message="org.opensearch.client.ResponseException: method [POST], host [http://[::1]:61802], URI [/_plugins/_sql?format=json], status line [HTTP/1.1 400 Bad Request]&#10;{&#10;  &quot;error&quot;: {&#10;    &quot;reason&quot;: &quot;Invalid SQL query&quot;,&#10;    &quot;details&quot;: &quot;Query is unsupported in the new engine&quot;,&#10;    &quot;type&quot;: &quot;SQLFeatureDisabledException&quot;&#10;  },&#10;  &quot;status&quot;: 400&#10;}" type="org.opensearch.client.ResponseException">org.opensearch.client.ResponseException: method [POST], host [http://[::1]:61802], URI [/_plugins/_sql?format=json], status line [HTTP/1.1 400 Bad Request]
</failure>
  </testcase>
  <testcase name="reverseAnotherNestedGroupByOnNestedFieldWithFilterTestWithReverseNestedOnHistogram" classname="org.opensearch.sql.legacy.AggregationIT" time="0.047">
    <failure message="org.opensearch.client.ResponseException: method [POST], host [http://127.0.0.1:61803], URI [/_plugins/_sql?format=json], status line [HTTP/1.1 400 Bad Request]&#10;{&#10;  &quot;error&quot;: {&#10;    &quot;reason&quot;: &quot;Invalid SQL query&quot;,&#10;    &quot;details&quot;: &quot;Query is unsupported in the new engine&quot;,&#10;    &quot;type&quot;: &quot;SQLFeatureDisabledException&quot;&#10;  },&#10;  &quot;status&quot;: 400&#10;}" type="org.opensearch.client.ResponseException">org.opensearch.client.ResponseException: method [POST], host [http://127.0.0.1:61803], URI [/_plugins/_sql?format=json], status line [HTTP/1.1 400 Bad Request]
</failure>
  </testcase>
  <testcase name="aliasTest" classname="org.opensearch.sql.legacy.AggregationIT" time="0.06">
    <failure message="org.opensearch.client.ResponseException: method [POST], host [http://[::1]:61802], URI [/_plugins/_sql?format=json], status line [HTTP/1.1 400 Bad Request]&#10;{&#10;  &quot;error&quot;: {&#10;    &quot;reason&quot;: &quot;Invalid SQL query&quot;,&#10;    &quot;details&quot;: &quot;Query is unsupported in the new engine&quot;,&#10;    &quot;type&quot;: &quot;SQLFeatureDisabledException&quot;&#10;  },&#10;  &quot;status&quot;: 400&#10;}" type="org.opensearch.client.ResponseException">org.opensearch.client.ResponseException: method [POST], host [http://[::1]:61802], URI [/_plugins/_sql?format=json], status line [HTTP/1.1 400 Bad Request]
</failure>
  </testcase>
  <testcase name="groupBySubqueryTest" classname="org.opensearch.sql.legacy.AggregationIT" time="0.0">
    <skipped/>
  </testcase>
  <testcase name="reverseAnotherNestedGroupByOnNestedFieldWithFilterTestWithReverseNestedNoPath" classname="org.opensearch.sql.legacy.AggregationIT" time="0.047">
    <failure message="org.opensearch.client.ResponseException: method [POST], host [http://127.0.0.1:61803], URI [/_plugins/_sql?format=json], status line [HTTP/1.1 400 Bad Request]&#10;{&#10;  &quot;error&quot;: {&#10;    &quot;reason&quot;: &quot;Invalid SQL query&quot;,&#10;    &quot;details&quot;: &quot;Query is unsupported in the new engine&quot;,&#10;    &quot;type&quot;: &quot;SQLFeatureDisabledException&quot;&#10;  },&#10;  &quot;status&quot;: 400&#10;}" type="org.opensearch.client.ResponseException">org.opensearch.client.ResponseException: method [POST], host [http://127.0.0.1:61803], URI [/_plugins/_sql?format=json], status line [HTTP/1.1 400 Bad Request]
</failure>
  </testcase>
  <testcase name="histogramOnNestedField" classname="org.opensearch.sql.legacy.AggregationIT" time="0.045">
    <failure message="org.opensearch.client.ResponseException: method [POST], host [http://[::1]:61802], URI [/_plugins/_sql?format=json], status line [HTTP/1.1 400 Bad Request]&#10;{&#10;  &quot;error&quot;: {&#10;    &quot;reason&quot;: &quot;Invalid SQL query&quot;,&#10;    &quot;details&quot;: &quot;Query is unsupported in the new engine&quot;,&#10;    &quot;type&quot;: &quot;SQLFeatureDisabledException&quot;&#10;  },&#10;  &quot;status&quot;: 400&#10;}" type="org.opensearch.client.ResponseException">org.opensearch.client.ResponseException: method [POST], host [http://[::1]:61802], URI [/_plugins/_sql?format=json], status line [HTTP/1.1 400 Bad Request]
</failure>
  </testcase>
  <testcase name="orderByAliasDescTest" classname="org.opensearch.sql.legacy.AggregationIT" time="0.059"/>
  <testcase name="docsReturnedTestWithoutDocsHint" classname="org.opensearch.sql.legacy.AggregationIT" time="0.047">
    <failure message="org.opensearch.client.ResponseException: method [POST], host [http://[::1]:61802], URI [/_plugins/_sql?format=json], status line [HTTP/1.1 400 Bad Request]&#10;{&#10;  &quot;error&quot;: {&#10;    &quot;reason&quot;: &quot;Invalid SQL query&quot;,&#10;    &quot;details&quot;: &quot;Query is unsupported in the new engine&quot;,&#10;    &quot;type&quot;: &quot;SQLFeatureDisabledException&quot;&#10;  },&#10;  &quot;status&quot;: 400&#10;}" type="org.opensearch.client.ResponseException">org.opensearch.client.ResponseException: method [POST], host [http://[::1]:61802], URI [/_plugins/_sql?format=json], status line [HTTP/1.1 400 Bad Request]
</failure>
  </testcase>
  <testcase name="reverseAnotherNestedGroupByOnNestedFieldWithFilterAndSumOnReverseNestedField" classname="org.opensearch.sql.legacy.AggregationIT" time="0.044">
    <failure message="org.opensearch.client.ResponseException: method [POST], host [http://127.0.0.1:61803], URI [/_plugins/_sql?format=json], status line [HTTP/1.1 400 Bad Request]&#10;{&#10;  &quot;error&quot;: {&#10;    &quot;reason&quot;: &quot;Invalid SQL query&quot;,&#10;    &quot;details&quot;: &quot;Query is unsupported in the new engine&quot;,&#10;    &quot;type&quot;: &quot;SQLFeatureDisabledException&quot;&#10;  },&#10;  &quot;status&quot;: 400&#10;}" type="org.opensearch.client.ResponseException">org.opensearch.client.ResponseException: method [POST], host [http://127.0.0.1:61803], URI [/_plugins/_sql?format=json], status line [HTTP/1.1 400 Bad Request]
</failure>
  </testcase>
  <testcase name="docsReturnedTestWithDocsHint" classname="org.opensearch.sql.legacy.AggregationIT" time="0.055">
    <failure message="org.opensearch.client.ResponseException: method [POST], host [http://[::1]:61802], URI [/_plugins/_sql?format=json], status line [HTTP/1.1 400 Bad Request]&#10;{&#10;  &quot;error&quot;: {&#10;    &quot;reason&quot;: &quot;Invalid SQL query&quot;,&#10;    &quot;details&quot;: &quot;Query is unsupported in the new engine&quot;,&#10;    &quot;type&quot;: &quot;SQLFeatureDisabledException&quot;&#10;  },&#10;  &quot;status&quot;: 400&#10;}" type="org.opensearch.client.ResponseException">org.opensearch.client.ResponseException: method [POST], host [http://[::1]:61802], URI [/_plugins/_sql?format=json], status line [HTTP/1.1 400 Bad Request]
</failure>
  </testcase>
  <testcase name="orderByAscTest" classname="org.opensearch.sql.legacy.AggregationIT" time="0.053"/>
  <testcase name="topHitTest_WithIncludeTwoFields" classname="org.opensearch.sql.legacy.AggregationIT" time="0.047">
    <failure message="org.opensearch.client.ResponseException: method [POST], host [http://[::1]:61802], URI [/_plugins/_sql?format=json], status line [HTTP/1.1 400 Bad Request]&#10;{&#10;  &quot;error&quot;: {&#10;    &quot;reason&quot;: &quot;Invalid SQL query&quot;,&#10;    &quot;details&quot;: &quot;Query is unsupported in the new engine&quot;,&#10;    &quot;type&quot;: &quot;SQLFeatureDisabledException&quot;&#10;  },&#10;  &quot;status&quot;: 400&#10;}" type="org.opensearch.client.ResponseException">org.opensearch.client.ResponseException: method [POST], host [http://[::1]:61802], URI [/_plugins/_sql?format=json], status line [HTTP/1.1 400 Bad Request]
</failure>
  </testcase>
  <testcase name="countWithDocsHintTest" classname="org.opensearch.sql.legacy.AggregationIT" time="0.049">
    <failure message="org.opensearch.client.ResponseException: method [POST], host [http://127.0.0.1:61803], URI [/_plugins/_sql?format=json], status line [HTTP/1.1 400 Bad Request]&#10;{&#10;  &quot;error&quot;: {&#10;    &quot;reason&quot;: &quot;Invalid SQL query&quot;,&#10;    &quot;details&quot;: &quot;Query is unsupported in the new engine&quot;,&#10;    &quot;type&quot;: &quot;SQLFeatureDisabledException&quot;&#10;  },&#10;  &quot;status&quot;: 400&#10;}" type="org.opensearch.client.ResponseException">org.opensearch.client.ResponseException: method [POST], host [http://127.0.0.1:61803], URI [/_plugins/_sql?format=json], status line [HTTP/1.1 400 Bad Request]
</failure>
  </testcase>
  <testcase name="groupByHavingUsingTableAliasTest" classname="org.opensearch.sql.legacy.AggregationIT" time="0.051">
    <failure message="org.opensearch.client.ResponseException: method [POST], host [http://[::1]:61802], URI [/_plugins/_sql?format=json], status line [HTTP/1.1 400 Bad Request]&#10;{&#10;  &quot;error&quot;: {&#10;    &quot;reason&quot;: &quot;Invalid SQL query&quot;,&#10;    &quot;details&quot;: &quot;Query is unsupported in the new engine&quot;,&#10;    &quot;type&quot;: &quot;SQLFeatureDisabledException&quot;&#10;  },&#10;  &quot;status&quot;: 400&#10;}" type="org.opensearch.client.ResponseException">org.opensearch.client.ResponseException: method [POST], host [http://[::1]:61802], URI [/_plugins/_sql?format=json], status line [HTTP/1.1 400 Bad Request]
</failure>
  </testcase>
  <testcase name="groupByScriptedDateHistogram" classname="org.opensearch.sql.legacy.AggregationIT" time="0.048">
    <failure message="org.opensearch.client.ResponseException: method [POST], host [http://127.0.0.1:61803], URI [/_plugins/_sql/_explain], status line [HTTP/1.1 400 Bad Request]&#10;{&#10;  &quot;error&quot;: {&#10;    &quot;reason&quot;: &quot;Invalid SQL query&quot;,&#10;    &quot;details&quot;: &quot;Query is unsupported in the new engine&quot;,&#10;    &quot;type&quot;: &quot;SQLFeatureDisabledException&quot;&#10;  },&#10;  &quot;status&quot;: 400&#10;}" type="org.opensearch.client.ResponseException">org.opensearch.client.ResponseException: method [POST], host [http://127.0.0.1:61803], URI [/_plugins/_sql/_explain], status line [HTTP/1.1 400 Bad Request]
</failure>
  </testcase>
  <testcase name="reverseToRootGroupByOnNestedFieldWithFilterTestWithReverseNestedOnHistogram" classname="org.opensearch.sql.legacy.AggregationIT" time="0.095">
    <failure message="org.opensearch.client.ResponseException: method [POST], host [http://[::1]:61802], URI [/_plugins/_sql?format=json], status line [HTTP/1.1 400 Bad Request]&#10;{&#10;  &quot;error&quot;: {&#10;    &quot;reason&quot;: &quot;Invalid SQL query&quot;,&#10;    &quot;details&quot;: &quot;Query is unsupported in the new engine&quot;,&#10;    &quot;type&quot;: &quot;SQLFeatureDisabledException&quot;&#10;  },&#10;  &quot;status&quot;: 400&#10;}" type="org.opensearch.client.ResponseException">org.opensearch.client.ResponseException: method [POST], host [http://[::1]:61802], URI [/_plugins/_sql?format=json], status line [HTTP/1.1 400 Bad Request]
</failure>
  </testcase>
  <testcase name="groupByOnNestedFieldWithFilterTest" classname="org.opensearch.sql.legacy.AggregationIT" time="0.054">
    <failure message="org.opensearch.client.ResponseException: method [POST], host [http://127.0.0.1:61803], URI [/_plugins/_sql?format=json], status line [HTTP/1.1 400 Bad Request]&#10;{&#10;  &quot;error&quot;: {&#10;    &quot;reason&quot;: &quot;Invalid SQL query&quot;,&#10;    &quot;details&quot;: &quot;Query is unsupported in the new engine&quot;,&#10;    &quot;type&quot;: &quot;SQLFeatureDisabledException&quot;&#10;  },&#10;  &quot;status&quot;: 400&#10;}" type="org.opensearch.client.ResponseException">org.opensearch.client.ResponseException: method [POST], host [http://127.0.0.1:61803], URI [/_plugins/_sql?format=json], status line [HTTP/1.1 400 Bad Request]
</failure>
  </testcase>
  <testcase name="orderByAliasAscTest" classname="org.opensearch.sql.legacy.AggregationIT" time="0.051"/>
  <testcase name="reverseToRootGroupByOnNestedFieldWithFilterTestWithReverseNestedAndEmptyPath" classname="org.opensearch.sql.legacy.AggregationIT" time="0.045">
    <failure message="org.opensearch.client.ResponseException: method [POST], host [http://127.0.0.1:61803], URI [/_plugins/_sql?format=json], status line [HTTP/1.1 400 Bad Request]&#10;{&#10;  &quot;error&quot;: {&#10;    &quot;reason&quot;: &quot;Invalid SQL query&quot;,&#10;    &quot;details&quot;: &quot;Query is unsupported in the new engine&quot;,&#10;    &quot;type&quot;: &quot;SQLFeatureDisabledException&quot;&#10;  },&#10;  &quot;status&quot;: 400&#10;}" type="org.opensearch.client.ResponseException">org.opensearch.client.ResponseException: method [POST], host [http://127.0.0.1:61803], URI [/_plugins/_sql?format=json], status line [HTTP/1.1 400 Bad Request]
</failure>
  </testcase>
  <testcase name="groupByScriptedHistogram" classname="org.opensearch.sql.legacy.AggregationIT" time="0.056">
    <failure message="org.opensearch.client.ResponseException: method [POST], host [http://[::1]:61802], URI [/_plugins/_sql/_explain], status line [HTTP/1.1 400 Bad Request]&#10;{&#10;  &quot;error&quot;: {&#10;    &quot;reason&quot;: &quot;Invalid SQL query&quot;,&#10;    &quot;details&quot;: &quot;Query is unsupported in the new engine&quot;,&#10;    &quot;type&quot;: &quot;SQLFeatureDisabledException&quot;&#10;  },&#10;  &quot;status&quot;: 400&#10;}" type="org.opensearch.client.ResponseException">org.opensearch.client.ResponseException: method [POST], host [http://[::1]:61802], URI [/_plugins/_sql/_explain], status line [HTTP/1.1 400 Bad Request]
</failure>
  </testcase>
  <testcase name="avgTest" classname="org.opensearch.sql.legacy.AggregationIT" time="0.045">
    <failure message="org.opensearch.client.ResponseException: method [POST], host [http://127.0.0.1:61803], URI [/_plugins/_sql?format=json], status line [HTTP/1.1 400 Bad Request]&#10;{&#10;  &quot;error&quot;: {&#10;    &quot;reason&quot;: &quot;Invalid SQL query&quot;,&#10;    &quot;details&quot;: &quot;Query is unsupported in the new engine&quot;,&#10;    &quot;type&quot;: &quot;SQLFeatureDisabledException&quot;&#10;  },&#10;  &quot;status&quot;: 400&#10;}" type="org.opensearch.client.ResponseException">org.opensearch.client.ResponseException: method [POST], host [http://127.0.0.1:61803], URI [/_plugins/_sql?format=json], status line [HTTP/1.1 400 Bad Request]
</failure>
  </testcase>
  <testcase name="countGroupByDateTestWithAlias" classname="org.opensearch.sql.legacy.AggregationIT" time="0.046">
    <failure message="org.opensearch.client.ResponseException: method [POST], host [http://[::1]:61802], URI [/_plugins/_sql/_explain], status line [HTTP/1.1 400 Bad Request]&#10;{&#10;  &quot;error&quot;: {&#10;    &quot;reason&quot;: &quot;Invalid SQL query&quot;,&#10;    &quot;details&quot;: &quot;Query is unsupported in the new engine&quot;,&#10;    &quot;type&quot;: &quot;SQLFeatureDisabledException&quot;&#10;  },&#10;  &quot;status&quot;: 400&#10;}" type="org.opensearch.client.ResponseException">org.opensearch.client.ResponseException: method [POST], host [http://[::1]:61802], URI [/_plugins/_sql/_explain], status line [HTTP/1.1 400 Bad Request]
</failure>
  </testcase>
  <testcase name="termsWithSize" classname="org.opensearch.sql.legacy.AggregationIT" time="0.045">
    <failure message="org.opensearch.client.ResponseException: method [POST], host [http://127.0.0.1:61803], URI [/_plugins/_sql?format=json], status line [HTTP/1.1 400 Bad Request]&#10;{&#10;  &quot;error&quot;: {&#10;    &quot;reason&quot;: &quot;Invalid SQL query&quot;,&#10;    &quot;details&quot;: &quot;Query is unsupported in the new engine&quot;,&#10;    &quot;type&quot;: &quot;SQLFeatureDisabledException&quot;&#10;  },&#10;  &quot;status&quot;: 400&#10;}" type="org.opensearch.client.ResponseException">org.opensearch.client.ResponseException: method [POST], host [http://127.0.0.1:61803], URI [/_plugins/_sql?format=json], status line [HTTP/1.1 400 Bad Request]
</failure>
  </testcase>
  <testcase name="statsTest" classname="org.opensearch.sql.legacy.AggregationIT" time="0.04">
    <failure message="org.opensearch.client.ResponseException: method [POST], host [http://[::1]:61802], URI [/_plugins/_sql?format=json], status line [HTTP/1.1 400 Bad Request]&#10;{&#10;  &quot;error&quot;: {&#10;    &quot;reason&quot;: &quot;Invalid SQL query&quot;,&#10;    &quot;details&quot;: &quot;Query is unsupported in the new engine&quot;,&#10;    &quot;type&quot;: &quot;SQLFeatureDisabledException&quot;&#10;  },&#10;  &quot;status&quot;: 400&#10;}" type="org.opensearch.client.ResponseException">org.opensearch.client.ResponseException: method [POST], host [http://[::1]:61802], URI [/_plugins/_sql?format=json], status line [HTTP/1.1 400 Bad Request]
</failure>
  </testcase>
  <testcase name="countGroupByRange" classname="org.opensearch.sql.legacy.AggregationIT" time="0.042">
    <failure message="org.opensearch.client.ResponseException: method [POST], host [http://127.0.0.1:61803], URI [/_plugins/_sql?format=json], status line [HTTP/1.1 400 Bad Request]&#10;{&#10;  &quot;error&quot;: {&#10;    &quot;reason&quot;: &quot;Invalid SQL query&quot;,&#10;    &quot;details&quot;: &quot;Query is unsupported in the new engine&quot;,&#10;    &quot;type&quot;: &quot;SQLFeatureDisabledException&quot;&#10;  },&#10;  &quot;status&quot;: 400&#10;}" type="org.opensearch.client.ResponseException">org.opensearch.client.ResponseException: method [POST], host [http://127.0.0.1:61803], URI [/_plugins/_sql?format=json], status line [HTTP/1.1 400 Bad Request]
</failure>
  </testcase>
  <testcase name="groupByHavingTest" classname="org.opensearch.sql.legacy.AggregationIT" time="0.047">
    <failure message="org.opensearch.client.ResponseException: method [POST], host [http://[::1]:61802], URI [/_plugins/_sql?format=json], status line [HTTP/1.1 400 Bad Request]&#10;{&#10;  &quot;error&quot;: {&#10;    &quot;reason&quot;: &quot;Invalid SQL query&quot;,&#10;    &quot;details&quot;: &quot;Query is unsupported in the new engine&quot;,&#10;    &quot;type&quot;: &quot;SQLFeatureDisabledException&quot;&#10;  },&#10;  &quot;status&quot;: 400&#10;}" type="org.opensearch.client.ResponseException">org.opensearch.client.ResponseException: method [POST], host [http://[::1]:61802], URI [/_plugins/_sql?format=json], status line [HTTP/1.1 400 Bad Request]
</failure>
  </testcase>
  <testcase name="termsWithMissing" classname="org.opensearch.sql.legacy.AggregationIT" time="0.042">
    <failure message="org.opensearch.client.ResponseException: method [POST], host [http://127.0.0.1:61803], URI [/_plugins/_sql?format=json], status line [HTTP/1.1 400 Bad Request]&#10;{&#10;  &quot;error&quot;: {&#10;    &quot;reason&quot;: &quot;Invalid SQL query&quot;,&#10;    &quot;details&quot;: &quot;Query is unsupported in the new engine&quot;,&#10;    &quot;type&quot;: &quot;SQLFeatureDisabledException&quot;&#10;  },&#10;  &quot;status&quot;: 400&#10;}" type="org.opensearch.client.ResponseException">org.opensearch.client.ResponseException: method [POST], host [http://127.0.0.1:61803], URI [/_plugins/_sql?format=json], status line [HTTP/1.1 400 Bad Request]
</failure>
  </testcase>
  <testcase name="groupByUsingTableNamePrefixTest" classname="org.opensearch.sql.legacy.AggregationIT" time="0.041">
    <failure message="org.opensearch.client.ResponseException: method [POST], host [http://[::1]:61802], URI [/_plugins/_sql?format=json], status line [HTTP/1.1 400 Bad Request]&#10;{&#10;  &quot;error&quot;: {&#10;    &quot;reason&quot;: &quot;Invalid SQL query&quot;,&#10;    &quot;details&quot;: &quot;Query is unsupported in the new engine&quot;,&#10;    &quot;type&quot;: &quot;SQLFeatureDisabledException&quot;&#10;  },&#10;  &quot;status&quot;: 400&#10;}" type="org.opensearch.client.ResponseException">org.opensearch.client.ResponseException: method [POST], host [http://[::1]:61802], URI [/_plugins/_sql?format=json], status line [HTTP/1.1 400 Bad Request]
</failure>
  </testcase>
  <testcase name="maxTest" classname="org.opensearch.sql.legacy.AggregationIT" time="0.046">
    <failure message="org.opensearch.client.ResponseException: method [POST], host [http://127.0.0.1:61803], URI [/_plugins/_sql?format=json], status line [HTTP/1.1 400 Bad Request]&#10;{&#10;  &quot;error&quot;: {&#10;    &quot;reason&quot;: &quot;Invalid SQL query&quot;,&#10;    &quot;details&quot;: &quot;Query is unsupported in the new engine&quot;,&#10;    &quot;type&quot;: &quot;SQLFeatureDisabledException&quot;&#10;  },&#10;  &quot;status&quot;: 400&#10;}" type="org.opensearch.client.ResponseException">org.opensearch.client.ResponseException: method [POST], host [http://127.0.0.1:61803], URI [/_plugins/_sql?format=json], status line [HTTP/1.1 400 Bad Request]
</failure>
  </testcase>
  <testcase name="distinctWithMultipleFields" classname="org.opensearch.sql.legacy.AggregationIT" time="0.09"/>
  <system-out><![CDATA[[2023-01-16T16:15:27,049][INFO ][o.o.s.l.AggregationIT    ] [minTest] before test
]]></system-out>
  <system-err><![CDATA[REPRODUCE WITH: ./gradlew ':integ-test:integTest' --tests "org.opensearch.sql.legacy.AggregationIT.minTest" -Dtests.seed=160F64C51FACC80F -Dtests.security.manager=false -Dtests.locale=sq-AL -Dtests.timezone=America/Adak -Druntime.java=17
]]></system-err>
</testsuite>
<?xml version="1.0" encoding="UTF-8"?>
<testsuite name="org.opensearch.sql.legacy.CsvFormatResponseIT" tests="25" skipped="3" failures="8" errors="0" timestamp="2023-01-17T02:15:36" hostname="Unused26-MacBook.local" time="7.029">
  <properties/>
  <testcase name="statsAggregationTest" classname="org.opensearch.sql.legacy.CsvFormatResponseIT" time="5.489">
    <failure message="org.opensearch.client.ResponseException: method [POST], host [http://[::1]:61802], URI [/_plugins/_sql?format=csv&amp;flat=false&amp;_id=false&amp;_score=false], status line [HTTP/1.1 400 Bad Request]&#10;{&#10;  &quot;error&quot;: {&#10;    &quot;reason&quot;: &quot;Invalid SQL query&quot;,&#10;    &quot;details&quot;: &quot;Query is unsupported in the new engine&quot;,&#10;    &quot;type&quot;: &quot;SQLFeatureDisabledException&quot;&#10;  },&#10;  &quot;status&quot;: 400&#10;}" type="org.opensearch.client.ResponseException">org.opensearch.client.ResponseException: method [POST], host [http://[::1]:61802], URI [/_plugins/_sql?format=csv&amp;flat=false&amp;_id=false&amp;_score=false], status line [HTTP/1.1 400 Bad Request]
</failure>
  </testcase>
  <testcase name="joinSearchResultNotNestedNotFlatNoAggs" classname="org.opensearch.sql.legacy.CsvFormatResponseIT" time="0.118">
    <failure message="org.opensearch.client.ResponseException: method [POST], host [http://127.0.0.1:61803], URI [/_plugins/_sql?format=csv&amp;flat=false&amp;_id=false&amp;_score=false], status line [HTTP/1.1 400 Bad Request]&#10;{&#10;  &quot;error&quot;: {&#10;    &quot;reason&quot;: &quot;Invalid SQL query&quot;,&#10;    &quot;details&quot;: &quot;Query is unsupported in the new engine&quot;,&#10;    &quot;type&quot;: &quot;SQLFeatureDisabledException&quot;&#10;  },&#10;  &quot;status&quot;: 400&#10;}" type="org.opensearch.client.ResponseException">org.opensearch.client.ResponseException: method [POST], host [http://127.0.0.1:61803], URI [/_plugins/_sql?format=csv&amp;flat=false&amp;_id=false&amp;_score=false], status line [HTTP/1.1 400 Bad Request]
</failure>
  </testcase>
  <testcase name="percentileAggregationTest" classname="org.opensearch.sql.legacy.CsvFormatResponseIT" time="0.054">
    <failure message="org.opensearch.client.ResponseException: method [POST], host [http://[::1]:61802], URI [/_plugins/_sql?format=csv&amp;flat=false&amp;_id=false&amp;_score=false], status line [HTTP/1.1 400 Bad Request]&#10;{&#10;  &quot;error&quot;: {&#10;    &quot;reason&quot;: &quot;Invalid SQL query&quot;,&#10;    &quot;details&quot;: &quot;Query is unsupported in the new engine&quot;,&#10;    &quot;type&quot;: &quot;SQLFeatureDisabledException&quot;&#10;  },&#10;  &quot;status&quot;: 400&#10;}" type="org.opensearch.client.ResponseException">org.opensearch.client.ResponseException: method [POST], host [http://[::1]:61802], URI [/_plugins/_sql?format=csv&amp;flat=false&amp;_id=false&amp;_score=false], status line [HTTP/1.1 400 Bad Request]
</failure>
  </testcase>
  <testcase name="extendedStatsAggregationTest" classname="org.opensearch.sql.legacy.CsvFormatResponseIT" time="0.066">
    <failure message="org.opensearch.client.ResponseException: method [POST], host [http://127.0.0.1:61803], URI [/_plugins/_sql?format=csv&amp;flat=false&amp;_id=false&amp;_score=false], status line [HTTP/1.1 400 Bad Request]&#10;{&#10;  &quot;error&quot;: {&#10;    &quot;reason&quot;: &quot;Invalid SQL query&quot;,&#10;    &quot;details&quot;: &quot;Query is unsupported in the new engine&quot;,&#10;    &quot;type&quot;: &quot;SQLFeatureDisabledException&quot;&#10;  },&#10;  &quot;status&quot;: 400&#10;}" type="org.opensearch.client.ResponseException">org.opensearch.client.ResponseException: method [POST], host [http://127.0.0.1:61803], URI [/_plugins/_sql?format=csv&amp;flat=false&amp;_id=false&amp;_score=false], status line [HTTP/1.1 400 Bad Request]
</failure>
  </testcase>
  <testcase name="includeScore" classname="org.opensearch.sql.legacy.CsvFormatResponseIT" time="0.071">
    <failure message="org.opensearch.client.ResponseException: method [POST], host [http://[::1]:61802], URI [/_plugins/_sql?format=csv&amp;flat=false&amp;_id=false&amp;_score=true], status line [HTTP/1.1 400 Bad Request]&#10;{&#10;  &quot;error&quot;: {&#10;    &quot;reason&quot;: &quot;Invalid SQL query&quot;,&#10;    &quot;details&quot;: &quot;Query is unsupported in the new engine&quot;,&#10;    &quot;type&quot;: &quot;SQLFeatureDisabledException&quot;&#10;  },&#10;  &quot;status&quot;: 400&#10;}" type="org.opensearch.client.ResponseException">org.opensearch.client.ResponseException: method [POST], host [http://[::1]:61802], URI [/_plugins/_sql?format=csv&amp;flat=false&amp;_id=false&amp;_score=true], status line [HTTP/1.1 400 Bad Request]
</failure>
  </testcase>
  <testcase name="scriptedField" classname="org.opensearch.sql.legacy.CsvFormatResponseIT" time="0.134"/>
  <testcase name="selectFunctionAsFieldTest" classname="org.opensearch.sql.legacy.CsvFormatResponseIT" time="0.118"/>
  <testcase name="multipleAggAfterTwoTermsGroupBy" classname="org.opensearch.sql.legacy.CsvFormatResponseIT" time="0.123"/>
  <testcase name="simpleSearchResultWithNestedOneFieldNotFlatNoAggs" classname="org.opensearch.sql.legacy.CsvFormatResponseIT" time="0.0">
    <skipped/>
  </testcase>
  <testcase name="simpleNumericValueAggWithAlias" classname="org.opensearch.sql.legacy.CsvFormatResponseIT" time="0.06"/>
  <testcase name="aggAfterTwoTermsGroupBy" classname="org.opensearch.sql.legacy.CsvFormatResponseIT" time="0.061"/>
  <testcase name="simpleSearchResultNotNestedNotFlatNoAggs" classname="org.opensearch.sql.legacy.CsvFormatResponseIT" time="0.054"/>
  <testcase name="simpleSearchResultWithNestedNotFlatNoAggs" classname="org.opensearch.sql.legacy.CsvFormatResponseIT" time="0.078"/>
  <testcase name="fieldOrderOther" classname="org.opensearch.sql.legacy.CsvFormatResponseIT" time="0.078"/>
  <testcase name="twoCharsSeperator" classname="org.opensearch.sql.legacy.CsvFormatResponseIT" time="0.0">
    <skipped/>
  </testcase>
  <testcase name="fieldOrder" classname="org.opensearch.sql.legacy.CsvFormatResponseIT" time="0.066"/>
  <testcase name="simpleSearchResultWithNestedWithFlatNoAggs" classname="org.opensearch.sql.legacy.CsvFormatResponseIT" time="0.082"/>
  <testcase name="simpleSearchResultWithNestedTwoFieldsFromSameNestedNotFlatNoAggs" classname="org.opensearch.sql.legacy.CsvFormatResponseIT" time="0.0">
    <skipped/>
  </testcase>
  <testcase name="specificPercentilesIntAndDouble" classname="org.opensearch.sql.legacy.CsvFormatResponseIT" time="0.048">
    <failure message="org.opensearch.client.ResponseException: method [POST], host [http://127.0.0.1:61803], URI [/_plugins/_sql?format=json&amp;format=csv&amp;flat=false], status line [HTTP/1.1 400 Bad Request]&#10;{&#10;  &quot;error&quot;: {&#10;    &quot;reason&quot;: &quot;Invalid SQL query&quot;,&#10;    &quot;details&quot;: &quot;Query is unsupported in the new engine&quot;,&#10;    &quot;type&quot;: &quot;SQLFeatureDisabledException&quot;&#10;  },&#10;  &quot;status&quot;: 400&#10;}" type="org.opensearch.client.ResponseException">org.opensearch.client.ResponseException: method [POST], host [http://127.0.0.1:61803], URI [/_plugins/_sql?format=json&amp;format=csv&amp;flat=false], status line [HTTP/1.1 400 Bad Request]
</failure>
  </testcase>
  <testcase name="doubleQuotesAreEscapedWithDoubleQuotes" classname="org.opensearch.sql.legacy.CsvFormatResponseIT" time="0.077"/>
  <testcase name="sanitizeTest" classname="org.opensearch.sql.legacy.CsvFormatResponseIT" time="0.061"/>
  <testcase name="simpleNumericValueAgg" classname="org.opensearch.sql.legacy.CsvFormatResponseIT" time="0.045"/>
  <testcase name="dateHistogramTest" classname="org.opensearch.sql.legacy.CsvFormatResponseIT" time="0.036">
    <failure message="org.opensearch.client.ResponseException: method [POST], host [http://127.0.0.1:61803], URI [/_plugins/_sql?format=csv&amp;flat=false&amp;_id=false&amp;_score=false], status line [HTTP/1.1 400 Bad Request]&#10;{&#10;  &quot;error&quot;: {&#10;    &quot;reason&quot;: &quot;Invalid SQL query&quot;,&#10;    &quot;details&quot;: &quot;Query is unsupported in the new engine&quot;,&#10;    &quot;type&quot;: &quot;SQLFeatureDisabledException&quot;&#10;  },&#10;  &quot;status&quot;: 400&#10;}" type="org.opensearch.client.ResponseException">org.opensearch.client.ResponseException: method [POST], host [http://127.0.0.1:61803], URI [/_plugins/_sql?format=csv&amp;flat=false&amp;_id=false&amp;_score=false], status line [HTTP/1.1 400 Bad Request]
</failure>
  </testcase>
  <testcase name="aggAfterTermsGroupBy" classname="org.opensearch.sql.legacy.CsvFormatResponseIT" time="0.046"/>
  <testcase name="allPercentilesByDefault" classname="org.opensearch.sql.legacy.CsvFormatResponseIT" time="0.047">
    <failure message="org.opensearch.client.ResponseException: method [POST], host [http://127.0.0.1:61803], URI [/_plugins/_sql?format=json&amp;format=csv&amp;flat=false], status line [HTTP/1.1 400 Bad Request]&#10;{&#10;  &quot;error&quot;: {&#10;    &quot;reason&quot;: &quot;Invalid SQL query&quot;,&#10;    &quot;details&quot;: &quot;Query is unsupported in the new engine&quot;,&#10;    &quot;type&quot;: &quot;SQLFeatureDisabledException&quot;&#10;  },&#10;  &quot;status&quot;: 400&#10;}" type="org.opensearch.client.ResponseException">org.opensearch.client.ResponseException: method [POST], host [http://127.0.0.1:61803], URI [/_plugins/_sql?format=json&amp;format=csv&amp;flat=false], status line [HTTP/1.1 400 Bad Request]
</failure>
  </testcase>
  <system-out><![CDATA[[2023-01-17T03:15:36,097][INFO ][o.o.s.l.CsvFormatResponseIT] [statsAggregationTest] before test
]]></system-out>
  <system-err><![CDATA[REPRODUCE WITH: ./gradlew ':integ-test:integTest' --tests "org.opensearch.sql.legacy.CsvFormatResponseIT.statsAggregationTest" -Dtests.seed=160F64C51FACC80F -Dtests.security.manager=false -Dtests.locale=fr-FR -Dtests.timezone=Europe/Oslo -Druntime.java=17
]]></system-err>
</testsuite>
<?xml version="1.0" encoding="UTF-8"?>
<testsuite name="org.opensearch.sql.legacy.CursorIT" tests="20" skipped="2" failures="12" errors="0" timestamp="2023-01-17T02:15:43" hostname="Unused26-MacBook.local" time="2.55">
  <properties/>
  <testcase name="defaultBehaviorWhenCursorSettingIsDisabled" classname="org.opensearch.sql.legacy.CursorIT" time="0.001">
    <skipped/>
  </testcase>
  <testcase name="validTotalResultWithAndWithoutPagination" classname="org.opensearch.sql.legacy.CursorIT" time="0.645">
    <failure message="org.opensearch.client.ResponseException: method [POST], host [http://127.0.0.1:61803], URI [/_plugins/_sql?format=jdbc], status line [HTTP/1.1 400 Bad Request]&#10;{&#10;  &quot;error&quot;: {&#10;    &quot;reason&quot;: &quot;Invalid SQL query&quot;,&#10;    &quot;details&quot;: &quot;Query is unsupported in the new engine&quot;,&#10;    &quot;type&quot;: &quot;SQLFeatureDisabledException&quot;&#10;  },&#10;  &quot;status&quot;: 400&#10;}" type="org.opensearch.client.ResponseException">org.opensearch.client.ResponseException: method [POST], host [http://127.0.0.1:61803], URI [/_plugins/_sql?format=jdbc], status line [HTTP/1.1 400 Bad Request]
</failure>
  </testcase>
  <testcase name="validTotalResultWithAndWithoutPaginationWhereClause" classname="org.opensearch.sql.legacy.CursorIT" time="0.114">
    <failure message="org.opensearch.client.ResponseException: method [POST], host [http://127.0.0.1:61803], URI [/_plugins/_sql?format=jdbc], status line [HTTP/1.1 400 Bad Request]&#10;{&#10;  &quot;error&quot;: {&#10;    &quot;reason&quot;: &quot;Invalid SQL query&quot;,&#10;    &quot;details&quot;: &quot;Query is unsupported in the new engine&quot;,&#10;    &quot;type&quot;: &quot;SQLFeatureDisabledException&quot;&#10;  },&#10;  &quot;status&quot;: 400&#10;}" type="org.opensearch.client.ResponseException">org.opensearch.client.ResponseException: method [POST], host [http://127.0.0.1:61803], URI [/_plugins/_sql?format=jdbc], status line [HTTP/1.1 400 Bad Request]
</failure>
  </testcase>
  <testcase name="validTotalResultWithAndWithoutPaginationNested" classname="org.opensearch.sql.legacy.CursorIT" time="0.311">
    <failure message="org.opensearch.client.ResponseException: method [POST], host [http://127.0.0.1:61803], URI [/_plugins/_sql?format=jdbc], status line [HTTP/1.1 400 Bad Request]&#10;{&#10;  &quot;error&quot;: {&#10;    &quot;reason&quot;: &quot;Invalid SQL query&quot;,&#10;    &quot;details&quot;: &quot;Query is unsupported in the new engine&quot;,&#10;    &quot;type&quot;: &quot;SQLFeatureDisabledException&quot;&#10;  },&#10;  &quot;status&quot;: 400&#10;}" type="org.opensearch.client.ResponseException">org.opensearch.client.ResponseException: method [POST], host [http://127.0.0.1:61803], URI [/_plugins/_sql?format=jdbc], status line [HTTP/1.1 400 Bad Request]
</failure>
  </testcase>
  <testcase name="testDefaultFetchSizeFromClusterSettings" classname="org.opensearch.sql.legacy.CursorIT" time="0.0">
    <skipped/>
  </testcase>
  <testcase name="noPaginationWithNonJDBCFormat" classname="org.opensearch.sql.legacy.CursorIT" time="0.037">
    <failure message="org.opensearch.client.ResponseException: method [POST], host [http://[::1]:61802], URI [/_plugins/_sql?format=csv], status line [HTTP/1.1 400 Bad Request]&#10;{&#10;  &quot;error&quot;: {&#10;    &quot;reason&quot;: &quot;Invalid SQL query&quot;,&#10;    &quot;details&quot;: &quot;Query is unsupported in the new engine&quot;,&#10;    &quot;type&quot;: &quot;SQLFeatureDisabledException&quot;&#10;  },&#10;  &quot;status&quot;: 400&#10;}" type="org.opensearch.client.ResponseException">org.opensearch.client.ResponseException: method [POST], host [http://[::1]:61802], URI [/_plugins/_sql?format=csv], status line [HTTP/1.1 400 Bad Request]
</failure>
  </testcase>
  <testcase name="validTotalResultWithAndWithoutPaginationWhereAndOrderBy" classname="org.opensearch.sql.legacy.CursorIT" time="0.109">
    <failure message="org.opensearch.client.ResponseException: method [POST], host [http://[::1]:61802], URI [/_plugins/_sql?format=jdbc], status line [HTTP/1.1 400 Bad Request]&#10;{&#10;  &quot;error&quot;: {&#10;    &quot;reason&quot;: &quot;Invalid SQL query&quot;,&#10;    &quot;details&quot;: &quot;Query is unsupported in the new engine&quot;,&#10;    &quot;type&quot;: &quot;SQLFeatureDisabledException&quot;&#10;  },&#10;  &quot;status&quot;: 400&#10;}" type="org.opensearch.client.ResponseException">org.opensearch.client.ResponseException: method [POST], host [http://[::1]:61802], URI [/_plugins/_sql?format=jdbc], status line [HTTP/1.1 400 Bad Request]
</failure>
  </testcase>
  <testcase name="testCursorCloseAPI" classname="org.opensearch.sql.legacy.CursorIT" time="0.036">
    <failure message="org.opensearch.client.ResponseException: method [POST], host [http://127.0.0.1:61803], URI [/_plugins/_sql?format=jdbc], status line [HTTP/1.1 400 Bad Request]&#10;{&#10;  &quot;error&quot;: {&#10;    &quot;reason&quot;: &quot;Invalid SQL query&quot;,&#10;    &quot;details&quot;: &quot;Query is unsupported in the new engine&quot;,&#10;    &quot;type&quot;: &quot;SQLFeatureDisabledException&quot;&#10;  },&#10;  &quot;status&quot;: 400&#10;}" type="org.opensearch.client.ResponseException">org.opensearch.client.ResponseException: method [POST], host [http://127.0.0.1:61803], URI [/_plugins/_sql?format=jdbc], status line [HTTP/1.1 400 Bad Request]
</failure>
  </testcase>
  <testcase name="noCursorWhenResultsLessThanFetchSize" classname="org.opensearch.sql.legacy.CursorIT" time="0.033">
    <failure message="org.opensearch.client.ResponseException: method [POST], host [http://[::1]:61802], URI [/_plugins/_sql?format=jdbc], status line [HTTP/1.1 400 Bad Request]&#10;{&#10;  &quot;error&quot;: {&#10;    &quot;reason&quot;: &quot;Invalid SQL query&quot;,&#10;    &quot;details&quot;: &quot;Query is unsupported in the new engine&quot;,&#10;    &quot;type&quot;: &quot;SQLFeatureDisabledException&quot;&#10;  },&#10;  &quot;status&quot;: 400&#10;}" type="org.opensearch.client.ResponseException">org.opensearch.client.ResponseException: method [POST], host [http://[::1]:61802], URI [/_plugins/_sql?format=jdbc], status line [HTTP/1.1 400 Bad Request]
</failure>
  </testcase>
  <testcase name="testExceptionOnCursorExplain" classname="org.opensearch.sql.legacy.CursorIT" time="0.031"/>
  <testcase name="noPaginationWhenFetchSizeZero" classname="org.opensearch.sql.legacy.CursorIT" time="0.078"/>
  <testcase name="testCursorWithPreparedStatement" classname="org.opensearch.sql.legacy.CursorIT" time="0.052">
    <failure message="org.opensearch.client.ResponseException: method [POST], host [http://127.0.0.1:61803], URI [/_plugins/_sql?format=jdbc], status line [HTTP/1.1 400 Bad Request]&#10;{&#10;  &quot;error&quot;: {&#10;    &quot;reason&quot;: &quot;Invalid SQL query&quot;,&#10;    &quot;details&quot;: &quot;Query is unsupported in the new engine&quot;,&#10;    &quot;type&quot;: &quot;SQLFeatureDisabledException&quot;&#10;  },&#10;  &quot;status&quot;: 400&#10;}" type="org.opensearch.client.ResponseException">org.opensearch.client.ResponseException: method [POST], host [http://127.0.0.1:61803], URI [/_plugins/_sql?format=jdbc], status line [HTTP/1.1 400 Bad Request]
</failure>
  </testcase>
  <testcase name="invalidNegativeFetchSize" classname="org.opensearch.sql.legacy.CursorIT" time="0.033"/>
  <testcase name="validNumberOfPages" classname="org.opensearch.sql.legacy.CursorIT" time="0.032">
    <failure message="org.opensearch.client.ResponseException: method [POST], host [http://127.0.0.1:61803], URI [/_plugins/_sql?format=jdbc], status line [HTTP/1.1 400 Bad Request]&#10;{&#10;  &quot;error&quot;: {&#10;    &quot;reason&quot;: &quot;Invalid SQL query&quot;,&#10;    &quot;details&quot;: &quot;Query is unsupported in the new engine&quot;,&#10;    &quot;type&quot;: &quot;SQLFeatureDisabledException&quot;&#10;  },&#10;  &quot;status&quot;: 400&#10;}" type="org.opensearch.client.ResponseException">org.opensearch.client.ResponseException: method [POST], host [http://127.0.0.1:61803], URI [/_plugins/_sql?format=jdbc], status line [HTTP/1.1 400 Bad Request]
</failure>
  </testcase>
  <testcase name="validTotalResultWithAndWithoutPaginationOrderBy" classname="org.opensearch.sql.legacy.CursorIT" time="0.127">
    <failure message="org.opensearch.client.ResponseException: method [POST], host [http://127.0.0.1:61803], URI [/_plugins/_sql?format=jdbc], status line [HTTP/1.1 400 Bad Request]&#10;{&#10;  &quot;error&quot;: {&#10;    &quot;reason&quot;: &quot;Invalid SQL query&quot;,&#10;    &quot;details&quot;: &quot;Query is unsupported in the new engine&quot;,&#10;    &quot;type&quot;: &quot;SQLFeatureDisabledException&quot;&#10;  },&#10;  &quot;status&quot;: 400&#10;}" type="org.opensearch.client.ResponseException">org.opensearch.client.ResponseException: method [POST], host [http://127.0.0.1:61803], URI [/_plugins/_sql?format=jdbc], status line [HTTP/1.1 400 Bad Request]
</failure>
  </testcase>
  <testcase name="invalidNonNumericFetchSize" classname="org.opensearch.sql.legacy.CursorIT" time="0.084"/>
  <testcase name="testRegressionOnDateFormatChange" classname="org.opensearch.sql.legacy.CursorIT" time="0.513">
    <failure message="org.opensearch.client.ResponseException: method [POST], host [http://[::1]:61802], URI [/_plugins/_sql?format=jdbc], status line [HTTP/1.1 400 Bad Request]&#10;{&#10;  &quot;error&quot;: {&#10;    &quot;reason&quot;: &quot;Invalid SQL query&quot;,&#10;    &quot;details&quot;: &quot;Query is unsupported in the new engine&quot;,&#10;    &quot;type&quot;: &quot;SQLFeatureDisabledException&quot;&#10;  },&#10;  &quot;status&quot;: 400&#10;}" type="org.opensearch.client.ResponseException">org.opensearch.client.ResponseException: method [POST], host [http://[::1]:61802], URI [/_plugins/_sql?format=jdbc], status line [HTTP/1.1 400 Bad Request]
</failure>
  </testcase>
  <testcase name="testCursorSettings" classname="org.opensearch.sql.legacy.CursorIT" time="0.191"/>
  <testcase name="invalidCursorIdNotDecodable" classname="org.opensearch.sql.legacy.CursorIT" time="0.072"/>
  <testcase name="respectLimitPassedInSelectClause" classname="org.opensearch.sql.legacy.CursorIT" time="0.039">
    <failure message="org.opensearch.client.ResponseException: method [POST], host [http://127.0.0.1:61803], URI [/_plugins/_sql?format=jdbc], status line [HTTP/1.1 400 Bad Request]&#10;{&#10;  &quot;error&quot;: {&#10;    &quot;reason&quot;: &quot;Invalid SQL query&quot;,&#10;    &quot;details&quot;: &quot;Query is unsupported in the new engine&quot;,&#10;    &quot;type&quot;: &quot;SQLFeatureDisabledException&quot;&#10;  },&#10;  &quot;status&quot;: 400&#10;}" type="org.opensearch.client.ResponseException">org.opensearch.client.ResponseException: method [POST], host [http://127.0.0.1:61803], URI [/_plugins/_sql?format=jdbc], status line [HTTP/1.1 400 Bad Request]
</failure>
  </testcase>
  <system-out><![CDATA[[2023-01-17T03:15:43,596][INFO ][o.o.s.l.CursorIT         ] [validTotalResultWithAndWithoutPagination] before test
]]></system-out>
  <system-err><![CDATA[REPRODUCE WITH: ./gradlew ':integ-test:integTest' --tests "org.opensearch.sql.legacy.CursorIT.validTotalResultWithAndWithoutPagination" -Dtests.seed=160F64C51FACC80F -Dtests.security.manager=false -Dtests.locale=ar -Dtests.timezone=Africa/Niamey -Druntime.java=17
]]></system-err>
</testsuite>
<?xml version="1.0" encoding="UTF-8"?>
<testsuite name="org.opensearch.sql.legacy.DateFormatIT" tests="14" skipped="1" failures="13" errors="0" timestamp="2023-01-17T02:15:46" hostname="Unused26-MacBook.local" time="3.25">
  <properties/>
  <testcase name="groupByAndSortAliased" classname="org.opensearch.sql.legacy.DateFormatIT" time="2.75">
    <failure message="org.opensearch.client.ResponseException: method [POST], host [http://[::1]:61802], URI [/_plugins/_sql?format=json], status line [HTTP/1.1 400 Bad Request]&#10;{&#10;  &quot;error&quot;: {&#10;    &quot;reason&quot;: &quot;Invalid SQL query&quot;,&#10;    &quot;details&quot;: &quot;Query is unsupported in the new engine&quot;,&#10;    &quot;type&quot;: &quot;SQLFeatureDisabledException&quot;&#10;  },&#10;  &quot;status&quot;: 400&#10;}" type="org.opensearch.client.ResponseException">org.opensearch.client.ResponseException: method [POST], host [http://[::1]:61802], URI [/_plugins/_sql?format=json], status line [HTTP/1.1 400 Bad Request]
</failure>
  </testcase>
  <testcase name="equalTo" classname="org.opensearch.sql.legacy.DateFormatIT" time="0.066">
    <failure message="org.opensearch.sql.legacy.exception.SqlParseException: Unable to process query 'SELECT insert_time FROM opensearch-sql_test_index_online WHERE date_format(insert_time, 'yyyy-MM-dd', 'UTC') = '2014-08-17''" type="org.opensearch.sql.legacy.exception.SqlParseException">org.opensearch.sql.legacy.exception.SqlParseException: Unable to process query 'SELECT insert_time FROM opensearch-sql_test_index_online WHERE date_format(insert_time, 'yyyy-MM-dd', 'UTC') = '2014-08-17''
</failure>
  </testcase>
  <testcase name="lessThan" classname="org.opensearch.sql.legacy.DateFormatIT" time="0.041">
    <failure message="org.opensearch.sql.legacy.exception.SqlParseException: Unable to process query 'SELECT insert_time FROM opensearch-sql_test_index_online WHERE date_format(insert_time, 'yyyy-MM-dd', 'UTC') &lt; '2014-08-18''" type="org.opensearch.sql.legacy.exception.SqlParseException">org.opensearch.sql.legacy.exception.SqlParseException: Unable to process query 'SELECT insert_time FROM opensearch-sql_test_index_online WHERE date_format(insert_time, 'yyyy-MM-dd', 'UTC') &lt; '2014-08-18''
</failure>
  </testcase>
  <testcase name="sortByAliasedDateFormat" classname="org.opensearch.sql.legacy.DateFormatIT" time="0.044">
    <failure message="org.opensearch.client.ResponseException: method [POST], host [http://127.0.0.1:61803], URI [/_plugins/_sql?format=json], status line [HTTP/1.1 400 Bad Request]&#10;{&#10;  &quot;error&quot;: {&#10;    &quot;reason&quot;: &quot;Invalid SQL query&quot;,&#10;    &quot;details&quot;: &quot;Query is unsupported in the new engine&quot;,&#10;    &quot;type&quot;: &quot;SQLFeatureDisabledException&quot;&#10;  },&#10;  &quot;status&quot;: 400&#10;}" type="org.opensearch.client.ResponseException">org.opensearch.client.ResponseException: method [POST], host [http://127.0.0.1:61803], URI [/_plugins/_sql?format=json], status line [HTTP/1.1 400 Bad Request]
</failure>
  </testcase>
  <testcase name="groupByAndSortAliasedReversed" classname="org.opensearch.sql.legacy.DateFormatIT" time="0.033">
    <failure message="org.opensearch.client.ResponseException: method [POST], host [http://[::1]:61802], URI [/_plugins/_sql?format=json], status line [HTTP/1.1 400 Bad Request]&#10;{&#10;  &quot;error&quot;: {&#10;    &quot;reason&quot;: &quot;Invalid SQL query&quot;,&#10;    &quot;details&quot;: &quot;Query is unsupported in the new engine&quot;,&#10;    &quot;type&quot;: &quot;SQLFeatureDisabledException&quot;&#10;  },&#10;  &quot;status&quot;: 400&#10;}" type="org.opensearch.client.ResponseException">org.opensearch.client.ResponseException: method [POST], host [http://[::1]:61802], URI [/_plugins/_sql?format=json], status line [HTTP/1.1 400 Bad Request]
</failure>
  </testcase>
  <testcase name="or" classname="org.opensearch.sql.legacy.DateFormatIT" time="0.032">
    <failure message="org.opensearch.sql.legacy.exception.SqlParseException: Unable to process query 'SELECT insert_time FROM opensearch-sql_test_index_online WHERE date_format(insert_time, 'yyyy-MM-dd', 'UTC') &lt; '2014-08-18' OR date_format(insert_time, 'yyyy-MM-dd', 'UTC') &gt; '2014-08-23' ORDER BY insert_time LIMIT 1000'" type="org.opensearch.sql.legacy.exception.SqlParseException">org.opensearch.sql.legacy.exception.SqlParseException: Unable to process query 'SELECT insert_time FROM opensearch-sql_test_index_online WHERE date_format(insert_time, 'yyyy-MM-dd', 'UTC') &lt; '2014-08-18' OR date_format(insert_time, 'yyyy-MM-dd', 'UTC') &gt; '2014-08-23' ORDER BY insert_time LIMIT 1000'
</failure>
  </testcase>
  <testcase name="and" classname="org.opensearch.sql.legacy.DateFormatIT" time="0.039">
    <failure message="org.opensearch.sql.legacy.exception.SqlParseException: Unable to process query 'SELECT insert_time FROM opensearch-sql_test_index_online WHERE date_format(insert_time, 'yyyy-MM-dd', 'UTC') &gt;= '2014-08-21' AND date_format(insert_time, 'yyyy-MM-dd', 'UTC') &lt;= '2014-08-23' ORDER BY insert_time LIMIT 3000'" type="org.opensearch.sql.legacy.exception.SqlParseException">org.opensearch.sql.legacy.exception.SqlParseException: Unable to process query 'SELECT insert_time FROM opensearch-sql_test_index_online WHERE date_format(insert_time, 'yyyy-MM-dd', 'UTC') &gt;= '2014-08-21' AND date_format(insert_time, 'yyyy-MM-dd', 'UTC') &lt;= '2014-08-23' ORDER BY insert_time LIMIT 3000'
</failure>
  </testcase>
  <testcase name="groupByAndSort" classname="org.opensearch.sql.legacy.DateFormatIT" time="0.036">
    <failure message="org.opensearch.client.ResponseException: method [POST], host [http://127.0.0.1:61803], URI [/_plugins/_sql?format=json], status line [HTTP/1.1 400 Bad Request]&#10;{&#10;  &quot;error&quot;: {&#10;    &quot;reason&quot;: &quot;Invalid SQL query&quot;,&#10;    &quot;details&quot;: &quot;Query is unsupported in the new engine&quot;,&#10;    &quot;type&quot;: &quot;SQLFeatureDisabledException&quot;&#10;  },&#10;  &quot;status&quot;: 400&#10;}" type="org.opensearch.client.ResponseException">org.opensearch.client.ResponseException: method [POST], host [http://127.0.0.1:61803], URI [/_plugins/_sql?format=json], status line [HTTP/1.1 400 Bad Request]
</failure>
  </testcase>
  <testcase name="selectDateTimeWithDefaultTimeZone" classname="org.opensearch.sql.legacy.DateFormatIT" time="0.0">
    <skipped/>
  </testcase>
  <testcase name="sortByDateFormat" classname="org.opensearch.sql.legacy.DateFormatIT" time="0.037">
    <failure message="org.opensearch.client.ResponseException: method [POST], host [http://[::1]:61802], URI [/_plugins/_sql?format=json], status line [HTTP/1.1 400 Bad Request]&#10;{&#10;  &quot;error&quot;: {&#10;    &quot;reason&quot;: &quot;Invalid SQL query&quot;,&#10;    &quot;details&quot;: &quot;Query is unsupported in the new engine&quot;,&#10;    &quot;type&quot;: &quot;SQLFeatureDisabledException&quot;&#10;  },&#10;  &quot;status&quot;: 400&#10;}" type="org.opensearch.client.ResponseException">org.opensearch.client.ResponseException: method [POST], host [http://[::1]:61802], URI [/_plugins/_sql?format=json], status line [HTTP/1.1 400 Bad Request]
</failure>
  </testcase>
  <testcase name="greaterThanOrEqualTo" classname="org.opensearch.sql.legacy.DateFormatIT" time="0.037">
    <failure message="org.opensearch.sql.legacy.exception.SqlParseException: Unable to process query 'SELECT insert_time FROM opensearch-sql_test_index_online WHERE date_format(insert_time, 'yyyy-MM-dd', 'UTC') &gt;= '2014-08-23' ORDER BY insert_time LIMIT 2000'" type="org.opensearch.sql.legacy.exception.SqlParseException">org.opensearch.sql.legacy.exception.SqlParseException: Unable to process query 'SELECT insert_time FROM opensearch-sql_test_index_online WHERE date_format(insert_time, 'yyyy-MM-dd', 'UTC') &gt;= '2014-08-23' ORDER BY insert_time LIMIT 2000'
</failure>
  </testcase>
  <testcase name="greaterThan" classname="org.opensearch.sql.legacy.DateFormatIT" time="0.047">
    <failure message="org.opensearch.sql.legacy.exception.SqlParseException: Unable to process query 'SELECT insert_time FROM opensearch-sql_test_index_online WHERE date_format(insert_time, 'yyyy-MM-dd', 'UTC') &gt; '2014-08-23''" type="org.opensearch.sql.legacy.exception.SqlParseException">org.opensearch.sql.legacy.exception.SqlParseException: Unable to process query 'SELECT insert_time FROM opensearch-sql_test_index_online WHERE date_format(insert_time, 'yyyy-MM-dd', 'UTC') &gt; '2014-08-23''
</failure>
  </testcase>
  <testcase name="andWithDefaultTimeZone" classname="org.opensearch.sql.legacy.DateFormatIT" time="0.039">
    <failure message="org.opensearch.sql.legacy.exception.SqlParseException: Unable to process query 'SELECT insert_time FROM opensearch-sql_test_index_online WHERE date_format(insert_time, 'yyyy-MM-dd HH:mm:ss') &gt;= '2014-08-17 16:13:12' AND date_format(insert_time, 'yyyy-MM-dd HH:mm:ss') &lt;= '2014-08-17 16:13:13''" type="org.opensearch.sql.legacy.exception.SqlParseException">org.opensearch.sql.legacy.exception.SqlParseException: Unable to process query 'SELECT insert_time FROM opensearch-sql_test_index_online WHERE date_format(insert_time, 'yyyy-MM-dd HH:mm:ss') &gt;= '2014-08-17 16:13:12' AND date_format(insert_time, 'yyyy-MM-dd HH:mm:ss') &lt;= '2014-08-17 16:13:13''
</failure>
  </testcase>
  <testcase name="lessThanOrEqualTo" classname="org.opensearch.sql.legacy.DateFormatIT" time="0.042">
    <failure message="org.opensearch.sql.legacy.exception.SqlParseException: Unable to process query 'SELECT insert_time FROM opensearch-sql_test_index_online WHERE date_format(insert_time, 'yyyy-MM-dd', 'UTC') &lt;= '2014-08-18' ORDER BY insert_time LIMIT 1000'" type="org.opensearch.sql.legacy.exception.SqlParseException">org.opensearch.sql.legacy.exception.SqlParseException: Unable to process query 'SELECT insert_time FROM opensearch-sql_test_index_online WHERE date_format(insert_time, 'yyyy-MM-dd', 'UTC') &lt;= '2014-08-18' ORDER BY insert_time LIMIT 1000'
</failure>
  </testcase>
  <system-out><![CDATA[[2023-01-17T03:15:46,389][INFO ][o.o.s.l.DateFormatIT     ] [groupByAndSortAliased] before test
]]></system-out>
  <system-err><![CDATA[REPRODUCE WITH: ./gradlew ':integ-test:integTest' --tests "org.opensearch.sql.legacy.DateFormatIT.groupByAndSortAliased" -Dtests.seed=160F64C51FACC80F -Dtests.security.manager=false -Dtests.locale=sr -Dtests.timezone=Africa/Libreville -Druntime.java=17
]]></system-err>
</testsuite>
<?xml version="1.0" encoding="UTF-8"?>
<testsuite name="org.opensearch.sql.legacy.DateFunctionsIT" tests="21" skipped="0" failures="21" errors="0" timestamp="2023-01-17T02:15:49" hostname="Unused26-MacBook.local" time="3.621">
  <properties/>
  <testcase name="dayOfMonthInWhere" classname="org.opensearch.sql.legacy.DateFunctionsIT" time="2.877">
    <failure message="org.opensearch.client.ResponseException: method [POST], host [http://[::1]:61802], URI [/_plugins/_sql?format=json], status line [HTTP/1.1 400 Bad Request]&#10;{&#10;  &quot;error&quot;: {&#10;    &quot;reason&quot;: &quot;Invalid SQL query&quot;,&#10;    &quot;details&quot;: &quot;Query is unsupported in the new engine&quot;,&#10;    &quot;type&quot;: &quot;SQLFeatureDisabledException&quot;&#10;  },&#10;  &quot;status&quot;: 400&#10;}" type="org.opensearch.client.ResponseException">org.opensearch.client.ResponseException: method [POST], host [http://[::1]:61802], URI [/_plugins/_sql?format=json], status line [HTTP/1.1 400 Bad Request]
</failure>
  </testcase>
  <testcase name="minuteOfDay" classname="org.opensearch.sql.legacy.DateFunctionsIT" time="0.068">
    <failure message="org.opensearch.client.ResponseException: method [POST], host [http://127.0.0.1:61803], URI [/_plugins/_sql?format=json], status line [HTTP/1.1 400 Bad Request]&#10;{&#10;  &quot;error&quot;: {&#10;    &quot;reason&quot;: &quot;Invalid SQL query&quot;,&#10;    &quot;details&quot;: &quot;Query is unsupported in the new engine&quot;,&#10;    &quot;type&quot;: &quot;SQLFeatureDisabledException&quot;&#10;  },&#10;  &quot;status&quot;: 400&#10;}" type="org.opensearch.client.ResponseException">org.opensearch.client.ResponseException: method [POST], host [http://127.0.0.1:61803], URI [/_plugins/_sql?format=json], status line [HTTP/1.1 400 Bad Request]
</failure>
  </testcase>
  <testcase name="dayOfWeek" classname="org.opensearch.sql.legacy.DateFunctionsIT" time="0.037">
    <failure message="org.opensearch.client.ResponseException: method [POST], host [http://[::1]:61802], URI [/_plugins/_sql?format=json], status line [HTTP/1.1 400 Bad Request]&#10;{&#10;  &quot;error&quot;: {&#10;    &quot;reason&quot;: &quot;Invalid SQL query&quot;,&#10;    &quot;details&quot;: &quot;Query is unsupported in the new engine&quot;,&#10;    &quot;type&quot;: &quot;SQLFeatureDisabledException&quot;&#10;  },&#10;  &quot;status&quot;: 400&#10;}" type="org.opensearch.client.ResponseException">org.opensearch.client.ResponseException: method [POST], host [http://[::1]:61802], URI [/_plugins/_sql?format=json], status line [HTTP/1.1 400 Bad Request]
</failure>
  </testcase>
  <testcase name="hourOfDay" classname="org.opensearch.sql.legacy.DateFunctionsIT" time="0.031">
    <failure message="org.opensearch.client.ResponseException: method [POST], host [http://127.0.0.1:61803], URI [/_plugins/_sql?format=json], status line [HTTP/1.1 400 Bad Request]&#10;{&#10;  &quot;error&quot;: {&#10;    &quot;reason&quot;: &quot;Invalid SQL query&quot;,&#10;    &quot;details&quot;: &quot;Query is unsupported in the new engine&quot;,&#10;    &quot;type&quot;: &quot;SQLFeatureDisabledException&quot;&#10;  },&#10;  &quot;status&quot;: 400&#10;}" type="org.opensearch.client.ResponseException">org.opensearch.client.ResponseException: method [POST], host [http://127.0.0.1:61803], URI [/_plugins/_sql?format=json], status line [HTTP/1.1 400 Bad Request]
</failure>
  </testcase>
  <testcase name="now" classname="org.opensearch.sql.legacy.DateFunctionsIT" time="0.031">
    <failure message="org.opensearch.client.ResponseException: method [POST], host [http://[::1]:61802], URI [/_plugins/_sql?format=json], status line [HTTP/1.1 400 Bad Request]&#10;{&#10;  &quot;error&quot;: {&#10;    &quot;reason&quot;: &quot;Invalid SQL query&quot;,&#10;    &quot;details&quot;: &quot;Query is unsupported in the new engine&quot;,&#10;    &quot;type&quot;: &quot;SQLFeatureDisabledException&quot;&#10;  },&#10;  &quot;status&quot;: 400&#10;}" type="org.opensearch.client.ResponseException">org.opensearch.client.ResponseException: method [POST], host [http://[::1]:61802], URI [/_plugins/_sql?format=json], status line [HTTP/1.1 400 Bad Request]
</failure>
  </testcase>
  <testcase name="maketime" classname="org.opensearch.sql.legacy.DateFunctionsIT" time="0.033">
    <failure message="org.opensearch.client.ResponseException: method [POST], host [http://127.0.0.1:61803], URI [/_plugins/_sql?format=json], status line [HTTP/1.1 400 Bad Request]&#10;{&#10;  &quot;error&quot;: {&#10;    &quot;reason&quot;: &quot;Invalid SQL query&quot;,&#10;    &quot;details&quot;: &quot;Query is unsupported in the new engine&quot;,&#10;    &quot;type&quot;: &quot;SQLFeatureDisabledException&quot;&#10;  },&#10;  &quot;status&quot;: 400&#10;}" type="org.opensearch.client.ResponseException">org.opensearch.client.ResponseException: method [POST], host [http://127.0.0.1:61803], URI [/_plugins/_sql?format=json], status line [HTTP/1.1 400 Bad Request]
</failure>
  </testcase>
  <testcase name="monthname" classname="org.opensearch.sql.legacy.DateFunctionsIT" time="0.05">
    <failure message="org.opensearch.client.ResponseException: method [POST], host [http://[::1]:61802], URI [/_plugins/_sql?format=json], status line [HTTP/1.1 400 Bad Request]&#10;{&#10;  &quot;error&quot;: {&#10;    &quot;reason&quot;: &quot;Invalid SQL query&quot;,&#10;    &quot;details&quot;: &quot;Query is unsupported in the new engine&quot;,&#10;    &quot;type&quot;: &quot;SQLFeatureDisabledException&quot;&#10;  },&#10;  &quot;status&quot;: 400&#10;}" type="org.opensearch.client.ResponseException">org.opensearch.client.ResponseException: method [POST], host [http://[::1]:61802], URI [/_plugins/_sql?format=json], status line [HTTP/1.1 400 Bad Request]
</failure>
  </testcase>
  <testcase name="weekOfYearInWhere" classname="org.opensearch.sql.legacy.DateFunctionsIT" time="0.029">
    <failure message="org.opensearch.client.ResponseException: method [POST], host [http://127.0.0.1:61803], URI [/_plugins/_sql?format=json], status line [HTTP/1.1 400 Bad Request]&#10;{&#10;  &quot;error&quot;: {&#10;    &quot;reason&quot;: &quot;Invalid SQL query&quot;,&#10;    &quot;details&quot;: &quot;Query is unsupported in the new engine&quot;,&#10;    &quot;type&quot;: &quot;SQLFeatureDisabledException&quot;&#10;  },&#10;  &quot;status&quot;: 400&#10;}" type="org.opensearch.client.ResponseException">org.opensearch.client.ResponseException: method [POST], host [http://127.0.0.1:61803], URI [/_plugins/_sql?format=json], status line [HTTP/1.1 400 Bad Request]
</failure>
  </testcase>
  <testcase name="timestamp" classname="org.opensearch.sql.legacy.DateFunctionsIT" time="0.04">
    <failure message="org.opensearch.client.ResponseException: method [POST], host [http://[::1]:61802], URI [/_plugins/_sql?format=json], status line [HTTP/1.1 400 Bad Request]&#10;{&#10;  &quot;error&quot;: {&#10;    &quot;reason&quot;: &quot;Invalid SQL query&quot;,&#10;    &quot;details&quot;: &quot;Query is unsupported in the new engine&quot;,&#10;    &quot;type&quot;: &quot;SQLFeatureDisabledException&quot;&#10;  },&#10;  &quot;status&quot;: 400&#10;}" type="org.opensearch.client.ResponseException">org.opensearch.client.ResponseException: method [POST], host [http://[::1]:61802], URI [/_plugins/_sql?format=json], status line [HTTP/1.1 400 Bad Request]
</failure>
  </testcase>
  <testcase name="dayofmonth" classname="org.opensearch.sql.legacy.DateFunctionsIT" time="0.03">
    <failure message="org.opensearch.client.ResponseException: method [POST], host [http://127.0.0.1:61803], URI [/_plugins/_sql?format=json], status line [HTTP/1.1 400 Bad Request]&#10;{&#10;  &quot;error&quot;: {&#10;    &quot;reason&quot;: &quot;Invalid SQL query&quot;,&#10;    &quot;details&quot;: &quot;Query is unsupported in the new engine&quot;,&#10;    &quot;type&quot;: &quot;SQLFeatureDisabledException&quot;&#10;  },&#10;  &quot;status&quot;: 400&#10;}" type="org.opensearch.client.ResponseException">org.opensearch.client.ResponseException: method [POST], host [http://127.0.0.1:61803], URI [/_plugins/_sql?format=json], status line [HTTP/1.1 400 Bad Request]
</failure>
  </testcase>
  <testcase name="dayOfYearInWhere" classname="org.opensearch.sql.legacy.DateFunctionsIT" time="0.032">
    <failure message="org.opensearch.client.ResponseException: method [POST], host [http://[::1]:61802], URI [/_plugins/_sql?format=json], status line [HTTP/1.1 400 Bad Request]&#10;{&#10;  &quot;error&quot;: {&#10;    &quot;reason&quot;: &quot;Invalid SQL query&quot;,&#10;    &quot;details&quot;: &quot;Query is unsupported in the new engine&quot;,&#10;    &quot;type&quot;: &quot;SQLFeatureDisabledException&quot;&#10;  },&#10;  &quot;status&quot;: 400&#10;}" type="org.opensearch.client.ResponseException">org.opensearch.client.ResponseException: method [POST], host [http://[::1]:61802], URI [/_plugins/_sql?format=json], status line [HTTP/1.1 400 Bad Request]
</failure>
  </testcase>
  <testcase name="dayOfYearInSelect" classname="org.opensearch.sql.legacy.DateFunctionsIT" time="0.031">
    <failure message="org.opensearch.client.ResponseException: method [POST], host [http://127.0.0.1:61803], URI [/_plugins/_sql?format=json], status line [HTTP/1.1 400 Bad Request]&#10;{&#10;  &quot;error&quot;: {&#10;    &quot;reason&quot;: &quot;Invalid SQL query&quot;,&#10;    &quot;details&quot;: &quot;Query is unsupported in the new engine&quot;,&#10;    &quot;type&quot;: &quot;SQLFeatureDisabledException&quot;&#10;  },&#10;  &quot;status&quot;: 400&#10;}" type="org.opensearch.client.ResponseException">org.opensearch.client.ResponseException: method [POST], host [http://127.0.0.1:61803], URI [/_plugins/_sql?format=json], status line [HTTP/1.1 400 Bad Request]
</failure>
  </testcase>
  <testcase name="monthOfYear" classname="org.opensearch.sql.legacy.DateFunctionsIT" time="0.031">
    <failure message="org.opensearch.client.ResponseException: method [POST], host [http://[::1]:61802], URI [/_plugins/_sql?format=json], status line [HTTP/1.1 400 Bad Request]&#10;{&#10;  &quot;error&quot;: {&#10;    &quot;reason&quot;: &quot;Invalid SQL query&quot;,&#10;    &quot;details&quot;: &quot;Query is unsupported in the new engine&quot;,&#10;    &quot;type&quot;: &quot;SQLFeatureDisabledException&quot;&#10;  },&#10;  &quot;status&quot;: 400&#10;}" type="org.opensearch.client.ResponseException">org.opensearch.client.ResponseException: method [POST], host [http://[::1]:61802], URI [/_plugins/_sql?format=json], status line [HTTP/1.1 400 Bad Request]
</failure>
  </testcase>
  <testcase name="curdate" classname="org.opensearch.sql.legacy.DateFunctionsIT" time="0.028">
    <failure message="org.opensearch.client.ResponseException: method [POST], host [http://127.0.0.1:61803], URI [/_plugins/_sql?format=json], status line [HTTP/1.1 400 Bad Request]&#10;{&#10;  &quot;error&quot;: {&#10;    &quot;reason&quot;: &quot;Invalid SQL query&quot;,&#10;    &quot;details&quot;: &quot;Query is unsupported in the new engine&quot;,&#10;    &quot;type&quot;: &quot;SQLFeatureDisabledException&quot;&#10;  },&#10;  &quot;status&quot;: 400&#10;}" type="org.opensearch.client.ResponseException">org.opensearch.client.ResponseException: method [POST], host [http://127.0.0.1:61803], URI [/_plugins/_sql?format=json], status line [HTTP/1.1 400 Bad Request]
</failure>
  </testcase>
  <testcase name="dayOfMonthInSelect" classname="org.opensearch.sql.legacy.DateFunctionsIT" time="0.039">
    <failure message="org.opensearch.client.ResponseException: method [POST], host [http://[::1]:61802], URI [/_plugins/_sql?format=json], status line [HTTP/1.1 400 Bad Request]&#10;{&#10;  &quot;error&quot;: {&#10;    &quot;reason&quot;: &quot;Invalid SQL query&quot;,&#10;    &quot;details&quot;: &quot;Query is unsupported in the new engine&quot;,&#10;    &quot;type&quot;: &quot;SQLFeatureDisabledException&quot;&#10;  },&#10;  &quot;status&quot;: 400&#10;}" type="org.opensearch.client.ResponseException">org.opensearch.client.ResponseException: method [POST], host [http://[::1]:61802], URI [/_plugins/_sql?format=json], status line [HTTP/1.1 400 Bad Request]
</failure>
  </testcase>
  <testcase name="date" classname="org.opensearch.sql.legacy.DateFunctionsIT" time="0.031">
    <failure message="org.opensearch.client.ResponseException: method [POST], host [http://127.0.0.1:61803], URI [/_plugins/_sql?format=json], status line [HTTP/1.1 400 Bad Request]&#10;{&#10;  &quot;error&quot;: {&#10;    &quot;reason&quot;: &quot;Invalid SQL query&quot;,&#10;    &quot;details&quot;: &quot;Query is unsupported in the new engine&quot;,&#10;    &quot;type&quot;: &quot;SQLFeatureDisabledException&quot;&#10;  },&#10;  &quot;status&quot;: 400&#10;}" type="org.opensearch.client.ResponseException">org.opensearch.client.ResponseException: method [POST], host [http://127.0.0.1:61803], URI [/_plugins/_sql?format=json], status line [HTTP/1.1 400 Bad Request]
</failure>
  </testcase>
  <testcase name="month" classname="org.opensearch.sql.legacy.DateFunctionsIT" time="0.03">
    <failure message="org.opensearch.client.ResponseException: method [POST], host [http://[::1]:61802], URI [/_plugins/_sql?format=json], status line [HTTP/1.1 400 Bad Request]&#10;{&#10;  &quot;error&quot;: {&#10;    &quot;reason&quot;: &quot;Invalid SQL query&quot;,&#10;    &quot;details&quot;: &quot;Query is unsupported in the new engine&quot;,&#10;    &quot;type&quot;: &quot;SQLFeatureDisabledException&quot;&#10;  },&#10;  &quot;status&quot;: 400&#10;}" type="org.opensearch.client.ResponseException">org.opensearch.client.ResponseException: method [POST], host [http://[::1]:61802], URI [/_plugins/_sql?format=json], status line [HTTP/1.1 400 Bad Request]
</failure>
  </testcase>
  <testcase name="weekOfYearInSelect" classname="org.opensearch.sql.legacy.DateFunctionsIT" time="0.037">
    <failure message="org.opensearch.client.ResponseException: method [POST], host [http://127.0.0.1:61803], URI [/_plugins/_sql?format=json], status line [HTTP/1.1 400 Bad Request]&#10;{&#10;  &quot;error&quot;: {&#10;    &quot;reason&quot;: &quot;Invalid SQL query&quot;,&#10;    &quot;details&quot;: &quot;Query is unsupported in the new engine&quot;,&#10;    &quot;type&quot;: &quot;SQLFeatureDisabledException&quot;&#10;  },&#10;  &quot;status&quot;: 400&#10;}" type="org.opensearch.client.ResponseException">org.opensearch.client.ResponseException: method [POST], host [http://127.0.0.1:61803], URI [/_plugins/_sql?format=json], status line [HTTP/1.1 400 Bad Request]
</failure>
  </testcase>
  <testcase name="minuteOfHour" classname="org.opensearch.sql.legacy.DateFunctionsIT" time="0.063">
    <failure message="org.opensearch.client.ResponseException: method [POST], host [http://[::1]:61802], URI [/_plugins/_sql?format=json], status line [HTTP/1.1 400 Bad Request]&#10;{&#10;  &quot;error&quot;: {&#10;    &quot;reason&quot;: &quot;Invalid SQL query&quot;,&#10;    &quot;details&quot;: &quot;Query is unsupported in the new engine&quot;,&#10;    &quot;type&quot;: &quot;SQLFeatureDisabledException&quot;&#10;  },&#10;  &quot;status&quot;: 400&#10;}" type="org.opensearch.client.ResponseException">org.opensearch.client.ResponseException: method [POST], host [http://[::1]:61802], URI [/_plugins/_sql?format=json], status line [HTTP/1.1 400 Bad Request]
</failure>
  </testcase>
  <testcase name="year" classname="org.opensearch.sql.legacy.DateFunctionsIT" time="0.03">
    <failure message="org.opensearch.client.ResponseException: method [POST], host [http://127.0.0.1:61803], URI [/_plugins/_sql?format=json], status line [HTTP/1.1 400 Bad Request]&#10;{&#10;  &quot;error&quot;: {&#10;    &quot;reason&quot;: &quot;Invalid SQL query&quot;,&#10;    &quot;details&quot;: &quot;Query is unsupported in the new engine&quot;,&#10;    &quot;type&quot;: &quot;SQLFeatureDisabledException&quot;&#10;  },&#10;  &quot;status&quot;: 400&#10;}" type="org.opensearch.client.ResponseException">org.opensearch.client.ResponseException: method [POST], host [http://127.0.0.1:61803], URI [/_plugins/_sql?format=json], status line [HTTP/1.1 400 Bad Request]
</failure>
  </testcase>
  <testcase name="secondOfMinute" classname="org.opensearch.sql.legacy.DateFunctionsIT" time="0.034">
    <failure message="org.opensearch.client.ResponseException: method [POST], host [http://[::1]:61802], URI [/_plugins/_sql?format=json], status line [HTTP/1.1 400 Bad Request]&#10;{&#10;  &quot;error&quot;: {&#10;    &quot;reason&quot;: &quot;Invalid SQL query&quot;,&#10;    &quot;details&quot;: &quot;Query is unsupported in the new engine&quot;,&#10;    &quot;type&quot;: &quot;SQLFeatureDisabledException&quot;&#10;  },&#10;  &quot;status&quot;: 400&#10;}" type="org.opensearch.client.ResponseException">org.opensearch.client.ResponseException: method [POST], host [http://[::1]:61802], URI [/_plugins/_sql?format=json], status line [HTTP/1.1 400 Bad Request]
</failure>
  </testcase>
  <system-out><![CDATA[[2023-01-17T07:15:49,915][INFO ][o.o.s.l.DateFunctionsIT  ] [dayOfMonthInWhere] before test
]]></system-out>
  <system-err><![CDATA[REPRODUCE WITH: ./gradlew ':integ-test:integTest' --tests "org.opensearch.sql.legacy.DateFunctionsIT.dayOfMonthInWhere" -Dtests.seed=160F64C51FACC80F -Dtests.security.manager=false -Dtests.locale=es-AR -Dtests.timezone=PLT -Druntime.java=17
]]></system-err>
</testsuite>
<?xml version="1.0" encoding="UTF-8"?>
<testsuite name="org.opensearch.sql.legacy.DeleteIT" tests="4" skipped="0" failures="4" errors="0" timestamp="2023-01-17T02:15:53" hostname="Unused26-MacBook.local" time="1.326">
  <properties/>
  <testcase name="deleteAllWithJdbcFormat" classname="org.opensearch.sql.legacy.DeleteIT" time="1.195">
    <failure message="org.opensearch.client.ResponseException: method [POST], host [http://[::1]:61802], URI [/_plugins/_sql?format=json], status line [HTTP/1.1 400 Bad Request]&#10;{&#10;  &quot;error&quot;: {&#10;    &quot;reason&quot;: &quot;Invalid SQL query&quot;,&#10;    &quot;details&quot;: &quot;Query is unsupported in the new engine&quot;,&#10;    &quot;type&quot;: &quot;SQLFeatureDisabledException&quot;&#10;  },&#10;  &quot;status&quot;: 400&#10;}" type="org.opensearch.client.ResponseException">org.opensearch.client.ResponseException: method [POST], host [http://[::1]:61802], URI [/_plugins/_sql?format=json], status line [HTTP/1.1 400 Bad Request]
</failure>
  </testcase>
  <testcase name="deleteWithConditionTest" classname="org.opensearch.sql.legacy.DeleteIT" time="0.05">
    <failure message="org.opensearch.client.ResponseException: method [POST], host [http://127.0.0.1:61803], URI [/_plugins/_sql?format=json], status line [HTTP/1.1 400 Bad Request]&#10;{&#10;  &quot;error&quot;: {&#10;    &quot;reason&quot;: &quot;Invalid SQL query&quot;,&#10;    &quot;details&quot;: &quot;Query is unsupported in the new engine&quot;,&#10;    &quot;type&quot;: &quot;SQLFeatureDisabledException&quot;&#10;  },&#10;  &quot;status&quot;: 400&#10;}" type="org.opensearch.client.ResponseException">org.opensearch.client.ResponseException: method [POST], host [http://127.0.0.1:61803], URI [/_plugins/_sql?format=json], status line [HTTP/1.1 400 Bad Request]
</failure>
  </testcase>
  <testcase name="deleteAllTest" classname="org.opensearch.sql.legacy.DeleteIT" time="0.039">
    <failure message="org.opensearch.client.ResponseException: method [POST], host [http://[::1]:61802], URI [/_plugins/_sql?format=json], status line [HTTP/1.1 400 Bad Request]&#10;{&#10;  &quot;error&quot;: {&#10;    &quot;reason&quot;: &quot;Invalid SQL query&quot;,&#10;    &quot;details&quot;: &quot;Query is unsupported in the new engine&quot;,&#10;    &quot;type&quot;: &quot;SQLFeatureDisabledException&quot;&#10;  },&#10;  &quot;status&quot;: 400&#10;}" type="org.opensearch.client.ResponseException">org.opensearch.client.ResponseException: method [POST], host [http://[::1]:61802], URI [/_plugins/_sql?format=json], status line [HTTP/1.1 400 Bad Request]
</failure>
  </testcase>
  <testcase name="deleteWithConditionTestJdbcFormat" classname="org.opensearch.sql.legacy.DeleteIT" time="0.041">
    <failure message="org.opensearch.client.ResponseException: method [POST], host [http://127.0.0.1:61803], URI [/_plugins/_sql?format=json], status line [HTTP/1.1 400 Bad Request]&#10;{&#10;  &quot;error&quot;: {&#10;    &quot;reason&quot;: &quot;Invalid SQL query&quot;,&#10;    &quot;details&quot;: &quot;Query is unsupported in the new engine&quot;,&#10;    &quot;type&quot;: &quot;SQLFeatureDisabledException&quot;&#10;  },&#10;  &quot;status&quot;: 400&#10;}" type="org.opensearch.client.ResponseException">org.opensearch.client.ResponseException: method [POST], host [http://127.0.0.1:61803], URI [/_plugins/_sql?format=json], status line [HTTP/1.1 400 Bad Request]
</failure>
  </testcase>
  <system-out><![CDATA[[2023-01-16T18:15:53,740][INFO ][o.o.s.l.DeleteIT         ] [deleteAllWithJdbcFormat] before test
]]></system-out>
  <system-err><![CDATA[REPRODUCE WITH: ./gradlew ':integ-test:integTest' --tests "org.opensearch.sql.legacy.DeleteIT.deleteAllWithJdbcFormat" -Dtests.seed=160F64C51FACC80F -Dtests.security.manager=false -Dtests.locale=ar-TN -Dtests.timezone=Etc/GMT+8 -Druntime.java=17
]]></system-err>
</testsuite>
<?xml version="1.0" encoding="UTF-8"?>
<testsuite name="org.opensearch.sql.legacy.GetEndpointQueryIT" tests="1" skipped="0" failures="0" errors="0" timestamp="2023-01-17T02:15:55" hostname="Unused26-MacBook.local" time="0.583">
  <properties/>
  <testcase name="getEndPointShouldBeInvalid" classname="org.opensearch.sql.legacy.GetEndpointQueryIT" time="0.583"/>
  <system-out><![CDATA[[2023-01-16T20:15:55,327][INFO ][o.o.s.l.GetEndpointQueryIT] [getEndPointShouldBeInvalid] before test
]]></system-out>
  <system-err><![CDATA[]]></system-err>
</testsuite>
<?xml version="1.0" encoding="UTF-8"?>
<testsuite name="org.opensearch.sql.legacy.HashJoinIT" tests="11" skipped="0" failures="11" errors="0" timestamp="2023-01-17T02:15:56" hostname="Unused26-MacBook.local" time="1.882">
  <properties/>
  <testcase name="innerJoinWithObjectFieldAndPageSizeLessThanBlockSize" classname="org.opensearch.sql.legacy.HashJoinIT" time="1.453">
    <failure message="org.opensearch.client.ResponseException: method [POST], host [http://[::1]:61802], URI [/_plugins/_sql?format=json], status line [HTTP/1.1 400 Bad Request]&#10;{&#10;  &quot;error&quot;: {&#10;    &quot;reason&quot;: &quot;Invalid SQL query&quot;,&#10;    &quot;details&quot;: &quot;Query is unsupported in the new engine&quot;,&#10;    &quot;type&quot;: &quot;SQLFeatureDisabledException&quot;&#10;  },&#10;  &quot;status&quot;: 400&#10;}" type="org.opensearch.client.ResponseException">org.opensearch.client.ResponseException: method [POST], host [http://[::1]:61802], URI [/_plugins/_sql?format=json], status line [HTTP/1.1 400 Bad Request]
</failure>
  </testcase>
  <testcase name="leftJoinWithObjectFieldAndPageSizeLessThanBlockSize" classname="org.opensearch.sql.legacy.HashJoinIT" time="0.048">
    <failure message="org.opensearch.client.ResponseException: method [POST], host [http://127.0.0.1:61803], URI [/_plugins/_sql?format=json], status line [HTTP/1.1 400 Bad Request]&#10;{&#10;  &quot;error&quot;: {&#10;    &quot;reason&quot;: &quot;Invalid SQL query&quot;,&#10;    &quot;details&quot;: &quot;Query is unsupported in the new engine&quot;,&#10;    &quot;type&quot;: &quot;SQLFeatureDisabledException&quot;&#10;  },&#10;  &quot;status&quot;: 400&#10;}" type="org.opensearch.client.ResponseException">org.opensearch.client.ResponseException: method [POST], host [http://127.0.0.1:61803], URI [/_plugins/_sql?format=json], status line [HTTP/1.1 400 Bad Request]
</failure>
  </testcase>
  <testcase name="leftJoinWithObjectFieldAndTermsFilter" classname="org.opensearch.sql.legacy.HashJoinIT" time="0.031">
    <failure message="org.opensearch.client.ResponseException: method [POST], host [http://[::1]:61802], URI [/_plugins/_sql?format=json], status line [HTTP/1.1 400 Bad Request]&#10;{&#10;  &quot;error&quot;: {&#10;    &quot;reason&quot;: &quot;Invalid SQL query&quot;,&#10;    &quot;details&quot;: &quot;Query is unsupported in the new engine&quot;,&#10;    &quot;type&quot;: &quot;SQLFeatureDisabledException&quot;&#10;  },&#10;  &quot;status&quot;: 400&#10;}" type="org.opensearch.client.ResponseException">org.opensearch.client.ResponseException: method [POST], host [http://[::1]:61802], URI [/_plugins/_sql?format=json], status line [HTTP/1.1 400 Bad Request]
</failure>
  </testcase>
  <testcase name="innerJoinWithObjectFieldAndPageSizeGreaterThanBlockSize" classname="org.opensearch.sql.legacy.HashJoinIT" time="0.036">
    <failure message="org.opensearch.client.ResponseException: method [POST], host [http://127.0.0.1:61803], URI [/_plugins/_sql?format=json], status line [HTTP/1.1 400 Bad Request]&#10;{&#10;  &quot;error&quot;: {&#10;    &quot;reason&quot;: &quot;Invalid SQL query&quot;,&#10;    &quot;details&quot;: &quot;Query is unsupported in the new engine&quot;,&#10;    &quot;type&quot;: &quot;SQLFeatureDisabledException&quot;&#10;  },&#10;  &quot;status&quot;: 400&#10;}" type="org.opensearch.client.ResponseException">org.opensearch.client.ResponseException: method [POST], host [http://127.0.0.1:61803], URI [/_plugins/_sql?format=json], status line [HTTP/1.1 400 Bad Request]
</failure>
  </testcase>
  <testcase name="innerJoinWithObjectField" classname="org.opensearch.sql.legacy.HashJoinIT" time="0.033">
    <failure message="org.opensearch.client.ResponseException: method [POST], host [http://[::1]:61802], URI [/_plugins/_sql?format=json], status line [HTTP/1.1 400 Bad Request]&#10;{&#10;  &quot;error&quot;: {&#10;    &quot;reason&quot;: &quot;Invalid SQL query&quot;,&#10;    &quot;details&quot;: &quot;Query is unsupported in the new engine&quot;,&#10;    &quot;type&quot;: &quot;SQLFeatureDisabledException&quot;&#10;  },&#10;  &quot;status&quot;: 400&#10;}" type="org.opensearch.client.ResponseException">org.opensearch.client.ResponseException: method [POST], host [http://[::1]:61802], URI [/_plugins/_sql?format=json], status line [HTTP/1.1 400 Bad Request]
</failure>
  </testcase>
  <testcase name="leftJoinWithObjectFieldAndPageSizeGreaterThanBlockSize" classname="org.opensearch.sql.legacy.HashJoinIT" time="0.033">
    <failure message="org.opensearch.client.ResponseException: method [POST], host [http://127.0.0.1:61803], URI [/_plugins/_sql?format=json], status line [HTTP/1.1 400 Bad Request]&#10;{&#10;  &quot;error&quot;: {&#10;    &quot;reason&quot;: &quot;Invalid SQL query&quot;,&#10;    &quot;details&quot;: &quot;Query is unsupported in the new engine&quot;,&#10;    &quot;type&quot;: &quot;SQLFeatureDisabledException&quot;&#10;  },&#10;  &quot;status&quot;: 400&#10;}" type="org.opensearch.client.ResponseException">org.opensearch.client.ResponseException: method [POST], host [http://127.0.0.1:61803], URI [/_plugins/_sql?format=json], status line [HTTP/1.1 400 Bad Request]
</failure>
  </testcase>
  <testcase name="innerJoinWithObjectFieldAndTermsFilter" classname="org.opensearch.sql.legacy.HashJoinIT" time="0.032">
    <failure message="org.opensearch.client.ResponseException: method [POST], host [http://[::1]:61802], URI [/_plugins/_sql?format=json], status line [HTTP/1.1 400 Bad Request]&#10;{&#10;  &quot;error&quot;: {&#10;    &quot;reason&quot;: &quot;Invalid SQL query&quot;,&#10;    &quot;details&quot;: &quot;Query is unsupported in the new engine&quot;,&#10;    &quot;type&quot;: &quot;SQLFeatureDisabledException&quot;&#10;  },&#10;  &quot;status&quot;: 400&#10;}" type="org.opensearch.client.ResponseException">org.opensearch.client.ResponseException: method [POST], host [http://[::1]:61802], URI [/_plugins/_sql?format=json], status line [HTTP/1.1 400 Bad Request]
</failure>
  </testcase>
  <testcase name="innerJoinUnexpandedObjectField" classname="org.opensearch.sql.legacy.HashJoinIT" time="0.089">
    <failure message="java.lang.RuntimeException: org.opensearch.client.ResponseException: method [POST], host [http://127.0.0.1:61803], URI [/_plugins/_sql?format=jdbc], status line [HTTP/1.1 400 Bad Request]&#10;{&#10;  &quot;error&quot;: {&#10;    &quot;reason&quot;: &quot;Invalid SQL query&quot;,&#10;    &quot;details&quot;: &quot;Query is unsupported in the new engine&quot;,&#10;    &quot;type&quot;: &quot;SQLFeatureDisabledException&quot;&#10;  },&#10;  &quot;status&quot;: 400&#10;}" type="java.lang.RuntimeException">java.lang.RuntimeException: org.opensearch.client.ResponseException: method [POST], host [http://127.0.0.1:61803], URI [/_plugins/_sql?format=jdbc], status line [HTTP/1.1 400 Bad Request]
</failure>
  </testcase>
  <testcase name="innerJoin" classname="org.opensearch.sql.legacy.HashJoinIT" time="0.058">
    <failure message="org.opensearch.client.ResponseException: method [POST], host [http://[::1]:61802], URI [/_plugins/_sql?format=json], status line [HTTP/1.1 400 Bad Request]&#10;{&#10;  &quot;error&quot;: {&#10;    &quot;reason&quot;: &quot;Invalid SQL query&quot;,&#10;    &quot;details&quot;: &quot;Query is unsupported in the new engine&quot;,&#10;    &quot;type&quot;: &quot;SQLFeatureDisabledException&quot;&#10;  },&#10;  &quot;status&quot;: 400&#10;}" type="org.opensearch.client.ResponseException">org.opensearch.client.ResponseException: method [POST], host [http://[::1]:61802], URI [/_plugins/_sql?format=json], status line [HTTP/1.1 400 Bad Request]
</failure>
  </testcase>
  <testcase name="leftJoin" classname="org.opensearch.sql.legacy.HashJoinIT" time="0.031">
    <failure message="org.opensearch.client.ResponseException: method [POST], host [http://127.0.0.1:61803], URI [/_plugins/_sql?format=json], status line [HTTP/1.1 400 Bad Request]&#10;{&#10;  &quot;error&quot;: {&#10;    &quot;reason&quot;: &quot;Invalid SQL query&quot;,&#10;    &quot;details&quot;: &quot;Query is unsupported in the new engine&quot;,&#10;    &quot;type&quot;: &quot;SQLFeatureDisabledException&quot;&#10;  },&#10;  &quot;status&quot;: 400&#10;}" type="org.opensearch.client.ResponseException">org.opensearch.client.ResponseException: method [POST], host [http://127.0.0.1:61803], URI [/_plugins/_sql?format=json], status line [HTTP/1.1 400 Bad Request]
</failure>
  </testcase>
  <testcase name="leftJoinWithObjectField" classname="org.opensearch.sql.legacy.HashJoinIT" time="0.032">
    <failure message="org.opensearch.client.ResponseException: method [POST], host [http://[::1]:61802], URI [/_plugins/_sql?format=json], status line [HTTP/1.1 400 Bad Request]&#10;{&#10;  &quot;error&quot;: {&#10;    &quot;reason&quot;: &quot;Invalid SQL query&quot;,&#10;    &quot;details&quot;: &quot;Query is unsupported in the new engine&quot;,&#10;    &quot;type&quot;: &quot;SQLFeatureDisabledException&quot;&#10;  },&#10;  &quot;status&quot;: 400&#10;}" type="org.opensearch.client.ResponseException">org.opensearch.client.ResponseException: method [POST], host [http://[::1]:61802], URI [/_plugins/_sql?format=json], status line [HTTP/1.1 400 Bad Request]
</failure>
  </testcase>
  <system-out><![CDATA[[2023-01-16T21:15:56,074][INFO ][o.o.s.l.HashJoinIT       ] [innerJoinWithObjectFieldAndPageSizeLessThanBlockSize] before test
]]></system-out>
  <system-err><![CDATA[REPRODUCE WITH: ./gradlew ':integ-test:integTest' --tests "org.opensearch.sql.legacy.HashJoinIT.innerJoinWithObjectFieldAndPageSizeLessThanBlockSize" -Dtests.seed=160F64C51FACC80F -Dtests.security.manager=false -Dtests.locale=es-US -Dtests.timezone=SystemV/EST5EDT -Druntime.java=17
]]></system-err>
</testsuite>
<?xml version="1.0" encoding="UTF-8"?>
<testsuite name="org.opensearch.sql.legacy.HavingIT" tests="11" skipped="0" failures="11" errors="0" timestamp="2023-01-17T02:15:58" hostname="Unused26-MacBook.local" time="0.999">
  <properties/>
  <testcase name="lessThanOrEqual" classname="org.opensearch.sql.legacy.HavingIT" time="0.48">
    <failure message="org.opensearch.client.ResponseException: method [POST], host [http://[::1]:61802], URI [/_plugins/_sql?format=json], status line [HTTP/1.1 400 Bad Request]&#10;{&#10;  &quot;error&quot;: {&#10;    &quot;reason&quot;: &quot;Invalid SQL query&quot;,&#10;    &quot;details&quot;: &quot;Query is unsupported in the new engine&quot;,&#10;    &quot;type&quot;: &quot;SQLFeatureDisabledException&quot;&#10;  },&#10;  &quot;status&quot;: 400&#10;}" type="org.opensearch.client.ResponseException">org.opensearch.client.ResponseException: method [POST], host [http://[::1]:61802], URI [/_plugins/_sql?format=json], status line [HTTP/1.1 400 Bad Request]
</failure>
  </testcase>
  <testcase name="notIn" classname="org.opensearch.sql.legacy.HavingIT" time="0.047">
    <failure message="org.opensearch.client.ResponseException: method [POST], host [http://127.0.0.1:61803], URI [/_plugins/_sql?format=json], status line [HTTP/1.1 400 Bad Request]&#10;{&#10;  &quot;error&quot;: {&#10;    &quot;reason&quot;: &quot;Invalid SQL query&quot;,&#10;    &quot;details&quot;: &quot;Query is unsupported in the new engine&quot;,&#10;    &quot;type&quot;: &quot;SQLFeatureDisabledException&quot;&#10;  },&#10;  &quot;status&quot;: 400&#10;}" type="org.opensearch.client.ResponseException">org.opensearch.client.ResponseException: method [POST], host [http://127.0.0.1:61803], URI [/_plugins/_sql?format=json], status line [HTTP/1.1 400 Bad Request]
</failure>
  </testcase>
  <testcase name="or" classname="org.opensearch.sql.legacy.HavingIT" time="0.038">
    <failure message="org.opensearch.client.ResponseException: method [POST], host [http://[::1]:61802], URI [/_plugins/_sql?format=json], status line [HTTP/1.1 400 Bad Request]&#10;{&#10;  &quot;error&quot;: {&#10;    &quot;reason&quot;: &quot;Invalid SQL query&quot;,&#10;    &quot;details&quot;: &quot;Query is unsupported in the new engine&quot;,&#10;    &quot;type&quot;: &quot;SQLFeatureDisabledException&quot;&#10;  },&#10;  &quot;status&quot;: 400&#10;}" type="org.opensearch.client.ResponseException">org.opensearch.client.ResponseException: method [POST], host [http://[::1]:61802], URI [/_plugins/_sql?format=json], status line [HTTP/1.1 400 Bad Request]
</failure>
  </testcase>
  <testcase name="in" classname="org.opensearch.sql.legacy.HavingIT" time="0.056">
    <failure message="org.opensearch.client.ResponseException: method [POST], host [http://127.0.0.1:61803], URI [/_plugins/_sql?format=json], status line [HTTP/1.1 400 Bad Request]&#10;{&#10;  &quot;error&quot;: {&#10;    &quot;reason&quot;: &quot;Invalid SQL query&quot;,&#10;    &quot;details&quot;: &quot;Query is unsupported in the new engine&quot;,&#10;    &quot;type&quot;: &quot;SQLFeatureDisabledException&quot;&#10;  },&#10;  &quot;status&quot;: 400&#10;}" type="org.opensearch.client.ResponseException">org.opensearch.client.ResponseException: method [POST], host [http://127.0.0.1:61803], URI [/_plugins/_sql?format=json], status line [HTTP/1.1 400 Bad Request]
</failure>
  </testcase>
  <testcase name="equalsTo" classname="org.opensearch.sql.legacy.HavingIT" time="0.099">
    <failure message="org.opensearch.client.ResponseException: method [POST], host [http://[::1]:61802], URI [/_plugins/_sql?format=json], status line [HTTP/1.1 400 Bad Request]&#10;{&#10;  &quot;error&quot;: {&#10;    &quot;reason&quot;: &quot;Invalid SQL query&quot;,&#10;    &quot;details&quot;: &quot;Query is unsupported in the new engine&quot;,&#10;    &quot;type&quot;: &quot;SQLFeatureDisabledException&quot;&#10;  },&#10;  &quot;status&quot;: 400&#10;}" type="org.opensearch.client.ResponseException">org.opensearch.client.ResponseException: method [POST], host [http://[::1]:61802], URI [/_plugins/_sql?format=json], status line [HTTP/1.1 400 Bad Request]
</failure>
  </testcase>
  <testcase name="notEqualsTo" classname="org.opensearch.sql.legacy.HavingIT" time="0.087">
    <failure message="org.opensearch.client.ResponseException: method [POST], host [http://127.0.0.1:61803], URI [/_plugins/_sql?format=json], status line [HTTP/1.1 400 Bad Request]&#10;{&#10;  &quot;error&quot;: {&#10;    &quot;reason&quot;: &quot;Invalid SQL query&quot;,&#10;    &quot;details&quot;: &quot;Query is unsupported in the new engine&quot;,&#10;    &quot;type&quot;: &quot;SQLFeatureDisabledException&quot;&#10;  },&#10;  &quot;status&quot;: 400&#10;}" type="org.opensearch.client.ResponseException">org.opensearch.client.ResponseException: method [POST], host [http://127.0.0.1:61803], URI [/_plugins/_sql?format=json], status line [HTTP/1.1 400 Bad Request]
</failure>
  </testcase>
  <testcase name="not" classname="org.opensearch.sql.legacy.HavingIT" time="0.054">
    <failure message="org.opensearch.client.ResponseException: method [POST], host [http://[::1]:61802], URI [/_plugins/_sql?format=json], status line [HTTP/1.1 400 Bad Request]&#10;{&#10;  &quot;error&quot;: {&#10;    &quot;reason&quot;: &quot;Invalid SQL query&quot;,&#10;    &quot;details&quot;: &quot;Query is unsupported in the new engine&quot;,&#10;    &quot;type&quot;: &quot;SQLFeatureDisabledException&quot;&#10;  },&#10;  &quot;status&quot;: 400&#10;}" type="org.opensearch.client.ResponseException">org.opensearch.client.ResponseException: method [POST], host [http://[::1]:61802], URI [/_plugins/_sql?format=json], status line [HTTP/1.1 400 Bad Request]
</failure>
  </testcase>
  <testcase name="between" classname="org.opensearch.sql.legacy.HavingIT" time="0.037">
    <failure message="org.opensearch.client.ResponseException: method [POST], host [http://127.0.0.1:61803], URI [/_plugins/_sql?format=json], status line [HTTP/1.1 400 Bad Request]&#10;{&#10;  &quot;error&quot;: {&#10;    &quot;reason&quot;: &quot;Invalid SQL query&quot;,&#10;    &quot;details&quot;: &quot;Query is unsupported in the new engine&quot;,&#10;    &quot;type&quot;: &quot;SQLFeatureDisabledException&quot;&#10;  },&#10;  &quot;status&quot;: 400&#10;}" type="org.opensearch.client.ResponseException">org.opensearch.client.ResponseException: method [POST], host [http://127.0.0.1:61803], URI [/_plugins/_sql?format=json], status line [HTTP/1.1 400 Bad Request]
</failure>
  </testcase>
  <testcase name="and" classname="org.opensearch.sql.legacy.HavingIT" time="0.031">
    <failure message="org.opensearch.client.ResponseException: method [POST], host [http://[::1]:61802], URI [/_plugins/_sql?format=json], status line [HTTP/1.1 400 Bad Request]&#10;{&#10;  &quot;error&quot;: {&#10;    &quot;reason&quot;: &quot;Invalid SQL query&quot;,&#10;    &quot;details&quot;: &quot;Query is unsupported in the new engine&quot;,&#10;    &quot;type&quot;: &quot;SQLFeatureDisabledException&quot;&#10;  },&#10;  &quot;status&quot;: 400&#10;}" type="org.opensearch.client.ResponseException">org.opensearch.client.ResponseException: method [POST], host [http://[::1]:61802], URI [/_plugins/_sql?format=json], status line [HTTP/1.1 400 Bad Request]
</failure>
  </testcase>
  <testcase name="notAndOr" classname="org.opensearch.sql.legacy.HavingIT" time="0.031">
    <failure message="org.opensearch.client.ResponseException: method [POST], host [http://127.0.0.1:61803], URI [/_plugins/_sql?format=json], status line [HTTP/1.1 400 Bad Request]&#10;{&#10;  &quot;error&quot;: {&#10;    &quot;reason&quot;: &quot;Invalid SQL query&quot;,&#10;    &quot;details&quot;: &quot;Query is unsupported in the new engine&quot;,&#10;    &quot;type&quot;: &quot;SQLFeatureDisabledException&quot;&#10;  },&#10;  &quot;status&quot;: 400&#10;}" type="org.opensearch.client.ResponseException">org.opensearch.client.ResponseException: method [POST], host [http://127.0.0.1:61803], URI [/_plugins/_sql?format=json], status line [HTTP/1.1 400 Bad Request]
</failure>
  </testcase>
  <testcase name="notBetween" classname="org.opensearch.sql.legacy.HavingIT" time="0.03">
    <failure message="org.opensearch.client.ResponseException: method [POST], host [http://[::1]:61802], URI [/_plugins/_sql?format=json], status line [HTTP/1.1 400 Bad Request]&#10;{&#10;  &quot;error&quot;: {&#10;    &quot;reason&quot;: &quot;Invalid SQL query&quot;,&#10;    &quot;details&quot;: &quot;Query is unsupported in the new engine&quot;,&#10;    &quot;type&quot;: &quot;SQLFeatureDisabledException&quot;&#10;  },&#10;  &quot;status&quot;: 400&#10;}" type="org.opensearch.client.ResponseException">org.opensearch.client.ResponseException: method [POST], host [http://[::1]:61802], URI [/_plugins/_sql?format=json], status line [HTTP/1.1 400 Bad Request]
</failure>
  </testcase>
  <system-out><![CDATA[[2023-01-17T04:15:58,262][INFO ][o.o.s.l.HavingIT         ] [lessThanOrEqual] before test
]]></system-out>
  <system-err><![CDATA[REPRODUCE WITH: ./gradlew ':integ-test:integTest' --tests "org.opensearch.sql.legacy.HavingIT.lessThanOrEqual" -Dtests.seed=160F64C51FACC80F -Dtests.security.manager=false -Dtests.locale=es-SV -Dtests.timezone=Africa/Lusaka -Druntime.java=17
]]></system-err>
</testsuite>
<?xml version="1.0" encoding="UTF-8"?>
<testsuite name="org.opensearch.sql.legacy.JSONRequestIT" tests="5" skipped="0" failures="5" errors="0" timestamp="2023-01-17T02:15:59" hostname="Unused26-MacBook.local" time="0.873">
  <properties/>
  <testcase name="searchWithFilterAndNoWhere" classname="org.opensearch.sql.legacy.JSONRequestIT" time="0.733">
    <failure message="org.opensearch.client.ResponseException: method [POST], host [http://127.0.0.1:61803], URI [/_plugins/_sql?format=json], status line [HTTP/1.1 400 Bad Request]&#10;{&#10;  &quot;error&quot;: {&#10;    &quot;reason&quot;: &quot;Invalid SQL query&quot;,&#10;    &quot;details&quot;: &quot;Query is unsupported in the new engine&quot;,&#10;    &quot;type&quot;: &quot;SQLFeatureDisabledException&quot;&#10;  },&#10;  &quot;status&quot;: 400&#10;}" type="org.opensearch.client.ResponseException">org.opensearch.client.ResponseException: method [POST], host [http://127.0.0.1:61803], URI [/_plugins/_sql?format=json], status line [HTTP/1.1 400 Bad Request]
</failure>
  </testcase>
  <testcase name="searchWithTermFilter" classname="org.opensearch.sql.legacy.JSONRequestIT" time="0.034">
    <failure message="org.opensearch.client.ResponseException: method [POST], host [http://127.0.0.1:61803], URI [/_plugins/_sql?format=json], status line [HTTP/1.1 400 Bad Request]&#10;{&#10;  &quot;error&quot;: {&#10;    &quot;reason&quot;: &quot;Invalid SQL query&quot;,&#10;    &quot;details&quot;: &quot;Query is unsupported in the new engine&quot;,&#10;    &quot;type&quot;: &quot;SQLFeatureDisabledException&quot;&#10;  },&#10;  &quot;status&quot;: 400&#10;}" type="org.opensearch.client.ResponseException">org.opensearch.client.ResponseException: method [POST], host [http://127.0.0.1:61803], URI [/_plugins/_sql?format=json], status line [HTTP/1.1 400 Bad Request]
</failure>
  </testcase>
  <testcase name="search" classname="org.opensearch.sql.legacy.JSONRequestIT" time="0.037">
    <failure message="org.opensearch.client.ResponseException: method [POST], host [http://127.0.0.1:61803], URI [/_plugins/_sql?format=json], status line [HTTP/1.1 400 Bad Request]&#10;{&#10;  &quot;error&quot;: {&#10;    &quot;reason&quot;: &quot;Invalid SQL query&quot;,&#10;    &quot;details&quot;: &quot;Query is unsupported in the new engine&quot;,&#10;    &quot;type&quot;: &quot;SQLFeatureDisabledException&quot;&#10;  },&#10;  &quot;status&quot;: 400&#10;}" type="org.opensearch.client.ResponseException">org.opensearch.client.ResponseException: method [POST], host [http://127.0.0.1:61803], URI [/_plugins/_sql?format=json], status line [HTTP/1.1 400 Bad Request]
</failure>
  </testcase>
  <testcase name="searchWithRangeFilter" classname="org.opensearch.sql.legacy.JSONRequestIT" time="0.036">
    <failure message="org.opensearch.client.ResponseException: method [POST], host [http://127.0.0.1:61803], URI [/_plugins/_sql?format=json], status line [HTTP/1.1 400 Bad Request]&#10;{&#10;  &quot;error&quot;: {&#10;    &quot;reason&quot;: &quot;Invalid SQL query&quot;,&#10;    &quot;details&quot;: &quot;Query is unsupported in the new engine&quot;,&#10;    &quot;type&quot;: &quot;SQLFeatureDisabledException&quot;&#10;  },&#10;  &quot;status&quot;: 400&#10;}" type="org.opensearch.client.ResponseException">org.opensearch.client.ResponseException: method [POST], host [http://127.0.0.1:61803], URI [/_plugins/_sql?format=json], status line [HTTP/1.1 400 Bad Request]
</failure>
  </testcase>
  <testcase name="searchWithNestedFilter" classname="org.opensearch.sql.legacy.JSONRequestIT" time="0.033">
    <failure message="org.opensearch.client.ResponseException: method [POST], host [http://127.0.0.1:61803], URI [/_plugins/_sql?format=json], status line [HTTP/1.1 400 Bad Request]&#10;{&#10;  &quot;error&quot;: {&#10;    &quot;reason&quot;: &quot;Invalid SQL query&quot;,&#10;    &quot;details&quot;: &quot;Query is unsupported in the new engine&quot;,&#10;    &quot;type&quot;: &quot;SQLFeatureDisabledException&quot;&#10;  },&#10;  &quot;status&quot;: 400&#10;}" type="org.opensearch.client.ResponseException">org.opensearch.client.ResponseException: method [POST], host [http://127.0.0.1:61803], URI [/_plugins/_sql?format=json], status line [HTTP/1.1 400 Bad Request]
</failure>
  </testcase>
  <system-out><![CDATA[[2023-01-17T12:15:59,460][INFO ][o.o.s.l.JSONRequestIT    ] [searchWithFilterAndNoWhere] before test
]]></system-out>
  <system-err><![CDATA[REPRODUCE WITH: ./gradlew ':integ-test:integTest' --tests "org.opensearch.sql.legacy.JSONRequestIT.searchWithFilterAndNoWhere" -Dtests.seed=160F64C51FACC80F -Dtests.security.manager=false -Dtests.locale=uk-UA -Dtests.timezone=Antarctica/DumontDUrville -Druntime.java=17
]]></system-err>
</testsuite>
<?xml version="1.0" encoding="UTF-8"?>
<testsuite name="org.opensearch.sql.legacy.JdbcTestIT" tests="12" skipped="4" failures="2" errors="0" timestamp="2023-01-17T02:16:00" hostname="Unused26-MacBook.local" time="5.083">
  <properties/>
  <testcase name="trigFunctionNameCaseInsensitiveTest" classname="org.opensearch.sql.legacy.JdbcTestIT" time="3.938"/>
  <testcase name="numberOperatorNameCaseInsensitiveTest" classname="org.opensearch.sql.legacy.JdbcTestIT" time="0.048"/>
  <testcase name="testGroupByInQuery" classname="org.opensearch.sql.legacy.JdbcTestIT" time="0.507"/>
  <testcase name="testDateTimeInQuery" classname="org.opensearch.sql.legacy.JdbcTestIT" time="0.0">
    <skipped/>
  </testcase>
  <testcase name="dateFunctionNameCaseInsensitiveTest" classname="org.opensearch.sql.legacy.JdbcTestIT" time="0.0">
    <skipped/>
  </testcase>
  <testcase name="stringOperatorNameCaseInsensitiveTest" classname="org.opensearch.sql.legacy.JdbcTestIT" time="0.147"/>
  <testcase name="testPercentilesQuery" classname="org.opensearch.sql.legacy.JdbcTestIT" time="0.045">
    <failure message="java.lang.RuntimeException: org.opensearch.client.ResponseException: method [POST], host [http://127.0.0.1:61803], URI [/_plugins/_sql?format=jdbc], status line [HTTP/1.1 400 Bad Request]&#10;{&#10;  &quot;error&quot;: {&#10;    &quot;reason&quot;: &quot;Invalid SQL query&quot;,&#10;    &quot;details&quot;: &quot;Query is unsupported in the new engine&quot;,&#10;    &quot;type&quot;: &quot;SQLFeatureDisabledException&quot;&#10;  },&#10;  &quot;status&quot;: 400&#10;}" type="java.lang.RuntimeException">java.lang.RuntimeException: org.opensearch.client.ResponseException: method [POST], host [http://127.0.0.1:61803], URI [/_plugins/_sql?format=jdbc], status line [HTTP/1.1 400 Bad Request]
</failure>
  </testcase>
  <testcase name="functionWithAliasShouldHaveAliasAsNameInSchema" classname="org.opensearch.sql.legacy.JdbcTestIT" time="0.0">
    <skipped/>
  </testcase>
  <testcase name="functionWithoutAliasShouldHaveEntireFunctionAsNameInSchema" classname="org.opensearch.sql.legacy.JdbcTestIT" time="0.16"/>
  <testcase name="ipTypeShouldPassJdbcFormatter" classname="org.opensearch.sql.legacy.JdbcTestIT" time="0.073"/>
  <testcase name="testSlowQuery" classname="org.opensearch.sql.legacy.JdbcTestIT" time="0.162">
    <failure message="java.lang.RuntimeException: org.opensearch.client.ResponseException: method [POST], host [http://[::1]:61802], URI [/_plugins/_sql?format=jdbc], status line [HTTP/1.1 400 Bad Request]&#10;{&#10;  &quot;error&quot;: {&#10;    &quot;reason&quot;: &quot;Invalid SQL query&quot;,&#10;    &quot;details&quot;: &quot;Query is unsupported in the new engine&quot;,&#10;    &quot;type&quot;: &quot;SQLFeatureDisabledException&quot;&#10;  },&#10;  &quot;status&quot;: 400&#10;}" type="java.lang.RuntimeException">java.lang.RuntimeException: org.opensearch.client.ResponseException: method [POST], host [http://[::1]:61802], URI [/_plugins/_sql?format=jdbc], status line [HTTP/1.1 400 Bad Request]
</failure>
  </testcase>
  <testcase name="testDivisionInQuery" classname="org.opensearch.sql.legacy.JdbcTestIT" time="0.0">
    <skipped/>
  </testcase>
  <system-out><![CDATA[[2023-01-16T17:16:00,549][INFO ][o.o.s.l.JdbcTestIT       ] [trigFunctionNameCaseInsensitiveTest] before test
]]></system-out>
  <system-err><![CDATA[REPRODUCE WITH: ./gradlew ':integ-test:integTest' --tests "org.opensearch.sql.legacy.JdbcTestIT.testPercentilesQuery" -Dtests.seed=160F64C51FACC80F -Dtests.security.manager=false -Dtests.locale=zh-Hans-SG -Dtests.timezone=SystemV/YST9 -Druntime.java=17
]]></system-err>
</testsuite>
<?xml version="1.0" encoding="UTF-8"?>
<testsuite name="org.opensearch.sql.legacy.JoinAliasWriterRuleIT" tests="13" skipped="2" failures="11" errors="0" timestamp="2023-01-17T02:16:05" hostname="Unused26-MacBook.local" time="1.578">
  <properties/>
  <testcase name="noTableAliasNoCommonColumns" classname="org.opensearch.sql.legacy.JoinAliasWriterRuleIT" time="1.188">
    <failure message="org.opensearch.client.ResponseException: method [POST], host [http://[::1]:61802], URI [/_plugins/_sql/_explain], status line [HTTP/1.1 400 Bad Request]&#10;{&#10;  &quot;error&quot;: {&#10;    &quot;reason&quot;: &quot;Invalid SQL query&quot;,&#10;    &quot;details&quot;: &quot;Query is unsupported in the new engine&quot;,&#10;    &quot;type&quot;: &quot;SQLFeatureDisabledException&quot;&#10;  },&#10;  &quot;status&quot;: 400&#10;}" type="org.opensearch.client.ResponseException">org.opensearch.client.ResponseException: method [POST], host [http://[::1]:61802], URI [/_plugins/_sql/_explain], status line [HTTP/1.1 400 Bad Request]
</failure>
  </testcase>
  <testcase name="commonColumnWithoutTableAliasDifferentTables" classname="org.opensearch.sql.legacy.JoinAliasWriterRuleIT" time="0.045">
    <failure message="java.lang.AssertionError: &#10;Expected: (an instance of org.opensearch.client.ResponseException and exception with message a string containing &quot;Field name [firstname] is ambiguous&quot;)&#10;     but: exception with message a string containing &quot;Field name [firstname] is ambiguous&quot; message was &quot;method [POST], host [http://127.0.0.1:61803], URI [/_plugins/_sql/_explain], status line [HTTP/1.1 400 Bad Request]&#10;{&#10;  &quot;error&quot;: {&#10;    &quot;reason&quot;: &quot;Invalid SQL query&quot;,&#10;    &quot;details&quot;: &quot;Query is unsupported in the new engine&quot;,&#10;    &quot;type&quot;: &quot;SQLFeatureDisabledException&quot;&#10;  },&#10;  &quot;status&quot;: 400&#10;}&quot;&#10;Stacktrace was: org.opensearch.client.ResponseException: method [POST], host [http://127.0.0.1:61803], URI [/_plugins/_sql/_explain], status line [HTTP/1.1 400 Bad Request]&#10;{&#10;  &quot;error&quot;: {&#10;    &quot;reason&quot;: &quot;Invalid SQL query&quot;,&#10;    &quot;details&quot;: &quot;Query is unsupported in the new engine&quot;,&#10;    &quot;type&quot;: &quot;SQLFeatureDisabledException&quot;&#10;  },&#10;  &quot;status&quot;: 400&#10;}&#10;&#9;at org.opensearch.client.RestClient.convertResponse(RestClient.java:384)&#10;&#9;at org.opensearch.client.RestClient.performRequest(RestClient.java:354)&#10;&#9;at org.opensearch.client.RestClient.performRequest(RestClient.java:329)&#10;&#9;at org.opensearch.sql.legacy.SQLIntegTestCase.executeRequest(SQLIntegTestCase.java:327)&#10;&#9;at org.opensearch.sql.legacy.SQLIntegTestCase.executeRequest(SQLIntegTestCase.java:322)&#10;&#9;at org.opensearch.sql.legacy.SQLIntegTestCase.executeExplainRequest(SQLIntegTestCase.java:315)&#10;&#9;at org.opensearch.sql.legacy.SQLIntegTestCase.explainQuery(SQLIntegTestCase.java:299)&#10;&#9;at org.opensearch.sql.legacy.JoinAliasWriterRuleIT.commonColumnWithoutTableAliasDifferentTables(JoinAliasWriterRuleIT.java:175)&#10;&#9;at java.base/jdk.internal.reflect.NativeMethodAccessorImpl.invoke0(Native Method)&#10;&#9;at java.base/jdk.internal.reflect.NativeMethodAccessorImpl.invoke(NativeMethodAccessorImpl.java:77)&#10;&#9;at java.base/jdk.internal.reflect.DelegatingMethodAccessorImpl.invoke(DelegatingMethodAccessorImpl.java:43)&#10;&#9;at java.base/java.lang.reflect.Method.invoke(Method.java:568)&#10;&#9;at com.carrotsearch.randomizedtesting.RandomizedRunner.invoke(RandomizedRunner.java:1750)&#10;&#9;at com.carrotsearch.randomizedtesting.RandomizedRunner$8.evaluate(RandomizedRunner.java:938)&#10;&#9;at com.carrotsearch.randomizedtesting.RandomizedRunner$9.evaluate(RandomizedRunner.java:974)&#10;&#9;at com.carrotsearch.randomizedtesting.RandomizedRunner$10.evaluate(RandomizedRunner.java:988)&#10;&#9;at org.junit.rules.ExpectedException$ExpectedExceptionStatement.evaluate(ExpectedException.java:258)&#10;&#9;at com.carrotsearch.randomizedtesting.rules.StatementAdapter.evaluate(StatementAdapter.java:36)&#10;&#9;at org.junit.rules.RunRules.evaluate(RunRules.java:20)&#10;&#9;at org.apache.lucene.tests.util.TestRuleSetupTeardownChained$1.evaluate(TestRuleSetupTeardownChained.java:48)&#10;&#9;at org.apache.lucene.tests.util.AbstractBeforeAfterRule$1.evaluate(AbstractBeforeAfterRule.java:43)&#10;&#9;at org.apache.lucene.tests.util.TestRuleThreadAndTestName$1.evaluate(TestRuleThreadAndTestName.java:45)&#10;&#9;at org.apache.lucene.tests.util.TestRuleIgnoreAfterMaxFailures$1.evaluate(TestRuleIgnoreAfterMaxFailures.java:60)&#10;&#9;at org.apache.lucene.tests.util.TestRuleMarkFailure$1.evaluate(TestRuleMarkFailure.java:44)&#10;&#9;at org.junit.rules.RunRules.evaluate(RunRules.java:20)&#10;&#9;at com.carrotsearch.randomizedtesting.rules.StatementAdapter.evaluate(StatementAdapter.java:36)&#10;&#9;at com.carrotsearch.randomizedtesting.ThreadLeakControl$StatementRunner.run(ThreadLeakControl.java:368)&#10;&#9;at com.carrotsearch.randomizedtesting.ThreadLeakControl.forkTimeoutingTask(ThreadLeakControl.java:817)&#10;&#9;at com.carrotsearch.randomizedtesting.ThreadLeakControl$3.evaluate(ThreadLeakControl.java:468)&#10;&#9;at com.carrotsearch.randomizedtesting.RandomizedRunner.runSingleTest(RandomizedRunner.java:947)&#10;&#9;at com.carrotsearch.randomizedtesting.RandomizedRunner$5.evaluate(RandomizedRunner.java:832)&#10;&#9;at com.carrotsearch.randomizedtesting.RandomizedRunner$6.evaluate(RandomizedRunner.java:883)&#10;&#9;at com.carrotsearch.randomizedtesting.RandomizedRunner$7.evaluate(RandomizedRunner.java:894)&#10;&#9;at org.apache.lucene.tests.util.AbstractBeforeAfterRule$1.evaluate(AbstractBeforeAfterRule.java:43)&#10;&#9;at com.carrotsearch.randomizedtesting.rules.StatementAdapter.evaluate(StatementAdapter.java:36)&#10;&#9;at org.apache.lucene.tests.util.TestRuleStoreClassName$1.evaluate(TestRuleStoreClassName.java:38)&#10;&#9;at com.carrotsearch.randomizedtesting.rules.NoShadowingOrOverridesOnMethodsRule$1.evaluate(NoShadowingOrOverridesOnMethodsRule.java:40)&#10;&#9;at com.carrotsearch.randomizedtesting.rules.NoShadowingOrOverridesOnMethodsRule$1.evaluate(NoShadowingOrOverridesOnMethodsRule.java:40)&#10;&#9;at com.carrotsearch.randomizedtesting.rules.StatementAdapter.evaluate(StatementAdapter.java:36)&#10;&#9;at com.carrotsearch.randomizedtesting.rules.StatementAdapter.evaluate(StatementAdapter.java:36)&#10;&#9;at org.apache.lucene.tests.util.TestRuleAssertionsRequired$1.evaluate(TestRuleAssertionsRequired.java:53)&#10;&#9;at org.apache.lucene.tests.util.AbstractBeforeAfterRule$1.evaluate(AbstractBeforeAfterRule.java:43)&#10;&#9;at org.apache.lucene.tests.util.TestRuleMarkFailure$1.evaluate(TestRuleMarkFailure.java:44)&#10;&#9;at org.apache.lucene.tests.util.TestRuleIgnoreAfterMaxFailures$1.evaluate(TestRuleIgnoreAfterMaxFailures.java:60)&#10;&#9;at org.apache.lucene.tests.util.TestRuleIgnoreTestSuites$1.evaluate(TestRuleIgnoreTestSuites.java:47)&#10;&#9;at org.junit.rules.RunRules.evaluate(RunRules.java:20)&#10;&#9;at com.carrotsearch.randomizedtesting.rules.StatementAdapter.evaluate(StatementAdapter.java:36)&#10;&#9;at com.carrotsearch.randomizedtesting.ThreadLeakControl$StatementRunner.run(ThreadLeakControl.java:368)&#10;&#9;at java.base/java.lang.Thread.run(Thread.java:833)&#10;" type="java.lang.AssertionError">java.lang.AssertionError: 
</failure>
  </testcase>
  <testcase name="sameTablesWithExplicitAliasOnSecond" classname="org.opensearch.sql.legacy.JoinAliasWriterRuleIT" time="0.043">
    <failure message="org.opensearch.client.ResponseException: method [POST], host [http://[::1]:61802], URI [/_plugins/_sql/_explain], status line [HTTP/1.1 400 Bad Request]&#10;{&#10;  &quot;error&quot;: {&#10;    &quot;reason&quot;: &quot;Invalid SQL query&quot;,&#10;    &quot;details&quot;: &quot;Query is unsupported in the new engine&quot;,&#10;    &quot;type&quot;: &quot;SQLFeatureDisabledException&quot;&#10;  },&#10;  &quot;status&quot;: 400&#10;}" type="org.opensearch.client.ResponseException">org.opensearch.client.ResponseException: method [POST], host [http://[::1]:61802], URI [/_plugins/_sql/_explain], status line [HTTP/1.1 400 Bad Request]
</failure>
  </testcase>
  <testcase name="actualTableNameAsAliasOnColumnFieldsTwo" classname="org.opensearch.sql.legacy.JoinAliasWriterRuleIT" time="0.037">
    <failure message="org.opensearch.client.ResponseException: method [POST], host [http://127.0.0.1:61803], URI [/_plugins/_sql/_explain], status line [HTTP/1.1 400 Bad Request]&#10;{&#10;  &quot;error&quot;: {&#10;    &quot;reason&quot;: &quot;Invalid SQL query&quot;,&#10;    &quot;details&quot;: &quot;Query is unsupported in the new engine&quot;,&#10;    &quot;type&quot;: &quot;SQLFeatureDisabledException&quot;&#10;  },&#10;  &quot;status&quot;: 400&#10;}" type="org.opensearch.client.ResponseException">org.opensearch.client.ResponseException: method [POST], host [http://127.0.0.1:61803], URI [/_plugins/_sql/_explain], status line [HTTP/1.1 400 Bad Request]
</failure>
  </testcase>
  <testcase name="sameTablesNoAliasWithTableNameAsAliasOnColumns" classname="org.opensearch.sql.legacy.JoinAliasWriterRuleIT" time="0.042">
    <failure message="java.lang.AssertionError: &#10;Expected: (an instance of org.opensearch.client.ResponseException and exception with message a string containing &quot;Not unique table/alias: [opensearch-sql_test_index_bank]&quot;)&#10;     but: exception with message a string containing &quot;Not unique table/alias: [opensearch-sql_test_index_bank]&quot; message was &quot;method [POST], host [http://[::1]:61802], URI [/_plugins/_sql/_explain], status line [HTTP/1.1 400 Bad Request]&#10;{&#10;  &quot;error&quot;: {&#10;    &quot;reason&quot;: &quot;Invalid SQL query&quot;,&#10;    &quot;details&quot;: &quot;Query is unsupported in the new engine&quot;,&#10;    &quot;type&quot;: &quot;SQLFeatureDisabledException&quot;&#10;  },&#10;  &quot;status&quot;: 400&#10;}&quot;&#10;Stacktrace was: org.opensearch.client.ResponseException: method [POST], host [http://[::1]:61802], URI [/_plugins/_sql/_explain], status line [HTTP/1.1 400 Bad Request]&#10;{&#10;  &quot;error&quot;: {&#10;    &quot;reason&quot;: &quot;Invalid SQL query&quot;,&#10;    &quot;details&quot;: &quot;Query is unsupported in the new engine&quot;,&#10;    &quot;type&quot;: &quot;SQLFeatureDisabledException&quot;&#10;  },&#10;  &quot;status&quot;: 400&#10;}&#10;&#9;at org.opensearch.client.RestClient.convertResponse(RestClient.java:384)&#10;&#9;at org.opensearch.client.RestClient.performRequest(RestClient.java:354)&#10;&#9;at org.opensearch.client.RestClient.performRequest(RestClient.java:329)&#10;&#9;at org.opensearch.sql.legacy.SQLIntegTestCase.executeRequest(SQLIntegTestCase.java:327)&#10;&#9;at org.opensearch.sql.legacy.SQLIntegTestCase.executeRequest(SQLIntegTestCase.java:322)&#10;&#9;at org.opensearch.sql.legacy.SQLIntegTestCase.executeExplainRequest(SQLIntegTestCase.java:315)&#10;&#9;at org.opensearch.sql.legacy.SQLIntegTestCase.explainQuery(SQLIntegTestCase.java:299)&#10;&#9;at org.opensearch.sql.legacy.JoinAliasWriterRuleIT.sameTablesNoAliasWithTableNameAsAliasOnColumns(JoinAliasWriterRuleIT.java:199)&#10;&#9;at java.base/jdk.internal.reflect.NativeMethodAccessorImpl.invoke0(Native Method)&#10;&#9;at java.base/jdk.internal.reflect.NativeMethodAccessorImpl.invoke(NativeMethodAccessorImpl.java:77)&#10;&#9;at java.base/jdk.internal.reflect.DelegatingMethodAccessorImpl.invoke(DelegatingMethodAccessorImpl.java:43)&#10;&#9;at java.base/java.lang.reflect.Method.invoke(Method.java:568)&#10;&#9;at com.carrotsearch.randomizedtesting.RandomizedRunner.invoke(RandomizedRunner.java:1750)&#10;&#9;at com.carrotsearch.randomizedtesting.RandomizedRunner$8.evaluate(RandomizedRunner.java:938)&#10;&#9;at com.carrotsearch.randomizedtesting.RandomizedRunner$9.evaluate(RandomizedRunner.java:974)&#10;&#9;at com.carrotsearch.randomizedtesting.RandomizedRunner$10.evaluate(RandomizedRunner.java:988)&#10;&#9;at org.junit.rules.ExpectedException$ExpectedExceptionStatement.evaluate(ExpectedException.java:258)&#10;&#9;at com.carrotsearch.randomizedtesting.rules.StatementAdapter.evaluate(StatementAdapter.java:36)&#10;&#9;at org.junit.rules.RunRules.evaluate(RunRules.java:20)&#10;&#9;at org.apache.lucene.tests.util.TestRuleSetupTeardownChained$1.evaluate(TestRuleSetupTeardownChained.java:48)&#10;&#9;at org.apache.lucene.tests.util.AbstractBeforeAfterRule$1.evaluate(AbstractBeforeAfterRule.java:43)&#10;&#9;at org.apache.lucene.tests.util.TestRuleThreadAndTestName$1.evaluate(TestRuleThreadAndTestName.java:45)&#10;&#9;at org.apache.lucene.tests.util.TestRuleIgnoreAfterMaxFailures$1.evaluate(TestRuleIgnoreAfterMaxFailures.java:60)&#10;&#9;at org.apache.lucene.tests.util.TestRuleMarkFailure$1.evaluate(TestRuleMarkFailure.java:44)&#10;&#9;at org.junit.rules.RunRules.evaluate(RunRules.java:20)&#10;&#9;at com.carrotsearch.randomizedtesting.rules.StatementAdapter.evaluate(StatementAdapter.java:36)&#10;&#9;at com.carrotsearch.randomizedtesting.ThreadLeakControl$StatementRunner.run(ThreadLeakControl.java:368)&#10;&#9;at com.carrotsearch.randomizedtesting.ThreadLeakControl.forkTimeoutingTask(ThreadLeakControl.java:817)&#10;&#9;at com.carrotsearch.randomizedtesting.ThreadLeakControl$3.evaluate(ThreadLeakControl.java:468)&#10;&#9;at com.carrotsearch.randomizedtesting.RandomizedRunner.runSingleTest(RandomizedRunner.java:947)&#10;&#9;at com.carrotsearch.randomizedtesting.RandomizedRunner$5.evaluate(RandomizedRunner.java:832)&#10;&#9;at com.carrotsearch.randomizedtesting.RandomizedRunner$6.evaluate(RandomizedRunner.java:883)&#10;&#9;at com.carrotsearch.randomizedtesting.RandomizedRunner$7.evaluate(RandomizedRunner.java:894)&#10;&#9;at org.apache.lucene.tests.util.AbstractBeforeAfterRule$1.evaluate(AbstractBeforeAfterRule.java:43)&#10;&#9;at com.carrotsearch.randomizedtesting.rules.StatementAdapter.evaluate(StatementAdapter.java:36)&#10;&#9;at org.apache.lucene.tests.util.TestRuleStoreClassName$1.evaluate(TestRuleStoreClassName.java:38)&#10;&#9;at com.carrotsearch.randomizedtesting.rules.NoShadowingOrOverridesOnMethodsRule$1.evaluate(NoShadowingOrOverridesOnMethodsRule.java:40)&#10;&#9;at com.carrotsearch.randomizedtesting.rules.NoShadowingOrOverridesOnMethodsRule$1.evaluate(NoShadowingOrOverridesOnMethodsRule.java:40)&#10;&#9;at com.carrotsearch.randomizedtesting.rules.StatementAdapter.evaluate(StatementAdapter.java:36)&#10;&#9;at com.carrotsearch.randomizedtesting.rules.StatementAdapter.evaluate(StatementAdapter.java:36)&#10;&#9;at org.apache.lucene.tests.util.TestRuleAssertionsRequired$1.evaluate(TestRuleAssertionsRequired.java:53)&#10;&#9;at org.apache.lucene.tests.util.AbstractBeforeAfterRule$1.evaluate(AbstractBeforeAfterRule.java:43)&#10;&#9;at org.apache.lucene.tests.util.TestRuleMarkFailure$1.evaluate(TestRuleMarkFailure.java:44)&#10;&#9;at org.apache.lucene.tests.util.TestRuleIgnoreAfterMaxFailures$1.evaluate(TestRuleIgnoreAfterMaxFailures.java:60)&#10;&#9;at org.apache.lucene.tests.util.TestRuleIgnoreTestSuites$1.evaluate(TestRuleIgnoreTestSuites.java:47)&#10;&#9;at org.junit.rules.RunRules.evaluate(RunRules.java:20)&#10;&#9;at com.carrotsearch.randomizedtesting.rules.StatementAdapter.evaluate(StatementAdapter.java:36)&#10;&#9;at com.carrotsearch.randomizedtesting.ThreadLeakControl$StatementRunner.run(ThreadLeakControl.java:368)&#10;&#9;at java.base/java.lang.Thread.run(Thread.java:833)&#10;" type="java.lang.AssertionError">java.lang.AssertionError: 
</failure>
  </testcase>
  <testcase name="sameTablesNoAliasAndNoAliasOnColumns" classname="org.opensearch.sql.legacy.JoinAliasWriterRuleIT" time="0.036">
    <failure message="java.lang.AssertionError: &#10;Expected: (an instance of org.opensearch.client.ResponseException and exception with message a string containing &quot;Not unique table/alias: [opensearch-sql_test_index_bank]&quot;)&#10;     but: exception with message a string containing &quot;Not unique table/alias: [opensearch-sql_test_index_bank]&quot; message was &quot;method [POST], host [http://127.0.0.1:61803], URI [/_plugins/_sql/_explain], status line [HTTP/1.1 400 Bad Request]&#10;{&#10;  &quot;error&quot;: {&#10;    &quot;reason&quot;: &quot;Invalid SQL query&quot;,&#10;    &quot;details&quot;: &quot;Query is unsupported in the new engine&quot;,&#10;    &quot;type&quot;: &quot;SQLFeatureDisabledException&quot;&#10;  },&#10;  &quot;status&quot;: 400&#10;}&quot;&#10;Stacktrace was: org.opensearch.client.ResponseException: method [POST], host [http://127.0.0.1:61803], URI [/_plugins/_sql/_explain], status line [HTTP/1.1 400 Bad Request]&#10;{&#10;  &quot;error&quot;: {&#10;    &quot;reason&quot;: &quot;Invalid SQL query&quot;,&#10;    &quot;details&quot;: &quot;Query is unsupported in the new engine&quot;,&#10;    &quot;type&quot;: &quot;SQLFeatureDisabledException&quot;&#10;  },&#10;  &quot;status&quot;: 400&#10;}&#10;&#9;at org.opensearch.client.RestClient.convertResponse(RestClient.java:384)&#10;&#9;at org.opensearch.client.RestClient.performRequest(RestClient.java:354)&#10;&#9;at org.opensearch.client.RestClient.performRequest(RestClient.java:329)&#10;&#9;at org.opensearch.sql.legacy.SQLIntegTestCase.executeRequest(SQLIntegTestCase.java:327)&#10;&#9;at org.opensearch.sql.legacy.SQLIntegTestCase.executeRequest(SQLIntegTestCase.java:322)&#10;&#9;at org.opensearch.sql.legacy.SQLIntegTestCase.executeExplainRequest(SQLIntegTestCase.java:315)&#10;&#9;at org.opensearch.sql.legacy.SQLIntegTestCase.explainQuery(SQLIntegTestCase.java:299)&#10;&#9;at org.opensearch.sql.legacy.JoinAliasWriterRuleIT.sameTablesNoAliasAndNoAliasOnColumns(JoinAliasWriterRuleIT.java:187)&#10;&#9;at java.base/jdk.internal.reflect.NativeMethodAccessorImpl.invoke0(Native Method)&#10;&#9;at java.base/jdk.internal.reflect.NativeMethodAccessorImpl.invoke(NativeMethodAccessorImpl.java:77)&#10;&#9;at java.base/jdk.internal.reflect.DelegatingMethodAccessorImpl.invoke(DelegatingMethodAccessorImpl.java:43)&#10;&#9;at java.base/java.lang.reflect.Method.invoke(Method.java:568)&#10;&#9;at com.carrotsearch.randomizedtesting.RandomizedRunner.invoke(RandomizedRunner.java:1750)&#10;&#9;at com.carrotsearch.randomizedtesting.RandomizedRunner$8.evaluate(RandomizedRunner.java:938)&#10;&#9;at com.carrotsearch.randomizedtesting.RandomizedRunner$9.evaluate(RandomizedRunner.java:974)&#10;&#9;at com.carrotsearch.randomizedtesting.RandomizedRunner$10.evaluate(RandomizedRunner.java:988)&#10;&#9;at org.junit.rules.ExpectedException$ExpectedExceptionStatement.evaluate(ExpectedException.java:258)&#10;&#9;at com.carrotsearch.randomizedtesting.rules.StatementAdapter.evaluate(StatementAdapter.java:36)&#10;&#9;at org.junit.rules.RunRules.evaluate(RunRules.java:20)&#10;&#9;at org.apache.lucene.tests.util.TestRuleSetupTeardownChained$1.evaluate(TestRuleSetupTeardownChained.java:48)&#10;&#9;at org.apache.lucene.tests.util.AbstractBeforeAfterRule$1.evaluate(AbstractBeforeAfterRule.java:43)&#10;&#9;at org.apache.lucene.tests.util.TestRuleThreadAndTestName$1.evaluate(TestRuleThreadAndTestName.java:45)&#10;&#9;at org.apache.lucene.tests.util.TestRuleIgnoreAfterMaxFailures$1.evaluate(TestRuleIgnoreAfterMaxFailures.java:60)&#10;&#9;at org.apache.lucene.tests.util.TestRuleMarkFailure$1.evaluate(TestRuleMarkFailure.java:44)&#10;&#9;at org.junit.rules.RunRules.evaluate(RunRules.java:20)&#10;&#9;at com.carrotsearch.randomizedtesting.rules.StatementAdapter.evaluate(StatementAdapter.java:36)&#10;&#9;at com.carrotsearch.randomizedtesting.ThreadLeakControl$StatementRunner.run(ThreadLeakControl.java:368)&#10;&#9;at com.carrotsearch.randomizedtesting.ThreadLeakControl.forkTimeoutingTask(ThreadLeakControl.java:817)&#10;&#9;at com.carrotsearch.randomizedtesting.ThreadLeakControl$3.evaluate(ThreadLeakControl.java:468)&#10;&#9;at com.carrotsearch.randomizedtesting.RandomizedRunner.runSingleTest(RandomizedRunner.java:947)&#10;&#9;at com.carrotsearch.randomizedtesting.RandomizedRunner$5.evaluate(RandomizedRunner.java:832)&#10;&#9;at com.carrotsearch.randomizedtesting.RandomizedRunner$6.evaluate(RandomizedRunner.java:883)&#10;&#9;at com.carrotsearch.randomizedtesting.RandomizedRunner$7.evaluate(RandomizedRunner.java:894)&#10;&#9;at org.apache.lucene.tests.util.AbstractBeforeAfterRule$1.evaluate(AbstractBeforeAfterRule.java:43)&#10;&#9;at com.carrotsearch.randomizedtesting.rules.StatementAdapter.evaluate(StatementAdapter.java:36)&#10;&#9;at org.apache.lucene.tests.util.TestRuleStoreClassName$1.evaluate(TestRuleStoreClassName.java:38)&#10;&#9;at com.carrotsearch.randomizedtesting.rules.NoShadowingOrOverridesOnMethodsRule$1.evaluate(NoShadowingOrOverridesOnMethodsRule.java:40)&#10;&#9;at com.carrotsearch.randomizedtesting.rules.NoShadowingOrOverridesOnMethodsRule$1.evaluate(NoShadowingOrOverridesOnMethodsRule.java:40)&#10;&#9;at com.carrotsearch.randomizedtesting.rules.StatementAdapter.evaluate(StatementAdapter.java:36)&#10;&#9;at com.carrotsearch.randomizedtesting.rules.StatementAdapter.evaluate(StatementAdapter.java:36)&#10;&#9;at org.apache.lucene.tests.util.TestRuleAssertionsRequired$1.evaluate(TestRuleAssertionsRequired.java:53)&#10;&#9;at org.apache.lucene.tests.util.AbstractBeforeAfterRule$1.evaluate(AbstractBeforeAfterRule.java:43)&#10;&#9;at org.apache.lucene.tests.util.TestRuleMarkFailure$1.evaluate(TestRuleMarkFailure.java:44)&#10;&#9;at org.apache.lucene.tests.util.TestRuleIgnoreAfterMaxFailures$1.evaluate(TestRuleIgnoreAfterMaxFailures.java:60)&#10;&#9;at org.apache.lucene.tests.util.TestRuleIgnoreTestSuites$1.evaluate(TestRuleIgnoreTestSuites.java:47)&#10;&#9;at org.junit.rules.RunRules.evaluate(RunRules.java:20)&#10;&#9;at com.carrotsearch.randomizedtesting.rules.StatementAdapter.evaluate(StatementAdapter.java:36)&#10;&#9;at com.carrotsearch.randomizedtesting.ThreadLeakControl$StatementRunner.run(ThreadLeakControl.java:368)&#10;&#9;at java.base/java.lang.Thread.run(Thread.java:833)&#10;" type="java.lang.AssertionError">java.lang.AssertionError: 
</failure>
  </testcase>
  <testcase name="bothTableAliasNoCommonColumns" classname="org.opensearch.sql.legacy.JoinAliasWriterRuleIT" time="0.04">
    <failure message="org.opensearch.client.ResponseException: method [POST], host [http://[::1]:61802], URI [/_plugins/_sql/_explain], status line [HTTP/1.1 400 Bad Request]&#10;{&#10;  &quot;error&quot;: {&#10;    &quot;reason&quot;: &quot;Invalid SQL query&quot;,&#10;    &quot;details&quot;: &quot;Query is unsupported in the new engine&quot;,&#10;    &quot;type&quot;: &quot;SQLFeatureDisabledException&quot;&#10;  },&#10;  &quot;status&quot;: 400&#10;}" type="org.opensearch.client.ResponseException">org.opensearch.client.ResponseException: method [POST], host [http://[::1]:61802], URI [/_plugins/_sql/_explain], status line [HTTP/1.1 400 Bad Request]
</failure>
  </testcase>
  <testcase name="tableNamesWithTypeName" classname="org.opensearch.sql.legacy.JoinAliasWriterRuleIT" time="0.0">
    <skipped/>
  </testcase>
  <testcase name="columnsWithTableAliasNotAffected" classname="org.opensearch.sql.legacy.JoinAliasWriterRuleIT" time="0.034">
    <failure message="org.opensearch.client.ResponseException: method [POST], host [http://127.0.0.1:61803], URI [/_plugins/_sql/_explain], status line [HTTP/1.1 400 Bad Request]&#10;{&#10;  &quot;error&quot;: {&#10;    &quot;reason&quot;: &quot;Invalid SQL query&quot;,&#10;    &quot;details&quot;: &quot;Query is unsupported in the new engine&quot;,&#10;    &quot;type&quot;: &quot;SQLFeatureDisabledException&quot;&#10;  },&#10;  &quot;status&quot;: 400&#10;}" type="org.opensearch.client.ResponseException">org.opensearch.client.ResponseException: method [POST], host [http://127.0.0.1:61803], URI [/_plugins/_sql/_explain], status line [HTTP/1.1 400 Bad Request]
</failure>
  </testcase>
  <testcase name="sameTablesWithExplicitAliasOnFirst" classname="org.opensearch.sql.legacy.JoinAliasWriterRuleIT" time="0.038">
    <failure message="org.opensearch.client.ResponseException: method [POST], host [http://[::1]:61802], URI [/_plugins/_sql/_explain], status line [HTTP/1.1 400 Bad Request]&#10;{&#10;  &quot;error&quot;: {&#10;    &quot;reason&quot;: &quot;Invalid SQL query&quot;,&#10;    &quot;details&quot;: &quot;Query is unsupported in the new engine&quot;,&#10;    &quot;type&quot;: &quot;SQLFeatureDisabledException&quot;&#10;  },&#10;  &quot;status&quot;: 400&#10;}" type="org.opensearch.client.ResponseException">org.opensearch.client.ResponseException: method [POST], host [http://[::1]:61802], URI [/_plugins/_sql/_explain], status line [HTTP/1.1 400 Bad Request]
</failure>
  </testcase>
  <testcase name="oneTableAliasNoCommonColumns" classname="org.opensearch.sql.legacy.JoinAliasWriterRuleIT" time="0.035">
    <failure message="org.opensearch.client.ResponseException: method [POST], host [http://127.0.0.1:61803], URI [/_plugins/_sql/_explain], status line [HTTP/1.1 400 Bad Request]&#10;{&#10;  &quot;error&quot;: {&#10;    &quot;reason&quot;: &quot;Invalid SQL query&quot;,&#10;    &quot;details&quot;: &quot;Query is unsupported in the new engine&quot;,&#10;    &quot;type&quot;: &quot;SQLFeatureDisabledException&quot;&#10;  },&#10;  &quot;status&quot;: 400&#10;}" type="org.opensearch.client.ResponseException">org.opensearch.client.ResponseException: method [POST], host [http://127.0.0.1:61803], URI [/_plugins/_sql/_explain], status line [HTTP/1.1 400 Bad Request]
</failure>
  </testcase>
  <testcase name="actualTableNameAsAliasOnColumnFields" classname="org.opensearch.sql.legacy.JoinAliasWriterRuleIT" time="0.034">
    <failure message="org.opensearch.client.ResponseException: method [POST], host [http://[::1]:61802], URI [/_plugins/_sql/_explain], status line [HTTP/1.1 400 Bad Request]&#10;{&#10;  &quot;error&quot;: {&#10;    &quot;reason&quot;: &quot;Invalid SQL query&quot;,&#10;    &quot;details&quot;: &quot;Query is unsupported in the new engine&quot;,&#10;    &quot;type&quot;: &quot;SQLFeatureDisabledException&quot;&#10;  },&#10;  &quot;status&quot;: 400&#10;}" type="org.opensearch.client.ResponseException">org.opensearch.client.ResponseException: method [POST], host [http://[::1]:61802], URI [/_plugins/_sql/_explain], status line [HTTP/1.1 400 Bad Request]
</failure>
  </testcase>
  <testcase name="tableNamesWithTypeNameExplicitTableAlias" classname="org.opensearch.sql.legacy.JoinAliasWriterRuleIT" time="0.0">
    <skipped/>
  </testcase>
  <system-out><![CDATA[[2023-01-17T02:16:05,933][INFO ][o.o.s.l.JoinAliasWriterRuleIT] [noTableAliasNoCommonColumns] before test
]]></system-out>
  <system-err><![CDATA[REPRODUCE WITH: ./gradlew ':integ-test:integTest' --tests "org.opensearch.sql.legacy.JoinAliasWriterRuleIT.noTableAliasNoCommonColumns" -Dtests.seed=160F64C51FACC80F -Dtests.security.manager=false -Dtests.locale=ar-KW -Dtests.timezone=America/Danmarkshavn -Druntime.java=17
]]></system-err>
</testsuite>
<?xml version="1.0" encoding="UTF-8"?>
<testsuite name="org.opensearch.sql.legacy.JoinIT" tests="57" skipped="4" failures="53" errors="0" timestamp="2023-01-17T02:16:07" hostname="Unused26-MacBook.local" time="4.679">
  <properties/>
  <testcase name="testLeftJoinHASH" classname="org.opensearch.sql.legacy.JoinIT" time="2.687">
    <failure message="org.opensearch.client.ResponseException: method [POST], host [http://127.0.0.1:61803], URI [/_plugins/_sql?format=json], status line [HTTP/1.1 400 Bad Request]&#10;{&#10;  &quot;error&quot;: {&#10;    &quot;reason&quot;: &quot;Invalid SQL query&quot;,&#10;    &quot;details&quot;: &quot;Query is unsupported in the new engine&quot;,&#10;    &quot;type&quot;: &quot;SQLFeatureDisabledException&quot;&#10;  },&#10;  &quot;status&quot;: 400&#10;}" type="org.opensearch.client.ResponseException">org.opensearch.client.ResponseException: method [POST], host [http://127.0.0.1:61803], URI [/_plugins/_sql?format=json], status line [HTTP/1.1 400 Bad Request]
</failure>
  </testcase>
  <testcase name="leftJoinNLWithNullInCondition3" classname="org.opensearch.sql.legacy.JoinIT" time="0.045">
    <failure message="org.opensearch.client.ResponseException: method [POST], host [http://127.0.0.1:61803], URI [/_plugins/_sql?format=json], status line [HTTP/1.1 400 Bad Request]&#10;{&#10;  &quot;error&quot;: {&#10;    &quot;reason&quot;: &quot;Invalid SQL query&quot;,&#10;    &quot;details&quot;: &quot;Query is unsupported in the new engine&quot;,&#10;    &quot;type&quot;: &quot;SQLFeatureDisabledException&quot;&#10;  },&#10;  &quot;status&quot;: 400&#10;}" type="org.opensearch.client.ResponseException">org.opensearch.client.ResponseException: method [POST], host [http://127.0.0.1:61803], URI [/_plugins/_sql?format=json], status line [HTTP/1.1 400 Bad Request]
</failure>
  </testcase>
  <testcase name="joinWithNoWhereButWithConditionHash" classname="org.opensearch.sql.legacy.JoinIT" time="0.045">
    <failure message="org.opensearch.client.ResponseException: method [POST], host [http://127.0.0.1:61803], URI [/_plugins/_sql?format=json], status line [HTTP/1.1 400 Bad Request]&#10;{&#10;  &quot;error&quot;: {&#10;    &quot;reason&quot;: &quot;Invalid SQL query&quot;,&#10;    &quot;details&quot;: &quot;Query is unsupported in the new engine&quot;,&#10;    &quot;type&quot;: &quot;SQLFeatureDisabledException&quot;&#10;  },&#10;  &quot;status&quot;: 400&#10;}" type="org.opensearch.client.ResponseException">org.opensearch.client.ResponseException: method [POST], host [http://127.0.0.1:61803], URI [/_plugins/_sql?format=json], status line [HTTP/1.1 400 Bad Request]
</failure>
  </testcase>
  <testcase name="innerJoinNLWithNullInCondition" classname="org.opensearch.sql.legacy.JoinIT" time="0.054">
    <failure message="org.opensearch.client.ResponseException: method [POST], host [http://127.0.0.1:61803], URI [/_plugins/_sql?format=json], status line [HTTP/1.1 400 Bad Request]&#10;{&#10;  &quot;error&quot;: {&#10;    &quot;reason&quot;: &quot;Invalid SQL query&quot;,&#10;    &quot;details&quot;: &quot;Query is unsupported in the new engine&quot;,&#10;    &quot;type&quot;: &quot;SQLFeatureDisabledException&quot;&#10;  },&#10;  &quot;status&quot;: 400&#10;}" type="org.opensearch.client.ResponseException">org.opensearch.client.ResponseException: method [POST], host [http://127.0.0.1:61803], URI [/_plugins/_sql?format=json], status line [HTTP/1.1 400 Bad Request]
</failure>
  </testcase>
  <testcase name="joinWithNestedFieldsOnComparisonAndOnReturnHASH" classname="org.opensearch.sql.legacy.JoinIT" time="0.064">
    <failure message="org.opensearch.client.ResponseException: method [POST], host [http://127.0.0.1:61803], URI [/_plugins/_sql?format=json], status line [HTTP/1.1 400 Bad Request]&#10;{&#10;  &quot;error&quot;: {&#10;    &quot;reason&quot;: &quot;Invalid SQL query&quot;,&#10;    &quot;details&quot;: &quot;Query is unsupported in the new engine&quot;,&#10;    &quot;type&quot;: &quot;SQLFeatureDisabledException&quot;&#10;  },&#10;  &quot;status&quot;: 400&#10;}" type="org.opensearch.client.ResponseException">org.opensearch.client.ResponseException: method [POST], host [http://127.0.0.1:61803], URI [/_plugins/_sql?format=json], status line [HTTP/1.1 400 Bad Request]
</failure>
  </testcase>
  <testcase name="innerJoinNLWithNullInCondition1" classname="org.opensearch.sql.legacy.JoinIT" time="0.043">
    <failure message="org.opensearch.client.ResponseException: method [POST], host [http://127.0.0.1:61803], URI [/_plugins/_sql?format=json], status line [HTTP/1.1 400 Bad Request]&#10;{&#10;  &quot;error&quot;: {&#10;    &quot;reason&quot;: &quot;Invalid SQL query&quot;,&#10;    &quot;details&quot;: &quot;Query is unsupported in the new engine&quot;,&#10;    &quot;type&quot;: &quot;SQLFeatureDisabledException&quot;&#10;  },&#10;  &quot;status&quot;: 400&#10;}" type="org.opensearch.client.ResponseException">org.opensearch.client.ResponseException: method [POST], host [http://127.0.0.1:61803], URI [/_plugins/_sql?format=json], status line [HTTP/1.1 400 Bad Request]
</failure>
  </testcase>
  <testcase name="joinNoConditionAndNoWhereNL" classname="org.opensearch.sql.legacy.JoinIT" time="0.034">
    <failure message="org.opensearch.client.ResponseException: method [POST], host [http://127.0.0.1:61803], URI [/_plugins/_sql?format=json], status line [HTTP/1.1 400 Bad Request]&#10;{&#10;  &quot;error&quot;: {&#10;    &quot;reason&quot;: &quot;Invalid SQL query&quot;,&#10;    &quot;details&quot;: &quot;Query is unsupported in the new engine&quot;,&#10;    &quot;type&quot;: &quot;SQLFeatureDisabledException&quot;&#10;  },&#10;  &quot;status&quot;: 400&#10;}" type="org.opensearch.client.ResponseException">org.opensearch.client.ResponseException: method [POST], host [http://127.0.0.1:61803], URI [/_plugins/_sql?format=json], status line [HTTP/1.1 400 Bad Request]
</failure>
  </testcase>
  <testcase name="joinWithAllAliasOnReturnNL" classname="org.opensearch.sql.legacy.JoinIT" time="0.04">
    <failure message="org.opensearch.client.ResponseException: method [POST], host [http://127.0.0.1:61803], URI [/_plugins/_sql?format=json], status line [HTTP/1.1 400 Bad Request]&#10;{&#10;  &quot;error&quot;: {&#10;    &quot;reason&quot;: &quot;Invalid SQL query&quot;,&#10;    &quot;details&quot;: &quot;Query is unsupported in the new engine&quot;,&#10;    &quot;type&quot;: &quot;SQLFeatureDisabledException&quot;&#10;  },&#10;  &quot;status&quot;: 400&#10;}" type="org.opensearch.client.ResponseException">org.opensearch.client.ResponseException: method [POST], host [http://127.0.0.1:61803], URI [/_plugins/_sql?format=json], status line [HTTP/1.1 400 Bad Request]
</failure>
  </testcase>
  <testcase name="hintLimits_firstLimitSecondLimitOnlyOneHASH" classname="org.opensearch.sql.legacy.JoinIT" time="0.0">
    <skipped/>
  </testcase>
  <testcase name="testLeftJoinNL" classname="org.opensearch.sql.legacy.JoinIT" time="0.039">
    <failure message="org.opensearch.client.ResponseException: method [POST], host [http://127.0.0.1:61803], URI [/_plugins/_sql?format=json], status line [HTTP/1.1 400 Bad Request]&#10;{&#10;  &quot;error&quot;: {&#10;    &quot;reason&quot;: &quot;Invalid SQL query&quot;,&#10;    &quot;details&quot;: &quot;Query is unsupported in the new engine&quot;,&#10;    &quot;type&quot;: &quot;SQLFeatureDisabledException&quot;&#10;  },&#10;  &quot;status&quot;: 400&#10;}" type="org.opensearch.client.ResponseException">org.opensearch.client.ResponseException: method [POST], host [http://127.0.0.1:61803], URI [/_plugins/_sql?format=json], status line [HTTP/1.1 400 Bad Request]
</failure>
  </testcase>
  <testcase name="joinNoConditionAndNoWhereHASH" classname="org.opensearch.sql.legacy.JoinIT" time="0.037">
    <failure message="org.opensearch.client.ResponseException: method [POST], host [http://127.0.0.1:61803], URI [/_plugins/_sql?format=json], status line [HTTP/1.1 400 Bad Request]&#10;{&#10;  &quot;error&quot;: {&#10;    &quot;reason&quot;: &quot;Invalid SQL query&quot;,&#10;    &quot;details&quot;: &quot;Query is unsupported in the new engine&quot;,&#10;    &quot;type&quot;: &quot;SQLFeatureDisabledException&quot;&#10;  },&#10;  &quot;status&quot;: 400&#10;}" type="org.opensearch.client.ResponseException">org.opensearch.client.ResponseException: method [POST], host [http://127.0.0.1:61803], URI [/_plugins/_sql?format=json], status line [HTTP/1.1 400 Bad Request]
</failure>
  </testcase>
  <testcase name="joinWithAllFromSecondTableNL" classname="org.opensearch.sql.legacy.JoinIT" time="0.037">
    <failure message="org.opensearch.client.ResponseException: method [POST], host [http://127.0.0.1:61803], URI [/_plugins/_sql?format=json], status line [HTTP/1.1 400 Bad Request]&#10;{&#10;  &quot;error&quot;: {&#10;    &quot;reason&quot;: &quot;Invalid SQL query&quot;,&#10;    &quot;details&quot;: &quot;Query is unsupported in the new engine&quot;,&#10;    &quot;type&quot;: &quot;SQLFeatureDisabledException&quot;&#10;  },&#10;  &quot;status&quot;: 400&#10;}" type="org.opensearch.client.ResponseException">org.opensearch.client.ResponseException: method [POST], host [http://127.0.0.1:61803], URI [/_plugins/_sql?format=json], status line [HTTP/1.1 400 Bad Request]
</failure>
  </testcase>
  <testcase name="joinWithGeoIntersectNL" classname="org.opensearch.sql.legacy.JoinIT" time="0.042">
    <failure message="org.opensearch.client.ResponseException: method [POST], host [http://127.0.0.1:61803], URI [/_plugins/_sql?format=json], status line [HTTP/1.1 400 Bad Request]&#10;{&#10;  &quot;error&quot;: {&#10;    &quot;reason&quot;: &quot;Invalid SQL query&quot;,&#10;    &quot;details&quot;: &quot;Query is unsupported in the new engine&quot;,&#10;    &quot;type&quot;: &quot;SQLFeatureDisabledException&quot;&#10;  },&#10;  &quot;status&quot;: 400&#10;}" type="org.opensearch.client.ResponseException">org.opensearch.client.ResponseException: method [POST], host [http://127.0.0.1:61803], URI [/_plugins/_sql?format=json], status line [HTTP/1.1 400 Bad Request]
</failure>
  </testcase>
  <testcase name="joinWithSomeAliasOnReturnNL" classname="org.opensearch.sql.legacy.JoinIT" time="0.038">
    <failure message="org.opensearch.client.ResponseException: method [POST], host [http://127.0.0.1:61803], URI [/_plugins/_sql?format=json], status line [HTTP/1.1 400 Bad Request]&#10;{&#10;  &quot;error&quot;: {&#10;    &quot;reason&quot;: &quot;Invalid SQL query&quot;,&#10;    &quot;details&quot;: &quot;Query is unsupported in the new engine&quot;,&#10;    &quot;type&quot;: &quot;SQLFeatureDisabledException&quot;&#10;  },&#10;  &quot;status&quot;: 400&#10;}" type="org.opensearch.client.ResponseException">org.opensearch.client.ResponseException: method [POST], host [http://127.0.0.1:61803], URI [/_plugins/_sql?format=json], status line [HTTP/1.1 400 Bad Request]
</failure>
  </testcase>
  <testcase name="joinWithAllFromSecondTableHASH" classname="org.opensearch.sql.legacy.JoinIT" time="0.04">
    <failure message="org.opensearch.client.ResponseException: method [POST], host [http://127.0.0.1:61803], URI [/_plugins/_sql?format=json], status line [HTTP/1.1 400 Bad Request]&#10;{&#10;  &quot;error&quot;: {&#10;    &quot;reason&quot;: &quot;Invalid SQL query&quot;,&#10;    &quot;details&quot;: &quot;Query is unsupported in the new engine&quot;,&#10;    &quot;type&quot;: &quot;SQLFeatureDisabledException&quot;&#10;  },&#10;  &quot;status&quot;: 400&#10;}" type="org.opensearch.client.ResponseException">org.opensearch.client.ResponseException: method [POST], host [http://127.0.0.1:61803], URI [/_plugins/_sql?format=json], status line [HTTP/1.1 400 Bad Request]
</failure>
  </testcase>
  <testcase name="joinWithNestedFieldsOnReturnNL" classname="org.opensearch.sql.legacy.JoinIT" time="0.039">
    <failure message="org.opensearch.client.ResponseException: method [POST], host [http://127.0.0.1:61803], URI [/_plugins/_sql?format=json], status line [HTTP/1.1 400 Bad Request]&#10;{&#10;  &quot;error&quot;: {&#10;    &quot;reason&quot;: &quot;Invalid SQL query&quot;,&#10;    &quot;details&quot;: &quot;Query is unsupported in the new engine&quot;,&#10;    &quot;type&quot;: &quot;SQLFeatureDisabledException&quot;&#10;  },&#10;  &quot;status&quot;: 400&#10;}" type="org.opensearch.client.ResponseException">org.opensearch.client.ResponseException: method [POST], host [http://127.0.0.1:61803], URI [/_plugins/_sql?format=json], status line [HTTP/1.1 400 Bad Request]
</failure>
  </testcase>
  <testcase name="joinParseCheckSelectedFieldsSplitHASH" classname="org.opensearch.sql.legacy.JoinIT" time="0.033">
    <failure message="org.opensearch.client.ResponseException: method [POST], host [http://127.0.0.1:61803], URI [/_plugins/_sql?format=json], status line [HTTP/1.1 400 Bad Request]&#10;{&#10;  &quot;error&quot;: {&#10;    &quot;reason&quot;: &quot;Invalid SQL query&quot;,&#10;    &quot;details&quot;: &quot;Query is unsupported in the new engine&quot;,&#10;    &quot;type&quot;: &quot;SQLFeatureDisabledException&quot;&#10;  },&#10;  &quot;status&quot;: 400&#10;}" type="org.opensearch.client.ResponseException">org.opensearch.client.ResponseException: method [POST], host [http://127.0.0.1:61803], URI [/_plugins/_sql?format=json], status line [HTTP/1.1 400 Bad Request]
</failure>
  </testcase>
  <testcase name="joinParseCheckSelectedFieldsSplitNL" classname="org.opensearch.sql.legacy.JoinIT" time="0.034">
    <failure message="org.opensearch.client.ResponseException: method [POST], host [http://127.0.0.1:61803], URI [/_plugins/_sql?format=json], status line [HTTP/1.1 400 Bad Request]&#10;{&#10;  &quot;error&quot;: {&#10;    &quot;reason&quot;: &quot;Invalid SQL query&quot;,&#10;    &quot;details&quot;: &quot;Query is unsupported in the new engine&quot;,&#10;    &quot;type&quot;: &quot;SQLFeatureDisabledException&quot;&#10;  },&#10;  &quot;status&quot;: 400&#10;}" type="org.opensearch.client.ResponseException">org.opensearch.client.ResponseException: method [POST], host [http://127.0.0.1:61803], URI [/_plugins/_sql?format=json], status line [HTTP/1.1 400 Bad Request]
</failure>
  </testcase>
  <testcase name="joinWithOrderbyFirstTableNL" classname="org.opensearch.sql.legacy.JoinIT" time="0.063">
    <failure message="org.opensearch.client.ResponseException: method [POST], host [http://127.0.0.1:61803], URI [/_plugins/_sql?format=json], status line [HTTP/1.1 400 Bad Request]&#10;{&#10;  &quot;error&quot;: {&#10;    &quot;reason&quot;: &quot;Invalid SQL query&quot;,&#10;    &quot;details&quot;: &quot;Query is unsupported in the new engine&quot;,&#10;    &quot;type&quot;: &quot;SQLFeatureDisabledException&quot;&#10;  },&#10;  &quot;status&quot;: 400&#10;}" type="org.opensearch.client.ResponseException">org.opensearch.client.ResponseException: method [POST], host [http://127.0.0.1:61803], URI [/_plugins/_sql?format=json], status line [HTTP/1.1 400 Bad Request]
</failure>
  </testcase>
  <testcase name="innerJoinNLWithNullInCondition3" classname="org.opensearch.sql.legacy.JoinIT" time="0.041">
    <failure message="org.opensearch.client.ResponseException: method [POST], host [http://127.0.0.1:61803], URI [/_plugins/_sql?format=json], status line [HTTP/1.1 400 Bad Request]&#10;{&#10;  &quot;error&quot;: {&#10;    &quot;reason&quot;: &quot;Invalid SQL query&quot;,&#10;    &quot;details&quot;: &quot;Query is unsupported in the new engine&quot;,&#10;    &quot;type&quot;: &quot;SQLFeatureDisabledException&quot;&#10;  },&#10;  &quot;status&quot;: 400&#10;}" type="org.opensearch.client.ResponseException">org.opensearch.client.ResponseException: method [POST], host [http://127.0.0.1:61803], URI [/_plugins/_sql?format=json], status line [HTTP/1.1 400 Bad Request]
</failure>
  </testcase>
  <testcase name="joinWithAllAliasOnReturnHASH" classname="org.opensearch.sql.legacy.JoinIT" time="0.039">
    <failure message="org.opensearch.client.ResponseException: method [POST], host [http://127.0.0.1:61803], URI [/_plugins/_sql?format=json], status line [HTTP/1.1 400 Bad Request]&#10;{&#10;  &quot;error&quot;: {&#10;    &quot;reason&quot;: &quot;Invalid SQL query&quot;,&#10;    &quot;details&quot;: &quot;Query is unsupported in the new engine&quot;,&#10;    &quot;type&quot;: &quot;SQLFeatureDisabledException&quot;&#10;  },&#10;  &quot;status&quot;: 400&#10;}" type="org.opensearch.client.ResponseException">org.opensearch.client.ResponseException: method [POST], host [http://127.0.0.1:61803], URI [/_plugins/_sql?format=json], status line [HTTP/1.1 400 Bad Request]
</failure>
  </testcase>
  <testcase name="hintLimits_firstLimitSecondLimitOnlyOneNL" classname="org.opensearch.sql.legacy.JoinIT" time="0.001">
    <skipped/>
  </testcase>
  <testcase name="leftJoinWithAllFromSecondTableNL" classname="org.opensearch.sql.legacy.JoinIT" time="0.036">
    <failure message="org.opensearch.client.ResponseException: method [POST], host [http://127.0.0.1:61803], URI [/_plugins/_sql?format=json], status line [HTTP/1.1 400 Bad Request]&#10;{&#10;  &quot;error&quot;: {&#10;    &quot;reason&quot;: &quot;Invalid SQL query&quot;,&#10;    &quot;details&quot;: &quot;Query is unsupported in the new engine&quot;,&#10;    &quot;type&quot;: &quot;SQLFeatureDisabledException&quot;&#10;  },&#10;  &quot;status&quot;: 400&#10;}" type="org.opensearch.client.ResponseException">org.opensearch.client.ResponseException: method [POST], host [http://127.0.0.1:61803], URI [/_plugins/_sql?format=json], status line [HTTP/1.1 400 Bad Request]
</failure>
  </testcase>
  <testcase name="joinNoConditionAndNoWhereWithTotalLimitNL" classname="org.opensearch.sql.legacy.JoinIT" time="0.035">
    <failure message="org.opensearch.client.ResponseException: method [POST], host [http://127.0.0.1:61803], URI [/_plugins/_sql?format=json], status line [HTTP/1.1 400 Bad Request]&#10;{&#10;  &quot;error&quot;: {&#10;    &quot;reason&quot;: &quot;Invalid SQL query&quot;,&#10;    &quot;details&quot;: &quot;Query is unsupported in the new engine&quot;,&#10;    &quot;type&quot;: &quot;SQLFeatureDisabledException&quot;&#10;  },&#10;  &quot;status&quot;: 400&#10;}" type="org.opensearch.client.ResponseException">org.opensearch.client.ResponseException: method [POST], host [http://127.0.0.1:61803], URI [/_plugins/_sql?format=json], status line [HTTP/1.1 400 Bad Request]
</failure>
  </testcase>
  <testcase name="joinNoConditionButWithWhereHASH" classname="org.opensearch.sql.legacy.JoinIT" time="0.042">
    <failure message="org.opensearch.client.ResponseException: method [POST], host [http://127.0.0.1:61803], URI [/_plugins/_sql?format=json], status line [HTTP/1.1 400 Bad Request]&#10;{&#10;  &quot;error&quot;: {&#10;    &quot;reason&quot;: &quot;Invalid SQL query&quot;,&#10;    &quot;details&quot;: &quot;Query is unsupported in the new engine&quot;,&#10;    &quot;type&quot;: &quot;SQLFeatureDisabledException&quot;&#10;  },&#10;  &quot;status&quot;: 400&#10;}" type="org.opensearch.client.ResponseException">org.opensearch.client.ResponseException: method [POST], host [http://127.0.0.1:61803], URI [/_plugins/_sql?format=json], status line [HTTP/1.1 400 Bad Request]
</failure>
  </testcase>
  <testcase name="joinNoConditionAndNoWhereWithTotalLimitHASH" classname="org.opensearch.sql.legacy.JoinIT" time="0.037">
    <failure message="org.opensearch.client.ResponseException: method [POST], host [http://127.0.0.1:61803], URI [/_plugins/_sql?format=json], status line [HTTP/1.1 400 Bad Request]&#10;{&#10;  &quot;error&quot;: {&#10;    &quot;reason&quot;: &quot;Invalid SQL query&quot;,&#10;    &quot;details&quot;: &quot;Query is unsupported in the new engine&quot;,&#10;    &quot;type&quot;: &quot;SQLFeatureDisabledException&quot;&#10;  },&#10;  &quot;status&quot;: 400&#10;}" type="org.opensearch.client.ResponseException">org.opensearch.client.ResponseException: method [POST], host [http://127.0.0.1:61803], URI [/_plugins/_sql?format=json], status line [HTTP/1.1 400 Bad Request]
</failure>
  </testcase>
  <testcase name="testLeftJoinWithLimitNL" classname="org.opensearch.sql.legacy.JoinIT" time="0.034">
    <failure message="org.opensearch.client.ResponseException: method [POST], host [http://127.0.0.1:61803], URI [/_plugins/_sql?format=json], status line [HTTP/1.1 400 Bad Request]&#10;{&#10;  &quot;error&quot;: {&#10;    &quot;reason&quot;: &quot;Invalid SQL query&quot;,&#10;    &quot;details&quot;: &quot;Query is unsupported in the new engine&quot;,&#10;    &quot;type&quot;: &quot;SQLFeatureDisabledException&quot;&#10;  },&#10;  &quot;status&quot;: 400&#10;}" type="org.opensearch.client.ResponseException">org.opensearch.client.ResponseException: method [POST], host [http://127.0.0.1:61803], URI [/_plugins/_sql?format=json], status line [HTTP/1.1 400 Bad Request]
</failure>
  </testcase>
  <testcase name="leftJoinNLWithNullInCondition2" classname="org.opensearch.sql.legacy.JoinIT" time="0.035">
    <failure message="org.opensearch.client.ResponseException: method [POST], host [http://127.0.0.1:61803], URI [/_plugins/_sql?format=json], status line [HTTP/1.1 400 Bad Request]&#10;{&#10;  &quot;error&quot;: {&#10;    &quot;reason&quot;: &quot;Invalid SQL query&quot;,&#10;    &quot;details&quot;: &quot;Query is unsupported in the new engine&quot;,&#10;    &quot;type&quot;: &quot;SQLFeatureDisabledException&quot;&#10;  },&#10;  &quot;status&quot;: 400&#10;}" type="org.opensearch.client.ResponseException">org.opensearch.client.ResponseException: method [POST], host [http://127.0.0.1:61803], URI [/_plugins/_sql?format=json], status line [HTTP/1.1 400 Bad Request]
</failure>
  </testcase>
  <testcase name="hintLimits_firstNullSecondLimitNL" classname="org.opensearch.sql.legacy.JoinIT" time="0.031">
    <failure message="org.opensearch.client.ResponseException: method [POST], host [http://127.0.0.1:61803], URI [/_plugins/_sql?format=json], status line [HTTP/1.1 400 Bad Request]&#10;{&#10;  &quot;error&quot;: {&#10;    &quot;reason&quot;: &quot;Invalid SQL query&quot;,&#10;    &quot;details&quot;: &quot;Query is unsupported in the new engine&quot;,&#10;    &quot;type&quot;: &quot;SQLFeatureDisabledException&quot;&#10;  },&#10;  &quot;status&quot;: 400&#10;}" type="org.opensearch.client.ResponseException">org.opensearch.client.ResponseException: method [POST], host [http://127.0.0.1:61803], URI [/_plugins/_sql?format=json], status line [HTTP/1.1 400 Bad Request]
</failure>
  </testcase>
  <testcase name="leftJoinNLWithNullInCondition1" classname="org.opensearch.sql.legacy.JoinIT" time="0.034">
    <failure message="org.opensearch.client.ResponseException: method [POST], host [http://127.0.0.1:61803], URI [/_plugins/_sql?format=json], status line [HTTP/1.1 400 Bad Request]&#10;{&#10;  &quot;error&quot;: {&#10;    &quot;reason&quot;: &quot;Invalid SQL query&quot;,&#10;    &quot;details&quot;: &quot;Query is unsupported in the new engine&quot;,&#10;    &quot;type&quot;: &quot;SQLFeatureDisabledException&quot;&#10;  },&#10;  &quot;status&quot;: 400&#10;}" type="org.opensearch.client.ResponseException">org.opensearch.client.ResponseException: method [POST], host [http://127.0.0.1:61803], URI [/_plugins/_sql?format=json], status line [HTTP/1.1 400 Bad Request]
</failure>
  </testcase>
  <testcase name="hintLimits_firstLimitSecondNullNL" classname="org.opensearch.sql.legacy.JoinIT" time="0.036">
    <failure message="org.opensearch.client.ResponseException: method [POST], host [http://127.0.0.1:61803], URI [/_plugins/_sql?format=json], status line [HTTP/1.1 400 Bad Request]&#10;{&#10;  &quot;error&quot;: {&#10;    &quot;reason&quot;: &quot;Invalid SQL query&quot;,&#10;    &quot;details&quot;: &quot;Query is unsupported in the new engine&quot;,&#10;    &quot;type&quot;: &quot;SQLFeatureDisabledException&quot;&#10;  },&#10;  &quot;status&quot;: 400&#10;}" type="org.opensearch.client.ResponseException">org.opensearch.client.ResponseException: method [POST], host [http://127.0.0.1:61803], URI [/_plugins/_sql?format=json], status line [HTTP/1.1 400 Bad Request]
</failure>
  </testcase>
  <testcase name="joinWithNestedFieldsOnReturnHASH" classname="org.opensearch.sql.legacy.JoinIT" time="0.051">
    <failure message="org.opensearch.client.ResponseException: method [POST], host [http://127.0.0.1:61803], URI [/_plugins/_sql?format=json], status line [HTTP/1.1 400 Bad Request]&#10;{&#10;  &quot;error&quot;: {&#10;    &quot;reason&quot;: &quot;Invalid SQL query&quot;,&#10;    &quot;details&quot;: &quot;Query is unsupported in the new engine&quot;,&#10;    &quot;type&quot;: &quot;SQLFeatureDisabledException&quot;&#10;  },&#10;  &quot;status&quot;: 400&#10;}" type="org.opensearch.client.ResponseException">org.opensearch.client.ResponseException: method [POST], host [http://127.0.0.1:61803], URI [/_plugins/_sql?format=json], status line [HTTP/1.1 400 Bad Request]
</failure>
  </testcase>
  <testcase name="hintLimits_firstNullSecondLimitHASH" classname="org.opensearch.sql.legacy.JoinIT" time="0.034">
    <failure message="org.opensearch.client.ResponseException: method [POST], host [http://127.0.0.1:61803], URI [/_plugins/_sql?format=json], status line [HTTP/1.1 400 Bad Request]&#10;{&#10;  &quot;error&quot;: {&#10;    &quot;reason&quot;: &quot;Invalid SQL query&quot;,&#10;    &quot;details&quot;: &quot;Query is unsupported in the new engine&quot;,&#10;    &quot;type&quot;: &quot;SQLFeatureDisabledException&quot;&#10;  },&#10;  &quot;status&quot;: 400&#10;}" type="org.opensearch.client.ResponseException">org.opensearch.client.ResponseException: method [POST], host [http://127.0.0.1:61803], URI [/_plugins/_sql?format=json], status line [HTTP/1.1 400 Bad Request]
</failure>
  </testcase>
  <testcase name="leftJoinWithAllFromSecondTableHASH" classname="org.opensearch.sql.legacy.JoinIT" time="0.031">
    <failure message="org.opensearch.client.ResponseException: method [POST], host [http://127.0.0.1:61803], URI [/_plugins/_sql?format=json], status line [HTTP/1.1 400 Bad Request]&#10;{&#10;  &quot;error&quot;: {&#10;    &quot;reason&quot;: &quot;Invalid SQL query&quot;,&#10;    &quot;details&quot;: &quot;Query is unsupported in the new engine&quot;,&#10;    &quot;type&quot;: &quot;SQLFeatureDisabledException&quot;&#10;  },&#10;  &quot;status&quot;: 400&#10;}" type="org.opensearch.client.ResponseException">org.opensearch.client.ResponseException: method [POST], host [http://127.0.0.1:61803], URI [/_plugins/_sql?format=json], status line [HTTP/1.1 400 Bad Request]
</failure>
  </testcase>
  <testcase name="joinWithSomeAliasOnReturnHASH" classname="org.opensearch.sql.legacy.JoinIT" time="0.03">
    <failure message="org.opensearch.client.ResponseException: method [POST], host [http://127.0.0.1:61803], URI [/_plugins/_sql?format=json], status line [HTTP/1.1 400 Bad Request]&#10;{&#10;  &quot;error&quot;: {&#10;    &quot;reason&quot;: &quot;Invalid SQL query&quot;,&#10;    &quot;details&quot;: &quot;Query is unsupported in the new engine&quot;,&#10;    &quot;type&quot;: &quot;SQLFeatureDisabledException&quot;&#10;  },&#10;  &quot;status&quot;: 400&#10;}" type="org.opensearch.client.ResponseException">org.opensearch.client.ResponseException: method [POST], host [http://127.0.0.1:61803], URI [/_plugins/_sql?format=json], status line [HTTP/1.1 400 Bad Request]
</failure>
  </testcase>
  <testcase name="joinWithInQuery" classname="org.opensearch.sql.legacy.JoinIT" time="0.0">
    <skipped/>
  </testcase>
  <testcase name="hintLimits_firstLimitSecondLimitNL" classname="org.opensearch.sql.legacy.JoinIT" time="0.03">
    <failure message="org.opensearch.client.ResponseException: method [POST], host [http://127.0.0.1:61803], URI [/_plugins/_sql?format=json], status line [HTTP/1.1 400 Bad Request]&#10;{&#10;  &quot;error&quot;: {&#10;    &quot;reason&quot;: &quot;Invalid SQL query&quot;,&#10;    &quot;details&quot;: &quot;Query is unsupported in the new engine&quot;,&#10;    &quot;type&quot;: &quot;SQLFeatureDisabledException&quot;&#10;  },&#10;  &quot;status&quot;: 400&#10;}" type="org.opensearch.client.ResponseException">org.opensearch.client.ResponseException: method [POST], host [http://127.0.0.1:61803], URI [/_plugins/_sql?format=json], status line [HTTP/1.1 400 Bad Request]
</failure>
  </testcase>
  <testcase name="joinWithOrderbyFirstTableHASH" classname="org.opensearch.sql.legacy.JoinIT" time="0.03">
    <failure message="org.opensearch.client.ResponseException: method [POST], host [http://127.0.0.1:61803], URI [/_plugins/_sql?format=json], status line [HTTP/1.1 400 Bad Request]&#10;{&#10;  &quot;error&quot;: {&#10;    &quot;reason&quot;: &quot;Invalid SQL query&quot;,&#10;    &quot;details&quot;: &quot;Query is unsupported in the new engine&quot;,&#10;    &quot;type&quot;: &quot;SQLFeatureDisabledException&quot;&#10;  },&#10;  &quot;status&quot;: 400&#10;}" type="org.opensearch.client.ResponseException">org.opensearch.client.ResponseException: method [POST], host [http://127.0.0.1:61803], URI [/_plugins/_sql?format=json], status line [HTTP/1.1 400 Bad Request]
</failure>
  </testcase>
  <testcase name="joinParseCheckSelectedFieldsSplitNLConditionOrderGT" classname="org.opensearch.sql.legacy.JoinIT" time="0.032">
    <failure message="org.opensearch.client.ResponseException: method [POST], host [http://127.0.0.1:61803], URI [/_plugins/_sql?format=json], status line [HTTP/1.1 400 Bad Request]&#10;{&#10;  &quot;error&quot;: {&#10;    &quot;reason&quot;: &quot;Invalid SQL query&quot;,&#10;    &quot;details&quot;: &quot;Query is unsupported in the new engine&quot;,&#10;    &quot;type&quot;: &quot;SQLFeatureDisabledException&quot;&#10;  },&#10;  &quot;status&quot;: 400&#10;}" type="org.opensearch.client.ResponseException">org.opensearch.client.ResponseException: method [POST], host [http://127.0.0.1:61803], URI [/_plugins/_sql?format=json], status line [HTTP/1.1 400 Bad Request]
</failure>
  </testcase>
  <testcase name="joinWithNestedFieldsOnComparisonAndOnReturnNL" classname="org.opensearch.sql.legacy.JoinIT" time="0.041">
    <failure message="org.opensearch.client.ResponseException: method [POST], host [http://127.0.0.1:61803], URI [/_plugins/_sql?format=json], status line [HTTP/1.1 400 Bad Request]&#10;{&#10;  &quot;error&quot;: {&#10;    &quot;reason&quot;: &quot;Invalid SQL query&quot;,&#10;    &quot;details&quot;: &quot;Query is unsupported in the new engine&quot;,&#10;    &quot;type&quot;: &quot;SQLFeatureDisabledException&quot;&#10;  },&#10;  &quot;status&quot;: 400&#10;}" type="org.opensearch.client.ResponseException">org.opensearch.client.ResponseException: method [POST], host [http://127.0.0.1:61803], URI [/_plugins/_sql?format=json], status line [HTTP/1.1 400 Bad Request]
</failure>
  </testcase>
  <testcase name="leftJoinNLWithNullInCondition" classname="org.opensearch.sql.legacy.JoinIT" time="0.036">
    <failure message="org.opensearch.client.ResponseException: method [POST], host [http://127.0.0.1:61803], URI [/_plugins/_sql?format=json], status line [HTTP/1.1 400 Bad Request]&#10;{&#10;  &quot;error&quot;: {&#10;    &quot;reason&quot;: &quot;Invalid SQL query&quot;,&#10;    &quot;details&quot;: &quot;Query is unsupported in the new engine&quot;,&#10;    &quot;type&quot;: &quot;SQLFeatureDisabledException&quot;&#10;  },&#10;  &quot;status&quot;: 400&#10;}" type="org.opensearch.client.ResponseException">org.opensearch.client.ResponseException: method [POST], host [http://127.0.0.1:61803], URI [/_plugins/_sql?format=json], status line [HTTP/1.1 400 Bad Request]
</failure>
  </testcase>
  <testcase name="joinParseWithHintsCheckSelectedFieldsSplitHASH" classname="org.opensearch.sql.legacy.JoinIT" time="0.033">
    <failure message="org.opensearch.client.ResponseException: method [POST], host [http://127.0.0.1:61803], URI [/_plugins/_sql?format=json], status line [HTTP/1.1 400 Bad Request]&#10;{&#10;  &quot;error&quot;: {&#10;    &quot;reason&quot;: &quot;Invalid SQL query&quot;,&#10;    &quot;details&quot;: &quot;Query is unsupported in the new engine&quot;,&#10;    &quot;type&quot;: &quot;SQLFeatureDisabledException&quot;&#10;  },&#10;  &quot;status&quot;: 400&#10;}" type="org.opensearch.client.ResponseException">org.opensearch.client.ResponseException: method [POST], host [http://127.0.0.1:61803], URI [/_plugins/_sql?format=json], status line [HTTP/1.1 400 Bad Request]
</failure>
  </testcase>
  <testcase name="joinParseCheckSelectedFieldsSplitNLConditionOrderEQ" classname="org.opensearch.sql.legacy.JoinIT" time="0.031">
    <failure message="org.opensearch.client.ResponseException: method [POST], host [http://127.0.0.1:61803], URI [/_plugins/_sql?format=json], status line [HTTP/1.1 400 Bad Request]&#10;{&#10;  &quot;error&quot;: {&#10;    &quot;reason&quot;: &quot;Invalid SQL query&quot;,&#10;    &quot;details&quot;: &quot;Query is unsupported in the new engine&quot;,&#10;    &quot;type&quot;: &quot;SQLFeatureDisabledException&quot;&#10;  },&#10;  &quot;status&quot;: 400&#10;}" type="org.opensearch.client.ResponseException">org.opensearch.client.ResponseException: method [POST], host [http://127.0.0.1:61803], URI [/_plugins/_sql?format=json], status line [HTTP/1.1 400 Bad Request]
</failure>
  </testcase>
  <testcase name="joinWithStarHASH" classname="org.opensearch.sql.legacy.JoinIT" time="0.028">
    <failure message="org.opensearch.client.ResponseException: method [POST], host [http://127.0.0.1:61803], URI [/_plugins/_sql?format=json], status line [HTTP/1.1 400 Bad Request]&#10;{&#10;  &quot;error&quot;: {&#10;    &quot;reason&quot;: &quot;Invalid SQL query&quot;,&#10;    &quot;details&quot;: &quot;Query is unsupported in the new engine&quot;,&#10;    &quot;type&quot;: &quot;SQLFeatureDisabledException&quot;&#10;  },&#10;  &quot;status&quot;: 400&#10;}" type="org.opensearch.client.ResponseException">org.opensearch.client.ResponseException: method [POST], host [http://127.0.0.1:61803], URI [/_plugins/_sql?format=json], status line [HTTP/1.1 400 Bad Request]
</failure>
  </testcase>
  <testcase name="joinParseCheckSelectedFieldsSplitNLConditionOrderLT" classname="org.opensearch.sql.legacy.JoinIT" time="0.034">
    <failure message="org.opensearch.client.ResponseException: method [POST], host [http://127.0.0.1:61803], URI [/_plugins/_sql?format=json], status line [HTTP/1.1 400 Bad Request]&#10;{&#10;  &quot;error&quot;: {&#10;    &quot;reason&quot;: &quot;Invalid SQL query&quot;,&#10;    &quot;details&quot;: &quot;Query is unsupported in the new engine&quot;,&#10;    &quot;type&quot;: &quot;SQLFeatureDisabledException&quot;&#10;  },&#10;  &quot;status&quot;: 400&#10;}" type="org.opensearch.client.ResponseException">org.opensearch.client.ResponseException: method [POST], host [http://127.0.0.1:61803], URI [/_plugins/_sql?format=json], status line [HTTP/1.1 400 Bad Request]
</failure>
  </testcase>
  <testcase name="joinWithOrHASH" classname="org.opensearch.sql.legacy.JoinIT" time="0.047">
    <failure message="org.opensearch.client.ResponseException: method [POST], host [http://127.0.0.1:61803], URI [/_plugins/_sql?format=json], status line [HTTP/1.1 400 Bad Request]&#10;{&#10;  &quot;error&quot;: {&#10;    &quot;reason&quot;: &quot;Invalid SQL query&quot;,&#10;    &quot;details&quot;: &quot;Query is unsupported in the new engine&quot;,&#10;    &quot;type&quot;: &quot;SQLFeatureDisabledException&quot;&#10;  },&#10;  &quot;status&quot;: 400&#10;}" type="org.opensearch.client.ResponseException">org.opensearch.client.ResponseException: method [POST], host [http://127.0.0.1:61803], URI [/_plugins/_sql?format=json], status line [HTTP/1.1 400 Bad Request]
</failure>
  </testcase>
  <testcase name="joinWithAllFromFirstTableHASH" classname="org.opensearch.sql.legacy.JoinIT" time="0.033">
    <failure message="org.opensearch.client.ResponseException: method [POST], host [http://127.0.0.1:61803], URI [/_plugins/_sql?format=json], status line [HTTP/1.1 400 Bad Request]&#10;{&#10;  &quot;error&quot;: {&#10;    &quot;reason&quot;: &quot;Invalid SQL query&quot;,&#10;    &quot;details&quot;: &quot;Query is unsupported in the new engine&quot;,&#10;    &quot;type&quot;: &quot;SQLFeatureDisabledException&quot;&#10;  },&#10;  &quot;status&quot;: 400&#10;}" type="org.opensearch.client.ResponseException">org.opensearch.client.ResponseException: method [POST], host [http://127.0.0.1:61803], URI [/_plugins/_sql?format=json], status line [HTTP/1.1 400 Bad Request]
</failure>
  </testcase>
  <testcase name="joinWithOrWithTermsFilterOpt" classname="org.opensearch.sql.legacy.JoinIT" time="0.0">
    <skipped/>
  </testcase>
  <testcase name="joinWithNoWhereButWithConditionNL" classname="org.opensearch.sql.legacy.JoinIT" time="0.036">
    <failure message="org.opensearch.client.ResponseException: method [POST], host [http://127.0.0.1:61803], URI [/_plugins/_sql?format=json], status line [HTTP/1.1 400 Bad Request]&#10;{&#10;  &quot;error&quot;: {&#10;    &quot;reason&quot;: &quot;Invalid SQL query&quot;,&#10;    &quot;details&quot;: &quot;Query is unsupported in the new engine&quot;,&#10;    &quot;type&quot;: &quot;SQLFeatureDisabledException&quot;&#10;  },&#10;  &quot;status&quot;: 400&#10;}" type="org.opensearch.client.ResponseException">org.opensearch.client.ResponseException: method [POST], host [http://127.0.0.1:61803], URI [/_plugins/_sql?format=json], status line [HTTP/1.1 400 Bad Request]
</failure>
  </testcase>
  <testcase name="joinWithOrNL" classname="org.opensearch.sql.legacy.JoinIT" time="0.034">
    <failure message="org.opensearch.client.ResponseException: method [POST], host [http://127.0.0.1:61803], URI [/_plugins/_sql?format=json], status line [HTTP/1.1 400 Bad Request]&#10;{&#10;  &quot;error&quot;: {&#10;    &quot;reason&quot;: &quot;Invalid SQL query&quot;,&#10;    &quot;details&quot;: &quot;Query is unsupported in the new engine&quot;,&#10;    &quot;type&quot;: &quot;SQLFeatureDisabledException&quot;&#10;  },&#10;  &quot;status&quot;: 400&#10;}" type="org.opensearch.client.ResponseException">org.opensearch.client.ResponseException: method [POST], host [http://127.0.0.1:61803], URI [/_plugins/_sql?format=json], status line [HTTP/1.1 400 Bad Request]
</failure>
  </testcase>
  <testcase name="testLeftJoinWithLimitHASH" classname="org.opensearch.sql.legacy.JoinIT" time="0.033">
    <failure message="org.opensearch.client.ResponseException: method [POST], host [http://127.0.0.1:61803], URI [/_plugins/_sql?format=json], status line [HTTP/1.1 400 Bad Request]&#10;{&#10;  &quot;error&quot;: {&#10;    &quot;reason&quot;: &quot;Invalid SQL query&quot;,&#10;    &quot;details&quot;: &quot;Query is unsupported in the new engine&quot;,&#10;    &quot;type&quot;: &quot;SQLFeatureDisabledException&quot;&#10;  },&#10;  &quot;status&quot;: 400&#10;}" type="org.opensearch.client.ResponseException">org.opensearch.client.ResponseException: method [POST], host [http://127.0.0.1:61803], URI [/_plugins/_sql?format=json], status line [HTTP/1.1 400 Bad Request]
</failure>
  </testcase>
  <testcase name="hintLimits_firstLimitSecondLimitHASH" classname="org.opensearch.sql.legacy.JoinIT" time="0.036">
    <failure message="org.opensearch.client.ResponseException: method [POST], host [http://127.0.0.1:61803], URI [/_plugins/_sql?format=json], status line [HTTP/1.1 400 Bad Request]&#10;{&#10;  &quot;error&quot;: {&#10;    &quot;reason&quot;: &quot;Invalid SQL query&quot;,&#10;    &quot;details&quot;: &quot;Query is unsupported in the new engine&quot;,&#10;    &quot;type&quot;: &quot;SQLFeatureDisabledException&quot;&#10;  },&#10;  &quot;status&quot;: 400&#10;}" type="org.opensearch.client.ResponseException">org.opensearch.client.ResponseException: method [POST], host [http://127.0.0.1:61803], URI [/_plugins/_sql?format=json], status line [HTTP/1.1 400 Bad Request]
</failure>
  </testcase>
  <testcase name="joinNoConditionButWithWhereNL" classname="org.opensearch.sql.legacy.JoinIT" time="0.031">
    <failure message="org.opensearch.client.ResponseException: method [POST], host [http://127.0.0.1:61803], URI [/_plugins/_sql?format=json], status line [HTTP/1.1 400 Bad Request]&#10;{&#10;  &quot;error&quot;: {&#10;    &quot;reason&quot;: &quot;Invalid SQL query&quot;,&#10;    &quot;details&quot;: &quot;Query is unsupported in the new engine&quot;,&#10;    &quot;type&quot;: &quot;SQLFeatureDisabledException&quot;&#10;  },&#10;  &quot;status&quot;: 400&#10;}" type="org.opensearch.client.ResponseException">org.opensearch.client.ResponseException: method [POST], host [http://127.0.0.1:61803], URI [/_plugins/_sql?format=json], status line [HTTP/1.1 400 Bad Request]
</failure>
  </testcase>
  <testcase name="innerJoinNLWithNullInCondition2" classname="org.opensearch.sql.legacy.JoinIT" time="0.038">
    <failure message="org.opensearch.client.ResponseException: method [POST], host [http://127.0.0.1:61803], URI [/_plugins/_sql?format=json], status line [HTTP/1.1 400 Bad Request]&#10;{&#10;  &quot;error&quot;: {&#10;    &quot;reason&quot;: &quot;Invalid SQL query&quot;,&#10;    &quot;details&quot;: &quot;Query is unsupported in the new engine&quot;,&#10;    &quot;type&quot;: &quot;SQLFeatureDisabledException&quot;&#10;  },&#10;  &quot;status&quot;: 400&#10;}" type="org.opensearch.client.ResponseException">org.opensearch.client.ResponseException: method [POST], host [http://127.0.0.1:61803], URI [/_plugins/_sql?format=json], status line [HTTP/1.1 400 Bad Request]
</failure>
  </testcase>
  <testcase name="joinWithAllFromFirstTableNL" classname="org.opensearch.sql.legacy.JoinIT" time="0.042">
    <failure message="org.opensearch.client.ResponseException: method [POST], host [http://127.0.0.1:61803], URI [/_plugins/_sql?format=json], status line [HTTP/1.1 400 Bad Request]&#10;{&#10;  &quot;error&quot;: {&#10;    &quot;reason&quot;: &quot;Invalid SQL query&quot;,&#10;    &quot;details&quot;: &quot;Query is unsupported in the new engine&quot;,&#10;    &quot;type&quot;: &quot;SQLFeatureDisabledException&quot;&#10;  },&#10;  &quot;status&quot;: 400&#10;}" type="org.opensearch.client.ResponseException">org.opensearch.client.ResponseException: method [POST], host [http://127.0.0.1:61803], URI [/_plugins/_sql?format=json], status line [HTTP/1.1 400 Bad Request]
</failure>
  </testcase>
  <testcase name="hintMultiSearchCanRunFewTimesNL" classname="org.opensearch.sql.legacy.JoinIT" time="0.037">
    <failure message="org.opensearch.client.ResponseException: method [POST], host [http://127.0.0.1:61803], URI [/_plugins/_sql?format=json], status line [HTTP/1.1 400 Bad Request]&#10;{&#10;  &quot;error&quot;: {&#10;    &quot;reason&quot;: &quot;Invalid SQL query&quot;,&#10;    &quot;details&quot;: &quot;Query is unsupported in the new engine&quot;,&#10;    &quot;type&quot;: &quot;SQLFeatureDisabledException&quot;&#10;  },&#10;  &quot;status&quot;: 400&#10;}" type="org.opensearch.client.ResponseException">org.opensearch.client.ResponseException: method [POST], host [http://127.0.0.1:61803], URI [/_plugins/_sql?format=json], status line [HTTP/1.1 400 Bad Request]
</failure>
  </testcase>
  <testcase name="hintLimits_firstLimitSecondNullHASH" classname="org.opensearch.sql.legacy.JoinIT" time="0.039">
    <failure message="org.opensearch.client.ResponseException: method [POST], host [http://127.0.0.1:61803], URI [/_plugins/_sql?format=json], status line [HTTP/1.1 400 Bad Request]&#10;{&#10;  &quot;error&quot;: {&#10;    &quot;reason&quot;: &quot;Invalid SQL query&quot;,&#10;    &quot;details&quot;: &quot;Query is unsupported in the new engine&quot;,&#10;    &quot;type&quot;: &quot;SQLFeatureDisabledException&quot;&#10;  },&#10;  &quot;status&quot;: 400&#10;}" type="org.opensearch.client.ResponseException">org.opensearch.client.ResponseException: method [POST], host [http://127.0.0.1:61803], URI [/_plugins/_sql?format=json], status line [HTTP/1.1 400 Bad Request]
</failure>
  </testcase>
  <system-out><![CDATA[[2023-01-17T04:16:07,755][INFO ][o.o.s.l.JoinIT           ] [testLeftJoinHASH] before test
]]></system-out>
  <system-err><![CDATA[REPRODUCE WITH: ./gradlew ':integ-test:integTest' --tests "org.opensearch.sql.legacy.JoinIT.testLeftJoinHASH" -Dtests.seed=160F64C51FACC80F -Dtests.security.manager=false -Dtests.locale=en-CA -Dtests.timezone=Libya -Druntime.java=17
]]></system-err>
</testsuite>
<?xml version="1.0" encoding="UTF-8"?>
<testsuite name="org.opensearch.sql.legacy.MathFunctionsIT" tests="21" skipped="0" failures="19" errors="0" timestamp="2023-01-17T02:16:13" hostname="Unused26-MacBook.local" time="1.658">
  <properties/>
  <testcase name="degreesFunction" classname="org.opensearch.sql.legacy.MathFunctionsIT" time="0.594">
    <failure message="org.opensearch.client.ResponseException: method [POST], host [http://[::1]:61802], URI [/_plugins/_sql?format=json], status line [HTTP/1.1 400 Bad Request]&#10;{&#10;  &quot;error&quot;: {&#10;    &quot;reason&quot;: &quot;Invalid SQL query&quot;,&#10;    &quot;details&quot;: &quot;Query is unsupported in the new engine&quot;,&#10;    &quot;type&quot;: &quot;SQLFeatureDisabledException&quot;&#10;  },&#10;  &quot;status&quot;: 400&#10;}" type="org.opensearch.client.ResponseException">org.opensearch.client.ResponseException: method [POST], host [http://[::1]:61802], URI [/_plugins/_sql?format=json], status line [HTTP/1.1 400 Bad Request]
</failure>
  </testcase>
  <testcase name="logWithOneParam" classname="org.opensearch.sql.legacy.MathFunctionsIT" time="0.036">
    <failure message="org.opensearch.client.ResponseException: method [POST], host [http://127.0.0.1:61803], URI [/_plugins/_sql?format=json], status line [HTTP/1.1 400 Bad Request]&#10;{&#10;  &quot;error&quot;: {&#10;    &quot;reason&quot;: &quot;Invalid SQL query&quot;,&#10;    &quot;details&quot;: &quot;Query is unsupported in the new engine&quot;,&#10;    &quot;type&quot;: &quot;SQLFeatureDisabledException&quot;&#10;  },&#10;  &quot;status&quot;: 400&#10;}" type="org.opensearch.client.ResponseException">org.opensearch.client.ResponseException: method [POST], host [http://127.0.0.1:61803], URI [/_plugins/_sql?format=json], status line [HTTP/1.1 400 Bad Request]
</failure>
  </testcase>
  <testcase name="eulersNumber" classname="org.opensearch.sql.legacy.MathFunctionsIT" time="0.031">
    <failure message="org.opensearch.client.ResponseException: method [POST], host [http://[::1]:61802], URI [/_plugins/_sql?format=json], status line [HTTP/1.1 400 Bad Request]&#10;{&#10;  &quot;error&quot;: {&#10;    &quot;reason&quot;: &quot;Invalid SQL query&quot;,&#10;    &quot;details&quot;: &quot;Query is unsupported in the new engine&quot;,&#10;    &quot;type&quot;: &quot;SQLFeatureDisabledException&quot;&#10;  },&#10;  &quot;status&quot;: 400&#10;}" type="org.opensearch.client.ResponseException">org.opensearch.client.ResponseException: method [POST], host [http://[::1]:61802], URI [/_plugins/_sql?format=json], status line [HTTP/1.1 400 Bad Request]
</failure>
  </testcase>
  <testcase name="log10Test" classname="org.opensearch.sql.legacy.MathFunctionsIT" time="0.035">
    <failure message="org.opensearch.client.ResponseException: method [POST], host [http://127.0.0.1:61803], URI [/_plugins/_sql?format=json], status line [HTTP/1.1 400 Bad Request]&#10;{&#10;  &quot;error&quot;: {&#10;    &quot;reason&quot;: &quot;Invalid SQL query&quot;,&#10;    &quot;details&quot;: &quot;Query is unsupported in the new engine&quot;,&#10;    &quot;type&quot;: &quot;SQLFeatureDisabledException&quot;&#10;  },&#10;  &quot;status&quot;: 400&#10;}" type="org.opensearch.client.ResponseException">org.opensearch.client.ResponseException: method [POST], host [http://127.0.0.1:61803], URI [/_plugins/_sql?format=json], status line [HTTP/1.1 400 Bad Request]
</failure>
  </testcase>
  <testcase name="radiansFunction" classname="org.opensearch.sql.legacy.MathFunctionsIT" time="0.035">
    <failure message="org.opensearch.client.ResponseException: method [POST], host [http://[::1]:61802], URI [/_plugins/_sql?format=json], status line [HTTP/1.1 400 Bad Request]&#10;{&#10;  &quot;error&quot;: {&#10;    &quot;reason&quot;: &quot;Invalid SQL query&quot;,&#10;    &quot;details&quot;: &quot;Query is unsupported in the new engine&quot;,&#10;    &quot;type&quot;: &quot;SQLFeatureDisabledException&quot;&#10;  },&#10;  &quot;status&quot;: 400&#10;}" type="org.opensearch.client.ResponseException">org.opensearch.client.ResponseException: method [POST], host [http://[::1]:61802], URI [/_plugins/_sql?format=json], status line [HTTP/1.1 400 Bad Request]
</failure>
  </testcase>
  <testcase name="logInAggregationShouldPass" classname="org.opensearch.sql.legacy.MathFunctionsIT" time="0.297"/>
  <testcase name="power" classname="org.opensearch.sql.legacy.MathFunctionsIT" time="0.074">
    <failure message="org.opensearch.client.ResponseException: method [POST], host [http://127.0.0.1:61803], URI [/_plugins/_sql?format=json], status line [HTTP/1.1 400 Bad Request]&#10;{&#10;  &quot;error&quot;: {&#10;    &quot;reason&quot;: &quot;Invalid SQL query&quot;,&#10;    &quot;details&quot;: &quot;Query is unsupported in the new engine&quot;,&#10;    &quot;type&quot;: &quot;SQLFeatureDisabledException&quot;&#10;  },&#10;  &quot;status&quot;: 400&#10;}" type="org.opensearch.client.ResponseException">org.opensearch.client.ResponseException: method [POST], host [http://127.0.0.1:61803], URI [/_plugins/_sql?format=json], status line [HTTP/1.1 400 Bad Request]
</failure>
  </testcase>
  <testcase name="sinh" classname="org.opensearch.sql.legacy.MathFunctionsIT" time="0.058">
    <failure message="org.opensearch.client.ResponseException: method [POST], host [http://[::1]:61802], URI [/_plugins/_sql?format=json], status line [HTTP/1.1 400 Bad Request]&#10;{&#10;  &quot;error&quot;: {&#10;    &quot;reason&quot;: &quot;Invalid SQL query&quot;,&#10;    &quot;details&quot;: &quot;Query is unsupported in the new engine&quot;,&#10;    &quot;type&quot;: &quot;SQLFeatureDisabledException&quot;&#10;  },&#10;  &quot;status&quot;: 400&#10;}" type="org.opensearch.client.ResponseException">org.opensearch.client.ResponseException: method [POST], host [http://[::1]:61802], URI [/_plugins/_sql?format=json], status line [HTTP/1.1 400 Bad Request]
</failure>
  </testcase>
  <testcase name="sign" classname="org.opensearch.sql.legacy.MathFunctionsIT" time="0.044">
    <failure message="org.opensearch.client.ResponseException: method [POST], host [http://127.0.0.1:61803], URI [/_plugins/_sql?format=json], status line [HTTP/1.1 400 Bad Request]&#10;{&#10;  &quot;error&quot;: {&#10;    &quot;reason&quot;: &quot;Invalid SQL query&quot;,&#10;    &quot;details&quot;: &quot;Query is unsupported in the new engine&quot;,&#10;    &quot;type&quot;: &quot;SQLFeatureDisabledException&quot;&#10;  },&#10;  &quot;status&quot;: 400&#10;}" type="org.opensearch.client.ResponseException">org.opensearch.client.ResponseException: method [POST], host [http://127.0.0.1:61803], URI [/_plugins/_sql?format=json], status line [HTTP/1.1 400 Bad Request]
</failure>
  </testcase>
  <testcase name="lnInAggregationShouldPass" classname="org.opensearch.sql.legacy.MathFunctionsIT" time="0.113"/>
  <testcase name="ln" classname="org.opensearch.sql.legacy.MathFunctionsIT" time="0.031">
    <failure message="org.opensearch.client.ResponseException: method [POST], host [http://127.0.0.1:61803], URI [/_plugins/_sql?format=json], status line [HTTP/1.1 400 Bad Request]&#10;{&#10;  &quot;error&quot;: {&#10;    &quot;reason&quot;: &quot;Invalid SQL query&quot;,&#10;    &quot;details&quot;: &quot;Query is unsupported in the new engine&quot;,&#10;    &quot;type&quot;: &quot;SQLFeatureDisabledException&quot;&#10;  },&#10;  &quot;status&quot;: 400&#10;}" type="org.opensearch.client.ResponseException">org.opensearch.client.ResponseException: method [POST], host [http://127.0.0.1:61803], URI [/_plugins/_sql?format=json], status line [HTTP/1.1 400 Bad Request]
</failure>
  </testcase>
  <testcase name="expm1Function" classname="org.opensearch.sql.legacy.MathFunctionsIT" time="0.033">
    <failure message="org.opensearch.client.ResponseException: method [POST], host [http://[::1]:61802], URI [/_plugins/_sql?format=json], status line [HTTP/1.1 400 Bad Request]&#10;{&#10;  &quot;error&quot;: {&#10;    &quot;reason&quot;: &quot;Invalid SQL query&quot;,&#10;    &quot;details&quot;: &quot;Query is unsupported in the new engine&quot;,&#10;    &quot;type&quot;: &quot;SQLFeatureDisabledException&quot;&#10;  },&#10;  &quot;status&quot;: 400&#10;}" type="org.opensearch.client.ResponseException">org.opensearch.client.ResponseException: method [POST], host [http://[::1]:61802], URI [/_plugins/_sql?format=json], status line [HTTP/1.1 400 Bad Request]
</failure>
  </testcase>
  <testcase name="pi" classname="org.opensearch.sql.legacy.MathFunctionsIT" time="0.03">
    <failure message="org.opensearch.client.ResponseException: method [POST], host [http://127.0.0.1:61803], URI [/_plugins/_sql?format=json], status line [HTTP/1.1 400 Bad Request]&#10;{&#10;  &quot;error&quot;: {&#10;    &quot;reason&quot;: &quot;Invalid SQL query&quot;,&#10;    &quot;details&quot;: &quot;Query is unsupported in the new engine&quot;,&#10;    &quot;type&quot;: &quot;SQLFeatureDisabledException&quot;&#10;  },&#10;  &quot;status&quot;: 400&#10;}" type="org.opensearch.client.ResponseException">org.opensearch.client.ResponseException: method [POST], host [http://127.0.0.1:61803], URI [/_plugins/_sql?format=json], status line [HTTP/1.1 400 Bad Request]
</failure>
  </testcase>
  <testcase name="asin" classname="org.opensearch.sql.legacy.MathFunctionsIT" time="0.026">
    <failure message="org.opensearch.client.ResponseException: method [POST], host [http://[::1]:61802], URI [/_plugins/_sql?format=json], status line [HTTP/1.1 400 Bad Request]&#10;{&#10;  &quot;error&quot;: {&#10;    &quot;reason&quot;: &quot;Invalid SQL query&quot;,&#10;    &quot;details&quot;: &quot;Query is unsupported in the new engine&quot;,&#10;    &quot;type&quot;: &quot;SQLFeatureDisabledException&quot;&#10;  },&#10;  &quot;status&quot;: 400&#10;}" type="org.opensearch.client.ResponseException">org.opensearch.client.ResponseException: method [POST], host [http://[::1]:61802], URI [/_plugins/_sql?format=json], status line [HTTP/1.1 400 Bad Request]
</failure>
  </testcase>
  <testcase name="cot" classname="org.opensearch.sql.legacy.MathFunctionsIT" time="0.027">
    <failure message="org.opensearch.client.ResponseException: method [POST], host [http://127.0.0.1:61803], URI [/_plugins/_sql?format=json], status line [HTTP/1.1 400 Bad Request]&#10;{&#10;  &quot;error&quot;: {&#10;    &quot;reason&quot;: &quot;Invalid SQL query&quot;,&#10;    &quot;details&quot;: &quot;Query is unsupported in the new engine&quot;,&#10;    &quot;type&quot;: &quot;SQLFeatureDisabledException&quot;&#10;  },&#10;  &quot;status&quot;: 400&#10;}" type="org.opensearch.client.ResponseException">org.opensearch.client.ResponseException: method [POST], host [http://127.0.0.1:61803], URI [/_plugins/_sql?format=json], status line [HTTP/1.1 400 Bad Request]
</failure>
  </testcase>
  <testcase name="atan2" classname="org.opensearch.sql.legacy.MathFunctionsIT" time="0.027">
    <failure message="org.opensearch.client.ResponseException: method [POST], host [http://[::1]:61802], URI [/_plugins/_sql?format=json], status line [HTTP/1.1 400 Bad Request]&#10;{&#10;  &quot;error&quot;: {&#10;    &quot;reason&quot;: &quot;Invalid SQL query&quot;,&#10;    &quot;details&quot;: &quot;Query is unsupported in the new engine&quot;,&#10;    &quot;type&quot;: &quot;SQLFeatureDisabledException&quot;&#10;  },&#10;  &quot;status&quot;: 400&#10;}" type="org.opensearch.client.ResponseException">org.opensearch.client.ResponseException: method [POST], host [http://[::1]:61802], URI [/_plugins/_sql?format=json], status line [HTTP/1.1 400 Bad Request]
</failure>
  </testcase>
  <testcase name="lowerCaseFunctionCall" classname="org.opensearch.sql.legacy.MathFunctionsIT" time="0.031">
    <failure message="org.opensearch.client.ResponseException: method [POST], host [http://127.0.0.1:61803], URI [/_plugins/_sql?format=json], status line [HTTP/1.1 400 Bad Request]&#10;{&#10;  &quot;error&quot;: {&#10;    &quot;reason&quot;: &quot;Invalid SQL query&quot;,&#10;    &quot;details&quot;: &quot;Query is unsupported in the new engine&quot;,&#10;    &quot;type&quot;: &quot;SQLFeatureDisabledException&quot;&#10;  },&#10;  &quot;status&quot;: 400&#10;}" type="org.opensearch.client.ResponseException">org.opensearch.client.ResponseException: method [POST], host [http://127.0.0.1:61803], URI [/_plugins/_sql?format=json], status line [HTTP/1.1 400 Bad Request]
</failure>
  </testcase>
  <testcase name="sin" classname="org.opensearch.sql.legacy.MathFunctionsIT" time="0.031">
    <failure message="org.opensearch.client.ResponseException: method [POST], host [http://[::1]:61802], URI [/_plugins/_sql?format=json], status line [HTTP/1.1 400 Bad Request]&#10;{&#10;  &quot;error&quot;: {&#10;    &quot;reason&quot;: &quot;Invalid SQL query&quot;,&#10;    &quot;details&quot;: &quot;Query is unsupported in the new engine&quot;,&#10;    &quot;type&quot;: &quot;SQLFeatureDisabledException&quot;&#10;  },&#10;  &quot;status&quot;: 400&#10;}" type="org.opensearch.client.ResponseException">org.opensearch.client.ResponseException: method [POST], host [http://[::1]:61802], URI [/_plugins/_sql?format=json], status line [HTTP/1.1 400 Bad Request]
</failure>
  </testcase>
  <testcase name="logWithTwoParams" classname="org.opensearch.sql.legacy.MathFunctionsIT" time="0.034">
    <failure message="org.opensearch.client.ResponseException: method [POST], host [http://127.0.0.1:61803], URI [/_plugins/_sql?format=json], status line [HTTP/1.1 400 Bad Request]&#10;{&#10;  &quot;error&quot;: {&#10;    &quot;reason&quot;: &quot;Invalid SQL query&quot;,&#10;    &quot;details&quot;: &quot;Query is unsupported in the new engine&quot;,&#10;    &quot;type&quot;: &quot;SQLFeatureDisabledException&quot;&#10;  },&#10;  &quot;status&quot;: 400&#10;}" type="org.opensearch.client.ResponseException">org.opensearch.client.ResponseException: method [POST], host [http://127.0.0.1:61803], URI [/_plugins/_sql?format=json], status line [HTTP/1.1 400 Bad Request]
</failure>
  </testcase>
  <testcase name="upperCaseFunctionCall" classname="org.opensearch.sql.legacy.MathFunctionsIT" time="0.03">
    <failure message="org.opensearch.client.ResponseException: method [POST], host [http://[::1]:61802], URI [/_plugins/_sql?format=json], status line [HTTP/1.1 400 Bad Request]&#10;{&#10;  &quot;error&quot;: {&#10;    &quot;reason&quot;: &quot;Invalid SQL query&quot;,&#10;    &quot;details&quot;: &quot;Query is unsupported in the new engine&quot;,&#10;    &quot;type&quot;: &quot;SQLFeatureDisabledException&quot;&#10;  },&#10;  &quot;status&quot;: 400&#10;}" type="org.opensearch.client.ResponseException">org.opensearch.client.ResponseException: method [POST], host [http://[::1]:61802], URI [/_plugins/_sql?format=json], status line [HTTP/1.1 400 Bad Request]
</failure>
  </testcase>
  <testcase name="rand" classname="org.opensearch.sql.legacy.MathFunctionsIT" time="0.028">
    <failure message="org.opensearch.client.ResponseException: method [POST], host [http://127.0.0.1:61803], URI [/_plugins/_sql?format=json], status line [HTTP/1.1 400 Bad Request]&#10;{&#10;  &quot;error&quot;: {&#10;    &quot;reason&quot;: &quot;Invalid SQL query&quot;,&#10;    &quot;details&quot;: &quot;Query is unsupported in the new engine&quot;,&#10;    &quot;type&quot;: &quot;SQLFeatureDisabledException&quot;&#10;  },&#10;  &quot;status&quot;: 400&#10;}" type="org.opensearch.client.ResponseException">org.opensearch.client.ResponseException: method [POST], host [http://127.0.0.1:61803], URI [/_plugins/_sql?format=json], status line [HTTP/1.1 400 Bad Request]
</failure>
  </testcase>
  <system-out><![CDATA[[2023-01-16T23:16:13,068][INFO ][o.o.s.l.MathFunctionsIT  ] [degreesFunction] before test
]]></system-out>
  <system-err><![CDATA[REPRODUCE WITH: ./gradlew ':integ-test:integTest' --tests "org.opensearch.sql.legacy.MathFunctionsIT.degreesFunction" -Dtests.seed=160F64C51FACC80F -Dtests.security.manager=false -Dtests.locale=pl-PL -Dtests.timezone=BET -Druntime.java=17
]]></system-err>
</testsuite>
<?xml version="1.0" encoding="UTF-8"?>
<testsuite name="org.opensearch.sql.legacy.MetaDataQueriesIT" tests="13" skipped="2" failures="11" errors="0" timestamp="2023-01-17T02:16:14" hostname="Unused26-MacBook.local" time="2.224">
  <properties/>
  <testcase name="describeSingleIndexWithObjectFieldShouldPass" classname="org.opensearch.sql.legacy.MetaDataQueriesIT" time="1.395">
    <failure message="org.opensearch.client.ResponseException: method [POST], host [http://[::1]:61802], URI [/_plugins/_sql?format=json&amp;format=jdbc], status line [HTTP/1.1 400 Bad Request]&#10;{&#10;  &quot;error&quot;: {&#10;    &quot;reason&quot;: &quot;Invalid SQL query&quot;,&#10;    &quot;details&quot;: &quot;Query is unsupported in the new engine&quot;,&#10;    &quot;type&quot;: &quot;SQLFeatureDisabledException&quot;&#10;  },&#10;  &quot;status&quot;: 400&#10;}" type="org.opensearch.client.ResponseException">org.opensearch.client.ResponseException: method [POST], host [http://[::1]:61802], URI [/_plugins/_sql?format=json&amp;format=jdbc], status line [HTTP/1.1 400 Bad Request]
</failure>
  </testcase>
  <testcase name="describeSingleIndexNameWithDot" classname="org.opensearch.sql.legacy.MetaDataQueriesIT" time="0.312">
    <failure message="org.opensearch.client.ResponseException: method [POST], host [http://[::1]:61802], URI [/_plugins/_sql?format=json&amp;format=jdbc], status line [HTTP/1.1 400 Bad Request]&#10;{&#10;  &quot;error&quot;: {&#10;    &quot;reason&quot;: &quot;Invalid SQL query&quot;,&#10;    &quot;details&quot;: &quot;Query is unsupported in the new engine&quot;,&#10;    &quot;type&quot;: &quot;SQLFeatureDisabledException&quot;&#10;  },&#10;  &quot;status&quot;: 400&#10;}" type="org.opensearch.client.ResponseException">org.opensearch.client.ResponseException: method [POST], host [http://[::1]:61802], URI [/_plugins/_sql?format=json&amp;format=jdbc], status line [HTTP/1.1 400 Bad Request]
</failure>
  </testcase>
  <testcase name="showSingleIndexAlias" classname="org.opensearch.sql.legacy.MetaDataQueriesIT" time="0.0">
    <skipped/>
  </testcase>
  <testcase name="describeSingleCharacterWildcard" classname="org.opensearch.sql.legacy.MetaDataQueriesIT" time="0.036">
    <failure message="org.opensearch.client.ResponseException: method [POST], host [http://127.0.0.1:61803], URI [/_plugins/_sql?format=json&amp;format=jdbc], status line [HTTP/1.1 400 Bad Request]&#10;{&#10;  &quot;error&quot;: {&#10;    &quot;reason&quot;: &quot;Invalid SQL query&quot;,&#10;    &quot;details&quot;: &quot;Query is unsupported in the new engine&quot;,&#10;    &quot;type&quot;: &quot;SQLFeatureDisabledException&quot;&#10;  },&#10;  &quot;status&quot;: 400&#10;}" type="org.opensearch.client.ResponseException">org.opensearch.client.ResponseException: method [POST], host [http://127.0.0.1:61803], URI [/_plugins/_sql?format=json&amp;format=jdbc], status line [HTTP/1.1 400 Bad Request]
</failure>
  </testcase>
  <testcase name="showCaseSensitivityCheck" classname="org.opensearch.sql.legacy.MetaDataQueriesIT" time="0.031">
    <failure message="org.opensearch.client.ResponseException: method [POST], host [http://[::1]:61802], URI [/_plugins/_sql?format=json&amp;format=jdbc], status line [HTTP/1.1 400 Bad Request]&#10;{&#10;  &quot;error&quot;: {&#10;    &quot;reason&quot;: &quot;Invalid SQL query&quot;,&#10;    &quot;details&quot;: &quot;Query is unsupported in the new engine&quot;,&#10;    &quot;type&quot;: &quot;SQLFeatureDisabledException&quot;&#10;  },&#10;  &quot;status&quot;: 400&#10;}" type="org.opensearch.client.ResponseException">org.opensearch.client.ResponseException: method [POST], host [http://[::1]:61802], URI [/_plugins/_sql?format=json&amp;format=jdbc], status line [HTTP/1.1 400 Bad Request]
</failure>
  </testcase>
  <testcase name="describeWildcardIndex" classname="org.opensearch.sql.legacy.MetaDataQueriesIT" time="0.032">
    <failure message="org.opensearch.client.ResponseException: method [POST], host [http://127.0.0.1:61803], URI [/_plugins/_sql?format=json&amp;format=jdbc], status line [HTTP/1.1 400 Bad Request]&#10;{&#10;  &quot;error&quot;: {&#10;    &quot;reason&quot;: &quot;Invalid SQL query&quot;,&#10;    &quot;details&quot;: &quot;Query is unsupported in the new engine&quot;,&#10;    &quot;type&quot;: &quot;SQLFeatureDisabledException&quot;&#10;  },&#10;  &quot;status&quot;: 400&#10;}" type="org.opensearch.client.ResponseException">org.opensearch.client.ResponseException: method [POST], host [http://127.0.0.1:61803], URI [/_plugins/_sql?format=json&amp;format=jdbc], status line [HTTP/1.1 400 Bad Request]
</failure>
  </testcase>
  <testcase name="describeSingleIndex" classname="org.opensearch.sql.legacy.MetaDataQueriesIT" time="0.03">
    <failure message="org.opensearch.client.ResponseException: method [POST], host [http://[::1]:61802], URI [/_plugins/_sql?format=json&amp;format=jdbc], status line [HTTP/1.1 400 Bad Request]&#10;{&#10;  &quot;error&quot;: {&#10;    &quot;reason&quot;: &quot;Invalid SQL query&quot;,&#10;    &quot;details&quot;: &quot;Query is unsupported in the new engine&quot;,&#10;    &quot;type&quot;: &quot;SQLFeatureDisabledException&quot;&#10;  },&#10;  &quot;status&quot;: 400&#10;}" type="org.opensearch.client.ResponseException">org.opensearch.client.ResponseException: method [POST], host [http://[::1]:61802], URI [/_plugins/_sql?format=json&amp;format=jdbc], status line [HTTP/1.1 400 Bad Request]
</failure>
  </testcase>
  <testcase name="showSingleIndexNameWithDot" classname="org.opensearch.sql.legacy.MetaDataQueriesIT" time="0.268">
    <failure message="org.opensearch.client.ResponseException: method [POST], host [http://[::1]:61802], URI [/_plugins/_sql?format=json&amp;format=jdbc], status line [HTTP/1.1 400 Bad Request]&#10;{&#10;  &quot;error&quot;: {&#10;    &quot;reason&quot;: &quot;Invalid SQL query&quot;,&#10;    &quot;details&quot;: &quot;Query is unsupported in the new engine&quot;,&#10;    &quot;type&quot;: &quot;SQLFeatureDisabledException&quot;&#10;  },&#10;  &quot;status&quot;: 400&#10;}" type="org.opensearch.client.ResponseException">org.opensearch.client.ResponseException: method [POST], host [http://[::1]:61802], URI [/_plugins/_sql?format=json&amp;format=jdbc], status line [HTTP/1.1 400 Bad Request]
</failure>
  </testcase>
  <testcase name="describeSingleIndexAlias" classname="org.opensearch.sql.legacy.MetaDataQueriesIT" time="0.0">
    <skipped/>
  </testcase>
  <testcase name="showSingleIndex" classname="org.opensearch.sql.legacy.MetaDataQueriesIT" time="0.033">
    <failure message="org.opensearch.client.ResponseException: method [POST], host [http://127.0.0.1:61803], URI [/_plugins/_sql?format=json&amp;format=jdbc], status line [HTTP/1.1 400 Bad Request]&#10;{&#10;  &quot;error&quot;: {&#10;    &quot;reason&quot;: &quot;Invalid SQL query&quot;,&#10;    &quot;details&quot;: &quot;Query is unsupported in the new engine&quot;,&#10;    &quot;type&quot;: &quot;SQLFeatureDisabledException&quot;&#10;  },&#10;  &quot;status&quot;: 400&#10;}" type="org.opensearch.client.ResponseException">org.opensearch.client.ResponseException: method [POST], host [http://127.0.0.1:61803], URI [/_plugins/_sql?format=json&amp;format=jdbc], status line [HTTP/1.1 400 Bad Request]
</failure>
  </testcase>
  <testcase name="describeWildcardColumn" classname="org.opensearch.sql.legacy.MetaDataQueriesIT" time="0.028">
    <failure message="org.opensearch.client.ResponseException: method [POST], host [http://[::1]:61802], URI [/_plugins/_sql?format=json&amp;format=jdbc], status line [HTTP/1.1 400 Bad Request]&#10;{&#10;  &quot;error&quot;: {&#10;    &quot;reason&quot;: &quot;Invalid SQL query&quot;,&#10;    &quot;details&quot;: &quot;Query is unsupported in the new engine&quot;,&#10;    &quot;type&quot;: &quot;SQLFeatureDisabledException&quot;&#10;  },&#10;  &quot;status&quot;: 400&#10;}" type="org.opensearch.client.ResponseException">org.opensearch.client.ResponseException: method [POST], host [http://[::1]:61802], URI [/_plugins/_sql?format=json&amp;format=jdbc], status line [HTTP/1.1 400 Bad Request]
</failure>
  </testcase>
  <testcase name="describeCaseSensitivityCheck" classname="org.opensearch.sql.legacy.MetaDataQueriesIT" time="0.028">
    <failure message="org.opensearch.client.ResponseException: method [POST], host [http://127.0.0.1:61803], URI [/_plugins/_sql?format=json&amp;format=jdbc], status line [HTTP/1.1 400 Bad Request]&#10;{&#10;  &quot;error&quot;: {&#10;    &quot;reason&quot;: &quot;Invalid SQL query&quot;,&#10;    &quot;details&quot;: &quot;Query is unsupported in the new engine&quot;,&#10;    &quot;type&quot;: &quot;SQLFeatureDisabledException&quot;&#10;  },&#10;  &quot;status&quot;: 400&#10;}" type="org.opensearch.client.ResponseException">org.opensearch.client.ResponseException: method [POST], host [http://127.0.0.1:61803], URI [/_plugins/_sql?format=json&amp;format=jdbc], status line [HTTP/1.1 400 Bad Request]
</failure>
  </testcase>
  <testcase name="showWildcardIndex" classname="org.opensearch.sql.legacy.MetaDataQueriesIT" time="0.029">
    <failure message="org.opensearch.client.ResponseException: method [POST], host [http://[::1]:61802], URI [/_plugins/_sql?format=json&amp;format=jdbc], status line [HTTP/1.1 400 Bad Request]&#10;{&#10;  &quot;error&quot;: {&#10;    &quot;reason&quot;: &quot;Invalid SQL query&quot;,&#10;    &quot;details&quot;: &quot;Query is unsupported in the new engine&quot;,&#10;    &quot;type&quot;: &quot;SQLFeatureDisabledException&quot;&#10;  },&#10;  &quot;status&quot;: 400&#10;}" type="org.opensearch.client.ResponseException">org.opensearch.client.ResponseException: method [POST], host [http://[::1]:61802], URI [/_plugins/_sql?format=json&amp;format=jdbc], status line [HTTP/1.1 400 Bad Request]
</failure>
  </testcase>
  <system-out><![CDATA[[2023-01-16T16:46:14,932][INFO ][o.o.s.l.MetaDataQueriesIT] [describeSingleIndexWithObjectFieldShouldPass] before test
]]></system-out>
  <system-err><![CDATA[REPRODUCE WITH: ./gradlew ':integ-test:integTest' --tests "org.opensearch.sql.legacy.MetaDataQueriesIT.describeSingleIndexWithObjectFieldShouldPass" -Dtests.seed=160F64C51FACC80F -Dtests.security.manager=false -Dtests.locale=vi-VN -Dtests.timezone=Pacific/Marquesas -Druntime.java=17
]]></system-err>
</testsuite>
<?xml version="1.0" encoding="UTF-8"?>
<testsuite name="org.opensearch.sql.legacy.MethodQueryIT" tests="7" skipped="0" failures="5" errors="0" timestamp="2023-01-17T02:16:17" hostname="Unused26-MacBook.local" time="0.686">
  <properties/>
  <testcase name="matchQueryTest" classname="org.opensearch.sql.legacy.MethodQueryIT" time="0.496"/>
  <testcase name="wildcardQueryTest" classname="org.opensearch.sql.legacy.MethodQueryIT" time="0.033">
    <failure message="org.opensearch.client.ResponseException: method [POST], host [http://127.0.0.1:61803], URI [/_plugins/_sql/_explain], status line [HTTP/1.1 400 Bad Request]&#10;{&#10;  &quot;error&quot;: {&#10;    &quot;reason&quot;: &quot;Invalid SQL query&quot;,&#10;    &quot;details&quot;: &quot;Query is unsupported in the new engine&quot;,&#10;    &quot;type&quot;: &quot;SQLFeatureDisabledException&quot;&#10;  },&#10;  &quot;status&quot;: 400&#10;}" type="org.opensearch.client.ResponseException">org.opensearch.client.ResponseException: method [POST], host [http://127.0.0.1:61803], URI [/_plugins/_sql/_explain], status line [HTTP/1.1 400 Bad Request]
</failure>
  </testcase>
  <testcase name="regexpQueryTest" classname="org.opensearch.sql.legacy.MethodQueryIT" time="0.029">
    <failure message="org.opensearch.client.ResponseException: method [POST], host [http://[::1]:61802], URI [/_plugins/_sql/_explain], status line [HTTP/1.1 400 Bad Request]&#10;{&#10;  &quot;error&quot;: {&#10;    &quot;reason&quot;: &quot;Invalid SQL query&quot;,&#10;    &quot;details&quot;: &quot;Query is unsupported in the new engine&quot;,&#10;    &quot;type&quot;: &quot;SQLFeatureDisabledException&quot;&#10;  },&#10;  &quot;status&quot;: 400&#10;}" type="org.opensearch.client.ResponseException">org.opensearch.client.ResponseException: method [POST], host [http://[::1]:61802], URI [/_plugins/_sql/_explain], status line [HTTP/1.1 400 Bad Request]
</failure>
  </testcase>
  <testcase name="scoreQueryTest" classname="org.opensearch.sql.legacy.MethodQueryIT" time="0.03">
    <failure message="org.opensearch.client.ResponseException: method [POST], host [http://127.0.0.1:61803], URI [/_plugins/_sql/_explain], status line [HTTP/1.1 400 Bad Request]&#10;{&#10;  &quot;error&quot;: {&#10;    &quot;reason&quot;: &quot;Invalid SQL query&quot;,&#10;    &quot;details&quot;: &quot;Query is unsupported in the new engine&quot;,&#10;    &quot;type&quot;: &quot;SQLFeatureDisabledException&quot;&#10;  },&#10;  &quot;status&quot;: 400&#10;}" type="org.opensearch.client.ResponseException">org.opensearch.client.ResponseException: method [POST], host [http://127.0.0.1:61803], URI [/_plugins/_sql/_explain], status line [HTTP/1.1 400 Bad Request]
</failure>
  </testcase>
  <testcase name="queryTest" classname="org.opensearch.sql.legacy.MethodQueryIT" time="0.03"/>
  <testcase name="matchPhraseQueryTest" classname="org.opensearch.sql.legacy.MethodQueryIT" time="0.031">
    <failure message="org.opensearch.client.ResponseException: method [POST], host [http://127.0.0.1:61803], URI [/_plugins/_sql/_explain], status line [HTTP/1.1 400 Bad Request]&#10;{&#10;  &quot;error&quot;: {&#10;    &quot;reason&quot;: &quot;Invalid SQL query&quot;,&#10;    &quot;details&quot;: &quot;Query is unsupported in the new engine&quot;,&#10;    &quot;type&quot;: &quot;SQLFeatureDisabledException&quot;&#10;  },&#10;  &quot;status&quot;: 400&#10;}" type="org.opensearch.client.ResponseException">org.opensearch.client.ResponseException: method [POST], host [http://127.0.0.1:61803], URI [/_plugins/_sql/_explain], status line [HTTP/1.1 400 Bad Request]
</failure>
  </testcase>
  <testcase name="negativeRegexpQueryTest" classname="org.opensearch.sql.legacy.MethodQueryIT" time="0.035">
    <failure message="org.opensearch.client.ResponseException: method [POST], host [http://[::1]:61802], URI [/_plugins/_sql/_explain], status line [HTTP/1.1 400 Bad Request]&#10;{&#10;  &quot;error&quot;: {&#10;    &quot;reason&quot;: &quot;Invalid SQL query&quot;,&#10;    &quot;details&quot;: &quot;Query is unsupported in the new engine&quot;,&#10;    &quot;type&quot;: &quot;SQLFeatureDisabledException&quot;&#10;  },&#10;  &quot;status&quot;: 400&#10;}" type="org.opensearch.client.ResponseException">org.opensearch.client.ResponseException: method [POST], host [http://[::1]:61802], URI [/_plugins/_sql/_explain], status line [HTTP/1.1 400 Bad Request]
</failure>
  </testcase>
  <system-out><![CDATA[[2023-01-17T15:16:17,467][INFO ][o.o.s.l.MethodQueryIT    ] [matchQueryTest] before test
]]></system-out>
  <system-err><![CDATA[REPRODUCE WITH: ./gradlew ':integ-test:integTest' --tests "org.opensearch.sql.legacy.MethodQueryIT.wildcardQueryTest" -Dtests.seed=160F64C51FACC80F -Dtests.security.manager=false -Dtests.locale=tr -Dtests.timezone=Pacific/Tongatapu -Druntime.java=17
]]></system-err>
</testsuite>
<?xml version="1.0" encoding="UTF-8"?>
<testsuite name="org.opensearch.sql.legacy.MetricsIT" tests="1" skipped="1" failures="0" errors="0" timestamp="2023-01-17T02:16:18" hostname="Unused26-MacBook.local" time="0.0">
  <properties/>
  <testcase name="requestCount" classname="org.opensearch.sql.legacy.MetricsIT" time="0.0">
    <skipped/>
  </testcase>
  <system-out><![CDATA[]]></system-out>
  <system-err><![CDATA[]]></system-err>
</testsuite>
<?xml version="1.0" encoding="UTF-8"?>
<testsuite name="org.opensearch.sql.legacy.MultiQueryIT" tests="22" skipped="0" failures="22" errors="0" timestamp="2023-01-17T02:16:18" hostname="Unused26-MacBook.local" time="2.008">
  <properties/>
  <testcase name="minusCMinusDTwoFieldsAliasOnBothTablesWithScrolling" classname="org.opensearch.sql.legacy.MultiQueryIT" time="1.316">
    <failure message="org.opensearch.client.ResponseException: method [POST], host [http://127.0.0.1:61803], URI [/_plugins/_sql?format=json], status line [HTTP/1.1 400 Bad Request]&#10;{&#10;  &quot;error&quot;: {&#10;    &quot;reason&quot;: &quot;Invalid SQL query&quot;,&#10;    &quot;details&quot;: &quot;Query is unsupported in the new engine&quot;,&#10;    &quot;type&quot;: &quot;SQLFeatureDisabledException&quot;&#10;  },&#10;  &quot;status&quot;: 400&#10;}" type="org.opensearch.client.ResponseException">org.opensearch.client.ResponseException: method [POST], host [http://127.0.0.1:61803], URI [/_plugins/_sql?format=json], status line [HTTP/1.1 400 Bad Request]
</failure>
  </testcase>
  <testcase name="minusCMinusTNonExistentFieldTwoFields" classname="org.opensearch.sql.legacy.MultiQueryIT" time="0.031">
    <failure message="org.opensearch.client.ResponseException: method [POST], host [http://127.0.0.1:61803], URI [/_plugins/_sql?format=json], status line [HTTP/1.1 400 Bad Request]&#10;{&#10;  &quot;error&quot;: {&#10;    &quot;reason&quot;: &quot;Invalid SQL query&quot;,&#10;    &quot;details&quot;: &quot;Query is unsupported in the new engine&quot;,&#10;    &quot;type&quot;: &quot;SQLFeatureDisabledException&quot;&#10;  },&#10;  &quot;status&quot;: 400&#10;}" type="org.opensearch.client.ResponseException">org.opensearch.client.ResponseException: method [POST], host [http://127.0.0.1:61803], URI [/_plugins/_sql?format=json], status line [HTTP/1.1 400 Bad Request]
</failure>
  </testcase>
  <testcase name="minusCMinusTNonExistentFieldOneField" classname="org.opensearch.sql.legacy.MultiQueryIT" time="0.029">
    <failure message="org.opensearch.client.ResponseException: method [POST], host [http://127.0.0.1:61803], URI [/_plugins/_sql?format=json], status line [HTTP/1.1 400 Bad Request]&#10;{&#10;  &quot;error&quot;: {&#10;    &quot;reason&quot;: &quot;Invalid SQL query&quot;,&#10;    &quot;details&quot;: &quot;Query is unsupported in the new engine&quot;,&#10;    &quot;type&quot;: &quot;SQLFeatureDisabledException&quot;&#10;  },&#10;  &quot;status&quot;: 400&#10;}" type="org.opensearch.client.ResponseException">org.opensearch.client.ResponseException: method [POST], host [http://127.0.0.1:61803], URI [/_plugins/_sql?format=json], status line [HTTP/1.1 400 Bad Request]
</failure>
  </testcase>
  <testcase name="minusAMinusANoAliasWithScrollingAndTerms" classname="org.opensearch.sql.legacy.MultiQueryIT" time="0.033">
    <failure message="org.opensearch.client.ResponseException: method [POST], host [http://127.0.0.1:61803], URI [/_plugins/_sql?format=json], status line [HTTP/1.1 400 Bad Request]&#10;{&#10;  &quot;error&quot;: {&#10;    &quot;reason&quot;: &quot;Invalid SQL query&quot;,&#10;    &quot;details&quot;: &quot;Query is unsupported in the new engine&quot;,&#10;    &quot;type&quot;: &quot;SQLFeatureDisabledException&quot;&#10;  },&#10;  &quot;status&quot;: 400&#10;}" type="org.opensearch.client.ResponseException">org.opensearch.client.ResponseException: method [POST], host [http://127.0.0.1:61803], URI [/_plugins/_sql?format=json], status line [HTTP/1.1 400 Bad Request]
</failure>
  </testcase>
  <testcase name="minusAMinusBNoAliasWithScrolling" classname="org.opensearch.sql.legacy.MultiQueryIT" time="0.03">
    <failure message="org.opensearch.client.ResponseException: method [POST], host [http://127.0.0.1:61803], URI [/_plugins/_sql?format=json], status line [HTTP/1.1 400 Bad Request]&#10;{&#10;  &quot;error&quot;: {&#10;    &quot;reason&quot;: &quot;Invalid SQL query&quot;,&#10;    &quot;details&quot;: &quot;Query is unsupported in the new engine&quot;,&#10;    &quot;type&quot;: &quot;SQLFeatureDisabledException&quot;&#10;  },&#10;  &quot;status&quot;: 400&#10;}" type="org.opensearch.client.ResponseException">org.opensearch.client.ResponseException: method [POST], host [http://127.0.0.1:61803], URI [/_plugins/_sql?format=json], status line [HTTP/1.1 400 Bad Request]
</failure>
  </testcase>
  <testcase name="minusTMinusCNonExistentFieldFirstQuery" classname="org.opensearch.sql.legacy.MultiQueryIT" time="0.029">
    <failure message="org.opensearch.client.ResponseException: method [POST], host [http://127.0.0.1:61803], URI [/_plugins/_sql?format=json], status line [HTTP/1.1 400 Bad Request]&#10;{&#10;  &quot;error&quot;: {&#10;    &quot;reason&quot;: &quot;Invalid SQL query&quot;,&#10;    &quot;details&quot;: &quot;Query is unsupported in the new engine&quot;,&#10;    &quot;type&quot;: &quot;SQLFeatureDisabledException&quot;&#10;  },&#10;  &quot;status&quot;: 400&#10;}" type="org.opensearch.client.ResponseException">org.opensearch.client.ResponseException: method [POST], host [http://127.0.0.1:61803], URI [/_plugins/_sql?format=json], status line [HTTP/1.1 400 Bad Request]
</failure>
  </testcase>
  <testcase name="minusTMinusCNonExistentFieldFirstQueryWithScrolling" classname="org.opensearch.sql.legacy.MultiQueryIT" time="0.032">
    <failure message="org.opensearch.client.ResponseException: method [POST], host [http://127.0.0.1:61803], URI [/_plugins/_sql?format=json], status line [HTTP/1.1 400 Bad Request]&#10;{&#10;  &quot;error&quot;: {&#10;    &quot;reason&quot;: &quot;Invalid SQL query&quot;,&#10;    &quot;details&quot;: &quot;Query is unsupported in the new engine&quot;,&#10;    &quot;type&quot;: &quot;SQLFeatureDisabledException&quot;&#10;  },&#10;  &quot;status&quot;: 400&#10;}" type="org.opensearch.client.ResponseException">org.opensearch.client.ResponseException: method [POST], host [http://127.0.0.1:61803], URI [/_plugins/_sql?format=json], status line [HTTP/1.1 400 Bad Request]
</failure>
  </testcase>
  <testcase name="minusTMinusCNonExistentFieldFirstQueryWithScrollingAndOptimization" classname="org.opensearch.sql.legacy.MultiQueryIT" time="0.033">
    <failure message="org.opensearch.client.ResponseException: method [POST], host [http://127.0.0.1:61803], URI [/_plugins/_sql?format=json], status line [HTTP/1.1 400 Bad Request]&#10;{&#10;  &quot;error&quot;: {&#10;    &quot;reason&quot;: &quot;Invalid SQL query&quot;,&#10;    &quot;details&quot;: &quot;Query is unsupported in the new engine&quot;,&#10;    &quot;type&quot;: &quot;SQLFeatureDisabledException&quot;&#10;  },&#10;  &quot;status&quot;: 400&#10;}" type="org.opensearch.client.ResponseException">org.opensearch.client.ResponseException: method [POST], host [http://127.0.0.1:61803], URI [/_plugins/_sql?format=json], status line [HTTP/1.1 400 Bad Request]
</failure>
  </testcase>
  <testcase name="minusCMinusCTwoFieldsOneAlias" classname="org.opensearch.sql.legacy.MultiQueryIT" time="0.029">
    <failure message="org.opensearch.client.ResponseException: method [POST], host [http://127.0.0.1:61803], URI [/_plugins/_sql?format=json], status line [HTTP/1.1 400 Bad Request]&#10;{&#10;  &quot;error&quot;: {&#10;    &quot;reason&quot;: &quot;Invalid SQL query&quot;,&#10;    &quot;details&quot;: &quot;Query is unsupported in the new engine&quot;,&#10;    &quot;type&quot;: &quot;SQLFeatureDisabledException&quot;&#10;  },&#10;  &quot;status&quot;: 400&#10;}" type="org.opensearch.client.ResponseException">org.opensearch.client.ResponseException: method [POST], host [http://127.0.0.1:61803], URI [/_plugins/_sql?format=json], status line [HTTP/1.1 400 Bad Request]
</failure>
  </testcase>
  <testcase name="minusCMinusTNonExistentFieldOneFieldWithScrollingAndOptimization" classname="org.opensearch.sql.legacy.MultiQueryIT" time="0.027">
    <failure message="org.opensearch.client.ResponseException: method [POST], host [http://127.0.0.1:61803], URI [/_plugins/_sql?format=json], status line [HTTP/1.1 400 Bad Request]&#10;{&#10;  &quot;error&quot;: {&#10;    &quot;reason&quot;: &quot;Invalid SQL query&quot;,&#10;    &quot;details&quot;: &quot;Query is unsupported in the new engine&quot;,&#10;    &quot;type&quot;: &quot;SQLFeatureDisabledException&quot;&#10;  },&#10;  &quot;status&quot;: 400&#10;}" type="org.opensearch.client.ResponseException">org.opensearch.client.ResponseException: method [POST], host [http://127.0.0.1:61803], URI [/_plugins/_sql?format=json], status line [HTTP/1.1 400 Bad Request]
</failure>
  </testcase>
  <testcase name="unionAllOnlyOneRecordEachWithComplexAlias" classname="org.opensearch.sql.legacy.MultiQueryIT" time="0.032">
    <failure message="org.opensearch.client.ResponseException: method [POST], host [http://127.0.0.1:61803], URI [/_plugins/_sql?format=json], status line [HTTP/1.1 400 Bad Request]&#10;{&#10;  &quot;error&quot;: {&#10;    &quot;reason&quot;: &quot;Invalid SQL query&quot;,&#10;    &quot;details&quot;: &quot;Query is unsupported in the new engine&quot;,&#10;    &quot;type&quot;: &quot;SQLFeatureDisabledException&quot;&#10;  },&#10;  &quot;status&quot;: 400&#10;}" type="org.opensearch.client.ResponseException">org.opensearch.client.ResponseException: method [POST], host [http://127.0.0.1:61803], URI [/_plugins/_sql?format=json], status line [HTTP/1.1 400 Bad Request]
</failure>
  </testcase>
  <testcase name="minusCMinusDTwoFieldsAliasOnBothTables" classname="org.opensearch.sql.legacy.MultiQueryIT" time="0.029">
    <failure message="org.opensearch.client.ResponseException: method [POST], host [http://127.0.0.1:61803], URI [/_plugins/_sql?format=json], status line [HTTP/1.1 400 Bad Request]&#10;{&#10;  &quot;error&quot;: {&#10;    &quot;reason&quot;: &quot;Invalid SQL query&quot;,&#10;    &quot;details&quot;: &quot;Query is unsupported in the new engine&quot;,&#10;    &quot;type&quot;: &quot;SQLFeatureDisabledException&quot;&#10;  },&#10;  &quot;status&quot;: 400&#10;}" type="org.opensearch.client.ResponseException">org.opensearch.client.ResponseException: method [POST], host [http://127.0.0.1:61803], URI [/_plugins/_sql?format=json], status line [HTTP/1.1 400 Bad Request]
</failure>
  </testcase>
  <testcase name="minusAMinusBNoAliasWithScrollingAndTerms" classname="org.opensearch.sql.legacy.MultiQueryIT" time="0.029">
    <failure message="org.opensearch.client.ResponseException: method [POST], host [http://127.0.0.1:61803], URI [/_plugins/_sql?format=json], status line [HTTP/1.1 400 Bad Request]&#10;{&#10;  &quot;error&quot;: {&#10;    &quot;reason&quot;: &quot;Invalid SQL query&quot;,&#10;    &quot;details&quot;: &quot;Query is unsupported in the new engine&quot;,&#10;    &quot;type&quot;: &quot;SQLFeatureDisabledException&quot;&#10;  },&#10;  &quot;status&quot;: 400&#10;}" type="org.opensearch.client.ResponseException">org.opensearch.client.ResponseException: method [POST], host [http://127.0.0.1:61803], URI [/_plugins/_sql?format=json], status line [HTTP/1.1 400 Bad Request]
</failure>
  </testcase>
  <testcase name="minusCMinusDTwoFieldsNoAlias" classname="org.opensearch.sql.legacy.MultiQueryIT" time="0.026">
    <failure message="org.opensearch.client.ResponseException: method [POST], host [http://127.0.0.1:61803], URI [/_plugins/_sql?format=json], status line [HTTP/1.1 400 Bad Request]&#10;{&#10;  &quot;error&quot;: {&#10;    &quot;reason&quot;: &quot;Invalid SQL query&quot;,&#10;    &quot;details&quot;: &quot;Query is unsupported in the new engine&quot;,&#10;    &quot;type&quot;: &quot;SQLFeatureDisabledException&quot;&#10;  },&#10;  &quot;status&quot;: 400&#10;}" type="org.opensearch.client.ResponseException">org.opensearch.client.ResponseException: method [POST], host [http://127.0.0.1:61803], URI [/_plugins/_sql?format=json], status line [HTTP/1.1 400 Bad Request]
</failure>
  </testcase>
  <testcase name="minusAMinusANoAlias" classname="org.opensearch.sql.legacy.MultiQueryIT" time="0.029">
    <failure message="org.opensearch.client.ResponseException: method [POST], host [http://127.0.0.1:61803], URI [/_plugins/_sql?format=json], status line [HTTP/1.1 400 Bad Request]&#10;{&#10;  &quot;error&quot;: {&#10;    &quot;reason&quot;: &quot;Invalid SQL query&quot;,&#10;    &quot;details&quot;: &quot;Query is unsupported in the new engine&quot;,&#10;    &quot;type&quot;: &quot;SQLFeatureDisabledException&quot;&#10;  },&#10;  &quot;status&quot;: 400&#10;}" type="org.opensearch.client.ResponseException">org.opensearch.client.ResponseException: method [POST], host [http://127.0.0.1:61803], URI [/_plugins/_sql?format=json], status line [HTTP/1.1 400 Bad Request]
</failure>
  </testcase>
  <testcase name="minusCMinusDTwoFieldsNoAliasWithScrolling" classname="org.opensearch.sql.legacy.MultiQueryIT" time="0.03">
    <failure message="org.opensearch.client.ResponseException: method [POST], host [http://127.0.0.1:61803], URI [/_plugins/_sql?format=json], status line [HTTP/1.1 400 Bad Request]&#10;{&#10;  &quot;error&quot;: {&#10;    &quot;reason&quot;: &quot;Invalid SQL query&quot;,&#10;    &quot;details&quot;: &quot;Query is unsupported in the new engine&quot;,&#10;    &quot;type&quot;: &quot;SQLFeatureDisabledException&quot;&#10;  },&#10;  &quot;status&quot;: 400&#10;}" type="org.opensearch.client.ResponseException">org.opensearch.client.ResponseException: method [POST], host [http://127.0.0.1:61803], URI [/_plugins/_sql?format=json], status line [HTTP/1.1 400 Bad Request]
</failure>
  </testcase>
  <testcase name="unionAllSameRequestOnlyOneRecordTwice" classname="org.opensearch.sql.legacy.MultiQueryIT" time="0.031">
    <failure message="org.opensearch.client.ResponseException: method [POST], host [http://127.0.0.1:61803], URI [/_plugins/_sql?format=json], status line [HTTP/1.1 400 Bad Request]&#10;{&#10;  &quot;error&quot;: {&#10;    &quot;reason&quot;: &quot;Invalid SQL query&quot;,&#10;    &quot;details&quot;: &quot;Query is unsupported in the new engine&quot;,&#10;    &quot;type&quot;: &quot;SQLFeatureDisabledException&quot;&#10;  },&#10;  &quot;status&quot;: 400&#10;}" type="org.opensearch.client.ResponseException">org.opensearch.client.ResponseException: method [POST], host [http://127.0.0.1:61803], URI [/_plugins/_sql?format=json], status line [HTTP/1.1 400 Bad Request]
</failure>
  </testcase>
  <testcase name="unionAllOnlyOneRecordEachWithAlias" classname="org.opensearch.sql.legacy.MultiQueryIT" time="0.052">
    <failure message="org.opensearch.client.ResponseException: method [POST], host [http://127.0.0.1:61803], URI [/_plugins/_sql?format=json], status line [HTTP/1.1 400 Bad Request]&#10;{&#10;  &quot;error&quot;: {&#10;    &quot;reason&quot;: &quot;Invalid SQL query&quot;,&#10;    &quot;details&quot;: &quot;Query is unsupported in the new engine&quot;,&#10;    &quot;type&quot;: &quot;SQLFeatureDisabledException&quot;&#10;  },&#10;  &quot;status&quot;: 400&#10;}" type="org.opensearch.client.ResponseException">org.opensearch.client.ResponseException: method [POST], host [http://127.0.0.1:61803], URI [/_plugins/_sql?format=json], status line [HTTP/1.1 400 Bad Request]
</failure>
  </testcase>
  <testcase name="minusAMinusANoAliasWithScrolling" classname="org.opensearch.sql.legacy.MultiQueryIT" time="0.045">
    <failure message="org.opensearch.client.ResponseException: method [POST], host [http://127.0.0.1:61803], URI [/_plugins/_sql?format=json], status line [HTTP/1.1 400 Bad Request]&#10;{&#10;  &quot;error&quot;: {&#10;    &quot;reason&quot;: &quot;Invalid SQL query&quot;,&#10;    &quot;details&quot;: &quot;Query is unsupported in the new engine&quot;,&#10;    &quot;type&quot;: &quot;SQLFeatureDisabledException&quot;&#10;  },&#10;  &quot;status&quot;: 400&#10;}" type="org.opensearch.client.ResponseException">org.opensearch.client.ResponseException: method [POST], host [http://127.0.0.1:61803], URI [/_plugins/_sql?format=json], status line [HTTP/1.1 400 Bad Request]
</failure>
  </testcase>
  <testcase name="minusAMinusBNoAlias" classname="org.opensearch.sql.legacy.MultiQueryIT" time="0.036">
    <failure message="org.opensearch.client.ResponseException: method [POST], host [http://127.0.0.1:61803], URI [/_plugins/_sql?format=json], status line [HTTP/1.1 400 Bad Request]&#10;{&#10;  &quot;error&quot;: {&#10;    &quot;reason&quot;: &quot;Invalid SQL query&quot;,&#10;    &quot;details&quot;: &quot;Query is unsupported in the new engine&quot;,&#10;    &quot;type&quot;: &quot;SQLFeatureDisabledException&quot;&#10;  },&#10;  &quot;status&quot;: 400&#10;}" type="org.opensearch.client.ResponseException">org.opensearch.client.ResponseException: method [POST], host [http://127.0.0.1:61803], URI [/_plugins/_sql?format=json], status line [HTTP/1.1 400 Bad Request]
</failure>
  </testcase>
  <testcase name="minusCMinusTNonExistentOneFieldWithScrolling" classname="org.opensearch.sql.legacy.MultiQueryIT" time="0.037">
    <failure message="org.opensearch.client.ResponseException: method [POST], host [http://127.0.0.1:61803], URI [/_plugins/_sql?format=json], status line [HTTP/1.1 400 Bad Request]&#10;{&#10;  &quot;error&quot;: {&#10;    &quot;reason&quot;: &quot;Invalid SQL query&quot;,&#10;    &quot;details&quot;: &quot;Query is unsupported in the new engine&quot;,&#10;    &quot;type&quot;: &quot;SQLFeatureDisabledException&quot;&#10;  },&#10;  &quot;status&quot;: 400&#10;}" type="org.opensearch.client.ResponseException">org.opensearch.client.ResponseException: method [POST], host [http://127.0.0.1:61803], URI [/_plugins/_sql?format=json], status line [HTTP/1.1 400 Bad Request]
</failure>
  </testcase>
  <testcase name="minusCMinusDTwoFieldsAliasOnBothSecondTableFields" classname="org.opensearch.sql.legacy.MultiQueryIT" time="0.037">
    <failure message="org.opensearch.client.ResponseException: method [POST], host [http://127.0.0.1:61803], URI [/_plugins/_sql?format=json], status line [HTTP/1.1 400 Bad Request]&#10;{&#10;  &quot;error&quot;: {&#10;    &quot;reason&quot;: &quot;Invalid SQL query&quot;,&#10;    &quot;details&quot;: &quot;Query is unsupported in the new engine&quot;,&#10;    &quot;type&quot;: &quot;SQLFeatureDisabledException&quot;&#10;  },&#10;  &quot;status&quot;: 400&#10;}" type="org.opensearch.client.ResponseException">org.opensearch.client.ResponseException: method [POST], host [http://127.0.0.1:61803], URI [/_plugins/_sql?format=json], status line [HTTP/1.1 400 Bad Request]
</failure>
  </testcase>
  <system-out><![CDATA[[2023-01-17T02:16:18,297][INFO ][o.o.s.l.MultiQueryIT     ] [minusCMinusDTwoFieldsAliasOnBothTablesWithScrolling] before test
]]></system-out>
  <system-err><![CDATA[REPRODUCE WITH: ./gradlew ':integ-test:integTest' --tests "org.opensearch.sql.legacy.MultiQueryIT.minusCMinusDTwoFieldsAliasOnBothTablesWithScrolling" -Dtests.seed=160F64C51FACC80F -Dtests.security.manager=false -Dtests.locale=id-ID -Dtests.timezone=Europe/Guernsey -Druntime.java=17
]]></system-err>
</testsuite>
<?xml version="1.0" encoding="UTF-8"?>
<testsuite name="org.opensearch.sql.legacy.NestedFieldQueryIT" tests="33" skipped="1" failures="32" errors="0" timestamp="2023-01-17T02:16:20" hostname="Unused26-MacBook.local" time="1.652">
  <properties/>
  <testcase name="countAggWithWhereOnParent" classname="org.opensearch.sql.legacy.NestedFieldQueryIT" time="0.531">
    <failure message="org.opensearch.client.ResponseException: method [POST], host [http://127.0.0.1:61803], URI [/_plugins/_sql?format=json], status line [HTTP/1.1 400 Bad Request]&#10;{&#10;  &quot;error&quot;: {&#10;    &quot;reason&quot;: &quot;Invalid SQL query&quot;,&#10;    &quot;details&quot;: &quot;Query is unsupported in the new engine&quot;,&#10;    &quot;type&quot;: &quot;SQLFeatureDisabledException&quot;&#10;  },&#10;  &quot;status&quot;: 400&#10;}" type="org.opensearch.client.ResponseException">org.opensearch.client.ResponseException: method [POST], host [http://127.0.0.1:61803], URI [/_plugins/_sql?format=json], status line [HTTP/1.1 400 Bad Request]
</failure>
  </testcase>
  <testcase name="havingCountAggWithWhereOnParentOrNested" classname="org.opensearch.sql.legacy.NestedFieldQueryIT" time="0.039">
    <failure message="org.opensearch.client.ResponseException: method [POST], host [http://127.0.0.1:61803], URI [/_plugins/_sql?format=json], status line [HTTP/1.1 400 Bad Request]&#10;{&#10;  &quot;error&quot;: {&#10;    &quot;reason&quot;: &quot;Invalid SQL query&quot;,&#10;    &quot;details&quot;: &quot;Query is unsupported in the new engine&quot;,&#10;    &quot;type&quot;: &quot;SQLFeatureDisabledException&quot;&#10;  },&#10;  &quot;status&quot;: 400&#10;}" type="org.opensearch.client.ResponseException">org.opensearch.client.ResponseException: method [POST], host [http://127.0.0.1:61803], URI [/_plugins/_sql?format=json], status line [HTTP/1.1 400 Bad Request]
</failure>
  </testcase>
  <testcase name="selectAll" classname="org.opensearch.sql.legacy.NestedFieldQueryIT" time="0.034">
    <failure message="org.opensearch.client.ResponseException: method [POST], host [http://127.0.0.1:61803], URI [/_plugins/_sql?format=json], status line [HTTP/1.1 400 Bad Request]&#10;{&#10;  &quot;error&quot;: {&#10;    &quot;reason&quot;: &quot;Invalid SQL query&quot;,&#10;    &quot;details&quot;: &quot;Query is unsupported in the new engine&quot;,&#10;    &quot;type&quot;: &quot;SQLFeatureDisabledException&quot;&#10;  },&#10;  &quot;status&quot;: 400&#10;}" type="org.opensearch.client.ResponseException">org.opensearch.client.ResponseException: method [POST], host [http://127.0.0.1:61803], URI [/_plugins/_sql?format=json], status line [HTTP/1.1 400 Bad Request]
</failure>
  </testcase>
  <testcase name="noCondition" classname="org.opensearch.sql.legacy.NestedFieldQueryIT" time="0.038">
    <failure message="org.opensearch.client.ResponseException: method [POST], host [http://127.0.0.1:61803], URI [/_plugins/_sql?format=json], status line [HTTP/1.1 400 Bad Request]&#10;{&#10;  &quot;error&quot;: {&#10;    &quot;reason&quot;: &quot;Invalid SQL query&quot;,&#10;    &quot;details&quot;: &quot;Query is unsupported in the new engine&quot;,&#10;    &quot;type&quot;: &quot;SQLFeatureDisabledException&quot;&#10;  },&#10;  &quot;status&quot;: 400&#10;}" type="org.opensearch.client.ResponseException">org.opensearch.client.ResponseException: method [POST], host [http://127.0.0.1:61803], URI [/_plugins/_sql?format=json], status line [HTTP/1.1 400 Bad Request]
</failure>
  </testcase>
  <testcase name="leftJoinSelectAll" classname="org.opensearch.sql.legacy.NestedFieldQueryIT" time="0.041">
    <failure message="org.opensearch.client.ResponseException: method [POST], host [http://127.0.0.1:61803], URI [/_plugins/_sql/_explain], status line [HTTP/1.1 400 Bad Request]&#10;{&#10;  &quot;error&quot;: {&#10;    &quot;reason&quot;: &quot;Invalid SQL query&quot;,&#10;    &quot;details&quot;: &quot;Query is unsupported in the new engine&quot;,&#10;    &quot;type&quot;: &quot;SQLFeatureDisabledException&quot;&#10;  },&#10;  &quot;status&quot;: 400&#10;}" type="org.opensearch.client.ResponseException">org.opensearch.client.ResponseException: method [POST], host [http://127.0.0.1:61803], URI [/_plugins/_sql/_explain], status line [HTTP/1.1 400 Bad Request]
</failure>
  </testcase>
  <testcase name="countAggWithWhereOnNestedOrNested" classname="org.opensearch.sql.legacy.NestedFieldQueryIT" time="0.041">
    <failure message="org.opensearch.client.ResponseException: method [POST], host [http://127.0.0.1:61803], URI [/_plugins/_sql?format=json], status line [HTTP/1.1 400 Bad Request]&#10;{&#10;  &quot;error&quot;: {&#10;    &quot;reason&quot;: &quot;Invalid SQL query&quot;,&#10;    &quot;details&quot;: &quot;Query is unsupported in the new engine&quot;,&#10;    &quot;type&quot;: &quot;SQLFeatureDisabledException&quot;&#10;  },&#10;  &quot;status&quot;: 400&#10;}" type="org.opensearch.client.ResponseException">org.opensearch.client.ResponseException: method [POST], host [http://127.0.0.1:61803], URI [/_plugins/_sql?format=json], status line [HTTP/1.1 400 Bad Request]
</failure>
  </testcase>
  <testcase name="leftJoinSpecificFields" classname="org.opensearch.sql.legacy.NestedFieldQueryIT" time="0.038">
    <failure message="org.opensearch.client.ResponseException: method [POST], host [http://127.0.0.1:61803], URI [/_plugins/_sql/_explain], status line [HTTP/1.1 400 Bad Request]&#10;{&#10;  &quot;error&quot;: {&#10;    &quot;reason&quot;: &quot;Invalid SQL query&quot;,&#10;    &quot;details&quot;: &quot;Query is unsupported in the new engine&quot;,&#10;    &quot;type&quot;: &quot;SQLFeatureDisabledException&quot;&#10;  },&#10;  &quot;status&quot;: 400&#10;}" type="org.opensearch.client.ResponseException">org.opensearch.client.ResponseException: method [POST], host [http://127.0.0.1:61803], URI [/_plugins/_sql/_explain], status line [HTTP/1.1 400 Bad Request]
</failure>
  </testcase>
  <testcase name="countAggOnNestedInnerFieldWithoutWhere" classname="org.opensearch.sql.legacy.NestedFieldQueryIT" time="0.035">
    <failure message="org.opensearch.client.ResponseException: method [POST], host [http://127.0.0.1:61803], URI [/_plugins/_sql?format=json], status line [HTTP/1.1 400 Bad Request]&#10;{&#10;  &quot;error&quot;: {&#10;    &quot;reason&quot;: &quot;Invalid SQL query&quot;,&#10;    &quot;details&quot;: &quot;Query is unsupported in the new engine&quot;,&#10;    &quot;type&quot;: &quot;SQLFeatureDisabledException&quot;&#10;  },&#10;  &quot;status&quot;: 400&#10;}" type="org.opensearch.client.ResponseException">org.opensearch.client.ResponseException: method [POST], host [http://127.0.0.1:61803], URI [/_plugins/_sql?format=json], status line [HTTP/1.1 400 Bad Request]
</failure>
  </testcase>
  <testcase name="aggregationWithoutGroupBy" classname="org.opensearch.sql.legacy.NestedFieldQueryIT" time="0.034">
    <failure message="org.opensearch.client.ResponseException: method [POST], host [http://127.0.0.1:61803], URI [/_plugins/_sql?format=json], status line [HTTP/1.1 400 Bad Request]&#10;{&#10;  &quot;error&quot;: {&#10;    &quot;reason&quot;: &quot;Invalid SQL query&quot;,&#10;    &quot;details&quot;: &quot;Query is unsupported in the new engine&quot;,&#10;    &quot;type&quot;: &quot;SQLFeatureDisabledException&quot;&#10;  },&#10;  &quot;status&quot;: 400&#10;}" type="org.opensearch.client.ResponseException">org.opensearch.client.ResponseException: method [POST], host [http://127.0.0.1:61803], URI [/_plugins/_sql?format=json], status line [HTTP/1.1 400 Bad Request]
</failure>
  </testcase>
  <testcase name="groupByRegularFieldAndSum" classname="org.opensearch.sql.legacy.NestedFieldQueryIT" time="0.043">
    <failure message="org.opensearch.client.ResponseException: method [POST], host [http://127.0.0.1:61803], URI [/_plugins/_sql?format=json], status line [HTTP/1.1 400 Bad Request]&#10;{&#10;  &quot;error&quot;: {&#10;    &quot;reason&quot;: &quot;Invalid SQL query&quot;,&#10;    &quot;details&quot;: &quot;Query is unsupported in the new engine&quot;,&#10;    &quot;type&quot;: &quot;SQLFeatureDisabledException&quot;&#10;  },&#10;  &quot;status&quot;: 400&#10;}" type="org.opensearch.client.ResponseException">org.opensearch.client.ResponseException: method [POST], host [http://127.0.0.1:61803], URI [/_plugins/_sql?format=json], status line [HTTP/1.1 400 Bad Request]
</failure>
  </testcase>
  <testcase name="groupByNestedFieldAndCount" classname="org.opensearch.sql.legacy.NestedFieldQueryIT" time="0.033">
    <failure message="org.opensearch.client.ResponseException: method [POST], host [http://127.0.0.1:61803], URI [/_plugins/_sql?format=json], status line [HTTP/1.1 400 Bad Request]&#10;{&#10;  &quot;error&quot;: {&#10;    &quot;reason&quot;: &quot;Invalid SQL query&quot;,&#10;    &quot;details&quot;: &quot;Query is unsupported in the new engine&quot;,&#10;    &quot;type&quot;: &quot;SQLFeatureDisabledException&quot;&#10;  },&#10;  &quot;status&quot;: 400&#10;}" type="org.opensearch.client.ResponseException">org.opensearch.client.ResponseException: method [POST], host [http://127.0.0.1:61803], URI [/_plugins/_sql?format=json], status line [HTTP/1.1 400 Bad Request]
</failure>
  </testcase>
  <testcase name="havingCountAggOnNestedInnerFieldWithoutWhere" classname="org.opensearch.sql.legacy.NestedFieldQueryIT" time="0.035">
    <failure message="org.opensearch.client.ResponseException: method [POST], host [http://127.0.0.1:61803], URI [/_plugins/_sql?format=json], status line [HTTP/1.1 400 Bad Request]&#10;{&#10;  &quot;error&quot;: {&#10;    &quot;reason&quot;: &quot;Invalid SQL query&quot;,&#10;    &quot;details&quot;: &quot;Query is unsupported in the new engine&quot;,&#10;    &quot;type&quot;: &quot;SQLFeatureDisabledException&quot;&#10;  },&#10;  &quot;status&quot;: 400&#10;}" type="org.opensearch.client.ResponseException">org.opensearch.client.ResponseException: method [POST], host [http://127.0.0.1:61803], URI [/_plugins/_sql?format=json], status line [HTTP/1.1 400 Bad Request]
</failure>
  </testcase>
  <testcase name="countAggWithoutWhere" classname="org.opensearch.sql.legacy.NestedFieldQueryIT" time="0.032">
    <failure message="org.opensearch.client.ResponseException: method [POST], host [http://127.0.0.1:61803], URI [/_plugins/_sql?format=json], status line [HTTP/1.1 400 Bad Request]&#10;{&#10;  &quot;error&quot;: {&#10;    &quot;reason&quot;: &quot;Invalid SQL query&quot;,&#10;    &quot;details&quot;: &quot;Query is unsupported in the new engine&quot;,&#10;    &quot;type&quot;: &quot;SQLFeatureDisabledException&quot;&#10;  },&#10;  &quot;status&quot;: 400&#10;}" type="org.opensearch.client.ResponseException">org.opensearch.client.ResponseException: method [POST], host [http://127.0.0.1:61803], URI [/_plugins/_sql?format=json], status line [HTTP/1.1 400 Bad Request]
</failure>
  </testcase>
  <testcase name="leftJoinExceptionOnExtraNestedFields" classname="org.opensearch.sql.legacy.NestedFieldQueryIT" time="0.0">
    <skipped/>
  </testcase>
  <testcase name="havingCountAggWithWhereOnNested" classname="org.opensearch.sql.legacy.NestedFieldQueryIT" time="0.036">
    <failure message="org.opensearch.client.ResponseException: method [POST], host [http://127.0.0.1:61803], URI [/_plugins/_sql?format=json], status line [HTTP/1.1 400 Bad Request]&#10;{&#10;  &quot;error&quot;: {&#10;    &quot;reason&quot;: &quot;Invalid SQL query&quot;,&#10;    &quot;details&quot;: &quot;Query is unsupported in the new engine&quot;,&#10;    &quot;type&quot;: &quot;SQLFeatureDisabledException&quot;&#10;  },&#10;  &quot;status&quot;: 400&#10;}" type="org.opensearch.client.ResponseException">org.opensearch.client.ResponseException: method [POST], host [http://127.0.0.1:61803], URI [/_plugins/_sql?format=json], status line [HTTP/1.1 400 Bad Request]
</failure>
  </testcase>
  <testcase name="multipleConditionsOfNestedField" classname="org.opensearch.sql.legacy.NestedFieldQueryIT" time="0.034">
    <failure message="org.opensearch.client.ResponseException: method [POST], host [http://127.0.0.1:61803], URI [/_plugins/_sql?format=json], status line [HTTP/1.1 400 Bad Request]&#10;{&#10;  &quot;error&quot;: {&#10;    &quot;reason&quot;: &quot;Invalid SQL query&quot;,&#10;    &quot;details&quot;: &quot;Query is unsupported in the new engine&quot;,&#10;    &quot;type&quot;: &quot;SQLFeatureDisabledException&quot;&#10;  },&#10;  &quot;status&quot;: 400&#10;}" type="org.opensearch.client.ResponseException">org.opensearch.client.ResponseException: method [POST], host [http://127.0.0.1:61803], URI [/_plugins/_sql?format=json], status line [HTTP/1.1 400 Bad Request]
</failure>
  </testcase>
  <testcase name="singleCondition" classname="org.opensearch.sql.legacy.NestedFieldQueryIT" time="0.034">
    <failure message="org.opensearch.client.ResponseException: method [POST], host [http://127.0.0.1:61803], URI [/_plugins/_sql?format=json], status line [HTTP/1.1 400 Bad Request]&#10;{&#10;  &quot;error&quot;: {&#10;    &quot;reason&quot;: &quot;Invalid SQL query&quot;,&#10;    &quot;details&quot;: &quot;Query is unsupported in the new engine&quot;,&#10;    &quot;type&quot;: &quot;SQLFeatureDisabledException&quot;&#10;  },&#10;  &quot;status&quot;: 400&#10;}" type="org.opensearch.client.ResponseException">org.opensearch.client.ResponseException: method [POST], host [http://127.0.0.1:61803], URI [/_plugins/_sql?format=json], status line [HTTP/1.1 400 Bad Request]
</failure>
  </testcase>
  <testcase name="countAggWithWhereOnParentAndNested" classname="org.opensearch.sql.legacy.NestedFieldQueryIT" time="0.034">
    <failure message="org.opensearch.client.ResponseException: method [POST], host [http://127.0.0.1:61803], URI [/_plugins/_sql?format=json], status line [HTTP/1.1 400 Bad Request]&#10;{&#10;  &quot;error&quot;: {&#10;    &quot;reason&quot;: &quot;Invalid SQL query&quot;,&#10;    &quot;details&quot;: &quot;Query is unsupported in the new engine&quot;,&#10;    &quot;type&quot;: &quot;SQLFeatureDisabledException&quot;&#10;  },&#10;  &quot;status&quot;: 400&#10;}" type="org.opensearch.client.ResponseException">org.opensearch.client.ResponseException: method [POST], host [http://127.0.0.1:61803], URI [/_plugins/_sql?format=json], status line [HTTP/1.1 400 Bad Request]
</failure>
  </testcase>
  <testcase name="groupByNestedAndRegularField" classname="org.opensearch.sql.legacy.NestedFieldQueryIT" time="0.033">
    <failure message="org.opensearch.client.ResponseException: method [POST], host [http://127.0.0.1:61803], URI [/_plugins/_sql?format=json], status line [HTTP/1.1 400 Bad Request]&#10;{&#10;  &quot;error&quot;: {&#10;    &quot;reason&quot;: &quot;Invalid SQL query&quot;,&#10;    &quot;details&quot;: &quot;Query is unsupported in the new engine&quot;,&#10;    &quot;type&quot;: &quot;SQLFeatureDisabledException&quot;&#10;  },&#10;  &quot;status&quot;: 400&#10;}" type="org.opensearch.client.ResponseException">org.opensearch.client.ResponseException: method [POST], host [http://127.0.0.1:61803], URI [/_plugins/_sql?format=json], status line [HTTP/1.1 400 Bad Request]
</failure>
  </testcase>
  <testcase name="multipleConditionsOfRegularAndNestedField" classname="org.opensearch.sql.legacy.NestedFieldQueryIT" time="0.041">
    <failure message="org.opensearch.client.ResponseException: method [POST], host [http://127.0.0.1:61803], URI [/_plugins/_sql?format=json], status line [HTTP/1.1 400 Bad Request]&#10;{&#10;  &quot;error&quot;: {&#10;    &quot;reason&quot;: &quot;Invalid SQL query&quot;,&#10;    &quot;details&quot;: &quot;Query is unsupported in the new engine&quot;,&#10;    &quot;type&quot;: &quot;SQLFeatureDisabledException&quot;&#10;  },&#10;  &quot;status&quot;: 400&#10;}" type="org.opensearch.client.ResponseException">org.opensearch.client.ResponseException: method [POST], host [http://127.0.0.1:61803], URI [/_plugins/_sql?format=json], status line [HTTP/1.1 400 Bad Request]
</failure>
  </testcase>
  <testcase name="havingMaxAggOnNestedInnerFieldWithoutWhere" classname="org.opensearch.sql.legacy.NestedFieldQueryIT" time="0.047">
    <failure message="org.opensearch.client.ResponseException: method [POST], host [http://127.0.0.1:61803], URI [/_plugins/_sql?format=json], status line [HTTP/1.1 400 Bad Request]&#10;{&#10;  &quot;error&quot;: {&#10;    &quot;reason&quot;: &quot;Invalid SQL query&quot;,&#10;    &quot;details&quot;: &quot;Query is unsupported in the new engine&quot;,&#10;    &quot;type&quot;: &quot;SQLFeatureDisabledException&quot;&#10;  },&#10;  &quot;status&quot;: 400&#10;}" type="org.opensearch.client.ResponseException">org.opensearch.client.ResponseException: method [POST], host [http://127.0.0.1:61803], URI [/_plugins/_sql?format=json], status line [HTTP/1.1 400 Bad Request]
</failure>
  </testcase>
  <testcase name="havingCountAggWithoutWhere" classname="org.opensearch.sql.legacy.NestedFieldQueryIT" time="0.032">
    <failure message="org.opensearch.client.ResponseException: method [POST], host [http://127.0.0.1:61803], URI [/_plugins/_sql?format=json], status line [HTTP/1.1 400 Bad Request]&#10;{&#10;  &quot;error&quot;: {&#10;    &quot;reason&quot;: &quot;Invalid SQL query&quot;,&#10;    &quot;details&quot;: &quot;Query is unsupported in the new engine&quot;,&#10;    &quot;type&quot;: &quot;SQLFeatureDisabledException&quot;&#10;  },&#10;  &quot;status&quot;: 400&#10;}" type="org.opensearch.client.ResponseException">org.opensearch.client.ResponseException: method [POST], host [http://127.0.0.1:61803], URI [/_plugins/_sql?format=json], status line [HTTP/1.1 400 Bad Request]
</failure>
  </testcase>
  <testcase name="havingCountAggWithWhereOnNestedOrNested" classname="org.opensearch.sql.legacy.NestedFieldQueryIT" time="0.032">
    <failure message="org.opensearch.client.ResponseException: method [POST], host [http://127.0.0.1:61803], URI [/_plugins/_sql?format=json], status line [HTTP/1.1 400 Bad Request]&#10;{&#10;  &quot;error&quot;: {&#10;    &quot;reason&quot;: &quot;Invalid SQL query&quot;,&#10;    &quot;details&quot;: &quot;Query is unsupported in the new engine&quot;,&#10;    &quot;type&quot;: &quot;SQLFeatureDisabledException&quot;&#10;  },&#10;  &quot;status&quot;: 400&#10;}" type="org.opensearch.client.ResponseException">org.opensearch.client.ResponseException: method [POST], host [http://127.0.0.1:61803], URI [/_plugins/_sql?format=json], status line [HTTP/1.1 400 Bad Request]
</failure>
  </testcase>
  <testcase name="havingCountAggWithWhereOnParentAndNested" classname="org.opensearch.sql.legacy.NestedFieldQueryIT" time="0.03">
    <failure message="org.opensearch.client.ResponseException: method [POST], host [http://127.0.0.1:61803], URI [/_plugins/_sql?format=json], status line [HTTP/1.1 400 Bad Request]&#10;{&#10;  &quot;error&quot;: {&#10;    &quot;reason&quot;: &quot;Invalid SQL query&quot;,&#10;    &quot;details&quot;: &quot;Query is unsupported in the new engine&quot;,&#10;    &quot;type&quot;: &quot;SQLFeatureDisabledException&quot;&#10;  },&#10;  &quot;status&quot;: 400&#10;}" type="org.opensearch.client.ResponseException">org.opensearch.client.ResponseException: method [POST], host [http://127.0.0.1:61803], URI [/_plugins/_sql?format=json], status line [HTTP/1.1 400 Bad Request]
</failure>
  </testcase>
  <testcase name="multipleConditionsOfRegularOrNestedField" classname="org.opensearch.sql.legacy.NestedFieldQueryIT" time="0.03">
    <failure message="org.opensearch.client.ResponseException: method [POST], host [http://127.0.0.1:61803], URI [/_plugins/_sql?format=json], status line [HTTP/1.1 400 Bad Request]&#10;{&#10;  &quot;error&quot;: {&#10;    &quot;reason&quot;: &quot;Invalid SQL query&quot;,&#10;    &quot;details&quot;: &quot;Query is unsupported in the new engine&quot;,&#10;    &quot;type&quot;: &quot;SQLFeatureDisabledException&quot;&#10;  },&#10;  &quot;status&quot;: 400&#10;}" type="org.opensearch.client.ResponseException">org.opensearch.client.ResponseException: method [POST], host [http://127.0.0.1:61803], URI [/_plugins/_sql?format=json], status line [HTTP/1.1 400 Bad Request]
</failure>
  </testcase>
  <testcase name="countAggWithWhereOnNested" classname="org.opensearch.sql.legacy.NestedFieldQueryIT" time="0.031">
    <failure message="org.opensearch.client.ResponseException: method [POST], host [http://127.0.0.1:61803], URI [/_plugins/_sql?format=json], status line [HTTP/1.1 400 Bad Request]&#10;{&#10;  &quot;error&quot;: {&#10;    &quot;reason&quot;: &quot;Invalid SQL query&quot;,&#10;    &quot;details&quot;: &quot;Query is unsupported in the new engine&quot;,&#10;    &quot;type&quot;: &quot;SQLFeatureDisabledException&quot;&#10;  },&#10;  &quot;status&quot;: 400&#10;}" type="org.opensearch.client.ResponseException">org.opensearch.client.ResponseException: method [POST], host [http://127.0.0.1:61803], URI [/_plugins/_sql?format=json], status line [HTTP/1.1 400 Bad Request]
</failure>
  </testcase>
  <testcase name="havingCountAggWithWhereOnNestedAndNested" classname="org.opensearch.sql.legacy.NestedFieldQueryIT" time="0.036">
    <failure message="org.opensearch.client.ResponseException: method [POST], host [http://127.0.0.1:61803], URI [/_plugins/_sql?format=json], status line [HTTP/1.1 400 Bad Request]&#10;{&#10;  &quot;error&quot;: {&#10;    &quot;reason&quot;: &quot;Invalid SQL query&quot;,&#10;    &quot;details&quot;: &quot;Query is unsupported in the new engine&quot;,&#10;    &quot;type&quot;: &quot;SQLFeatureDisabledException&quot;&#10;  },&#10;  &quot;status&quot;: 400&#10;}" type="org.opensearch.client.ResponseException">org.opensearch.client.ResponseException: method [POST], host [http://127.0.0.1:61803], URI [/_plugins/_sql?format=json], status line [HTTP/1.1 400 Bad Request]
</failure>
  </testcase>
  <testcase name="maxAggOnNestedInnerFieldWithoutWhere" classname="org.opensearch.sql.legacy.NestedFieldQueryIT" time="0.036">
    <failure message="org.opensearch.client.ResponseException: method [POST], host [http://127.0.0.1:61803], URI [/_plugins/_sql?format=json], status line [HTTP/1.1 400 Bad Request]&#10;{&#10;  &quot;error&quot;: {&#10;    &quot;reason&quot;: &quot;Invalid SQL query&quot;,&#10;    &quot;details&quot;: &quot;Query is unsupported in the new engine&quot;,&#10;    &quot;type&quot;: &quot;SQLFeatureDisabledException&quot;&#10;  },&#10;  &quot;status&quot;: 400&#10;}" type="org.opensearch.client.ResponseException">org.opensearch.client.ResponseException: method [POST], host [http://127.0.0.1:61803], URI [/_plugins/_sql?format=json], status line [HTTP/1.1 400 Bad Request]
</failure>
  </testcase>
  <testcase name="countAggWithWhereOnNestedAndNested" classname="org.opensearch.sql.legacy.NestedFieldQueryIT" time="0.037">
    <failure message="org.opensearch.client.ResponseException: method [POST], host [http://127.0.0.1:61803], URI [/_plugins/_sql?format=json], status line [HTTP/1.1 400 Bad Request]&#10;{&#10;  &quot;error&quot;: {&#10;    &quot;reason&quot;: &quot;Invalid SQL query&quot;,&#10;    &quot;details&quot;: &quot;Query is unsupported in the new engine&quot;,&#10;    &quot;type&quot;: &quot;SQLFeatureDisabledException&quot;&#10;  },&#10;  &quot;status&quot;: 400&#10;}" type="org.opensearch.client.ResponseException">org.opensearch.client.ResponseException: method [POST], host [http://127.0.0.1:61803], URI [/_plugins/_sql?format=json], status line [HTTP/1.1 400 Bad Request]
</failure>
  </testcase>
  <testcase name="nestedFiledIsNotNull" classname="org.opensearch.sql.legacy.NestedFieldQueryIT" time="0.039">
    <failure message="org.opensearch.client.ResponseException: method [POST], host [http://127.0.0.1:61803], URI [/_plugins/_sql?format=json], status line [HTTP/1.1 400 Bad Request]&#10;{&#10;  &quot;error&quot;: {&#10;    &quot;reason&quot;: &quot;Invalid SQL query&quot;,&#10;    &quot;details&quot;: &quot;Query is unsupported in the new engine&quot;,&#10;    &quot;type&quot;: &quot;SQLFeatureDisabledException&quot;&#10;  },&#10;  &quot;status&quot;: 400&#10;}" type="org.opensearch.client.ResponseException">org.opensearch.client.ResponseException: method [POST], host [http://127.0.0.1:61803], URI [/_plugins/_sql?format=json], status line [HTTP/1.1 400 Bad Request]
</failure>
  </testcase>
  <testcase name="havingCountAggWithWhereOnParent" classname="org.opensearch.sql.legacy.NestedFieldQueryIT" time="0.036">
    <failure message="org.opensearch.client.ResponseException: method [POST], host [http://127.0.0.1:61803], URI [/_plugins/_sql?format=json], status line [HTTP/1.1 400 Bad Request]&#10;{&#10;  &quot;error&quot;: {&#10;    &quot;reason&quot;: &quot;Invalid SQL query&quot;,&#10;    &quot;details&quot;: &quot;Query is unsupported in the new engine&quot;,&#10;    &quot;type&quot;: &quot;SQLFeatureDisabledException&quot;&#10;  },&#10;  &quot;status&quot;: 400&#10;}" type="org.opensearch.client.ResponseException">org.opensearch.client.ResponseException: method [POST], host [http://127.0.0.1:61803], URI [/_plugins/_sql?format=json], status line [HTTP/1.1 400 Bad Request]
</failure>
  </testcase>
  <testcase name="multipleConditionsOfNestedFieldNoMatch" classname="org.opensearch.sql.legacy.NestedFieldQueryIT" time="0.034">
    <failure message="org.opensearch.client.ResponseException: method [POST], host [http://127.0.0.1:61803], URI [/_plugins/_sql?format=json], status line [HTTP/1.1 400 Bad Request]&#10;{&#10;  &quot;error&quot;: {&#10;    &quot;reason&quot;: &quot;Invalid SQL query&quot;,&#10;    &quot;details&quot;: &quot;Query is unsupported in the new engine&quot;,&#10;    &quot;type&quot;: &quot;SQLFeatureDisabledException&quot;&#10;  },&#10;  &quot;status&quot;: 400&#10;}" type="org.opensearch.client.ResponseException">org.opensearch.client.ResponseException: method [POST], host [http://127.0.0.1:61803], URI [/_plugins/_sql?format=json], status line [HTTP/1.1 400 Bad Request]
</failure>
  </testcase>
  <testcase name="countAggWithWhereOnParentOrNested" classname="org.opensearch.sql.legacy.NestedFieldQueryIT" time="0.034">
    <failure message="org.opensearch.client.ResponseException: method [POST], host [http://127.0.0.1:61803], URI [/_plugins/_sql?format=json], status line [HTTP/1.1 400 Bad Request]&#10;{&#10;  &quot;error&quot;: {&#10;    &quot;reason&quot;: &quot;Invalid SQL query&quot;,&#10;    &quot;details&quot;: &quot;Query is unsupported in the new engine&quot;,&#10;    &quot;type&quot;: &quot;SQLFeatureDisabledException&quot;&#10;  },&#10;  &quot;status&quot;: 400&#10;}" type="org.opensearch.client.ResponseException">org.opensearch.client.ResponseException: method [POST], host [http://127.0.0.1:61803], URI [/_plugins/_sql?format=json], status line [HTTP/1.1 400 Bad Request]
</failure>
  </testcase>
  <system-out><![CDATA[[2023-01-16T23:16:20,556][INFO ][o.o.s.l.NestedFieldQueryIT] [countAggWithWhereOnParent] before test
]]></system-out>
  <system-err><![CDATA[REPRODUCE WITH: ./gradlew ':integ-test:integTest' --tests "org.opensearch.sql.legacy.NestedFieldQueryIT.countAggWithWhereOnParent" -Dtests.seed=160F64C51FACC80F -Dtests.security.manager=false -Dtests.locale=es-DO -Dtests.timezone=Atlantic/Stanley -Druntime.java=17
]]></system-err>
</testsuite>
<?xml version="1.0" encoding="UTF-8"?>
<testsuite name="org.opensearch.sql.legacy.ObjectFieldSelectIT" tests="5" skipped="0" failures="1" errors="0" timestamp="2023-01-17T02:16:22" hostname="Unused26-MacBook.local" time="0.647">
  <properties/>
  <testcase name="testSelectObjectFieldItself" classname="org.opensearch.sql.legacy.ObjectFieldSelectIT" time="0.347"/>
  <testcase name="testSelectObjectInnerFields" classname="org.opensearch.sql.legacy.ObjectFieldSelectIT" time="0.079"/>
  <testcase name="testSelectNestedFieldItself" classname="org.opensearch.sql.legacy.ObjectFieldSelectIT" time="0.071">
    <failure message="java.lang.RuntimeException: org.opensearch.client.ResponseException: method [POST], host [http://[::1]:61802], URI [/_plugins/_sql?format=jdbc], status line [HTTP/1.1 400 Bad Request]&#10;{&#10;  &quot;error&quot;: {&#10;    &quot;reason&quot;: &quot;Invalid SQL query&quot;,&#10;    &quot;details&quot;: &quot;Query is unsupported in the new engine&quot;,&#10;    &quot;type&quot;: &quot;SQLFeatureDisabledException&quot;&#10;  },&#10;  &quot;status&quot;: 400&#10;}" type="java.lang.RuntimeException">java.lang.RuntimeException: org.opensearch.client.ResponseException: method [POST], host [http://[::1]:61802], URI [/_plugins/_sql?format=jdbc], status line [HTTP/1.1 400 Bad Request]
</failure>
  </testcase>
  <testcase name="testSelectObjectFieldOfArrayValuesItself" classname="org.opensearch.sql.legacy.ObjectFieldSelectIT" time="0.072"/>
  <testcase name="testSelectObjectFieldOfArrayValuesInnerFields" classname="org.opensearch.sql.legacy.ObjectFieldSelectIT" time="0.076"/>
  <system-out><![CDATA[[2023-01-17T07:16:22,391][INFO ][o.o.s.l.ObjectFieldSelectIT] [testSelectObjectFieldItself] before test
]]></system-out>
  <system-err><![CDATA[REPRODUCE WITH: ./gradlew ':integ-test:integTest' --tests "org.opensearch.sql.legacy.ObjectFieldSelectIT.testSelectNestedFieldItself" -Dtests.seed=160F64C51FACC80F -Dtests.security.manager=false -Dtests.locale=sl-SI -Dtests.timezone=Asia/Ashkhabad -Druntime.java=17
]]></system-err>
</testsuite>
<?xml version="1.0" encoding="UTF-8"?>
<testsuite name="org.opensearch.sql.legacy.OrdinalAliasRewriterIT" tests="11" skipped="0" failures="0" errors="0" timestamp="2023-01-17T02:16:23" hostname="Unused26-MacBook.local" time="1.332">
  <properties/>
  <testcase name="selectFieldiWithBacticksAndTableAliasGroupByOrdinal" classname="org.opensearch.sql.legacy.OrdinalAliasRewriterIT" time="0.687"/>
  <testcase name="simpleGroupByOrdinal" classname="org.opensearch.sql.legacy.OrdinalAliasRewriterIT" time="0.073"/>
  <testcase name="simpleOrderByOrdinal" classname="org.opensearch.sql.legacy.OrdinalAliasRewriterIT" time="0.062"/>
  <testcase name="multipleOrderByOrdinal" classname="org.opensearch.sql.legacy.OrdinalAliasRewriterIT" time="0.063"/>
  <testcase name="multipleGroupByOrdinal" classname="org.opensearch.sql.legacy.OrdinalAliasRewriterIT" time="0.077"/>
  <testcase name="selectFieldiWithBacticksOrderByOrdinal" classname="org.opensearch.sql.legacy.OrdinalAliasRewriterIT" time="0.06"/>
  <testcase name="selectFieldiWithBacticksAndTableAliasOrderByOrdinal" classname="org.opensearch.sql.legacy.OrdinalAliasRewriterIT" time="0.061"/>
  <testcase name="explainSelectFieldiWithBacticksAndTableAliasOrderByOrdinal" classname="org.opensearch.sql.legacy.OrdinalAliasRewriterIT" time="0.046"/>
  <testcase name="explainSelectFieldiWithBacticksAndTableAliasGroupByOrdinal" classname="org.opensearch.sql.legacy.OrdinalAliasRewriterIT" time="0.049"/>
  <testcase name="selectFieldiWithBacticksAndTableAliasOrderByOrdinalAndNull" classname="org.opensearch.sql.legacy.OrdinalAliasRewriterIT" time="0.087"/>
  <testcase name="selectFieldiWithBacticksGroupByOrdinal" classname="org.opensearch.sql.legacy.OrdinalAliasRewriterIT" time="0.065"/>
  <system-out><![CDATA[[2023-01-16T17:16:23,255][INFO ][o.o.s.l.OrdinalAliasRewriterIT] [selectFieldiWithBacticksAndTableAliasGroupByOrdinal] before test
]]></system-out>
  <system-err><![CDATA[]]></system-err>
</testsuite>
<?xml version="1.0" encoding="UTF-8"?>
<testsuite name="org.opensearch.sql.legacy.PluginIT" tests="9" skipped="0" failures="2" errors="0" timestamp="2023-01-17T02:16:24" hostname="Unused26-MacBook.local" time="2.175">
  <properties/>
  <testcase name="sqlCombinedMixedSettingTest" classname="org.opensearch.sql.legacy.PluginIT" time="0.14"/>
  <testcase name="ignoreNonTransientNonPersistentSettingsTest" classname="org.opensearch.sql.legacy.PluginIT" time="0.136"/>
  <testcase name="nonRegisteredSQLSettingsThrowException" classname="org.opensearch.sql.legacy.PluginIT" time="0.12"/>
  <testcase name="ignoreNonSQLSettingsTest" classname="org.opensearch.sql.legacy.PluginIT" time="0.12"/>
  <testcase name="sqlCombinedSettingTest" classname="org.opensearch.sql.legacy.PluginIT" time="0.376"/>
  <testcase name="sqlTransientOnlySettingTest" classname="org.opensearch.sql.legacy.PluginIT" time="0.194"/>
  <testcase name="sqlDeleteSettingsTest" classname="org.opensearch.sql.legacy.PluginIT" time="0.164">
    <failure message="java.lang.AssertionError: {&quot;error&quot;:{&quot;reason&quot;:&quot;Invalid SQL query&quot;,&quot;details&quot;:&quot;Query is unsupported in the new engine&quot;,&quot;type&quot;:&quot;SQLFeatureDisabledException&quot;},&quot;status&quot;:400}" type="java.lang.AssertionError">java.lang.AssertionError: {&quot;error&quot;:{&quot;reason&quot;:&quot;Invalid SQL query&quot;,&quot;details&quot;:&quot;Query is unsupported in the new engine&quot;,&quot;type&quot;:&quot;SQLFeatureDisabledException&quot;},&quot;status&quot;:400}
</failure>
  </testcase>
  <testcase name="sqlEnableSettingsTest" classname="org.opensearch.sql.legacy.PluginIT" time="0.695">
    <failure message="org.opensearch.client.ResponseException: method [POST], host [http://[::1]:61802], URI [/_plugins/_sql?format=json], status line [HTTP/1.1 400 Bad Request]&#10;{&#10;  &quot;error&quot;: {&#10;    &quot;reason&quot;: &quot;Invalid SQL query&quot;,&#10;    &quot;details&quot;: &quot;Query is unsupported in the new engine&quot;,&#10;    &quot;type&quot;: &quot;SQLFeatureDisabledException&quot;&#10;  },&#10;  &quot;status&quot;: 400&#10;}" type="org.opensearch.client.ResponseException">org.opensearch.client.ResponseException: method [POST], host [http://[::1]:61802], URI [/_plugins/_sql?format=json], status line [HTTP/1.1 400 Bad Request]
</failure>
  </testcase>
  <testcase name="sqlPersistentOnlySettingTest" classname="org.opensearch.sql.legacy.PluginIT" time="0.226"/>
  <system-out><![CDATA[[2023-01-17T09:16:24,736][INFO ][o.o.s.l.PluginIT         ] [sqlCombinedMixedSettingTest] before test
]]></system-out>
  <system-err><![CDATA[REPRODUCE WITH: ./gradlew ':integ-test:integTest' --tests "org.opensearch.sql.legacy.PluginIT.sqlDeleteSettingsTest" -Dtests.seed=160F64C51FACC80F -Dtests.security.manager=false -Dtests.locale=en-SG -Dtests.timezone=Asia/Vientiane -Druntime.java=17
]]></system-err>
</testsuite>
<?xml version="1.0" encoding="UTF-8"?>
<testsuite name="org.opensearch.sql.legacy.PreparedStatementIT" tests="1" skipped="0" failures="1" errors="0" timestamp="2023-01-17T02:16:27" hostname="Unused26-MacBook.local" time="0.434">
  <properties/>
  <testcase name="testPreparedStatement" classname="org.opensearch.sql.legacy.PreparedStatementIT" time="0.434">
    <failure message="org.opensearch.client.ResponseException: method [POST], host [http://[::1]:61802], URI [/_plugins/_sql?format=json], status line [HTTP/1.1 400 Bad Request]&#10;{&#10;  &quot;error&quot;: {&#10;    &quot;reason&quot;: &quot;Invalid SQL query&quot;,&#10;    &quot;details&quot;: &quot;Query is unsupported in the new engine&quot;,&#10;    &quot;type&quot;: &quot;SQLFeatureDisabledException&quot;&#10;  },&#10;  &quot;status&quot;: 400&#10;}" type="org.opensearch.client.ResponseException">org.opensearch.client.ResponseException: method [POST], host [http://[::1]:61802], URI [/_plugins/_sql?format=json], status line [HTTP/1.1 400 Bad Request]
</failure>
  </testcase>
  <system-out><![CDATA[[2023-01-17T07:16:27,047][INFO ][o.o.s.l.PreparedStatementIT] [testPreparedStatement] before test
]]></system-out>
  <system-err><![CDATA[REPRODUCE WITH: ./gradlew ':integ-test:integTest' --tests "org.opensearch.sql.legacy.PreparedStatementIT.testPreparedStatement" -Dtests.seed=160F64C51FACC80F -Dtests.security.manager=false -Dtests.locale=es-AR -Dtests.timezone=Asia/Samarkand -Druntime.java=17
]]></system-err>
</testsuite>
<?xml version="1.0" encoding="UTF-8"?>
<testsuite name="org.opensearch.sql.legacy.PrettyFormatResponseIT" tests="30" skipped="3" failures="12" errors="0" timestamp="2023-01-17T02:16:27" hostname="Unused26-MacBook.local" time="2.963">
  <properties/>
  <testcase name="aggregationFunctionInHaving" classname="org.opensearch.sql.legacy.PrettyFormatResponseIT" time="1.466"/>
  <testcase name="selectAll" classname="org.opensearch.sql.legacy.PrettyFormatResponseIT" time="0.102"/>
  <testcase name="selectAllFromNestedWithoutFieldInFrom" classname="org.opensearch.sql.legacy.PrettyFormatResponseIT" time="0.071"/>
  <testcase name="joinQuery" classname="org.opensearch.sql.legacy.PrettyFormatResponseIT" time="0.043">
    <failure message="org.opensearch.client.ResponseException: method [POST], host [http://127.0.0.1:61803], URI [/_plugins/_sql?format=json&amp;format=jdbc], status line [HTTP/1.1 400 Bad Request]&#10;{&#10;  &quot;error&quot;: {&#10;    &quot;reason&quot;: &quot;Invalid SQL query&quot;,&#10;    &quot;details&quot;: &quot;Query is unsupported in the new engine&quot;,&#10;    &quot;type&quot;: &quot;SQLFeatureDisabledException&quot;&#10;  },&#10;  &quot;status&quot;: 400&#10;}" type="org.opensearch.client.ResponseException">org.opensearch.client.ResponseException: method [POST], host [http://127.0.0.1:61803], URI [/_plugins/_sql?format=json&amp;format=jdbc], status line [HTTP/1.1 400 Bad Request]
</failure>
  </testcase>
  <testcase name="selectNestedFieldWithWildcard" classname="org.opensearch.sql.legacy.PrettyFormatResponseIT" time="0.039">
    <failure message="org.opensearch.client.ResponseException: method [POST], host [http://127.0.0.1:61803], URI [/_plugins/_sql?format=json&amp;format=jdbc], status line [HTTP/1.1 400 Bad Request]&#10;{&#10;  &quot;error&quot;: {&#10;    &quot;reason&quot;: &quot;Invalid SQL query&quot;,&#10;    &quot;details&quot;: &quot;Query is unsupported in the new engine&quot;,&#10;    &quot;type&quot;: &quot;SQLFeatureDisabledException&quot;&#10;  },&#10;  &quot;status&quot;: 400&#10;}" type="org.opensearch.client.ResponseException">org.opensearch.client.ResponseException: method [POST], host [http://127.0.0.1:61803], URI [/_plugins/_sql?format=json&amp;format=jdbc], status line [HTTP/1.1 400 Bad Request]
</failure>
  </testcase>
  <testcase name="selectWithWhere" classname="org.opensearch.sql.legacy.PrettyFormatResponseIT" time="0.07"/>
  <testcase name="aggregationFunctionInSelect" classname="org.opensearch.sql.legacy.PrettyFormatResponseIT" time="0.063"/>
  <testcase name="indexWithMissingFields" classname="org.opensearch.sql.legacy.PrettyFormatResponseIT" time="0.117"/>
  <testcase name="fieldOrderOther" classname="org.opensearch.sql.legacy.PrettyFormatResponseIT" time="0.096"/>
  <testcase name="testSizeAndTotal" classname="org.opensearch.sql.legacy.PrettyFormatResponseIT" time="0.0">
    <skipped/>
  </testcase>
  <testcase name="selectAllFromNestedWithFieldInFrom" classname="org.opensearch.sql.legacy.PrettyFormatResponseIT" time="0.057">
    <failure message="org.opensearch.client.ResponseException: method [POST], host [http://127.0.0.1:61803], URI [/_plugins/_sql?format=json&amp;format=jdbc], status line [HTTP/1.1 400 Bad Request]&#10;{&#10;  &quot;error&quot;: {&#10;    &quot;reason&quot;: &quot;Invalid SQL query&quot;,&#10;    &quot;details&quot;: &quot;Query is unsupported in the new engine&quot;,&#10;    &quot;type&quot;: &quot;SQLFeatureDisabledException&quot;&#10;  },&#10;  &quot;status&quot;: 400&#10;}" type="org.opensearch.client.ResponseException">org.opensearch.client.ResponseException: method [POST], host [http://127.0.0.1:61803], URI [/_plugins/_sql?format=json&amp;format=jdbc], status line [HTTP/1.1 400 Bad Request]
</failure>
  </testcase>
  <testcase name="wrongIndexType" classname="org.opensearch.sql.legacy.PrettyFormatResponseIT" time="0.074">
    <failure message="org.opensearch.client.ResponseException: method [POST], host [http://127.0.0.1:61803], URI [/_plugins/_sql?format=json&amp;format=jdbc], status line [HTTP/1.1 400 Bad Request]&#10;{&#10;  &quot;error&quot;: {&#10;    &quot;reason&quot;: &quot;Invalid SQL query&quot;,&#10;    &quot;details&quot;: &quot;Query is unsupported in the new engine&quot;,&#10;    &quot;type&quot;: &quot;SQLFeatureDisabledException&quot;&#10;  },&#10;  &quot;status&quot;: 400&#10;}" type="org.opensearch.client.ResponseException">org.opensearch.client.ResponseException: method [POST], host [http://127.0.0.1:61803], URI [/_plugins/_sql?format=json&amp;format=jdbc], status line [HTTP/1.1 400 Bad Request]
</failure>
  </testcase>
  <testcase name="selectSpecificRegularFieldAndAllFromNestedWithFieldInFrom" classname="org.opensearch.sql.legacy.PrettyFormatResponseIT" time="0.047">
    <failure message="org.opensearch.client.ResponseException: method [POST], host [http://127.0.0.1:61803], URI [/_plugins/_sql?format=json&amp;format=jdbc], status line [HTTP/1.1 400 Bad Request]&#10;{&#10;  &quot;error&quot;: {&#10;    &quot;reason&quot;: &quot;Invalid SQL query&quot;,&#10;    &quot;details&quot;: &quot;Query is unsupported in the new engine&quot;,&#10;    &quot;type&quot;: &quot;SQLFeatureDisabledException&quot;&#10;  },&#10;  &quot;status&quot;: 400&#10;}" type="org.opensearch.client.ResponseException">org.opensearch.client.ResponseException: method [POST], host [http://127.0.0.1:61803], URI [/_plugins/_sql?format=json&amp;format=jdbc], status line [HTTP/1.1 400 Bad Request]
</failure>
  </testcase>
  <testcase name="selectScore" classname="org.opensearch.sql.legacy.PrettyFormatResponseIT" time="0.038">
    <failure message="org.opensearch.client.ResponseException: method [POST], host [http://127.0.0.1:61803], URI [/_plugins/_sql?format=json&amp;format=jdbc], status line [HTTP/1.1 400 Bad Request]&#10;{&#10;  &quot;error&quot;: {&#10;    &quot;reason&quot;: &quot;Invalid SQL query&quot;,&#10;    &quot;details&quot;: &quot;Query is unsupported in the new engine&quot;,&#10;    &quot;type&quot;: &quot;SQLFeatureDisabledException&quot;&#10;  },&#10;  &quot;status&quot;: 400&#10;}" type="org.opensearch.client.ResponseException">org.opensearch.client.ResponseException: method [POST], host [http://127.0.0.1:61803], URI [/_plugins/_sql?format=json&amp;format=jdbc], status line [HTTP/1.1 400 Bad Request]
</failure>
  </testcase>
  <testcase name="fieldsWithAlias" classname="org.opensearch.sql.legacy.PrettyFormatResponseIT" time="0.085"/>
  <testcase name="aggregationFunctionInSelectCaseCheck" classname="org.opensearch.sql.legacy.PrettyFormatResponseIT" time="0.0">
    <skipped/>
  </testcase>
  <testcase name="joinQueryWithObjectFieldInSelect" classname="org.opensearch.sql.legacy.PrettyFormatResponseIT" time="0.065">
    <failure message="org.opensearch.client.ResponseException: method [POST], host [http://127.0.0.1:61803], URI [/_plugins/_sql?format=json&amp;format=jdbc], status line [HTTP/1.1 400 Bad Request]&#10;{&#10;  &quot;error&quot;: {&#10;    &quot;reason&quot;: &quot;Invalid SQL query&quot;,&#10;    &quot;details&quot;: &quot;Query is unsupported in the new engine&quot;,&#10;    &quot;type&quot;: &quot;SQLFeatureDisabledException&quot;&#10;  },&#10;  &quot;status&quot;: 400&#10;}" type="org.opensearch.client.ResponseException">org.opensearch.client.ResponseException: method [POST], host [http://127.0.0.1:61803], URI [/_plugins/_sql?format=json&amp;format=jdbc], status line [HTTP/1.1 400 Bad Request]
</failure>
  </testcase>
  <testcase name="testSizeWithGroupBy" classname="org.opensearch.sql.legacy.PrettyFormatResponseIT" time="0.058"/>
  <testcase name="selectAllFromNestedWithMultipleFieldsInFrom" classname="org.opensearch.sql.legacy.PrettyFormatResponseIT" time="0.035">
    <failure message="org.opensearch.client.ResponseException: method [POST], host [http://127.0.0.1:61803], URI [/_plugins/_sql?format=json&amp;format=jdbc], status line [HTTP/1.1 400 Bad Request]&#10;{&#10;  &quot;error&quot;: {&#10;    &quot;reason&quot;: &quot;Invalid SQL query&quot;,&#10;    &quot;details&quot;: &quot;Query is unsupported in the new engine&quot;,&#10;    &quot;type&quot;: &quot;SQLFeatureDisabledException&quot;&#10;  },&#10;  &quot;status&quot;: 400&#10;}" type="org.opensearch.client.ResponseException">org.opensearch.client.ResponseException: method [POST], host [http://127.0.0.1:61803], URI [/_plugins/_sql?format=json&amp;format=jdbc], status line [HTTP/1.1 400 Bad Request]
</failure>
  </testcase>
  <testcase name="joinQueryWithAlias" classname="org.opensearch.sql.legacy.PrettyFormatResponseIT" time="0.041">
    <failure message="org.opensearch.client.ResponseException: method [POST], host [http://127.0.0.1:61803], URI [/_plugins/_sql?format=json&amp;format=jdbc], status line [HTTP/1.1 400 Bad Request]&#10;{&#10;  &quot;error&quot;: {&#10;    &quot;reason&quot;: &quot;Invalid SQL query&quot;,&#10;    &quot;details&quot;: &quot;Query is unsupported in the new engine&quot;,&#10;    &quot;type&quot;: &quot;SQLFeatureDisabledException&quot;&#10;  },&#10;  &quot;status&quot;: 400&#10;}" type="org.opensearch.client.ResponseException">org.opensearch.client.ResponseException: method [POST], host [http://127.0.0.1:61803], URI [/_plugins/_sql?format=json&amp;format=jdbc], status line [HTTP/1.1 400 Bad Request]
</failure>
  </testcase>
  <testcase name="selectNames" classname="org.opensearch.sql.legacy.PrettyFormatResponseIT" time="0.051"/>
  <testcase name="groupBySingleField" classname="org.opensearch.sql.legacy.PrettyFormatResponseIT" time="0.04"/>
  <testcase name="selectNestedFields" classname="org.opensearch.sql.legacy.PrettyFormatResponseIT" time="0.036">
    <failure message="org.opensearch.client.ResponseException: method [POST], host [http://127.0.0.1:61803], URI [/_plugins/_sql?format=json&amp;format=jdbc], status line [HTTP/1.1 400 Bad Request]&#10;{&#10;  &quot;error&quot;: {&#10;    &quot;reason&quot;: &quot;Invalid SQL query&quot;,&#10;    &quot;details&quot;: &quot;Query is unsupported in the new engine&quot;,&#10;    &quot;type&quot;: &quot;SQLFeatureDisabledException&quot;&#10;  },&#10;  &quot;status&quot;: 400&#10;}" type="org.opensearch.client.ResponseException">org.opensearch.client.ResponseException: method [POST], host [http://127.0.0.1:61803], URI [/_plugins/_sql?format=json&amp;format=jdbc], status line [HTTP/1.1 400 Bad Request]
</failure>
  </testcase>
  <testcase name="selectWrongField" classname="org.opensearch.sql.legacy.PrettyFormatResponseIT" time="0.0">
    <skipped/>
  </testcase>
  <testcase name="fieldOrder" classname="org.opensearch.sql.legacy.PrettyFormatResponseIT" time="0.039"/>
  <testcase name="aggregationFunctionInSelectNoGroupBy" classname="org.opensearch.sql.legacy.PrettyFormatResponseIT" time="0.039"/>
  <testcase name="joinQuerySelectOnlyOnOneTable" classname="org.opensearch.sql.legacy.PrettyFormatResponseIT" time="0.036">
    <failure message="org.opensearch.client.ResponseException: method [POST], host [http://127.0.0.1:61803], URI [/_plugins/_sql?format=json&amp;format=jdbc], status line [HTTP/1.1 400 Bad Request]&#10;{&#10;  &quot;error&quot;: {&#10;    &quot;reason&quot;: &quot;Invalid SQL query&quot;,&#10;    &quot;details&quot;: &quot;Query is unsupported in the new engine&quot;,&#10;    &quot;type&quot;: &quot;SQLFeatureDisabledException&quot;&#10;  },&#10;  &quot;status&quot;: 400&#10;}" type="org.opensearch.client.ResponseException">org.opensearch.client.ResponseException: method [POST], host [http://127.0.0.1:61803], URI [/_plugins/_sql?format=json&amp;format=jdbc], status line [HTTP/1.1 400 Bad Request]
</failure>
  </testcase>
  <testcase name="selectAllNestedFromNestedWithFieldInFrom" classname="org.opensearch.sql.legacy.PrettyFormatResponseIT" time="0.043">
    <failure message="org.opensearch.client.ResponseException: method [POST], host [http://127.0.0.1:61803], URI [/_plugins/_sql?format=json&amp;format=jdbc], status line [HTTP/1.1 400 Bad Request]&#10;{&#10;  &quot;error&quot;: {&#10;    &quot;reason&quot;: &quot;Invalid SQL query&quot;,&#10;    &quot;details&quot;: &quot;Query is unsupported in the new engine&quot;,&#10;    &quot;type&quot;: &quot;SQLFeatureDisabledException&quot;&#10;  },&#10;  &quot;status&quot;: 400&#10;}" type="org.opensearch.client.ResponseException">org.opensearch.client.ResponseException: method [POST], host [http://127.0.0.1:61803], URI [/_plugins/_sql?format=json&amp;format=jdbc], status line [HTTP/1.1 400 Bad Request]
</failure>
  </testcase>
  <testcase name="multipleAggregationFunctionsInSelect" classname="org.opensearch.sql.legacy.PrettyFormatResponseIT" time="0.048"/>
  <testcase name="groupByMultipleFields" classname="org.opensearch.sql.legacy.PrettyFormatResponseIT" time="0.052"/>
  <system-out><![CDATA[[2023-01-17T02:16:27,627][INFO ][o.o.s.l.PrettyFormatResponseIT] [aggregationFunctionInHaving] before test
]]></system-out>
  <system-err><![CDATA[REPRODUCE WITH: ./gradlew ':integ-test:integTest' --tests "org.opensearch.sql.legacy.PrettyFormatResponseIT.joinQuery" -Dtests.seed=160F64C51FACC80F -Dtests.security.manager=false -Dtests.locale=de -Dtests.timezone=Etc/GMT+0 -Druntime.java=17
]]></system-err>
</testsuite>
<?xml version="1.0" encoding="UTF-8"?>
<testsuite name="org.opensearch.sql.legacy.QueryFunctionsIT" tests="10" skipped="0" failures="9" errors="0" timestamp="2023-01-17T02:16:30" hostname="Unused26-MacBook.local" time="1.351">
  <properties/>
  <testcase name="numberLiteralInSelectField" classname="org.opensearch.sql.legacy.QueryFunctionsIT" time="1.034"/>
  <testcase name="matchQueryNestedField" classname="org.opensearch.sql.legacy.QueryFunctionsIT" time="0.037">
    <failure message="org.opensearch.client.ResponseException: method [POST], host [http://[::1]:61802], URI [/_plugins/_sql?format=json], status line [HTTP/1.1 400 Bad Request]&#10;{&#10;  &quot;error&quot;: {&#10;    &quot;reason&quot;: &quot;Invalid SQL query&quot;,&#10;    &quot;details&quot;: &quot;Query is unsupported in the new engine&quot;,&#10;    &quot;type&quot;: &quot;SQLFeatureDisabledException&quot;&#10;  },&#10;  &quot;status&quot;: 400&#10;}" type="org.opensearch.client.ResponseException">org.opensearch.client.ResponseException: method [POST], host [http://[::1]:61802], URI [/_plugins/_sql?format=json], status line [HTTP/1.1 400 Bad Request]
</failure>
  </testcase>
  <testcase name="scoreQueryWithNestedField" classname="org.opensearch.sql.legacy.QueryFunctionsIT" time="0.036">
    <failure message="org.opensearch.client.ResponseException: method [POST], host [http://127.0.0.1:61803], URI [/_plugins/_sql?format=json], status line [HTTP/1.1 400 Bad Request]&#10;{&#10;  &quot;error&quot;: {&#10;    &quot;reason&quot;: &quot;Invalid SQL query&quot;,&#10;    &quot;details&quot;: &quot;Query is unsupported in the new engine&quot;,&#10;    &quot;type&quot;: &quot;SQLFeatureDisabledException&quot;&#10;  },&#10;  &quot;status&quot;: 400&#10;}" type="org.opensearch.client.ResponseException">org.opensearch.client.ResponseException: method [POST], host [http://127.0.0.1:61803], URI [/_plugins/_sql?format=json], status line [HTTP/1.1 400 Bad Request]
</failure>
  </testcase>
  <testcase name="matchQueryRegularField" classname="org.opensearch.sql.legacy.QueryFunctionsIT" time="0.034">
    <failure message="org.opensearch.client.ResponseException: method [POST], host [http://[::1]:61802], URI [/_plugins/_sql?format=json], status line [HTTP/1.1 400 Bad Request]&#10;{&#10;  &quot;error&quot;: {&#10;    &quot;reason&quot;: &quot;Invalid SQL query&quot;,&#10;    &quot;details&quot;: &quot;Query is unsupported in the new engine&quot;,&#10;    &quot;type&quot;: &quot;SQLFeatureDisabledException&quot;&#10;  },&#10;  &quot;status&quot;: 400&#10;}" type="org.opensearch.client.ResponseException">org.opensearch.client.ResponseException: method [POST], host [http://[::1]:61802], URI [/_plugins/_sql?format=json], status line [HTTP/1.1 400 Bad Request]
</failure>
  </testcase>
  <testcase name="multiMatchQueryWildcardField" classname="org.opensearch.sql.legacy.QueryFunctionsIT" time="0.035">
    <failure message="org.opensearch.client.ResponseException: method [POST], host [http://127.0.0.1:61803], URI [/_plugins/_sql?format=json], status line [HTTP/1.1 400 Bad Request]&#10;{&#10;  &quot;error&quot;: {&#10;    &quot;reason&quot;: &quot;Invalid SQL query&quot;,&#10;    &quot;details&quot;: &quot;Query is unsupported in the new engine&quot;,&#10;    &quot;type&quot;: &quot;SQLFeatureDisabledException&quot;&#10;  },&#10;  &quot;status&quot;: 400&#10;}" type="org.opensearch.client.ResponseException">org.opensearch.client.ResponseException: method [POST], host [http://127.0.0.1:61803], URI [/_plugins/_sql?format=json], status line [HTTP/1.1 400 Bad Request]
</failure>
  </testcase>
  <testcase name="wildcardQuery" classname="org.opensearch.sql.legacy.QueryFunctionsIT" time="0.037">
    <failure message="org.opensearch.client.ResponseException: method [POST], host [http://[::1]:61802], URI [/_plugins/_sql?format=json], status line [HTTP/1.1 400 Bad Request]&#10;{&#10;  &quot;error&quot;: {&#10;    &quot;reason&quot;: &quot;Invalid SQL query&quot;,&#10;    &quot;details&quot;: &quot;Query is unsupported in the new engine&quot;,&#10;    &quot;type&quot;: &quot;SQLFeatureDisabledException&quot;&#10;  },&#10;  &quot;status&quot;: 400&#10;}" type="org.opensearch.client.ResponseException">org.opensearch.client.ResponseException: method [POST], host [http://[::1]:61802], URI [/_plugins/_sql?format=json], status line [HTTP/1.1 400 Bad Request]
</failure>
  </testcase>
  <testcase name="matchPhraseQuery" classname="org.opensearch.sql.legacy.QueryFunctionsIT" time="0.035">
    <failure message="org.opensearch.client.ResponseException: method [POST], host [http://127.0.0.1:61803], URI [/_plugins/_sql?format=json], status line [HTTP/1.1 400 Bad Request]&#10;{&#10;  &quot;error&quot;: {&#10;    &quot;reason&quot;: &quot;Invalid SQL query&quot;,&#10;    &quot;details&quot;: &quot;Query is unsupported in the new engine&quot;,&#10;    &quot;type&quot;: &quot;SQLFeatureDisabledException&quot;&#10;  },&#10;  &quot;status&quot;: 400&#10;}" type="org.opensearch.client.ResponseException">org.opensearch.client.ResponseException: method [POST], host [http://127.0.0.1:61803], URI [/_plugins/_sql?format=json], status line [HTTP/1.1 400 Bad Request]
</failure>
  </testcase>
  <testcase name="multiMatchQuerySingleField" classname="org.opensearch.sql.legacy.QueryFunctionsIT" time="0.034">
    <failure message="org.opensearch.client.ResponseException: method [POST], host [http://[::1]:61802], URI [/_plugins/_sql?format=json], status line [HTTP/1.1 400 Bad Request]&#10;{&#10;  &quot;error&quot;: {&#10;    &quot;reason&quot;: &quot;Invalid SQL query&quot;,&#10;    &quot;details&quot;: &quot;Query is unsupported in the new engine&quot;,&#10;    &quot;type&quot;: &quot;SQLFeatureDisabledException&quot;&#10;  },&#10;  &quot;status&quot;: 400&#10;}" type="org.opensearch.client.ResponseException">org.opensearch.client.ResponseException: method [POST], host [http://[::1]:61802], URI [/_plugins/_sql?format=json], status line [HTTP/1.1 400 Bad Request]
</failure>
  </testcase>
  <testcase name="query" classname="org.opensearch.sql.legacy.QueryFunctionsIT" time="0.034">
    <failure message="org.opensearch.client.ResponseException: method [POST], host [http://127.0.0.1:61803], URI [/_plugins/_sql?format=json], status line [HTTP/1.1 400 Bad Request]&#10;{&#10;  &quot;error&quot;: {&#10;    &quot;reason&quot;: &quot;Invalid SQL query&quot;,&#10;    &quot;details&quot;: &quot;Query is unsupported in the new engine&quot;,&#10;    &quot;type&quot;: &quot;SQLFeatureDisabledException&quot;&#10;  },&#10;  &quot;status&quot;: 400&#10;}" type="org.opensearch.client.ResponseException">org.opensearch.client.ResponseException: method [POST], host [http://127.0.0.1:61803], URI [/_plugins/_sql?format=json], status line [HTTP/1.1 400 Bad Request]
</failure>
  </testcase>
  <testcase name="scoreQuery" classname="org.opensearch.sql.legacy.QueryFunctionsIT" time="0.034">
    <failure message="org.opensearch.client.ResponseException: method [POST], host [http://[::1]:61802], URI [/_plugins/_sql?format=json], status line [HTTP/1.1 400 Bad Request]&#10;{&#10;  &quot;error&quot;: {&#10;    &quot;reason&quot;: &quot;Invalid SQL query&quot;,&#10;    &quot;details&quot;: &quot;Query is unsupported in the new engine&quot;,&#10;    &quot;type&quot;: &quot;SQLFeatureDisabledException&quot;&#10;  },&#10;  &quot;status&quot;: 400&#10;}" type="org.opensearch.client.ResponseException">org.opensearch.client.ResponseException: method [POST], host [http://[::1]:61802], URI [/_plugins/_sql?format=json], status line [HTTP/1.1 400 Bad Request]
</failure>
  </testcase>
  <system-out><![CDATA[[2023-01-17T03:16:30,993][INFO ][o.o.s.l.QueryFunctionsIT ] [numberLiteralInSelectField] before test
]]></system-out>
  <system-err><![CDATA[REPRODUCE WITH: ./gradlew ':integ-test:integTest' --tests "org.opensearch.sql.legacy.QueryFunctionsIT.matchQueryNestedField" -Dtests.seed=160F64C51FACC80F -Dtests.security.manager=false -Dtests.locale=ar-MA -Dtests.timezone=Europe/Sarajevo -Druntime.java=17
]]></system-err>
</testsuite>
<?xml version="1.0" encoding="UTF-8"?>
<testsuite name="org.opensearch.sql.legacy.QueryIT" tests="107" skipped="17" failures="82" errors="0" timestamp="2023-01-17T02:16:32" hostname="Unused26-MacBook.local" time="10.741">
  <properties/>
  <testcase name="testMultiPartWhere" classname="org.opensearch.sql.legacy.QueryIT" time="5.84">
    <failure message="org.opensearch.client.ResponseException: method [POST], host [http://127.0.0.1:61803], URI [/_plugins/_sql?format=json], status line [HTTP/1.1 400 Bad Request]&#10;{&#10;  &quot;error&quot;: {&#10;    &quot;reason&quot;: &quot;Invalid SQL query&quot;,&#10;    &quot;details&quot;: &quot;Query is unsupported in the new engine&quot;,&#10;    &quot;type&quot;: &quot;SQLFeatureDisabledException&quot;&#10;  },&#10;  &quot;status&quot;: 400&#10;}" type="org.opensearch.client.ResponseException">org.opensearch.client.ResponseException: method [POST], host [http://127.0.0.1:61803], URI [/_plugins/_sql?format=json], status line [HTTP/1.1 400 Bad Request]
</failure>
  </testcase>
  <testcase name="testMultiPartWhere3" classname="org.opensearch.sql.legacy.QueryIT" time="0.056">
    <failure message="org.opensearch.client.ResponseException: method [POST], host [http://127.0.0.1:61803], URI [/_plugins/_sql?format=json], status line [HTTP/1.1 400 Bad Request]&#10;{&#10;  &quot;error&quot;: {&#10;    &quot;reason&quot;: &quot;Invalid SQL query&quot;,&#10;    &quot;details&quot;: &quot;Query is unsupported in the new engine&quot;,&#10;    &quot;type&quot;: &quot;SQLFeatureDisabledException&quot;&#10;  },&#10;  &quot;status&quot;: 400&#10;}" type="org.opensearch.client.ResponseException">org.opensearch.client.ResponseException: method [POST], host [http://127.0.0.1:61803], URI [/_plugins/_sql?format=json], status line [HTTP/1.1 400 Bad Request]
</failure>
  </testcase>
  <testcase name="selectFieldWithAliasAndGroupBy" classname="org.opensearch.sql.legacy.QueryIT" time="0.08"/>
  <testcase name="idsQuerySubQueryIds" classname="org.opensearch.sql.legacy.QueryIT" time="0.0">
    <skipped/>
  </testcase>
  <testcase name="escapedCharactersCheck" classname="org.opensearch.sql.legacy.QueryIT" time="0.0">
    <skipped/>
  </testcase>
  <testcase name="orderByAscFieldWithSpaceTest" classname="org.opensearch.sql.legacy.QueryIT" time="0.045">
    <failure message="org.opensearch.client.ResponseException: method [POST], host [http://127.0.0.1:61803], URI [/_plugins/_sql?format=json], status line [HTTP/1.1 400 Bad Request]&#10;{&#10;  &quot;error&quot;: {&#10;    &quot;reason&quot;: &quot;Invalid SQL query&quot;,&#10;    &quot;details&quot;: &quot;Query is unsupported in the new engine&quot;,&#10;    &quot;type&quot;: &quot;SQLFeatureDisabledException&quot;&#10;  },&#10;  &quot;status&quot;: 400&#10;}" type="org.opensearch.client.ResponseException">org.opensearch.client.ResponseException: method [POST], host [http://127.0.0.1:61803], URI [/_plugins/_sql?format=json], status line [HTTP/1.1 400 Bad Request]
</failure>
  </testcase>
  <testcase name="functionCallWithIllegalScriptShouldThrowESExceptionInJdbc" classname="org.opensearch.sql.legacy.QueryIT" time="0.0">
    <skipped/>
  </testcase>
  <testcase name="twoSubQueriesTest" classname="org.opensearch.sql.legacy.QueryIT" time="0.0">
    <skipped/>
  </testcase>
  <testcase name="doubleNotTest" classname="org.opensearch.sql.legacy.QueryIT" time="0.042">
    <failure message="org.opensearch.client.ResponseException: method [POST], host [http://127.0.0.1:61803], URI [/_plugins/_sql?format=json], status line [HTTP/1.1 400 Bad Request]&#10;{&#10;  &quot;error&quot;: {&#10;    &quot;reason&quot;: &quot;Invalid SQL query&quot;,&#10;    &quot;details&quot;: &quot;Query is unsupported in the new engine&quot;,&#10;    &quot;type&quot;: &quot;SQLFeatureDisabledException&quot;&#10;  },&#10;  &quot;status&quot;: 400&#10;}" type="org.opensearch.client.ResponseException">org.opensearch.client.ResponseException: method [POST], host [http://127.0.0.1:61803], URI [/_plugins/_sql?format=json], status line [HTTP/1.1 400 Bad Request]
</failure>
  </testcase>
  <testcase name="nestedEqualsTestFieldNormalField" classname="org.opensearch.sql.legacy.QueryIT" time="0.039">
    <failure message="org.opensearch.client.ResponseException: method [POST], host [http://127.0.0.1:61803], URI [/_plugins/_sql?format=json], status line [HTTP/1.1 400 Bad Request]&#10;{&#10;  &quot;error&quot;: {&#10;    &quot;reason&quot;: &quot;Invalid SQL query&quot;,&#10;    &quot;details&quot;: &quot;Query is unsupported in the new engine&quot;,&#10;    &quot;type&quot;: &quot;SQLFeatureDisabledException&quot;&#10;  },&#10;  &quot;status&quot;: 400&#10;}" type="org.opensearch.client.ResponseException">org.opensearch.client.ResponseException: method [POST], host [http://127.0.0.1:61803], URI [/_plugins/_sql?format=json], status line [HTTP/1.1 400 Bad Request]
</failure>
  </testcase>
  <testcase name="nestedOnInQuery" classname="org.opensearch.sql.legacy.QueryIT" time="0.0">
    <skipped/>
  </testcase>
  <testcase name="functionInCaseFieldShouldThrowESExceptionDueToIllegalScriptInJdbc" classname="org.opensearch.sql.legacy.QueryIT" time="0.0">
    <skipped/>
  </testcase>
  <testcase name="notBetweenTest" classname="org.opensearch.sql.legacy.QueryIT" time="0.047">
    <failure message="org.opensearch.client.ResponseException: method [POST], host [http://127.0.0.1:61803], URI [/_plugins/_sql?format=json], status line [HTTP/1.1 400 Bad Request]&#10;{&#10;  &quot;error&quot;: {&#10;    &quot;reason&quot;: &quot;Invalid SQL query&quot;,&#10;    &quot;details&quot;: &quot;Query is unsupported in the new engine&quot;,&#10;    &quot;type&quot;: &quot;SQLFeatureDisabledException&quot;&#10;  },&#10;  &quot;status&quot;: 400&#10;}" type="org.opensearch.client.ResponseException">org.opensearch.client.ResponseException: method [POST], host [http://127.0.0.1:61803], URI [/_plugins/_sql?format=json], status line [HTTP/1.1 400 Bad Request]
</failure>
  </testcase>
  <testcase name="selectSpecificFieldsUsingTableAlias" classname="org.opensearch.sql.legacy.QueryIT" time="0.046">
    <failure message="org.opensearch.client.ResponseException: method [POST], host [http://127.0.0.1:61803], URI [/_plugins/_sql?format=json], status line [HTTP/1.1 400 Bad Request]&#10;{&#10;  &quot;error&quot;: {&#10;    &quot;reason&quot;: &quot;Invalid SQL query&quot;,&#10;    &quot;details&quot;: &quot;Query is unsupported in the new engine&quot;,&#10;    &quot;type&quot;: &quot;SQLFeatureDisabledException&quot;&#10;  },&#10;  &quot;status&quot;: 400&#10;}" type="org.opensearch.client.ResponseException">org.opensearch.client.ResponseException: method [POST], host [http://127.0.0.1:61803], URI [/_plugins/_sql?format=json], status line [HTTP/1.1 400 Bad Request]
</failure>
  </testcase>
  <testcase name="notInTest" classname="org.opensearch.sql.legacy.QueryIT" time="0.047">
    <failure message="org.opensearch.client.ResponseException: method [POST], host [http://127.0.0.1:61803], URI [/_plugins/_sql?format=json], status line [HTTP/1.1 400 Bad Request]&#10;{&#10;  &quot;error&quot;: {&#10;    &quot;reason&quot;: &quot;Invalid SQL query&quot;,&#10;    &quot;details&quot;: &quot;Query is unsupported in the new engine&quot;,&#10;    &quot;type&quot;: &quot;SQLFeatureDisabledException&quot;&#10;  },&#10;  &quot;status&quot;: 400&#10;}" type="org.opensearch.client.ResponseException">org.opensearch.client.ResponseException: method [POST], host [http://127.0.0.1:61803], URI [/_plugins/_sql?format=json], status line [HTTP/1.1 400 Bad Request]
</failure>
  </testcase>
  <testcase name="notMissFilterSearch" classname="org.opensearch.sql.legacy.QueryIT" time="0.044">
    <failure message="org.opensearch.client.ResponseException: method [POST], host [http://127.0.0.1:61803], URI [/_plugins/_sql?format=json], status line [HTTP/1.1 400 Bad Request]&#10;{&#10;  &quot;error&quot;: {&#10;    &quot;reason&quot;: &quot;Invalid SQL query&quot;,&#10;    &quot;details&quot;: &quot;Query is unsupported in the new engine&quot;,&#10;    &quot;type&quot;: &quot;SQLFeatureDisabledException&quot;&#10;  },&#10;  &quot;status&quot;: 400&#10;}" type="org.opensearch.client.ResponseException">org.opensearch.client.ResponseException: method [POST], host [http://127.0.0.1:61803], URI [/_plugins/_sql?format=json], status line [HTTP/1.1 400 Bad Request]
</failure>
  </testcase>
  <testcase name="caseWhenSwitchTest" classname="org.opensearch.sql.legacy.QueryIT" time="0.042">
    <failure message="org.opensearch.client.ResponseException: method [POST], host [http://127.0.0.1:61803], URI [/_plugins/_sql?format=json], status line [HTTP/1.1 400 Bad Request]&#10;{&#10;  &quot;error&quot;: {&#10;    &quot;reason&quot;: &quot;Invalid SQL query&quot;,&#10;    &quot;details&quot;: &quot;Query is unsupported in the new engine&quot;,&#10;    &quot;type&quot;: &quot;SQLFeatureDisabledException&quot;&#10;  },&#10;  &quot;status&quot;: 400&#10;}" type="org.opensearch.client.ResponseException">org.opensearch.client.ResponseException: method [POST], host [http://127.0.0.1:61803], URI [/_plugins/_sql?format=json], status line [HTTP/1.1 400 Bad Request]
</failure>
  </testcase>
  <testcase name="termQueryWithNumber" classname="org.opensearch.sql.legacy.QueryIT" time="0.038">
    <failure message="org.opensearch.client.ResponseException: method [POST], host [http://127.0.0.1:61803], URI [/_plugins/_sql?format=json], status line [HTTP/1.1 400 Bad Request]&#10;{&#10;  &quot;error&quot;: {&#10;    &quot;reason&quot;: &quot;Invalid SQL query&quot;,&#10;    &quot;details&quot;: &quot;Query is unsupported in the new engine&quot;,&#10;    &quot;type&quot;: &quot;SQLFeatureDisabledException&quot;&#10;  },&#10;  &quot;status&quot;: 400&#10;}" type="org.opensearch.client.ResponseException">org.opensearch.client.ResponseException: method [POST], host [http://127.0.0.1:61803], URI [/_plugins/_sql?format=json], status line [HTTP/1.1 400 Bad Request]
</failure>
  </testcase>
  <testcase name="notLikeTest" classname="org.opensearch.sql.legacy.QueryIT" time="0.048">
    <failure message="org.opensearch.client.ResponseException: method [POST], host [http://127.0.0.1:61803], URI [/_plugins/_sql?format=json], status line [HTTP/1.1 400 Bad Request]&#10;{&#10;  &quot;error&quot;: {&#10;    &quot;reason&quot;: &quot;Invalid SQL query&quot;,&#10;    &quot;details&quot;: &quot;Query is unsupported in the new engine&quot;,&#10;    &quot;type&quot;: &quot;SQLFeatureDisabledException&quot;&#10;  },&#10;  &quot;status&quot;: 400&#10;}" type="org.opensearch.client.ResponseException">org.opensearch.client.ResponseException: method [POST], host [http://127.0.0.1:61803], URI [/_plugins/_sql?format=json], status line [HTTP/1.1 400 Bad Request]
</failure>
  </testcase>
  <testcase name="complexConditionQuery" classname="org.opensearch.sql.legacy.QueryIT" time="0.097">
    <failure message="org.opensearch.client.ResponseException: method [POST], host [http://127.0.0.1:61803], URI [/_plugins/_sql?format=json], status line [HTTP/1.1 400 Bad Request]&#10;{&#10;  &quot;error&quot;: {&#10;    &quot;reason&quot;: &quot;Invalid SQL query&quot;,&#10;    &quot;details&quot;: &quot;Query is unsupported in the new engine&quot;,&#10;    &quot;type&quot;: &quot;SQLFeatureDisabledException&quot;&#10;  },&#10;  &quot;status&quot;: 400&#10;}" type="org.opensearch.client.ResponseException">org.opensearch.client.ResponseException: method [POST], host [http://127.0.0.1:61803], URI [/_plugins/_sql?format=json], status line [HTTP/1.1 400 Bad Request]
</failure>
  </testcase>
  <testcase name="functionArgWithNullValueFieldShouldThrowESExceptionInJdbc" classname="org.opensearch.sql.legacy.QueryIT" time="0.0">
    <skipped/>
  </testcase>
  <testcase name="termQueryWithStringLiteral" classname="org.opensearch.sql.legacy.QueryIT" time="0.091">
    <failure message="org.opensearch.client.ResponseException: method [POST], host [http://127.0.0.1:61803], URI [/_plugins/_sql?format=json], status line [HTTP/1.1 400 Bad Request]&#10;{&#10;  &quot;error&quot;: {&#10;    &quot;reason&quot;: &quot;Invalid SQL query&quot;,&#10;    &quot;details&quot;: &quot;Query is unsupported in the new engine&quot;,&#10;    &quot;type&quot;: &quot;SQLFeatureDisabledException&quot;&#10;  },&#10;  &quot;status&quot;: 400&#10;}" type="org.opensearch.client.ResponseException">org.opensearch.client.ResponseException: method [POST], host [http://127.0.0.1:61803], URI [/_plugins/_sql?format=json], status line [HTTP/1.1 400 Bad Request]
</failure>
  </testcase>
  <testcase name="backticksQuotedIndexNameTest" classname="org.opensearch.sql.legacy.QueryIT" time="0.0">
    <skipped/>
  </testcase>
  <testcase name="queryWithAtFieldOnWhere" classname="org.opensearch.sql.legacy.QueryIT" time="0.0">
    <skipped/>
  </testcase>
  <testcase name="queryEndWithSemiColonTest" classname="org.opensearch.sql.legacy.QueryIT" time="0.1"/>
  <testcase name="caseWhenJdbcResponseTest" classname="org.opensearch.sql.legacy.QueryIT" time="0.103"/>
  <testcase name="selectFieldWithSpace" classname="org.opensearch.sql.legacy.QueryIT" time="0.05">
    <failure message="org.opensearch.client.ResponseException: method [POST], host [http://127.0.0.1:61803], URI [/_plugins/_sql?format=json], status line [HTTP/1.1 400 Bad Request]&#10;{&#10;  &quot;error&quot;: {&#10;    &quot;reason&quot;: &quot;Invalid SQL query&quot;,&#10;    &quot;details&quot;: &quot;Query is unsupported in the new engine&quot;,&#10;    &quot;type&quot;: &quot;SQLFeatureDisabledException&quot;&#10;  },&#10;  &quot;status&quot;: 400&#10;}" type="org.opensearch.client.ResponseException">org.opensearch.client.ResponseException: method [POST], host [http://127.0.0.1:61803], URI [/_plugins/_sql?format=json], status line [HTTP/1.1 400 Bad Request]
</failure>
  </testcase>
  <testcase name="dateSearchBraces" classname="org.opensearch.sql.legacy.QueryIT" time="0.095">
    <failure message="org.opensearch.client.ResponseException: method [POST], host [http://127.0.0.1:61803], URI [/_plugins/_sql?format=json], status line [HTTP/1.1 400 Bad Request]&#10;{&#10;  &quot;error&quot;: {&#10;    &quot;reason&quot;: &quot;Invalid SQL query&quot;,&#10;    &quot;details&quot;: &quot;Query is unsupported in the new engine&quot;,&#10;    &quot;type&quot;: &quot;SQLFeatureDisabledException&quot;&#10;  },&#10;  &quot;status&quot;: 400&#10;}" type="org.opensearch.client.ResponseException">org.opensearch.client.ResponseException: method [POST], host [http://127.0.0.1:61803], URI [/_plugins/_sql?format=json], status line [HTTP/1.1 400 Bad Request]
</failure>
  </testcase>
  <testcase name="selectAllWithFieldReverseOrder" classname="org.opensearch.sql.legacy.QueryIT" time="0.072">
    <failure message="org.opensearch.client.ResponseException: method [POST], host [http://127.0.0.1:61803], URI [/_plugins/_sql?format=json], status line [HTTP/1.1 400 Bad Request]&#10;{&#10;  &quot;error&quot;: {&#10;    &quot;reason&quot;: &quot;Invalid SQL query&quot;,&#10;    &quot;details&quot;: &quot;Query is unsupported in the new engine&quot;,&#10;    &quot;type&quot;: &quot;SQLFeatureDisabledException&quot;&#10;  },&#10;  &quot;status&quot;: 400&#10;}" type="org.opensearch.client.ResponseException">org.opensearch.client.ResponseException: method [POST], host [http://127.0.0.1:61803], URI [/_plugins/_sql?format=json], status line [HTTP/1.1 400 Bad Request]
</failure>
  </testcase>
  <testcase name="backticksQuotedFieldNamesTest" classname="org.opensearch.sql.legacy.QueryIT" time="0.142"/>
  <testcase name="orderByAscTest" classname="org.opensearch.sql.legacy.QueryIT" time="0.064">
    <failure message="org.opensearch.client.ResponseException: method [POST], host [http://[::1]:61802], URI [/_plugins/_sql?format=json], status line [HTTP/1.1 400 Bad Request]&#10;{&#10;  &quot;error&quot;: {&#10;    &quot;reason&quot;: &quot;Invalid SQL query&quot;,&#10;    &quot;details&quot;: &quot;Query is unsupported in the new engine&quot;,&#10;    &quot;type&quot;: &quot;SQLFeatureDisabledException&quot;&#10;  },&#10;  &quot;status&quot;: 400&#10;}" type="org.opensearch.client.ResponseException">org.opensearch.client.ResponseException: method [POST], host [http://[::1]:61802], URI [/_plugins/_sql?format=json], status line [HTTP/1.1 400 Bad Request]
</failure>
  </testcase>
  <testcase name="complexNestedQueryBothOnSameObject" classname="org.opensearch.sql.legacy.QueryIT" time="0.091">
    <failure message="org.opensearch.client.ResponseException: method [POST], host [http://[::1]:61802], URI [/_plugins/_sql?format=json], status line [HTTP/1.1 400 Bad Request]&#10;{&#10;  &quot;error&quot;: {&#10;    &quot;reason&quot;: &quot;Invalid SQL query&quot;,&#10;    &quot;details&quot;: &quot;Query is unsupported in the new engine&quot;,&#10;    &quot;type&quot;: &quot;SQLFeatureDisabledException&quot;&#10;  },&#10;  &quot;status&quot;: 400&#10;}" type="org.opensearch.client.ResponseException">org.opensearch.client.ResponseException: method [POST], host [http://[::1]:61802], URI [/_plugins/_sql?format=json], status line [HTTP/1.1 400 Bad Request]
</failure>
  </testcase>
  <testcase name="selectSpecificFieldsUsingTableNamePrefix" classname="org.opensearch.sql.legacy.QueryIT" time="0.11">
    <failure message="org.opensearch.client.ResponseException: method [POST], host [http://[::1]:61802], URI [/_plugins/_sql?format=json], status line [HTTP/1.1 400 Bad Request]&#10;{&#10;  &quot;error&quot;: {&#10;    &quot;reason&quot;: &quot;Invalid SQL query&quot;,&#10;    &quot;details&quot;: &quot;Query is unsupported in the new engine&quot;,&#10;    &quot;type&quot;: &quot;SQLFeatureDisabledException&quot;&#10;  },&#10;  &quot;status&quot;: 400&#10;}" type="org.opensearch.client.ResponseException">org.opensearch.client.ResponseException: method [POST], host [http://[::1]:61802], URI [/_plugins/_sql?format=json], status line [HTTP/1.1 400 Bad Request]
</failure>
  </testcase>
  <testcase name="equalityTest" classname="org.opensearch.sql.legacy.QueryIT" time="0.049">
    <failure message="org.opensearch.client.ResponseException: method [POST], host [http://[::1]:61802], URI [/_plugins/_sql?format=json], status line [HTTP/1.1 400 Bad Request]&#10;{&#10;  &quot;error&quot;: {&#10;    &quot;reason&quot;: &quot;Invalid SQL query&quot;,&#10;    &quot;details&quot;: &quot;Query is unsupported in the new engine&quot;,&#10;    &quot;type&quot;: &quot;SQLFeatureDisabledException&quot;&#10;  },&#10;  &quot;status&quot;: 400&#10;}" type="org.opensearch.client.ResponseException">org.opensearch.client.ResponseException: method [POST], host [http://[::1]:61802], URI [/_plugins/_sql?format=json], status line [HTTP/1.1 400 Bad Request]
</failure>
  </testcase>
  <testcase name="highlightPreTagsAndPostTags" classname="org.opensearch.sql.legacy.QueryIT" time="0.041">
    <failure message="org.opensearch.client.ResponseException: method [POST], host [http://[::1]:61802], URI [/_plugins/_sql?format=json], status line [HTTP/1.1 400 Bad Request]&#10;{&#10;  &quot;error&quot;: {&#10;    &quot;reason&quot;: &quot;Invalid SQL query&quot;,&#10;    &quot;details&quot;: &quot;Query is unsupported in the new engine&quot;,&#10;    &quot;type&quot;: &quot;SQLFeatureDisabledException&quot;&#10;  },&#10;  &quot;status&quot;: 400&#10;}" type="org.opensearch.client.ResponseException">org.opensearch.client.ResponseException: method [POST], host [http://[::1]:61802], URI [/_plugins/_sql?format=json], status line [HTTP/1.1 400 Bad Request]
</failure>
  </testcase>
  <testcase name="multipleFromTest" classname="org.opensearch.sql.legacy.QueryIT" time="0.038">
    <failure message="org.opensearch.client.ResponseException: method [POST], host [http://[::1]:61802], URI [/_plugins/_sql?format=json], status line [HTTP/1.1 400 Bad Request]&#10;{&#10;  &quot;error&quot;: {&#10;    &quot;reason&quot;: &quot;Invalid SQL query&quot;,&#10;    &quot;details&quot;: &quot;Query is unsupported in the new engine&quot;,&#10;    &quot;type&quot;: &quot;SQLFeatureDisabledException&quot;&#10;  },&#10;  &quot;status&quot;: 400&#10;}" type="org.opensearch.client.ResponseException">org.opensearch.client.ResponseException: method [POST], host [http://[::1]:61802], URI [/_plugins/_sql?format=json], status line [HTTP/1.1 400 Bad Request]
</failure>
  </testcase>
  <testcase name="nestedOnInTermsQuery" classname="org.opensearch.sql.legacy.QueryIT" time="0.045">
    <failure message="org.opensearch.client.ResponseException: method [POST], host [http://[::1]:61802], URI [/_plugins/_sql?format=json], status line [HTTP/1.1 400 Bad Request]&#10;{&#10;  &quot;error&quot;: {&#10;    &quot;reason&quot;: &quot;Invalid SQL query&quot;,&#10;    &quot;details&quot;: &quot;Query is unsupported in the new engine&quot;,&#10;    &quot;type&quot;: &quot;SQLFeatureDisabledException&quot;&#10;  },&#10;  &quot;status&quot;: 400&#10;}" type="org.opensearch.client.ResponseException">org.opensearch.client.ResponseException: method [POST], host [http://[::1]:61802], URI [/_plugins/_sql?format=json], status line [HTTP/1.1 400 Bad Request]
</failure>
  </testcase>
  <testcase name="notUseTableAliasInWhereClauseTest" classname="org.opensearch.sql.legacy.QueryIT" time="0.045">
    <failure message="org.opensearch.client.ResponseException: method [POST], host [http://[::1]:61802], URI [/_plugins/_sql?format=json], status line [HTTP/1.1 400 Bad Request]&#10;{&#10;  &quot;error&quot;: {&#10;    &quot;reason&quot;: &quot;Invalid SQL query&quot;,&#10;    &quot;details&quot;: &quot;Query is unsupported in the new engine&quot;,&#10;    &quot;type&quot;: &quot;SQLFeatureDisabledException&quot;&#10;  },&#10;  &quot;status&quot;: 400&#10;}" type="org.opensearch.client.ResponseException">org.opensearch.client.ResponseException: method [POST], host [http://[::1]:61802], URI [/_plugins/_sql?format=json], status line [HTTP/1.1 400 Bad Request]
</failure>
  </testcase>
  <testcase name="regexQueryTest" classname="org.opensearch.sql.legacy.QueryIT" time="0.046">
    <failure message="org.opensearch.client.ResponseException: method [POST], host [http://[::1]:61802], URI [/_plugins/_sql?format=json], status line [HTTP/1.1 400 Bad Request]&#10;{&#10;  &quot;error&quot;: {&#10;    &quot;reason&quot;: &quot;Invalid SQL query&quot;,&#10;    &quot;details&quot;: &quot;Query is unsupported in the new engine&quot;,&#10;    &quot;type&quot;: &quot;SQLFeatureDisabledException&quot;&#10;  },&#10;  &quot;status&quot;: 400&#10;}" type="org.opensearch.client.ResponseException">org.opensearch.client.ResponseException: method [POST], host [http://[::1]:61802], URI [/_plugins/_sql?format=json], status line [HTTP/1.1 400 Bad Request]
</failure>
  </testcase>
  <testcase name="inTestWithStrings" classname="org.opensearch.sql.legacy.QueryIT" time="0.04">
    <failure message="org.opensearch.client.ResponseException: method [POST], host [http://[::1]:61802], URI [/_plugins/_sql?format=json], status line [HTTP/1.1 400 Bad Request]&#10;{&#10;  &quot;error&quot;: {&#10;    &quot;reason&quot;: &quot;Invalid SQL query&quot;,&#10;    &quot;details&quot;: &quot;Query is unsupported in the new engine&quot;,&#10;    &quot;type&quot;: &quot;SQLFeatureDisabledException&quot;&#10;  },&#10;  &quot;status&quot;: 400&#10;}" type="org.opensearch.client.ResponseException">org.opensearch.client.ResponseException: method [POST], host [http://[::1]:61802], URI [/_plugins/_sql?format=json], status line [HTTP/1.1 400 Bad Request]
</failure>
  </testcase>
  <testcase name="testWhereWithBoolIsNotTrue" classname="org.opensearch.sql.legacy.QueryIT" time="0.047">
    <failure message="org.opensearch.client.ResponseException: method [POST], host [http://[::1]:61802], URI [/_plugins/_sql?format=json], status line [HTTP/1.1 400 Bad Request]&#10;{&#10;  &quot;error&quot;: {&#10;    &quot;reason&quot;: &quot;Invalid SQL query&quot;,&#10;    &quot;details&quot;: &quot;Query is unsupported in the new engine&quot;,&#10;    &quot;type&quot;: &quot;SQLFeatureDisabledException&quot;&#10;  },&#10;  &quot;status&quot;: 400&#10;}" type="org.opensearch.client.ResponseException">org.opensearch.client.ResponseException: method [POST], host [http://[::1]:61802], URI [/_plugins/_sql?format=json], status line [HTTP/1.1 400 Bad Request]
</failure>
  </testcase>
  <testcase name="selectAllWithFieldAndOrderBy" classname="org.opensearch.sql.legacy.QueryIT" time="0.042">
    <failure message="org.opensearch.client.ResponseException: method [POST], host [http://[::1]:61802], URI [/_plugins/_sql?format=json], status line [HTTP/1.1 400 Bad Request]&#10;{&#10;  &quot;error&quot;: {&#10;    &quot;reason&quot;: &quot;Invalid SQL query&quot;,&#10;    &quot;details&quot;: &quot;Query is unsupported in the new engine&quot;,&#10;    &quot;type&quot;: &quot;SQLFeatureDisabledException&quot;&#10;  },&#10;  &quot;status&quot;: 400&#10;}" type="org.opensearch.client.ResponseException">org.opensearch.client.ResponseException: method [POST], host [http://[::1]:61802], URI [/_plugins/_sql?format=json], status line [HTTP/1.1 400 Bad Request]
</failure>
  </testcase>
  <testcase name="selectAllWithFieldReturnsAll" classname="org.opensearch.sql.legacy.QueryIT" time="0.041">
    <failure message="org.opensearch.client.ResponseException: method [POST], host [http://[::1]:61802], URI [/_plugins/_sql?format=json], status line [HTTP/1.1 400 Bad Request]&#10;{&#10;  &quot;error&quot;: {&#10;    &quot;reason&quot;: &quot;Invalid SQL query&quot;,&#10;    &quot;details&quot;: &quot;Query is unsupported in the new engine&quot;,&#10;    &quot;type&quot;: &quot;SQLFeatureDisabledException&quot;&#10;  },&#10;  &quot;status&quot;: 400&#10;}" type="org.opensearch.client.ResponseException">org.opensearch.client.ResponseException: method [POST], host [http://[::1]:61802], URI [/_plugins/_sql?format=json], status line [HTTP/1.1 400 Bad Request]
</failure>
  </testcase>
  <testcase name="geoPolygon" classname="org.opensearch.sql.legacy.QueryIT" time="0.041">
    <failure message="org.opensearch.client.ResponseException: method [POST], host [http://[::1]:61802], URI [/_plugins/_sql?format=json], status line [HTTP/1.1 400 Bad Request]&#10;{&#10;  &quot;error&quot;: {&#10;    &quot;reason&quot;: &quot;Invalid SQL query&quot;,&#10;    &quot;details&quot;: &quot;Query is unsupported in the new engine&quot;,&#10;    &quot;type&quot;: &quot;SQLFeatureDisabledException&quot;&#10;  },&#10;  &quot;status&quot;: 400&#10;}" type="org.opensearch.client.ResponseException">org.opensearch.client.ResponseException: method [POST], host [http://[::1]:61802], URI [/_plugins/_sql?format=json], status line [HTTP/1.1 400 Bad Request]
</failure>
  </testcase>
  <testcase name="selectAllWithMultipleFields" classname="org.opensearch.sql.legacy.QueryIT" time="0.049">
    <failure message="org.opensearch.client.ResponseException: method [POST], host [http://[::1]:61802], URI [/_plugins/_sql?format=json], status line [HTTP/1.1 400 Bad Request]&#10;{&#10;  &quot;error&quot;: {&#10;    &quot;reason&quot;: &quot;Invalid SQL query&quot;,&#10;    &quot;details&quot;: &quot;Query is unsupported in the new engine&quot;,&#10;    &quot;type&quot;: &quot;SQLFeatureDisabledException&quot;&#10;  },&#10;  &quot;status&quot;: 400&#10;}" type="org.opensearch.client.ResponseException">org.opensearch.client.ResponseException: method [POST], host [http://[::1]:61802], URI [/_plugins/_sql?format=json], status line [HTTP/1.1 400 Bad Request]
</failure>
  </testcase>
  <testcase name="complexObjectReturnField" classname="org.opensearch.sql.legacy.QueryIT" time="0.042">
    <failure message="org.opensearch.client.ResponseException: method [POST], host [http://[::1]:61802], URI [/_plugins/_sql?format=json], status line [HTTP/1.1 400 Bad Request]&#10;{&#10;  &quot;error&quot;: {&#10;    &quot;reason&quot;: &quot;Invalid SQL query&quot;,&#10;    &quot;details&quot;: &quot;Query is unsupported in the new engine&quot;,&#10;    &quot;type&quot;: &quot;SQLFeatureDisabledException&quot;&#10;  },&#10;  &quot;status&quot;: 400&#10;}" type="org.opensearch.client.ResponseException">org.opensearch.client.ResponseException: method [POST], host [http://[::1]:61802], URI [/_plugins/_sql?format=json], status line [HTTP/1.1 400 Bad Request]
</failure>
  </testcase>
  <testcase name="testMultiPartWhere2" classname="org.opensearch.sql.legacy.QueryIT" time="0.039">
    <failure message="org.opensearch.client.ResponseException: method [POST], host [http://[::1]:61802], URI [/_plugins/_sql?format=json], status line [HTTP/1.1 400 Bad Request]&#10;{&#10;  &quot;error&quot;: {&#10;    &quot;reason&quot;: &quot;Invalid SQL query&quot;,&#10;    &quot;details&quot;: &quot;Query is unsupported in the new engine&quot;,&#10;    &quot;type&quot;: &quot;SQLFeatureDisabledException&quot;&#10;  },&#10;  &quot;status&quot;: 400&#10;}" type="org.opensearch.client.ResponseException">org.opensearch.client.ResponseException: method [POST], host [http://[::1]:61802], URI [/_plugins/_sql?format=json], status line [HTTP/1.1 400 Bad Request]
</failure>
  </testcase>
  <testcase name="testWhereWithBoolIsNotFalse" classname="org.opensearch.sql.legacy.QueryIT" time="0.044">
    <failure message="org.opensearch.client.ResponseException: method [POST], host [http://[::1]:61802], URI [/_plugins/_sql?format=json], status line [HTTP/1.1 400 Bad Request]&#10;{&#10;  &quot;error&quot;: {&#10;    &quot;reason&quot;: &quot;Invalid SQL query&quot;,&#10;    &quot;details&quot;: &quot;Query is unsupported in the new engine&quot;,&#10;    &quot;type&quot;: &quot;SQLFeatureDisabledException&quot;&#10;  },&#10;  &quot;status&quot;: 400&#10;}" type="org.opensearch.client.ResponseException">org.opensearch.client.ResponseException: method [POST], host [http://[::1]:61802], URI [/_plugins/_sql?format=json], status line [HTTP/1.1 400 Bad Request]
</failure>
  </testcase>
  <testcase name="greaterThanTest" classname="org.opensearch.sql.legacy.QueryIT" time="0.048">
    <failure message="org.opensearch.client.ResponseException: method [POST], host [http://[::1]:61802], URI [/_plugins/_sql?format=json], status line [HTTP/1.1 400 Bad Request]&#10;{&#10;  &quot;error&quot;: {&#10;    &quot;reason&quot;: &quot;Invalid SQL query&quot;,&#10;    &quot;details&quot;: &quot;Query is unsupported in the new engine&quot;,&#10;    &quot;type&quot;: &quot;SQLFeatureDisabledException&quot;&#10;  },&#10;  &quot;status&quot;: 400&#10;}" type="org.opensearch.client.ResponseException">org.opensearch.client.ResponseException: method [POST], host [http://[::1]:61802], URI [/_plugins/_sql?format=json], status line [HTTP/1.1 400 Bad Request]
</failure>
  </testcase>
  <testcase name="useTableNamePrefixInWhereClauseTest" classname="org.opensearch.sql.legacy.QueryIT" time="0.046">
    <failure message="org.opensearch.client.ResponseException: method [POST], host [http://[::1]:61802], URI [/_plugins/_sql?format=json], status line [HTTP/1.1 400 Bad Request]&#10;{&#10;  &quot;error&quot;: {&#10;    &quot;reason&quot;: &quot;Invalid SQL query&quot;,&#10;    &quot;details&quot;: &quot;Query is unsupported in the new engine&quot;,&#10;    &quot;type&quot;: &quot;SQLFeatureDisabledException&quot;&#10;  },&#10;  &quot;status&quot;: 400&#10;}" type="org.opensearch.client.ResponseException">org.opensearch.client.ResponseException: method [POST], host [http://[::1]:61802], URI [/_plugins/_sql?format=json], status line [HTTP/1.1 400 Bad Request]
</failure>
  </testcase>
  <testcase name="testWhereWithBoolEqualsFalseAndOrderBy" classname="org.opensearch.sql.legacy.QueryIT" time="0.04">
    <failure message="org.opensearch.client.ResponseException: method [POST], host [http://[::1]:61802], URI [/_plugins/_sql?format=json], status line [HTTP/1.1 400 Bad Request]&#10;{&#10;  &quot;error&quot;: {&#10;    &quot;reason&quot;: &quot;Invalid SQL query&quot;,&#10;    &quot;details&quot;: &quot;Query is unsupported in the new engine&quot;,&#10;    &quot;type&quot;: &quot;SQLFeatureDisabledException&quot;&#10;  },&#10;  &quot;status&quot;: 400&#10;}" type="org.opensearch.client.ResponseException">org.opensearch.client.ResponseException: method [POST], host [http://[::1]:61802], URI [/_plugins/_sql?format=json], status line [HTTP/1.1 400 Bad Request]
</failure>
  </testcase>
  <testcase name="scriptFilterWithParams" classname="org.opensearch.sql.legacy.QueryIT" time="0.0">
    <skipped/>
  </testcase>
  <testcase name="isNotNullTest" classname="org.opensearch.sql.legacy.QueryIT" time="0.038">
    <failure message="org.opensearch.client.ResponseException: method [POST], host [http://[::1]:61802], URI [/_plugins/_sql?format=json], status line [HTTP/1.1 400 Bad Request]&#10;{&#10;  &quot;error&quot;: {&#10;    &quot;reason&quot;: &quot;Invalid SQL query&quot;,&#10;    &quot;details&quot;: &quot;Query is unsupported in the new engine&quot;,&#10;    &quot;type&quot;: &quot;SQLFeatureDisabledException&quot;&#10;  },&#10;  &quot;status&quot;: 400&#10;}" type="org.opensearch.client.ResponseException">org.opensearch.client.ResponseException: method [POST], host [http://[::1]:61802], URI [/_plugins/_sql?format=json], status line [HTTP/1.1 400 Bad Request]
</failure>
  </testcase>
  <testcase name="nestedEqualsTestFieldInsideArrays" classname="org.opensearch.sql.legacy.QueryIT" time="0.042">
    <failure message="org.opensearch.client.ResponseException: method [POST], host [http://[::1]:61802], URI [/_plugins/_sql?format=json], status line [HTTP/1.1 400 Bad Request]&#10;{&#10;  &quot;error&quot;: {&#10;    &quot;reason&quot;: &quot;Invalid SQL query&quot;,&#10;    &quot;details&quot;: &quot;Query is unsupported in the new engine&quot;,&#10;    &quot;type&quot;: &quot;SQLFeatureDisabledException&quot;&#10;  },&#10;  &quot;status&quot;: 400&#10;}" type="org.opensearch.client.ResponseException">org.opensearch.client.ResponseException: method [POST], host [http://[::1]:61802], URI [/_plugins/_sql?format=json], status line [HTTP/1.1 400 Bad Request]
</failure>
  </testcase>
  <testcase name="lessThanOrEqualTest" classname="org.opensearch.sql.legacy.QueryIT" time="0.045">
    <failure message="org.opensearch.client.ResponseException: method [POST], host [http://[::1]:61802], URI [/_plugins/_sql?format=json], status line [HTTP/1.1 400 Bad Request]&#10;{&#10;  &quot;error&quot;: {&#10;    &quot;reason&quot;: &quot;Invalid SQL query&quot;,&#10;    &quot;details&quot;: &quot;Query is unsupported in the new engine&quot;,&#10;    &quot;type&quot;: &quot;SQLFeatureDisabledException&quot;&#10;  },&#10;  &quot;status&quot;: 400&#10;}" type="org.opensearch.client.ResponseException">org.opensearch.client.ResponseException: method [POST], host [http://[::1]:61802], URI [/_plugins/_sql?format=json], status line [HTTP/1.1 400 Bad Request]
</failure>
  </testcase>
  <testcase name="complexObjectSearch" classname="org.opensearch.sql.legacy.QueryIT" time="0.045">
    <failure message="org.opensearch.client.ResponseException: method [POST], host [http://[::1]:61802], URI [/_plugins/_sql?format=json], status line [HTTP/1.1 400 Bad Request]&#10;{&#10;  &quot;error&quot;: {&#10;    &quot;reason&quot;: &quot;Invalid SQL query&quot;,&#10;    &quot;details&quot;: &quot;Query is unsupported in the new engine&quot;,&#10;    &quot;type&quot;: &quot;SQLFeatureDisabledException&quot;&#10;  },&#10;  &quot;status&quot;: 400&#10;}" type="org.opensearch.client.ResponseException">org.opensearch.client.ResponseException: method [POST], host [http://[::1]:61802], URI [/_plugins/_sql?format=json], status line [HTTP/1.1 400 Bad Request]
</failure>
  </testcase>
  <testcase name="greaterThanOrEqualTest" classname="org.opensearch.sql.legacy.QueryIT" time="0.046">
    <failure message="org.opensearch.client.ResponseException: method [POST], host [http://[::1]:61802], URI [/_plugins/_sql?format=json], status line [HTTP/1.1 400 Bad Request]&#10;{&#10;  &quot;error&quot;: {&#10;    &quot;reason&quot;: &quot;Invalid SQL query&quot;,&#10;    &quot;details&quot;: &quot;Query is unsupported in the new engine&quot;,&#10;    &quot;type&quot;: &quot;SQLFeatureDisabledException&quot;&#10;  },&#10;  &quot;status&quot;: 400&#10;}" type="org.opensearch.client.ResponseException">org.opensearch.client.ResponseException: method [POST], host [http://[::1]:61802], URI [/_plugins/_sql?format=json], status line [HTTP/1.1 400 Bad Request]
</failure>
  </testcase>
  <testcase name="equalityTestPhrase" classname="org.opensearch.sql.legacy.QueryIT" time="0.046">
    <failure message="org.opensearch.client.ResponseException: method [POST], host [http://[::1]:61802], URI [/_plugins/_sql?format=json], status line [HTTP/1.1 400 Bad Request]&#10;{&#10;  &quot;error&quot;: {&#10;    &quot;reason&quot;: &quot;Invalid SQL query&quot;,&#10;    &quot;details&quot;: &quot;Query is unsupported in the new engine&quot;,&#10;    &quot;type&quot;: &quot;SQLFeatureDisabledException&quot;&#10;  },&#10;  &quot;status&quot;: 400&#10;}" type="org.opensearch.client.ResponseException">org.opensearch.client.ResponseException: method [POST], host [http://[::1]:61802], URI [/_plugins/_sql?format=json], status line [HTTP/1.1 400 Bad Request]
</failure>
  </testcase>
  <testcase name="multipleIndicesOneNotExistWithoutHint" classname="org.opensearch.sql.legacy.QueryIT" time="0.065">
    <failure message="java.lang.AssertionError: &#10;Expected: a string containing &quot;\&quot;type\&quot;: \&quot;IndexNotFoundException\&quot;&quot;&#10;     but: was &quot;{  &quot;error&quot;: {    &quot;reason&quot;: &quot;Invalid SQL query&quot;,    &quot;details&quot;: &quot;Query is unsupported in the new engine&quot;,    &quot;type&quot;: &quot;SQLFeatureDisabledException&quot;  },  &quot;status&quot;: 400}&quot;" type="java.lang.AssertionError">java.lang.AssertionError: 
</failure>
  </testcase>
  <testcase name="dateSearch" classname="org.opensearch.sql.legacy.QueryIT" time="0.047">
    <failure message="org.opensearch.client.ResponseException: method [POST], host [http://[::1]:61802], URI [/_plugins/_sql?format=json], status line [HTTP/1.1 400 Bad Request]&#10;{&#10;  &quot;error&quot;: {&#10;    &quot;reason&quot;: &quot;Invalid SQL query&quot;,&#10;    &quot;details&quot;: &quot;Query is unsupported in the new engine&quot;,&#10;    &quot;type&quot;: &quot;SQLFeatureDisabledException&quot;&#10;  },&#10;  &quot;status&quot;: 400&#10;}" type="org.opensearch.client.ResponseException">org.opensearch.client.ResponseException: method [POST], host [http://[::1]:61802], URI [/_plugins/_sql?format=json], status line [HTTP/1.1 400 Bad Request]
</failure>
  </testcase>
  <testcase name="inTermsSubQueryTest" classname="org.opensearch.sql.legacy.QueryIT" time="0.0">
    <skipped/>
  </testcase>
  <testcase name="testWhereWithBoolEqualsFalseAndGroupBy" classname="org.opensearch.sql.legacy.QueryIT" time="0.042">
    <failure message="org.opensearch.client.ResponseException: method [POST], host [http://[::1]:61802], URI [/_plugins/_sql?format=json], status line [HTTP/1.1 400 Bad Request]&#10;{&#10;  &quot;error&quot;: {&#10;    &quot;reason&quot;: &quot;Invalid SQL query&quot;,&#10;    &quot;details&quot;: &quot;Query is unsupported in the new engine&quot;,&#10;    &quot;type&quot;: &quot;SQLFeatureDisabledException&quot;&#10;  },&#10;  &quot;status&quot;: 400&#10;}" type="org.opensearch.client.ResponseException">org.opensearch.client.ResponseException: method [POST], host [http://[::1]:61802], URI [/_plugins/_sql?format=json], status line [HTTP/1.1 400 Bad Request]
</failure>
  </testcase>
  <testcase name="orderByDescUsingTableAliasTest" classname="org.opensearch.sql.legacy.QueryIT" time="0.043">
    <failure message="org.opensearch.client.ResponseException: method [POST], host [http://[::1]:61802], URI [/_plugins/_sql?format=json], status line [HTTP/1.1 400 Bad Request]&#10;{&#10;  &quot;error&quot;: {&#10;    &quot;reason&quot;: &quot;Invalid SQL query&quot;,&#10;    &quot;details&quot;: &quot;Query is unsupported in the new engine&quot;,&#10;    &quot;type&quot;: &quot;SQLFeatureDisabledException&quot;&#10;  },&#10;  &quot;status&quot;: 400&#10;}" type="org.opensearch.client.ResponseException">org.opensearch.client.ResponseException: method [POST], host [http://[::1]:61802], URI [/_plugins/_sql?format=json], status line [HTTP/1.1 400 Bad Request]
</failure>
  </testcase>
  <testcase name="scriptFilterNoParams" classname="org.opensearch.sql.legacy.QueryIT" time="0.0">
    <skipped/>
  </testcase>
  <testcase name="lessThanTest" classname="org.opensearch.sql.legacy.QueryIT" time="0.046">
    <failure message="org.opensearch.client.ResponseException: method [POST], host [http://[::1]:61802], URI [/_plugins/_sql?format=json], status line [HTTP/1.1 400 Bad Request]&#10;{&#10;  &quot;error&quot;: {&#10;    &quot;reason&quot;: &quot;Invalid SQL query&quot;,&#10;    &quot;details&quot;: &quot;Query is unsupported in the new engine&quot;,&#10;    &quot;type&quot;: &quot;SQLFeatureDisabledException&quot;&#10;  },&#10;  &quot;status&quot;: 400&#10;}" type="org.opensearch.client.ResponseException">org.opensearch.client.ResponseException: method [POST], host [http://[::1]:61802], URI [/_plugins/_sql?format=json], status line [HTTP/1.1 400 Bad Request]
</failure>
  </testcase>
  <testcase name="andTest" classname="org.opensearch.sql.legacy.QueryIT" time="0.045">
    <failure message="org.opensearch.client.ResponseException: method [POST], host [http://[::1]:61802], URI [/_plugins/_sql?format=json], status line [HTTP/1.1 400 Bad Request]&#10;{&#10;  &quot;error&quot;: {&#10;    &quot;reason&quot;: &quot;Invalid SQL query&quot;,&#10;    &quot;details&quot;: &quot;Query is unsupported in the new engine&quot;,&#10;    &quot;type&quot;: &quot;SQLFeatureDisabledException&quot;&#10;  },&#10;  &quot;status&quot;: 400&#10;}" type="org.opensearch.client.ResponseException">org.opensearch.client.ResponseException: method [POST], host [http://[::1]:61802], URI [/_plugins/_sql?format=json], status line [HTTP/1.1 400 Bad Request]
</failure>
  </testcase>
  <testcase name="backticksQuotedAliasWithSpecialCharactersTest" classname="org.opensearch.sql.legacy.QueryIT" time="0.069"/>
  <testcase name="fieldCollapsingTest" classname="org.opensearch.sql.legacy.QueryIT" time="0.0">
    <skipped/>
  </testcase>
  <testcase name="selectAllWithFieldAndGroupBy" classname="org.opensearch.sql.legacy.QueryIT" time="0.045">
    <failure message="org.opensearch.client.ResponseException: method [POST], host [http://127.0.0.1:61803], URI [/_plugins/_sql?format=json], status line [HTTP/1.1 400 Bad Request]&#10;{&#10;  &quot;error&quot;: {&#10;    &quot;reason&quot;: &quot;Invalid SQL query&quot;,&#10;    &quot;details&quot;: &quot;Query is unsupported in the new engine&quot;,&#10;    &quot;type&quot;: &quot;SQLFeatureDisabledException&quot;&#10;  },&#10;  &quot;status&quot;: 400&#10;}" type="org.opensearch.client.ResponseException">org.opensearch.client.ResponseException: method [POST], host [http://127.0.0.1:61803], URI [/_plugins/_sql?format=json], status line [HTTP/1.1 400 Bad Request]
</failure>
  </testcase>
  <testcase name="useTableAliasInWhereClauseTest" classname="org.opensearch.sql.legacy.QueryIT" time="0.041">
    <failure message="org.opensearch.client.ResponseException: method [POST], host [http://127.0.0.1:61803], URI [/_plugins/_sql?format=json], status line [HTTP/1.1 400 Bad Request]&#10;{&#10;  &quot;error&quot;: {&#10;    &quot;reason&quot;: &quot;Invalid SQL query&quot;,&#10;    &quot;details&quot;: &quot;Query is unsupported in the new engine&quot;,&#10;    &quot;type&quot;: &quot;SQLFeatureDisabledException&quot;&#10;  },&#10;  &quot;status&quot;: 400&#10;}" type="org.opensearch.client.ResponseException">org.opensearch.client.ResponseException: method [POST], host [http://127.0.0.1:61803], URI [/_plugins/_sql?format=json], status line [HTTP/1.1 400 Bad Request]
</failure>
  </testcase>
  <testcase name="queryWithDotAtStartOfIndexName" classname="org.opensearch.sql.legacy.QueryIT" time="0.321"/>
  <testcase name="testWhereWithBoolEqualsFalse" classname="org.opensearch.sql.legacy.QueryIT" time="0.041">
    <failure message="org.opensearch.client.ResponseException: method [POST], host [http://127.0.0.1:61803], URI [/_plugins/_sql?format=json], status line [HTTP/1.1 400 Bad Request]&#10;{&#10;  &quot;error&quot;: {&#10;    &quot;reason&quot;: &quot;Invalid SQL query&quot;,&#10;    &quot;details&quot;: &quot;Query is unsupported in the new engine&quot;,&#10;    &quot;type&quot;: &quot;SQLFeatureDisabledException&quot;&#10;  },&#10;  &quot;status&quot;: 400&#10;}" type="org.opensearch.client.ResponseException">org.opensearch.client.ResponseException: method [POST], host [http://127.0.0.1:61803], URI [/_plugins/_sql?format=json], status line [HTTP/1.1 400 Bad Request]
</failure>
  </testcase>
  <testcase name="missFilterSearch" classname="org.opensearch.sql.legacy.QueryIT" time="0.039">
    <failure message="org.opensearch.client.ResponseException: method [POST], host [http://127.0.0.1:61803], URI [/_plugins/_sql?format=json], status line [HTTP/1.1 400 Bad Request]&#10;{&#10;  &quot;error&quot;: {&#10;    &quot;reason&quot;: &quot;Invalid SQL query&quot;,&#10;    &quot;details&quot;: &quot;Query is unsupported in the new engine&quot;,&#10;    &quot;type&quot;: &quot;SQLFeatureDisabledException&quot;&#10;  },&#10;  &quot;status&quot;: 400&#10;}" type="org.opensearch.client.ResponseException">org.opensearch.client.ResponseException: method [POST], host [http://127.0.0.1:61803], URI [/_plugins/_sql?format=json], status line [HTTP/1.1 400 Bad Request]
</failure>
  </testcase>
  <testcase name="selectAliases" classname="org.opensearch.sql.legacy.QueryIT" time="0.0">
    <skipped/>
  </testcase>
  <testcase name="innerQueryTest" classname="org.opensearch.sql.legacy.QueryIT" time="0.041">
    <failure message="org.opensearch.client.ResponseException: method [POST], host [http://127.0.0.1:61803], URI [/_plugins/_sql?format=json], status line [HTTP/1.1 400 Bad Request]&#10;{&#10;  &quot;error&quot;: {&#10;    &quot;reason&quot;: &quot;Invalid SQL query&quot;,&#10;    &quot;details&quot;: &quot;Query is unsupported in the new engine&quot;,&#10;    &quot;type&quot;: &quot;SQLFeatureDisabledException&quot;&#10;  },&#10;  &quot;status&quot;: 400&#10;}" type="org.opensearch.client.ResponseException">org.opensearch.client.ResponseException: method [POST], host [http://127.0.0.1:61803], URI [/_plugins/_sql?format=json], status line [HTTP/1.1 400 Bad Request]
</failure>
  </testcase>
  <testcase name="negativeRegexQueryTest" classname="org.opensearch.sql.legacy.QueryIT" time="0.079">
    <failure message="org.opensearch.client.ResponseException: method [POST], host [http://127.0.0.1:61803], URI [/_plugins/_sql?format=json], status line [HTTP/1.1 400 Bad Request]&#10;{&#10;  &quot;error&quot;: {&#10;    &quot;reason&quot;: &quot;Invalid SQL query&quot;,&#10;    &quot;details&quot;: &quot;Query is unsupported in the new engine&quot;,&#10;    &quot;type&quot;: &quot;SQLFeatureDisabledException&quot;&#10;  },&#10;  &quot;status&quot;: 400&#10;}" type="org.opensearch.client.ResponseException">org.opensearch.client.ResponseException: method [POST], host [http://127.0.0.1:61803], URI [/_plugins/_sql?format=json], status line [HTTP/1.1 400 Bad Request]
</failure>
  </testcase>
  <testcase name="inTermsTestWithStrings" classname="org.opensearch.sql.legacy.QueryIT" time="0.045">
    <failure message="org.opensearch.client.ResponseException: method [POST], host [http://127.0.0.1:61803], URI [/_plugins/_sql?format=json], status line [HTTP/1.1 400 Bad Request]&#10;{&#10;  &quot;error&quot;: {&#10;    &quot;reason&quot;: &quot;Invalid SQL query&quot;,&#10;    &quot;details&quot;: &quot;Query is unsupported in the new engine&quot;,&#10;    &quot;type&quot;: &quot;SQLFeatureDisabledException&quot;&#10;  },&#10;  &quot;status&quot;: 400&#10;}" type="org.opensearch.client.ResponseException">org.opensearch.client.ResponseException: method [POST], host [http://127.0.0.1:61803], URI [/_plugins/_sql?format=json], status line [HTTP/1.1 400 Bad Request]
</failure>
  </testcase>
  <testcase name="testWhereWithBoolIsTrue" classname="org.opensearch.sql.legacy.QueryIT" time="0.038">
    <failure message="org.opensearch.client.ResponseException: method [POST], host [http://127.0.0.1:61803], URI [/_plugins/_sql?format=json], status line [HTTP/1.1 400 Bad Request]&#10;{&#10;  &quot;error&quot;: {&#10;    &quot;reason&quot;: &quot;Invalid SQL query&quot;,&#10;    &quot;details&quot;: &quot;Query is unsupported in the new engine&quot;,&#10;    &quot;type&quot;: &quot;SQLFeatureDisabledException&quot;&#10;  },&#10;  &quot;status&quot;: 400&#10;}" type="org.opensearch.client.ResponseException">org.opensearch.client.ResponseException: method [POST], host [http://127.0.0.1:61803], URI [/_plugins/_sql?format=json], status line [HTTP/1.1 400 Bad Request]
</failure>
  </testcase>
  <testcase name="orderByDescTest" classname="org.opensearch.sql.legacy.QueryIT" time="0.042">
    <failure message="org.opensearch.client.ResponseException: method [POST], host [http://127.0.0.1:61803], URI [/_plugins/_sql?format=json], status line [HTTP/1.1 400 Bad Request]&#10;{&#10;  &quot;error&quot;: {&#10;    &quot;reason&quot;: &quot;Invalid SQL query&quot;,&#10;    &quot;details&quot;: &quot;Query is unsupported in the new engine&quot;,&#10;    &quot;type&quot;: &quot;SQLFeatureDisabledException&quot;&#10;  },&#10;  &quot;status&quot;: 400&#10;}" type="org.opensearch.client.ResponseException">org.opensearch.client.ResponseException: method [POST], host [http://127.0.0.1:61803], URI [/_plugins/_sql?format=json], status line [HTTP/1.1 400 Bad Request]
</failure>
  </testcase>
  <testcase name="complexNestedQueryNotBothOnSameObject" classname="org.opensearch.sql.legacy.QueryIT" time="0.047">
    <failure message="org.opensearch.client.ResponseException: method [POST], host [http://127.0.0.1:61803], URI [/_plugins/_sql?format=json], status line [HTTP/1.1 400 Bad Request]&#10;{&#10;  &quot;error&quot;: {&#10;    &quot;reason&quot;: &quot;Invalid SQL query&quot;,&#10;    &quot;details&quot;: &quot;Query is unsupported in the new engine&quot;,&#10;    &quot;type&quot;: &quot;SQLFeatureDisabledException&quot;&#10;  },&#10;  &quot;status&quot;: 400&#10;}" type="org.opensearch.client.ResponseException">org.opensearch.client.ResponseException: method [POST], host [http://127.0.0.1:61803], URI [/_plugins/_sql?format=json], status line [HTTP/1.1 400 Bad Request]
</failure>
  </testcase>
  <testcase name="betweenTest" classname="org.opensearch.sql.legacy.QueryIT" time="0.065">
    <failure message="org.opensearch.client.ResponseException: method [POST], host [http://127.0.0.1:61803], URI [/_plugins/_sql?format=json], status line [HTTP/1.1 400 Bad Request]&#10;{&#10;  &quot;error&quot;: {&#10;    &quot;reason&quot;: &quot;Invalid SQL query&quot;,&#10;    &quot;details&quot;: &quot;Query is unsupported in the new engine&quot;,&#10;    &quot;type&quot;: &quot;SQLFeatureDisabledException&quot;&#10;  },&#10;  &quot;status&quot;: 400&#10;}" type="org.opensearch.client.ResponseException">org.opensearch.client.ResponseException: method [POST], host [http://127.0.0.1:61803], URI [/_plugins/_sql?format=json], status line [HTTP/1.1 400 Bad Request]
</failure>
  </testcase>
  <testcase name="multipleIndicesOneNotExistWithHint" classname="org.opensearch.sql.legacy.QueryIT" time="0.0">
    <skipped/>
  </testcase>
  <testcase name="testWhereWithBoolEqualsTrueAndGroupBy" classname="org.opensearch.sql.legacy.QueryIT" time="0.043">
    <failure message="org.opensearch.client.ResponseException: method [POST], host [http://127.0.0.1:61803], URI [/_plugins/_sql?format=json], status line [HTTP/1.1 400 Bad Request]&#10;{&#10;  &quot;error&quot;: {&#10;    &quot;reason&quot;: &quot;Invalid SQL query&quot;,&#10;    &quot;details&quot;: &quot;Query is unsupported in the new engine&quot;,&#10;    &quot;type&quot;: &quot;SQLFeatureDisabledException&quot;&#10;  },&#10;  &quot;status&quot;: 400&#10;}" type="org.opensearch.client.ResponseException">org.opensearch.client.ResponseException: method [POST], host [http://127.0.0.1:61803], URI [/_plugins/_sql?format=json], status line [HTTP/1.1 400 Bad Request]
</failure>
  </testcase>
  <testcase name="termQueryWithStringIdentifier" classname="org.opensearch.sql.legacy.QueryIT" time="0.041">
    <failure message="org.opensearch.client.ResponseException: method [POST], host [http://127.0.0.1:61803], URI [/_plugins/_sql?format=json], status line [HTTP/1.1 400 Bad Request]&#10;{&#10;  &quot;error&quot;: {&#10;    &quot;reason&quot;: &quot;Invalid SQL query&quot;,&#10;    &quot;details&quot;: &quot;Query is unsupported in the new engine&quot;,&#10;    &quot;type&quot;: &quot;SQLFeatureDisabledException&quot;&#10;  },&#10;  &quot;status&quot;: 400&#10;}" type="org.opensearch.client.ResponseException">org.opensearch.client.ResponseException: method [POST], host [http://127.0.0.1:61803], URI [/_plugins/_sql?format=json], status line [HTTP/1.1 400 Bad Request]
</failure>
  </testcase>
  <testcase name="limitTest" classname="org.opensearch.sql.legacy.QueryIT" time="0.042">
    <failure message="org.opensearch.client.ResponseException: method [POST], host [http://127.0.0.1:61803], URI [/_plugins/_sql?format=json], status line [HTTP/1.1 400 Bad Request]&#10;{&#10;  &quot;error&quot;: {&#10;    &quot;reason&quot;: &quot;Invalid SQL query&quot;,&#10;    &quot;details&quot;: &quot;Query is unsupported in the new engine&quot;,&#10;    &quot;type&quot;: &quot;SQLFeatureDisabledException&quot;&#10;  },&#10;  &quot;status&quot;: 400&#10;}" type="org.opensearch.client.ResponseException">org.opensearch.client.ResponseException: method [POST], host [http://127.0.0.1:61803], URI [/_plugins/_sql?format=json], status line [HTTP/1.1 400 Bad Request]
</failure>
  </testcase>
  <testcase name="selectAllWithFieldAndGroupByReverseOrder" classname="org.opensearch.sql.legacy.QueryIT" time="0.041">
    <failure message="org.opensearch.client.ResponseException: method [POST], host [http://127.0.0.1:61803], URI [/_plugins/_sql?format=json], status line [HTTP/1.1 400 Bad Request]&#10;{&#10;  &quot;error&quot;: {&#10;    &quot;reason&quot;: &quot;Invalid SQL query&quot;,&#10;    &quot;details&quot;: &quot;Query is unsupported in the new engine&quot;,&#10;    &quot;type&quot;: &quot;SQLFeatureDisabledException&quot;&#10;  },&#10;  &quot;status&quot;: 400&#10;}" type="org.opensearch.client.ResponseException">org.opensearch.client.ResponseException: method [POST], host [http://127.0.0.1:61803], URI [/_plugins/_sql?format=json], status line [HTTP/1.1 400 Bad Request]
</failure>
  </testcase>
  <testcase name="dateBetweenSearch" classname="org.opensearch.sql.legacy.QueryIT" time="0.039">
    <failure message="org.opensearch.client.ResponseException: method [POST], host [http://127.0.0.1:61803], URI [/_plugins/_sql?format=json], status line [HTTP/1.1 400 Bad Request]&#10;{&#10;  &quot;error&quot;: {&#10;    &quot;reason&quot;: &quot;Invalid SQL query&quot;,&#10;    &quot;details&quot;: &quot;Query is unsupported in the new engine&quot;,&#10;    &quot;type&quot;: &quot;SQLFeatureDisabledException&quot;&#10;  },&#10;  &quot;status&quot;: 400&#10;}" type="org.opensearch.client.ResponseException">org.opensearch.client.ResponseException: method [POST], host [http://127.0.0.1:61803], URI [/_plugins/_sql?format=json], status line [HTTP/1.1 400 Bad Request]
</failure>
  </testcase>
  <testcase name="boundingBox" classname="org.opensearch.sql.legacy.QueryIT" time="0.042">
    <failure message="org.opensearch.client.ResponseException: method [POST], host [http://127.0.0.1:61803], URI [/_plugins/_sql?format=json], status line [HTTP/1.1 400 Bad Request]&#10;{&#10;  &quot;error&quot;: {&#10;    &quot;reason&quot;: &quot;Invalid SQL query&quot;,&#10;    &quot;details&quot;: &quot;Query is unsupported in the new engine&quot;,&#10;    &quot;type&quot;: &quot;SQLFeatureDisabledException&quot;&#10;  },&#10;  &quot;status&quot;: 400&#10;}" type="org.opensearch.client.ResponseException">org.opensearch.client.ResponseException: method [POST], host [http://127.0.0.1:61803], URI [/_plugins/_sql?format=json], status line [HTTP/1.1 400 Bad Request]
</failure>
  </testcase>
  <testcase name="backticksQuotedAliasInJDBCResponseTest" classname="org.opensearch.sql.legacy.QueryIT" time="0.044"/>
  <testcase name="orTest" classname="org.opensearch.sql.legacy.QueryIT" time="0.039">
    <failure message="org.opensearch.client.ResponseException: method [POST], host [http://127.0.0.1:61803], URI [/_plugins/_sql?format=json], status line [HTTP/1.1 400 Bad Request]&#10;{&#10;  &quot;error&quot;: {&#10;    &quot;reason&quot;: &quot;Invalid SQL query&quot;,&#10;    &quot;details&quot;: &quot;Query is unsupported in the new engine&quot;,&#10;    &quot;type&quot;: &quot;SQLFeatureDisabledException&quot;&#10;  },&#10;  &quot;status&quot;: 400&#10;}" type="org.opensearch.client.ResponseException">org.opensearch.client.ResponseException: method [POST], host [http://127.0.0.1:61803], URI [/_plugins/_sql?format=json], status line [HTTP/1.1 400 Bad Request]
</failure>
  </testcase>
  <testcase name="inTermsWithNumbers" classname="org.opensearch.sql.legacy.QueryIT" time="0.041">
    <failure message="org.opensearch.client.ResponseException: method [POST], host [http://127.0.0.1:61803], URI [/_plugins/_sql?format=json], status line [HTTP/1.1 400 Bad Request]&#10;{&#10;  &quot;error&quot;: {&#10;    &quot;reason&quot;: &quot;Invalid SQL query&quot;,&#10;    &quot;details&quot;: &quot;Query is unsupported in the new engine&quot;,&#10;    &quot;type&quot;: &quot;SQLFeatureDisabledException&quot;&#10;  },&#10;  &quot;status&quot;: 400&#10;}" type="org.opensearch.client.ResponseException">org.opensearch.client.ResponseException: method [POST], host [http://127.0.0.1:61803], URI [/_plugins/_sql?format=json], status line [HTTP/1.1 400 Bad Request]
</failure>
  </testcase>
  <testcase name="testWhereWithBoolIsFalse" classname="org.opensearch.sql.legacy.QueryIT" time="0.041">
    <failure message="org.opensearch.client.ResponseException: method [POST], host [http://127.0.0.1:61803], URI [/_plugins/_sql?format=json], status line [HTTP/1.1 400 Bad Request]&#10;{&#10;  &quot;error&quot;: {&#10;    &quot;reason&quot;: &quot;Invalid SQL query&quot;,&#10;    &quot;details&quot;: &quot;Query is unsupported in the new engine&quot;,&#10;    &quot;type&quot;: &quot;SQLFeatureDisabledException&quot;&#10;  },&#10;  &quot;status&quot;: 400&#10;}" type="org.opensearch.client.ResponseException">org.opensearch.client.ResponseException: method [POST], host [http://127.0.0.1:61803], URI [/_plugins/_sql?format=json], status line [HTTP/1.1 400 Bad Request]
</failure>
  </testcase>
  <testcase name="idsQueryOneId" classname="org.opensearch.sql.legacy.QueryIT" time="0.0">
    <skipped/>
  </testcase>
  <testcase name="notLikeTests" classname="org.opensearch.sql.legacy.QueryIT" time="0.047">
    <failure message="org.opensearch.client.ResponseException: method [POST], host [http://127.0.0.1:61803], URI [/_plugins/_sql?format=json], status line [HTTP/1.1 400 Bad Request]&#10;{&#10;  &quot;error&quot;: {&#10;    &quot;reason&quot;: &quot;Invalid SQL query&quot;,&#10;    &quot;details&quot;: &quot;Query is unsupported in the new engine&quot;,&#10;    &quot;type&quot;: &quot;SQLFeatureDisabledException&quot;&#10;  },&#10;  &quot;status&quot;: 400&#10;}" type="org.opensearch.client.ResponseException">org.opensearch.client.ResponseException: method [POST], host [http://127.0.0.1:61803], URI [/_plugins/_sql?format=json], status line [HTTP/1.1 400 Bad Request]
</failure>
  </testcase>
  <testcase name="complexNotConditionQuery" classname="org.opensearch.sql.legacy.QueryIT" time="0.044">
    <failure message="org.opensearch.client.ResponseException: method [POST], host [http://127.0.0.1:61803], URI [/_plugins/_sql?format=json], status line [HTTP/1.1 400 Bad Request]&#10;{&#10;  &quot;error&quot;: {&#10;    &quot;reason&quot;: &quot;Invalid SQL query&quot;,&#10;    &quot;details&quot;: &quot;Query is unsupported in the new engine&quot;,&#10;    &quot;type&quot;: &quot;SQLFeatureDisabledException&quot;&#10;  },&#10;  &quot;status&quot;: 400&#10;}" type="org.opensearch.client.ResponseException">org.opensearch.client.ResponseException: method [POST], host [http://127.0.0.1:61803], URI [/_plugins/_sql?format=json], status line [HTTP/1.1 400 Bad Request]
</failure>
  </testcase>
  <testcase name="inTermsTestWithIdentifiersTreatedLikeStrings" classname="org.opensearch.sql.legacy.QueryIT" time="0.046">
    <failure message="org.opensearch.client.ResponseException: method [POST], host [http://127.0.0.1:61803], URI [/_plugins/_sql?format=json], status line [HTTP/1.1 400 Bad Request]&#10;{&#10;  &quot;error&quot;: {&#10;    &quot;reason&quot;: &quot;Invalid SQL query&quot;,&#10;    &quot;details&quot;: &quot;Query is unsupported in the new engine&quot;,&#10;    &quot;type&quot;: &quot;SQLFeatureDisabledException&quot;&#10;  },&#10;  &quot;status&quot;: 400&#10;}" type="org.opensearch.client.ResponseException">org.opensearch.client.ResponseException: method [POST], host [http://127.0.0.1:61803], URI [/_plugins/_sql?format=json], status line [HTTP/1.1 400 Bad Request]
</failure>
  </testcase>
  <testcase name="searchTypeTest" classname="org.opensearch.sql.legacy.QueryIT" time="0.046">
    <failure message="org.opensearch.client.ResponseException: method [POST], host [http://127.0.0.1:61803], URI [/_plugins/_sql?format=json], status line [HTTP/1.1 400 Bad Request]&#10;{&#10;  &quot;error&quot;: {&#10;    &quot;reason&quot;: &quot;Invalid SQL query&quot;,&#10;    &quot;details&quot;: &quot;Query is unsupported in the new engine&quot;,&#10;    &quot;type&quot;: &quot;SQLFeatureDisabledException&quot;&#10;  },&#10;  &quot;status&quot;: 400&#10;}" type="org.opensearch.client.ResponseException">org.opensearch.client.ResponseException: method [POST], host [http://127.0.0.1:61803], URI [/_plugins/_sql?format=json], status line [HTTP/1.1 400 Bad Request]
</failure>
  </testcase>
  <testcase name="testWhereWithBoolEqualsTrue" classname="org.opensearch.sql.legacy.QueryIT" time="0.056">
    <failure message="org.opensearch.client.ResponseException: method [POST], host [http://127.0.0.1:61803], URI [/_plugins/_sql?format=json], status line [HTTP/1.1 400 Bad Request]&#10;{&#10;  &quot;error&quot;: {&#10;    &quot;reason&quot;: &quot;Invalid SQL query&quot;,&#10;    &quot;details&quot;: &quot;Query is unsupported in the new engine&quot;,&#10;    &quot;type&quot;: &quot;SQLFeatureDisabledException&quot;&#10;  },&#10;  &quot;status&quot;: 400&#10;}" type="org.opensearch.client.ResponseException">org.opensearch.client.ResponseException: method [POST], host [http://127.0.0.1:61803], URI [/_plugins/_sql?format=json], status line [HTTP/1.1 400 Bad Request]
</failure>
  </testcase>
  <testcase name="selectSpecificFields" classname="org.opensearch.sql.legacy.QueryIT" time="0.043">
    <failure message="org.opensearch.client.ResponseException: method [POST], host [http://127.0.0.1:61803], URI [/_plugins/_sql?format=json], status line [HTTP/1.1 400 Bad Request]&#10;{&#10;  &quot;error&quot;: {&#10;    &quot;reason&quot;: &quot;Invalid SQL query&quot;,&#10;    &quot;details&quot;: &quot;Query is unsupported in the new engine&quot;,&#10;    &quot;type&quot;: &quot;SQLFeatureDisabledException&quot;&#10;  },&#10;  &quot;status&quot;: 400&#10;}" type="org.opensearch.client.ResponseException">org.opensearch.client.ResponseException: method [POST], host [http://127.0.0.1:61803], URI [/_plugins/_sql?format=json], status line [HTTP/1.1 400 Bad Request]
</failure>
  </testcase>
  <testcase name="inTest" classname="org.opensearch.sql.legacy.QueryIT" time="0.04">
    <failure message="org.opensearch.client.ResponseException: method [POST], host [http://127.0.0.1:61803], URI [/_plugins/_sql?format=json], status line [HTTP/1.1 400 Bad Request]&#10;{&#10;  &quot;error&quot;: {&#10;    &quot;reason&quot;: &quot;Invalid SQL query&quot;,&#10;    &quot;details&quot;: &quot;Query is unsupported in the new engine&quot;,&#10;    &quot;type&quot;: &quot;SQLFeatureDisabledException&quot;&#10;  },&#10;  &quot;status&quot;: 400&#10;}" type="org.opensearch.client.ResponseException">org.opensearch.client.ResponseException: method [POST], host [http://127.0.0.1:61803], URI [/_plugins/_sql?format=json], status line [HTTP/1.1 400 Bad Request]
</failure>
  </testcase>
  <testcase name="isNullTest" classname="org.opensearch.sql.legacy.QueryIT" time="0.038">
    <failure message="org.opensearch.client.ResponseException: method [POST], host [http://127.0.0.1:61803], URI [/_plugins/_sql?format=json], status line [HTTP/1.1 400 Bad Request]&#10;{&#10;  &quot;error&quot;: {&#10;    &quot;reason&quot;: &quot;Invalid SQL query&quot;,&#10;    &quot;details&quot;: &quot;Query is unsupported in the new engine&quot;,&#10;    &quot;type&quot;: &quot;SQLFeatureDisabledException&quot;&#10;  },&#10;  &quot;status&quot;: 400&#10;}" type="org.opensearch.client.ResponseException">org.opensearch.client.ResponseException: method [POST], host [http://127.0.0.1:61803], URI [/_plugins/_sql?format=json], status line [HTTP/1.1 400 Bad Request]
</failure>
  </testcase>
  <testcase name="filterPolygonTest" classname="org.opensearch.sql.legacy.QueryIT" time="0.041">
    <failure message="org.opensearch.client.ResponseException: method [POST], host [http://127.0.0.1:61803], URI [/_plugins/_sql?format=json], status line [HTTP/1.1 400 Bad Request]&#10;{&#10;  &quot;error&quot;: {&#10;    &quot;reason&quot;: &quot;Invalid SQL query&quot;,&#10;    &quot;details&quot;: &quot;Query is unsupported in the new engine&quot;,&#10;    &quot;type&quot;: &quot;SQLFeatureDisabledException&quot;&#10;  },&#10;  &quot;status&quot;: 400&#10;}" type="org.opensearch.client.ResponseException">org.opensearch.client.ResponseException: method [POST], host [http://127.0.0.1:61803], URI [/_plugins/_sql?format=json], status line [HTTP/1.1 400 Bad Request]
</failure>
  </testcase>
  <testcase name="geoDistance" classname="org.opensearch.sql.legacy.QueryIT" time="0.049">
    <failure message="org.opensearch.client.ResponseException: method [POST], host [http://127.0.0.1:61803], URI [/_plugins/_sql?format=json], status line [HTTP/1.1 400 Bad Request]&#10;{&#10;  &quot;error&quot;: {&#10;    &quot;reason&quot;: &quot;Invalid SQL query&quot;,&#10;    &quot;details&quot;: &quot;Query is unsupported in the new engine&quot;,&#10;    &quot;type&quot;: &quot;SQLFeatureDisabledException&quot;&#10;  },&#10;  &quot;status&quot;: 400&#10;}" type="org.opensearch.client.ResponseException">org.opensearch.client.ResponseException: method [POST], host [http://127.0.0.1:61803], URI [/_plugins/_sql?format=json], status line [HTTP/1.1 400 Bad Request]
</failure>
  </testcase>
  <testcase name="testWhereWithBoolEqualsTrueAndOrderBy" classname="org.opensearch.sql.legacy.QueryIT" time="0.043">
    <failure message="org.opensearch.client.ResponseException: method [POST], host [http://127.0.0.1:61803], URI [/_plugins/_sql?format=json], status line [HTTP/1.1 400 Bad Request]&#10;{&#10;  &quot;error&quot;: {&#10;    &quot;reason&quot;: &quot;Invalid SQL query&quot;,&#10;    &quot;details&quot;: &quot;Query is unsupported in the new engine&quot;,&#10;    &quot;type&quot;: &quot;SQLFeatureDisabledException&quot;&#10;  },&#10;  &quot;status&quot;: 400&#10;}" type="org.opensearch.client.ResponseException">org.opensearch.client.ResponseException: method [POST], host [http://127.0.0.1:61803], URI [/_plugins/_sql?format=json], status line [HTTP/1.1 400 Bad Request]
</failure>
  </testcase>
  <testcase name="idsQueryMultipleId" classname="org.opensearch.sql.legacy.QueryIT" time="0.0">
    <skipped/>
  </testcase>
  <testcase name="backticksQuotedAliasTest" classname="org.opensearch.sql.legacy.QueryIT" time="0.077"/>
  <testcase name="likeTest" classname="org.opensearch.sql.legacy.QueryIT" time="0.043">
    <failure message="org.opensearch.client.ResponseException: method [POST], host [http://127.0.0.1:61803], URI [/_plugins/_sql?format=json], status line [HTTP/1.1 400 Bad Request]&#10;{&#10;  &quot;error&quot;: {&#10;    &quot;reason&quot;: &quot;Invalid SQL query&quot;,&#10;    &quot;details&quot;: &quot;Query is unsupported in the new engine&quot;,&#10;    &quot;type&quot;: &quot;SQLFeatureDisabledException&quot;&#10;  },&#10;  &quot;status&quot;: 400&#10;}" type="org.opensearch.client.ResponseException">org.opensearch.client.ResponseException: method [POST], host [http://127.0.0.1:61803], URI [/_plugins/_sql?format=json], status line [HTTP/1.1 400 Bad Request]
</failure>
  </testcase>
  <system-out><![CDATA[[2023-01-17T14:16:32,558][INFO ][o.o.s.l.QueryIT          ] [testMultiPartWhere] before test
]]></system-out>
  <system-err><![CDATA[REPRODUCE WITH: ./gradlew ':integ-test:integTest' --tests "org.opensearch.sql.legacy.QueryIT.testMultiPartWhere" -Dtests.seed=160F64C51FACC80F -Dtests.security.manager=false -Dtests.locale=nl-NL -Dtests.timezone=Pacific/Norfolk -Druntime.java=17
]]></system-err>
</testsuite>
<?xml version="1.0" encoding="UTF-8"?>
<testsuite name="org.opensearch.sql.legacy.SQLFunctionsIT" tests="53" skipped="2" failures="37" errors="0" timestamp="2023-01-17T02:16:44" hostname="Unused26-MacBook.local" time="6.37">
  <properties/>
  <testcase name="castIntFieldToFloatWithoutAliasJdbcFormatGroupByTest" classname="org.opensearch.sql.legacy.SQLFunctionsIT" time="4.023"/>
  <testcase name="castStatementInWhereClauseLessThanTest" classname="org.opensearch.sql.legacy.SQLFunctionsIT" time="0.121"/>
  <testcase name="ifFuncWithBinaryComparisonAsConditionTest" classname="org.opensearch.sql.legacy.SQLFunctionsIT" time="0.048">
    <failure message="org.opensearch.client.ResponseException: method [POST], host [http://127.0.0.1:61803], URI [/_plugins/_sql?format=json], status line [HTTP/1.1 400 Bad Request]&#10;{&#10;  &quot;error&quot;: {&#10;    &quot;reason&quot;: &quot;Invalid SQL query&quot;,&#10;    &quot;details&quot;: &quot;Query is unsupported in the new engine&quot;,&#10;    &quot;type&quot;: &quot;SQLFeatureDisabledException&quot;&#10;  },&#10;  &quot;status&quot;: 400&#10;}" type="org.opensearch.client.ResponseException">org.opensearch.client.ResponseException: method [POST], host [http://127.0.0.1:61803], URI [/_plugins/_sql?format=json], status line [HTTP/1.1 400 Bad Request]
</failure>
  </testcase>
  <testcase name="caseChangeWithAggregationTest" classname="org.opensearch.sql.legacy.SQLFunctionsIT" time="0.034">
    <failure message="org.opensearch.client.ResponseException: method [POST], host [http://127.0.0.1:61803], URI [/_plugins/_sql?format=json], status line [HTTP/1.1 400 Bad Request]&#10;{&#10;  &quot;error&quot;: {&#10;    &quot;reason&quot;: &quot;Invalid SQL query&quot;,&#10;    &quot;details&quot;: &quot;Query is unsupported in the new engine&quot;,&#10;    &quot;type&quot;: &quot;SQLFeatureDisabledException&quot;&#10;  },&#10;  &quot;status&quot;: 400&#10;}" type="org.opensearch.client.ResponseException">org.opensearch.client.ResponseException: method [POST], host [http://127.0.0.1:61803], URI [/_plugins/_sql?format=json], status line [HTTP/1.1 400 Bad Request]
</failure>
  </testcase>
  <testcase name="castStatementInWhereClauseDatetimeCastTest" classname="org.opensearch.sql.legacy.SQLFunctionsIT" time="0.04">
    <failure message="java.lang.RuntimeException: org.opensearch.client.ResponseException: method [POST], host [http://127.0.0.1:61803], URI [/_plugins/_sql?format=jdbc], status line [HTTP/1.1 400 Bad Request]&#10;{&#10;  &quot;error&quot;: {&#10;    &quot;reason&quot;: &quot;Invalid SQL query&quot;,&#10;    &quot;details&quot;: &quot;Query is unsupported in the new engine&quot;,&#10;    &quot;type&quot;: &quot;SQLFeatureDisabledException&quot;&#10;  },&#10;  &quot;status&quot;: 400&#10;}" type="java.lang.RuntimeException">java.lang.RuntimeException: org.opensearch.client.ResponseException: method [POST], host [http://127.0.0.1:61803], URI [/_plugins/_sql?format=jdbc], status line [HTTP/1.1 400 Bad Request]
</failure>
  </testcase>
  <testcase name="functionPow" classname="org.opensearch.sql.legacy.SQLFunctionsIT" time="0.039">
    <failure message="org.opensearch.client.ResponseException: method [POST], host [http://127.0.0.1:61803], URI [/_plugins/_sql?format=json], status line [HTTP/1.1 400 Bad Request]&#10;{&#10;  &quot;error&quot;: {&#10;    &quot;reason&quot;: &quot;Invalid SQL query&quot;,&#10;    &quot;details&quot;: &quot;Query is unsupported in the new engine&quot;,&#10;    &quot;type&quot;: &quot;SQLFeatureDisabledException&quot;&#10;  },&#10;  &quot;status&quot;: 400&#10;}" type="org.opensearch.client.ResponseException">org.opensearch.client.ResponseException: method [POST], host [http://127.0.0.1:61803], URI [/_plugins/_sql?format=json], status line [HTTP/1.1 400 Bad Request]
</failure>
  </testcase>
  <testcase name="operatorSubstring" classname="org.opensearch.sql.legacy.SQLFunctionsIT" time="0.042">
    <failure message="org.opensearch.client.ResponseException: method [POST], host [http://127.0.0.1:61803], URI [/_plugins/_sql?format=json], status line [HTTP/1.1 400 Bad Request]&#10;{&#10;  &quot;error&quot;: {&#10;    &quot;reason&quot;: &quot;Invalid SQL query&quot;,&#10;    &quot;details&quot;: &quot;Query is unsupported in the new engine&quot;,&#10;    &quot;type&quot;: &quot;SQLFeatureDisabledException&quot;&#10;  },&#10;  &quot;status&quot;: 400&#10;}" type="org.opensearch.client.ResponseException">org.opensearch.client.ResponseException: method [POST], host [http://127.0.0.1:61803], URI [/_plugins/_sql?format=json], status line [HTTP/1.1 400 Bad Request]
</failure>
  </testcase>
  <testcase name="isnullWithNullInputTest" classname="org.opensearch.sql.legacy.SQLFunctionsIT" time="0.044">
    <failure message="org.opensearch.client.ResponseException: method [POST], host [http://127.0.0.1:61803], URI [/_plugins/_sql?format=json], status line [HTTP/1.1 400 Bad Request]&#10;{&#10;  &quot;error&quot;: {&#10;    &quot;reason&quot;: &quot;Invalid SQL query&quot;,&#10;    &quot;details&quot;: &quot;Query is unsupported in the new engine&quot;,&#10;    &quot;type&quot;: &quot;SQLFeatureDisabledException&quot;&#10;  },&#10;  &quot;status&quot;: 400&#10;}" type="org.opensearch.client.ResponseException">org.opensearch.client.ResponseException: method [POST], host [http://127.0.0.1:61803], URI [/_plugins/_sql?format=json], status line [HTTP/1.1 400 Bad Request]
</failure>
  </testcase>
  <testcase name="castBoolFieldToNumericValueWithGroupByAlias" classname="org.opensearch.sql.legacy.SQLFunctionsIT" time="0.068"/>
  <testcase name="ifnullWithNullInputTest" classname="org.opensearch.sql.legacy.SQLFunctionsIT" time="0.042">
    <failure message="org.opensearch.client.ResponseException: method [POST], host [http://127.0.0.1:61803], URI [/_plugins/_sql?format=json], status line [HTTP/1.1 400 Bad Request]&#10;{&#10;  &quot;error&quot;: {&#10;    &quot;reason&quot;: &quot;Invalid SQL query&quot;,&#10;    &quot;details&quot;: &quot;Query is unsupported in the new engine&quot;,&#10;    &quot;type&quot;: &quot;SQLFeatureDisabledException&quot;&#10;  },&#10;  &quot;status&quot;: 400&#10;}" type="org.opensearch.client.ResponseException">org.opensearch.client.ResponseException: method [POST], host [http://127.0.0.1:61803], URI [/_plugins/_sql?format=json], status line [HTTP/1.1 400 Bad Request]
</failure>
  </testcase>
  <testcase name="castIntFieldToFloatWithoutAliasJdbcFormatTest" classname="org.opensearch.sql.legacy.SQLFunctionsIT" time="0.041"/>
  <testcase name="rtrim" classname="org.opensearch.sql.legacy.SQLFunctionsIT" time="0.036">
    <failure message="org.opensearch.client.ResponseException: method [POST], host [http://127.0.0.1:61803], URI [/_plugins/_sql?format=json], status line [HTTP/1.1 400 Bad Request]&#10;{&#10;  &quot;error&quot;: {&#10;    &quot;reason&quot;: &quot;Invalid SQL query&quot;,&#10;    &quot;details&quot;: &quot;Query is unsupported in the new engine&quot;,&#10;    &quot;type&quot;: &quot;SQLFeatureDisabledException&quot;&#10;  },&#10;  &quot;status&quot;: 400&#10;}" type="org.opensearch.client.ResponseException">org.opensearch.client.ResponseException: method [POST], host [http://127.0.0.1:61803], URI [/_plugins/_sql?format=json], status line [HTTP/1.1 400 Bad Request]
</failure>
  </testcase>
  <testcase name="ifnullShouldPassJDBC" classname="org.opensearch.sql.legacy.SQLFunctionsIT" time="0.083"/>
  <testcase name="literalWithAlias" classname="org.opensearch.sql.legacy.SQLFunctionsIT" time="0.036">
    <failure message="org.opensearch.client.ResponseException: method [POST], host [http://127.0.0.1:61803], URI [/_plugins/_sql?format=json], status line [HTTP/1.1 400 Bad Request]&#10;{&#10;  &quot;error&quot;: {&#10;    &quot;reason&quot;: &quot;Invalid SQL query&quot;,&#10;    &quot;details&quot;: &quot;Query is unsupported in the new engine&quot;,&#10;    &quot;type&quot;: &quot;SQLFeatureDisabledException&quot;&#10;  },&#10;  &quot;status&quot;: 400&#10;}" type="org.opensearch.client.ResponseException">org.opensearch.client.ResponseException: method [POST], host [http://127.0.0.1:61803], URI [/_plugins/_sql?format=json], status line [HTTP/1.1 400 Bad Request]
</failure>
  </testcase>
  <testcase name="literalWithDoubleValue" classname="org.opensearch.sql.legacy.SQLFunctionsIT" time="0.034">
    <failure message="org.opensearch.client.ResponseException: method [POST], host [http://127.0.0.1:61803], URI [/_plugins/_sql?format=json], status line [HTTP/1.1 400 Bad Request]&#10;{&#10;  &quot;error&quot;: {&#10;    &quot;reason&quot;: &quot;Invalid SQL query&quot;,&#10;    &quot;details&quot;: &quot;Query is unsupported in the new engine&quot;,&#10;    &quot;type&quot;: &quot;SQLFeatureDisabledException&quot;&#10;  },&#10;  &quot;status&quot;: 400&#10;}" type="org.opensearch.client.ResponseException">org.opensearch.client.ResponseException: method [POST], host [http://127.0.0.1:61803], URI [/_plugins/_sql?format=json], status line [HTTP/1.1 400 Bad Request]
</failure>
  </testcase>
  <testcase name="ifFuncShouldPassJDBC" classname="org.opensearch.sql.legacy.SQLFunctionsIT" time="0.098"/>
  <testcase name="functionLogs" classname="org.opensearch.sql.legacy.SQLFunctionsIT" time="0.048">
    <failure message="org.opensearch.client.ResponseException: method [POST], host [http://127.0.0.1:61803], URI [/_plugins/_sql?format=json], status line [HTTP/1.1 400 Bad Request]&#10;{&#10;  &quot;error&quot;: {&#10;    &quot;reason&quot;: &quot;Invalid SQL query&quot;,&#10;    &quot;details&quot;: &quot;Query is unsupported in the new engine&quot;,&#10;    &quot;type&quot;: &quot;SQLFeatureDisabledException&quot;&#10;  },&#10;  &quot;status&quot;: 400&#10;}" type="org.opensearch.client.ResponseException">org.opensearch.client.ResponseException: method [POST], host [http://127.0.0.1:61803], URI [/_plugins/_sql?format=json], status line [HTTP/1.1 400 Bad Request]
</failure>
  </testcase>
  <testcase name="castStatementInWhereClauseEqualToConstantTest" classname="org.opensearch.sql.legacy.SQLFunctionsIT" time="0.062"/>
  <testcase name="castKeywordFieldToDatetimeWithAliasJdbcFormatTest" classname="org.opensearch.sql.legacy.SQLFunctionsIT" time="0.036">
    <failure message="java.lang.RuntimeException: org.opensearch.client.ResponseException: method [POST], host [http://127.0.0.1:61803], URI [/_plugins/_sql?format=jdbc], status line [HTTP/1.1 400 Bad Request]&#10;{&#10;  &quot;error&quot;: {&#10;    &quot;reason&quot;: &quot;Invalid SQL query&quot;,&#10;    &quot;details&quot;: &quot;Query is unsupported in the new engine&quot;,&#10;    &quot;type&quot;: &quot;SQLFeatureDisabledException&quot;&#10;  },&#10;  &quot;status&quot;: 400&#10;}" type="java.lang.RuntimeException">java.lang.RuntimeException: org.opensearch.client.ResponseException: method [POST], host [http://127.0.0.1:61803], URI [/_plugins/_sql?format=jdbc], status line [HTTP/1.1 400 Bad Request]
</failure>
  </testcase>
  <testcase name="ltrim" classname="org.opensearch.sql.legacy.SQLFunctionsIT" time="0.034">
    <failure message="org.opensearch.client.ResponseException: method [POST], host [http://127.0.0.1:61803], URI [/_plugins/_sql?format=json], status line [HTTP/1.1 400 Bad Request]&#10;{&#10;  &quot;error&quot;: {&#10;    &quot;reason&quot;: &quot;Invalid SQL query&quot;,&#10;    &quot;details&quot;: &quot;Query is unsupported in the new engine&quot;,&#10;    &quot;type&quot;: &quot;SQLFeatureDisabledException&quot;&#10;  },&#10;  &quot;status&quot;: 400&#10;}" type="org.opensearch.client.ResponseException">org.opensearch.client.ResponseException: method [POST], host [http://127.0.0.1:61803], URI [/_plugins/_sql?format=json], status line [HTTP/1.1 400 Bad Request]
</failure>
  </testcase>
  <testcase name="concat_ws_fields" classname="org.opensearch.sql.legacy.SQLFunctionsIT" time="0.035">
    <failure message="org.opensearch.client.ResponseException: method [POST], host [http://127.0.0.1:61803], URI [/_plugins/_sql?format=json], status line [HTTP/1.1 400 Bad Request]&#10;{&#10;  &quot;error&quot;: {&#10;    &quot;reason&quot;: &quot;Invalid SQL query&quot;,&#10;    &quot;details&quot;: &quot;Query is unsupported in the new engine&quot;,&#10;    &quot;type&quot;: &quot;SQLFeatureDisabledException&quot;&#10;  },&#10;  &quot;status&quot;: 400&#10;}" type="org.opensearch.client.ResponseException">org.opensearch.client.ResponseException: method [POST], host [http://127.0.0.1:61803], URI [/_plugins/_sql?format=json], status line [HTTP/1.1 400 Bad Request]
</failure>
  </testcase>
  <testcase name="operatorLength" classname="org.opensearch.sql.legacy.SQLFunctionsIT" time="0.071">
    <failure message="org.opensearch.client.ResponseException: method [POST], host [http://[::1]:61802], URI [/_plugins/_sql?format=json], status line [HTTP/1.1 400 Bad Request]&#10;{&#10;  &quot;error&quot;: {&#10;    &quot;reason&quot;: &quot;Invalid SQL query&quot;,&#10;    &quot;details&quot;: &quot;Query is unsupported in the new engine&quot;,&#10;    &quot;type&quot;: &quot;SQLFeatureDisabledException&quot;&#10;  },&#10;  &quot;status&quot;: 400&#10;}" type="org.opensearch.client.ResponseException">org.opensearch.client.ResponseException: method [POST], host [http://[::1]:61802], URI [/_plugins/_sql?format=json], status line [HTTP/1.1 400 Bad Request]
</failure>
  </testcase>
  <testcase name="isnullWithMathExpr" classname="org.opensearch.sql.legacy.SQLFunctionsIT" time="0.036">
    <failure message="org.opensearch.client.ResponseException: method [POST], host [http://[::1]:61802], URI [/_plugins/_sql?format=json], status line [HTTP/1.1 400 Bad Request]&#10;{&#10;  &quot;error&quot;: {&#10;    &quot;reason&quot;: &quot;Invalid SQL query&quot;,&#10;    &quot;details&quot;: &quot;Query is unsupported in the new engine&quot;,&#10;    &quot;type&quot;: &quot;SQLFeatureDisabledException&quot;&#10;  },&#10;  &quot;status&quot;: 400&#10;}" type="org.opensearch.client.ResponseException">org.opensearch.client.ResponseException: method [POST], host [http://[::1]:61802], URI [/_plugins/_sql?format=json], status line [HTTP/1.1 400 Bad Request]
</failure>
  </testcase>
  <testcase name="isnullShouldPassJDBC" classname="org.opensearch.sql.legacy.SQLFunctionsIT" time="0.06"/>
  <testcase name="castIntFieldToStringWithoutAliasTest" classname="org.opensearch.sql.legacy.SQLFunctionsIT" time="0.036">
    <failure message="org.opensearch.client.ResponseException: method [POST], host [http://[::1]:61802], URI [/_plugins/_sql?format=json], status line [HTTP/1.1 400 Bad Request]&#10;{&#10;  &quot;error&quot;: {&#10;    &quot;reason&quot;: &quot;Invalid SQL query&quot;,&#10;    &quot;details&quot;: &quot;Query is unsupported in the new engine&quot;,&#10;    &quot;type&quot;: &quot;SQLFeatureDisabledException&quot;&#10;  },&#10;  &quot;status&quot;: 400&#10;}" type="org.opensearch.client.ResponseException">org.opensearch.client.ResponseException: method [POST], host [http://[::1]:61802], URI [/_plugins/_sql?format=json], status line [HTTP/1.1 400 Bad Request]
</failure>
  </testcase>
  <testcase name="castIntFieldToDoubleWithAliasOrderByTest" classname="org.opensearch.sql.legacy.SQLFunctionsIT" time="0.037">
    <failure message="org.opensearch.client.ResponseException: method [POST], host [http://[::1]:61802], URI [/_plugins/_sql?format=json], status line [HTTP/1.1 400 Bad Request]&#10;{&#10;  &quot;error&quot;: {&#10;    &quot;reason&quot;: &quot;Invalid SQL query&quot;,&#10;    &quot;details&quot;: &quot;Query is unsupported in the new engine&quot;,&#10;    &quot;type&quot;: &quot;SQLFeatureDisabledException&quot;&#10;  },&#10;  &quot;status&quot;: 400&#10;}" type="org.opensearch.client.ResponseException">org.opensearch.client.ResponseException: method [POST], host [http://[::1]:61802], URI [/_plugins/_sql?format=json], status line [HTTP/1.1 400 Bad Request]
</failure>
  </testcase>
  <testcase name="castFieldToDatetimeWithWhereClauseJdbcFormatTest" classname="org.opensearch.sql.legacy.SQLFunctionsIT" time="0.064">
    <failure message="java.lang.RuntimeException: org.opensearch.client.ResponseException: method [POST], host [http://[::1]:61802], URI [/_plugins/_sql?format=jdbc], status line [HTTP/1.1 400 Bad Request]&#10;{&#10;  &quot;error&quot;: {&#10;    &quot;reason&quot;: &quot;Invalid SQL query&quot;,&#10;    &quot;details&quot;: &quot;Query is unsupported in the new engine&quot;,&#10;    &quot;type&quot;: &quot;SQLFeatureDisabledException&quot;&#10;  },&#10;  &quot;status&quot;: 400&#10;}" type="java.lang.RuntimeException">java.lang.RuntimeException: org.opensearch.client.ResponseException: method [POST], host [http://[::1]:61802], URI [/_plugins/_sql?format=jdbc], status line [HTTP/1.1 400 Bad Request]
</failure>
  </testcase>
  <testcase name="castIntFieldToDoubleWithAliasTest" classname="org.opensearch.sql.legacy.SQLFunctionsIT" time="0.034">
    <failure message="org.opensearch.client.ResponseException: method [POST], host [http://[::1]:61802], URI [/_plugins/_sql?format=json], status line [HTTP/1.1 400 Bad Request]&#10;{&#10;  &quot;error&quot;: {&#10;    &quot;reason&quot;: &quot;Invalid SQL query&quot;,&#10;    &quot;details&quot;: &quot;Query is unsupported in the new engine&quot;,&#10;    &quot;type&quot;: &quot;SQLFeatureDisabledException&quot;&#10;  },&#10;  &quot;status&quot;: 400&#10;}" type="org.opensearch.client.ResponseException">org.opensearch.client.ResponseException: method [POST], host [http://[::1]:61802], URI [/_plugins/_sql?format=json], status line [HTTP/1.1 400 Bad Request]
</failure>
  </testcase>
  <testcase name="ifFuncWithNullInputAsConditionTest" classname="org.opensearch.sql.legacy.SQLFunctionsIT" time="0.042">
    <failure message="org.opensearch.client.ResponseException: method [POST], host [http://[::1]:61802], URI [/_plugins/_sql?format=json], status line [HTTP/1.1 400 Bad Request]&#10;{&#10;  &quot;error&quot;: {&#10;    &quot;reason&quot;: &quot;Invalid SQL query&quot;,&#10;    &quot;details&quot;: &quot;Query is unsupported in the new engine&quot;,&#10;    &quot;type&quot;: &quot;SQLFeatureDisabledException&quot;&#10;  },&#10;  &quot;status&quot;: 400&#10;}" type="org.opensearch.client.ResponseException">org.opensearch.client.ResponseException: method [POST], host [http://[::1]:61802], URI [/_plugins/_sql?format=json], status line [HTTP/1.1 400 Bad Request]
</failure>
  </testcase>
  <testcase name="functionFieldAliasAndGroupByAlias" classname="org.opensearch.sql.legacy.SQLFunctionsIT" time="0.038">
    <failure message="org.opensearch.client.ResponseException: method [POST], host [http://[::1]:61802], URI [/_plugins/_sql?format=json], status line [HTTP/1.1 400 Bad Request]&#10;{&#10;  &quot;error&quot;: {&#10;    &quot;reason&quot;: &quot;Invalid SQL query&quot;,&#10;    &quot;details&quot;: &quot;Query is unsupported in the new engine&quot;,&#10;    &quot;type&quot;: &quot;SQLFeatureDisabledException&quot;&#10;  },&#10;  &quot;status&quot;: 400&#10;}" type="org.opensearch.client.ResponseException">org.opensearch.client.ResponseException: method [POST], host [http://[::1]:61802], URI [/_plugins/_sql?format=json], status line [HTTP/1.1 400 Bad Request]
</failure>
  </testcase>
  <testcase name="literal" classname="org.opensearch.sql.legacy.SQLFunctionsIT" time="0.034">
    <failure message="org.opensearch.client.ResponseException: method [POST], host [http://[::1]:61802], URI [/_plugins/_sql?format=json], status line [HTTP/1.1 400 Bad Request]&#10;{&#10;  &quot;error&quot;: {&#10;    &quot;reason&quot;: &quot;Invalid SQL query&quot;,&#10;    &quot;details&quot;: &quot;Query is unsupported in the new engine&quot;,&#10;    &quot;type&quot;: &quot;SQLFeatureDisabledException&quot;&#10;  },&#10;  &quot;status&quot;: 400&#10;}" type="org.opensearch.client.ResponseException">org.opensearch.client.ResponseException: method [POST], host [http://[::1]:61802], URI [/_plugins/_sql?format=json], status line [HTTP/1.1 400 Bad Request]
</failure>
  </testcase>
  <testcase name="castIntFieldToDoubleWithoutAliasTest" classname="org.opensearch.sql.legacy.SQLFunctionsIT" time="0.035">
    <failure message="org.opensearch.client.ResponseException: method [POST], host [http://[::1]:61802], URI [/_plugins/_sql?format=json], status line [HTTP/1.1 400 Bad Request]&#10;{&#10;  &quot;error&quot;: {&#10;    &quot;reason&quot;: &quot;Invalid SQL query&quot;,&#10;    &quot;details&quot;: &quot;Query is unsupported in the new engine&quot;,&#10;    &quot;type&quot;: &quot;SQLFeatureDisabledException&quot;&#10;  },&#10;  &quot;status&quot;: 400&#10;}" type="org.opensearch.client.ResponseException">org.opensearch.client.ResponseException: method [POST], host [http://[::1]:61802], URI [/_plugins/_sql?format=json], status line [HTTP/1.1 400 Bad Request]
</failure>
  </testcase>
  <testcase name="operatorReplace" classname="org.opensearch.sql.legacy.SQLFunctionsIT" time="0.063"/>
  <testcase name="caseChangeTestWithLocale" classname="org.opensearch.sql.legacy.SQLFunctionsIT" time="0.037">
    <failure message="org.opensearch.client.ResponseException: method [POST], host [http://[::1]:61802], URI [/_plugins/_sql?format=json], status line [HTTP/1.1 400 Bad Request]&#10;{&#10;  &quot;error&quot;: {&#10;    &quot;reason&quot;: &quot;Invalid SQL query&quot;,&#10;    &quot;details&quot;: &quot;Query is unsupported in the new engine&quot;,&#10;    &quot;type&quot;: &quot;SQLFeatureDisabledException&quot;&#10;  },&#10;  &quot;status&quot;: 400&#10;}" type="org.opensearch.client.ResponseException">org.opensearch.client.ResponseException: method [POST], host [http://[::1]:61802], URI [/_plugins/_sql?format=json], status line [HTTP/1.1 400 Bad Request]
</failure>
  </testcase>
  <testcase name="castStatementInWhereClauseLessThanConstantTest" classname="org.opensearch.sql.legacy.SQLFunctionsIT" time="0.054"/>
  <testcase name="castIntFieldToDoubleWithoutAliasOrderByTest" classname="org.opensearch.sql.legacy.SQLFunctionsIT" time="0.034">
    <failure message="org.opensearch.client.ResponseException: method [POST], host [http://[::1]:61802], URI [/_plugins/_sql?format=json], status line [HTTP/1.1 400 Bad Request]&#10;{&#10;  &quot;error&quot;: {&#10;    &quot;reason&quot;: &quot;Invalid SQL query&quot;,&#10;    &quot;details&quot;: &quot;Query is unsupported in the new engine&quot;,&#10;    &quot;type&quot;: &quot;SQLFeatureDisabledException&quot;&#10;  },&#10;  &quot;status&quot;: 400&#10;}" type="org.opensearch.client.ResponseException">org.opensearch.client.ResponseException: method [POST], host [http://[::1]:61802], URI [/_plugins/_sql?format=json], status line [HTTP/1.1 400 Bad Request]
</failure>
  </testcase>
  <testcase name="concat_ws_field_and_string" classname="org.opensearch.sql.legacy.SQLFunctionsIT" time="0.035">
    <failure message="org.opensearch.client.ResponseException: method [POST], host [http://[::1]:61802], URI [/_plugins/_sql?format=json], status line [HTTP/1.1 400 Bad Request]&#10;{&#10;  &quot;error&quot;: {&#10;    &quot;reason&quot;: &quot;Invalid SQL query&quot;,&#10;    &quot;details&quot;: &quot;Query is unsupported in the new engine&quot;,&#10;    &quot;type&quot;: &quot;SQLFeatureDisabledException&quot;&#10;  },&#10;  &quot;status&quot;: 400&#10;}" type="org.opensearch.client.ResponseException">org.opensearch.client.ResponseException: method [POST], host [http://[::1]:61802], URI [/_plugins/_sql?format=json], status line [HTTP/1.1 400 Bad Request]
</failure>
  </testcase>
  <testcase name="castIntFieldToFloatWithAliasJdbcFormatGroupByTest" classname="org.opensearch.sql.legacy.SQLFunctionsIT" time="0.053"/>
  <testcase name="castIntFieldToStringWithAliasTest" classname="org.opensearch.sql.legacy.SQLFunctionsIT" time="0.036">
    <failure message="org.opensearch.client.ResponseException: method [POST], host [http://[::1]:61802], URI [/_plugins/_sql?format=json], status line [HTTP/1.1 400 Bad Request]&#10;{&#10;  &quot;error&quot;: {&#10;    &quot;reason&quot;: &quot;Invalid SQL query&quot;,&#10;    &quot;details&quot;: &quot;Query is unsupported in the new engine&quot;,&#10;    &quot;type&quot;: &quot;SQLFeatureDisabledException&quot;&#10;  },&#10;  &quot;status&quot;: 400&#10;}" type="org.opensearch.client.ResponseException">org.opensearch.client.ResponseException: method [POST], host [http://[::1]:61802], URI [/_plugins/_sql?format=json], status line [HTTP/1.1 400 Bad Request]
</failure>
  </testcase>
  <testcase name="castBoolFieldToNumericValueInSelectClause" classname="org.opensearch.sql.legacy.SQLFunctionsIT" time="0.051"/>
  <testcase name="literalMultiField" classname="org.opensearch.sql.legacy.SQLFunctionsIT" time="0.038">
    <failure message="org.opensearch.client.ResponseException: method [POST], host [http://[::1]:61802], URI [/_plugins/_sql?format=json], status line [HTTP/1.1 400 Bad Request]&#10;{&#10;  &quot;error&quot;: {&#10;    &quot;reason&quot;: &quot;Invalid SQL query&quot;,&#10;    &quot;details&quot;: &quot;Query is unsupported in the new engine&quot;,&#10;    &quot;type&quot;: &quot;SQLFeatureDisabledException&quot;&#10;  },&#10;  &quot;status&quot;: 400&#10;}" type="org.opensearch.client.ResponseException">org.opensearch.client.ResponseException: method [POST], host [http://[::1]:61802], URI [/_plugins/_sql?format=json], status line [HTTP/1.1 400 Bad Request]
</failure>
  </testcase>
  <testcase name="left" classname="org.opensearch.sql.legacy.SQLFunctionsIT" time="0.0">
    <skipped/>
  </testcase>
  <testcase name="castIntFieldToDoubleWithAliasJdbcFormatGroupByTest" classname="org.opensearch.sql.legacy.SQLFunctionsIT" time="0.062">
    <failure message="java.lang.RuntimeException: org.opensearch.client.ResponseException: method [POST], host [http://[::1]:61802], URI [/_plugins/_sql?format=jdbc], status line [HTTP/1.1 400 Bad Request]&#10;{&#10;  &quot;error&quot;: {&#10;    &quot;reason&quot;: &quot;Invalid SQL query&quot;,&#10;    &quot;details&quot;: &quot;Query is unsupported in the new engine&quot;,&#10;    &quot;type&quot;: &quot;SQLFeatureDisabledException&quot;&#10;  },&#10;  &quot;status&quot;: 400&#10;}" type="java.lang.RuntimeException">java.lang.RuntimeException: org.opensearch.client.ResponseException: method [POST], host [http://[::1]:61802], URI [/_plugins/_sql?format=jdbc], status line [HTTP/1.1 400 Bad Request]
</failure>
  </testcase>
  <testcase name="castFieldToDatetimeWithGroupByJdbcFormatTest" classname="org.opensearch.sql.legacy.SQLFunctionsIT" time="0.037">
    <failure message="java.lang.RuntimeException: org.opensearch.client.ResponseException: method [POST], host [http://[::1]:61802], URI [/_plugins/_sql?format=jdbc], status line [HTTP/1.1 400 Bad Request]&#10;{&#10;  &quot;error&quot;: {&#10;    &quot;reason&quot;: &quot;Invalid SQL query&quot;,&#10;    &quot;details&quot;: &quot;Query is unsupported in the new engine&quot;,&#10;    &quot;type&quot;: &quot;SQLFeatureDisabledException&quot;&#10;  },&#10;  &quot;status&quot;: 400&#10;}" type="java.lang.RuntimeException">java.lang.RuntimeException: org.opensearch.client.ResponseException: method [POST], host [http://[::1]:61802], URI [/_plugins/_sql?format=jdbc], status line [HTTP/1.1 400 Bad Request]
</failure>
  </testcase>
  <testcase name="castIntFieldToFloatWithAliasJdbcFormatTest" classname="org.opensearch.sql.legacy.SQLFunctionsIT" time="0.064"/>
  <testcase name="castStatementInWhereClauseGreaterThanTest" classname="org.opensearch.sql.legacy.SQLFunctionsIT" time="0.048"/>
  <testcase name="ifFuncWithBooleanExprInputAsConditionTest" classname="org.opensearch.sql.legacy.SQLFunctionsIT" time="0.035">
    <failure message="org.opensearch.client.ResponseException: method [POST], host [http://[::1]:61802], URI [/_plugins/_sql?format=json], status line [HTTP/1.1 400 Bad Request]&#10;{&#10;  &quot;error&quot;: {&#10;    &quot;reason&quot;: &quot;Invalid SQL query&quot;,&#10;    &quot;details&quot;: &quot;Query is unsupported in the new engine&quot;,&#10;    &quot;type&quot;: &quot;SQLFeatureDisabledException&quot;&#10;  },&#10;  &quot;status&quot;: 400&#10;}" type="org.opensearch.client.ResponseException">org.opensearch.client.ResponseException: method [POST], host [http://[::1]:61802], URI [/_plugins/_sql?format=json], status line [HTTP/1.1 400 Bad Request]
</failure>
  </testcase>
  <testcase name="ifnullWithNotNullInputTest" classname="org.opensearch.sql.legacy.SQLFunctionsIT" time="0.035">
    <failure message="org.opensearch.client.ResponseException: method [POST], host [http://[::1]:61802], URI [/_plugins/_sql?format=json], status line [HTTP/1.1 400 Bad Request]&#10;{&#10;  &quot;error&quot;: {&#10;    &quot;reason&quot;: &quot;Invalid SQL query&quot;,&#10;    &quot;details&quot;: &quot;Query is unsupported in the new engine&quot;,&#10;    &quot;type&quot;: &quot;SQLFeatureDisabledException&quot;&#10;  },&#10;  &quot;status&quot;: 400&#10;}" type="org.opensearch.client.ResponseException">org.opensearch.client.ResponseException: method [POST], host [http://[::1]:61802], URI [/_plugins/_sql?format=json], status line [HTTP/1.1 400 Bad Request]
</failure>
  </testcase>
  <testcase name="right" classname="org.opensearch.sql.legacy.SQLFunctionsIT" time="0.0">
    <skipped/>
  </testcase>
  <testcase name="castKeywordFieldToDatetimeWithoutAliasJdbcFormatTest" classname="org.opensearch.sql.legacy.SQLFunctionsIT" time="0.035">
    <failure message="java.lang.RuntimeException: org.opensearch.client.ResponseException: method [POST], host [http://[::1]:61802], URI [/_plugins/_sql?format=jdbc], status line [HTTP/1.1 400 Bad Request]&#10;{&#10;  &quot;error&quot;: {&#10;    &quot;reason&quot;: &quot;Invalid SQL query&quot;,&#10;    &quot;details&quot;: &quot;Query is unsupported in the new engine&quot;,&#10;    &quot;type&quot;: &quot;SQLFeatureDisabledException&quot;&#10;  },&#10;  &quot;status&quot;: 400&#10;}" type="java.lang.RuntimeException">java.lang.RuntimeException: org.opensearch.client.ResponseException: method [POST], host [http://[::1]:61802], URI [/_plugins/_sql?format=jdbc], status line [HTTP/1.1 400 Bad Request]
</failure>
  </testcase>
  <testcase name="functionAlias" classname="org.opensearch.sql.legacy.SQLFunctionsIT" time="0.037">
    <failure message="org.opensearch.client.ResponseException: method [POST], host [http://[::1]:61802], URI [/_plugins/_sql?format=json], status line [HTTP/1.1 400 Bad Request]&#10;{&#10;  &quot;error&quot;: {&#10;    &quot;reason&quot;: &quot;Invalid SQL query&quot;,&#10;    &quot;details&quot;: &quot;Query is unsupported in the new engine&quot;,&#10;    &quot;type&quot;: &quot;SQLFeatureDisabledException&quot;&#10;  },&#10;  &quot;status&quot;: 400&#10;}" type="org.opensearch.client.ResponseException">org.opensearch.client.ResponseException: method [POST], host [http://[::1]:61802], URI [/_plugins/_sql?format=json], status line [HTTP/1.1 400 Bad Request]
</failure>
  </testcase>
  <testcase name="isnullWithNotNullInputTest" classname="org.opensearch.sql.legacy.SQLFunctionsIT" time="0.035">
    <failure message="org.opensearch.client.ResponseException: method [POST], host [http://[::1]:61802], URI [/_plugins/_sql?format=json], status line [HTTP/1.1 400 Bad Request]&#10;{&#10;  &quot;error&quot;: {&#10;    &quot;reason&quot;: &quot;Invalid SQL query&quot;,&#10;    &quot;details&quot;: &quot;Query is unsupported in the new engine&quot;,&#10;    &quot;type&quot;: &quot;SQLFeatureDisabledException&quot;&#10;  },&#10;  &quot;status&quot;: 400&#10;}" type="org.opensearch.client.ResponseException">org.opensearch.client.ResponseException: method [POST], host [http://[::1]:61802], URI [/_plugins/_sql?format=json], status line [HTTP/1.1 400 Bad Request]
</failure>
  </testcase>
  <testcase name="caseChangeTest" classname="org.opensearch.sql.legacy.SQLFunctionsIT" time="0.035">
    <failure message="org.opensearch.client.ResponseException: method [POST], host [http://[::1]:61802], URI [/_plugins/_sql?format=json], status line [HTTP/1.1 400 Bad Request]&#10;{&#10;  &quot;error&quot;: {&#10;    &quot;reason&quot;: &quot;Invalid SQL query&quot;,&#10;    &quot;details&quot;: &quot;Query is unsupported in the new engine&quot;,&#10;    &quot;type&quot;: &quot;SQLFeatureDisabledException&quot;&#10;  },&#10;  &quot;status&quot;: 400&#10;}" type="org.opensearch.client.ResponseException">org.opensearch.client.ResponseException: method [POST], host [http://[::1]:61802], URI [/_plugins/_sql?format=json], status line [HTTP/1.1 400 Bad Request]
</failure>
  </testcase>
  <system-out><![CDATA[[2023-01-17T05:16:44,258][INFO ][o.o.s.l.SQLFunctionsIT   ] [castIntFieldToFloatWithoutAliasJdbcFormatGroupByTest] before test
]]></system-out>
  <system-err><![CDATA[REPRODUCE WITH: ./gradlew ':integ-test:integTest' --tests "org.opensearch.sql.legacy.SQLFunctionsIT.ifFuncWithBinaryComparisonAsConditionTest" -Dtests.seed=160F64C51FACC80F -Dtests.security.manager=false -Dtests.locale=vi -Dtests.timezone=Asia/Baghdad -Druntime.java=17
]]></system-err>
</testsuite>
<?xml version="1.0" encoding="UTF-8"?>
<testsuite name="org.opensearch.sql.legacy.ShowIT" tests="4" skipped="0" failures="4" errors="0" timestamp="2023-01-17T02:16:50" hostname="Unused26-MacBook.local" time="0.718">
  <properties/>
  <testcase name="showIndexMatchExact" classname="org.opensearch.sql.legacy.ShowIT" time="0.612">
    <failure message="org.opensearch.client.ResponseException: method [POST], host [http://127.0.0.1:61803], URI [/_plugins/_sql?format=json], status line [HTTP/1.1 400 Bad Request]&#10;{&#10;  &quot;error&quot;: {&#10;    &quot;reason&quot;: &quot;Invalid SQL query&quot;,&#10;    &quot;details&quot;: &quot;Query is unsupported in the new engine&quot;,&#10;    &quot;type&quot;: &quot;SQLFeatureDisabledException&quot;&#10;  },&#10;  &quot;status&quot;: 400&#10;}" type="org.opensearch.client.ResponseException">org.opensearch.client.ResponseException: method [POST], host [http://127.0.0.1:61803], URI [/_plugins/_sql?format=json], status line [HTTP/1.1 400 Bad Request]
</failure>
  </testcase>
  <testcase name="showIndexMatchPrefix" classname="org.opensearch.sql.legacy.ShowIT" time="0.037">
    <failure message="org.opensearch.client.ResponseException: method [POST], host [http://[::1]:61802], URI [/_plugins/_sql?format=json], status line [HTTP/1.1 400 Bad Request]&#10;{&#10;  &quot;error&quot;: {&#10;    &quot;reason&quot;: &quot;Invalid SQL query&quot;,&#10;    &quot;details&quot;: &quot;Query is unsupported in the new engine&quot;,&#10;    &quot;type&quot;: &quot;SQLFeatureDisabledException&quot;&#10;  },&#10;  &quot;status&quot;: 400&#10;}" type="org.opensearch.client.ResponseException">org.opensearch.client.ResponseException: method [POST], host [http://[::1]:61802], URI [/_plugins/_sql?format=json], status line [HTTP/1.1 400 Bad Request]
</failure>
  </testcase>
  <testcase name="showAllMatchAll" classname="org.opensearch.sql.legacy.ShowIT" time="0.035">
    <failure message="org.opensearch.client.ResponseException: method [POST], host [http://127.0.0.1:61803], URI [/_plugins/_sql?format=json], status line [HTTP/1.1 400 Bad Request]&#10;{&#10;  &quot;error&quot;: {&#10;    &quot;reason&quot;: &quot;Invalid SQL query&quot;,&#10;    &quot;details&quot;: &quot;Query is unsupported in the new engine&quot;,&#10;    &quot;type&quot;: &quot;SQLFeatureDisabledException&quot;&#10;  },&#10;  &quot;status&quot;: 400&#10;}" type="org.opensearch.client.ResponseException">org.opensearch.client.ResponseException: method [POST], host [http://127.0.0.1:61803], URI [/_plugins/_sql?format=json], status line [HTTP/1.1 400 Bad Request]
</failure>
  </testcase>
  <testcase name="showIndexMatchSuffix" classname="org.opensearch.sql.legacy.ShowIT" time="0.034">
    <failure message="org.opensearch.client.ResponseException: method [POST], host [http://[::1]:61802], URI [/_plugins/_sql?format=json], status line [HTTP/1.1 400 Bad Request]&#10;{&#10;  &quot;error&quot;: {&#10;    &quot;reason&quot;: &quot;Invalid SQL query&quot;,&#10;    &quot;details&quot;: &quot;Query is unsupported in the new engine&quot;,&#10;    &quot;type&quot;: &quot;SQLFeatureDisabledException&quot;&#10;  },&#10;  &quot;status&quot;: 400&#10;}" type="org.opensearch.client.ResponseException">org.opensearch.client.ResponseException: method [POST], host [http://[::1]:61802], URI [/_plugins/_sql?format=json], status line [HTTP/1.1 400 Bad Request]
</failure>
  </testcase>
  <system-out><![CDATA[[2023-01-17T11:16:50,920][INFO ][o.o.s.l.ShowIT           ] [showIndexMatchExact] before test
]]></system-out>
  <system-err><![CDATA[REPRODUCE WITH: ./gradlew ':integ-test:integTest' --tests "org.opensearch.sql.legacy.ShowIT.showIndexMatchExact" -Dtests.seed=160F64C51FACC80F -Dtests.security.manager=false -Dtests.locale=da -Dtests.timezone=Japan -Druntime.java=17
]]></system-err>
</testsuite>
<?xml version="1.0" encoding="UTF-8"?>
<testsuite name="org.opensearch.sql.legacy.SourceFieldIT" tests="3" skipped="0" failures="3" errors="0" timestamp="2023-01-17T02:16:51" hostname="Unused26-MacBook.local" time="0.519">
  <properties/>
  <testcase name="allTest" classname="org.opensearch.sql.legacy.SourceFieldIT" time="0.45">
    <failure message="org.opensearch.client.ResponseException: method [POST], host [http://[::1]:61802], URI [/_plugins/_sql?format=json], status line [HTTP/1.1 400 Bad Request]&#10;{&#10;  &quot;error&quot;: {&#10;    &quot;reason&quot;: &quot;Invalid SQL query&quot;,&#10;    &quot;details&quot;: &quot;Query is unsupported in the new engine&quot;,&#10;    &quot;type&quot;: &quot;SQLFeatureDisabledException&quot;&#10;  },&#10;  &quot;status&quot;: 400&#10;}" type="org.opensearch.client.ResponseException">org.opensearch.client.ResponseException: method [POST], host [http://[::1]:61802], URI [/_plugins/_sql?format=json], status line [HTTP/1.1 400 Bad Request]
</failure>
  </testcase>
  <testcase name="includeTest" classname="org.opensearch.sql.legacy.SourceFieldIT" time="0.036">
    <failure message="org.opensearch.client.ResponseException: method [POST], host [http://127.0.0.1:61803], URI [/_plugins/_sql?format=json], status line [HTTP/1.1 400 Bad Request]&#10;{&#10;  &quot;error&quot;: {&#10;    &quot;reason&quot;: &quot;Invalid SQL query&quot;,&#10;    &quot;details&quot;: &quot;Query is unsupported in the new engine&quot;,&#10;    &quot;type&quot;: &quot;SQLFeatureDisabledException&quot;&#10;  },&#10;  &quot;status&quot;: 400&#10;}" type="org.opensearch.client.ResponseException">org.opensearch.client.ResponseException: method [POST], host [http://127.0.0.1:61803], URI [/_plugins/_sql?format=json], status line [HTTP/1.1 400 Bad Request]
</failure>
  </testcase>
  <testcase name="excludeTest" classname="org.opensearch.sql.legacy.SourceFieldIT" time="0.032">
    <failure message="org.opensearch.client.ResponseException: method [POST], host [http://[::1]:61802], URI [/_plugins/_sql?format=json], status line [HTTP/1.1 400 Bad Request]&#10;{&#10;  &quot;error&quot;: {&#10;    &quot;reason&quot;: &quot;Invalid SQL query&quot;,&#10;    &quot;details&quot;: &quot;Query is unsupported in the new engine&quot;,&#10;    &quot;type&quot;: &quot;SQLFeatureDisabledException&quot;&#10;  },&#10;  &quot;status&quot;: 400&#10;}" type="org.opensearch.client.ResponseException">org.opensearch.client.ResponseException: method [POST], host [http://[::1]:61802], URI [/_plugins/_sql?format=json], status line [HTTP/1.1 400 Bad Request]
</failure>
  </testcase>
  <system-out><![CDATA[[2023-01-17T12:16:51,872][INFO ][o.o.s.l.SourceFieldIT    ] [allTest] before test
]]></system-out>
  <system-err><![CDATA[REPRODUCE WITH: ./gradlew ':integ-test:integTest' --tests "org.opensearch.sql.legacy.SourceFieldIT.allTest" -Dtests.seed=160F64C51FACC80F -Dtests.security.manager=false -Dtests.locale=ms-MY -Dtests.timezone=Asia/Vladivostok -Druntime.java=17
]]></system-err>
</testsuite>
<?xml version="1.0" encoding="UTF-8"?>
<testsuite name="org.opensearch.sql.legacy.SubqueryIT" tests="19" skipped="1" failures="17" errors="0" timestamp="2023-01-17T02:16:52" hostname="Unused26-MacBook.local" time="1.552">
  <properties/>
  <testcase name="nonCorrelatedNotExistsWhere" classname="org.opensearch.sql.legacy.SubqueryIT" time="0.919">
    <failure message="org.opensearch.client.ResponseException: method [POST], host [http://[::1]:61802], URI [/_plugins/_sql?format=json], status line [HTTP/1.1 400 Bad Request]&#10;{&#10;  &quot;error&quot;: {&#10;    &quot;reason&quot;: &quot;Invalid SQL query&quot;,&#10;    &quot;details&quot;: &quot;Query is unsupported in the new engine&quot;,&#10;    &quot;type&quot;: &quot;SQLFeatureDisabledException&quot;&#10;  },&#10;  &quot;status&quot;: 400&#10;}" type="org.opensearch.client.ResponseException">org.opensearch.client.ResponseException: method [POST], host [http://[::1]:61802], URI [/_plugins/_sql?format=json], status line [HTTP/1.1 400 Bad Request]
</failure>
  </testcase>
  <testcase name="selectFromSubqueryWithWhereAndCountShouldPass" classname="org.opensearch.sql.legacy.SubqueryIT" time="0.038">
    <failure message="org.opensearch.client.ResponseException: method [POST], host [http://127.0.0.1:61803], URI [/_plugins/_sql?format=json], status line [HTTP/1.1 400 Bad Request]&#10;{&#10;  &quot;error&quot;: {&#10;    &quot;reason&quot;: &quot;Invalid SQL query&quot;,&#10;    &quot;details&quot;: &quot;Query is unsupported in the new engine&quot;,&#10;    &quot;type&quot;: &quot;SQLFeatureDisabledException&quot;&#10;  },&#10;  &quot;status&quot;: 400&#10;}" type="org.opensearch.client.ResponseException">org.opensearch.client.ResponseException: method [POST], host [http://127.0.0.1:61803], URI [/_plugins/_sql?format=json], status line [HTTP/1.1 400 Bad Request]
</failure>
  </testcase>
  <testcase name="selectFromSubqueryWithoutAliasShouldPass" classname="org.opensearch.sql.legacy.SubqueryIT" time="0.043"/>
  <testcase name="testINWithAlias" classname="org.opensearch.sql.legacy.SubqueryIT" time="0.045">
    <failure message="org.opensearch.client.ResponseException: method [POST], host [http://127.0.0.1:61803], URI [/_plugins/_sql?format=json], status line [HTTP/1.1 400 Bad Request]&#10;{&#10;  &quot;error&quot;: {&#10;    &quot;reason&quot;: &quot;Invalid SQL query&quot;,&#10;    &quot;details&quot;: &quot;Query is unsupported in the new engine&quot;,&#10;    &quot;type&quot;: &quot;SQLFeatureDisabledException&quot;&#10;  },&#10;  &quot;status&quot;: 400&#10;}" type="org.opensearch.client.ResponseException">org.opensearch.client.ResponseException: method [POST], host [http://127.0.0.1:61803], URI [/_plugins/_sql?format=json], status line [HTTP/1.1 400 Bad Request]
</failure>
  </testcase>
  <testcase name="nonCorrelatedExistsParentWhere" classname="org.opensearch.sql.legacy.SubqueryIT" time="0.038">
    <failure message="org.opensearch.client.ResponseException: method [POST], host [http://[::1]:61802], URI [/_plugins/_sql?format=json], status line [HTTP/1.1 400 Bad Request]&#10;{&#10;  &quot;error&quot;: {&#10;    &quot;reason&quot;: &quot;Invalid SQL query&quot;,&#10;    &quot;details&quot;: &quot;Query is unsupported in the new engine&quot;,&#10;    &quot;type&quot;: &quot;SQLFeatureDisabledException&quot;&#10;  },&#10;  &quot;status&quot;: 400&#10;}" type="org.opensearch.client.ResponseException">org.opensearch.client.ResponseException: method [POST], host [http://[::1]:61802], URI [/_plugins/_sql?format=json], status line [HTTP/1.1 400 Bad Request]
</failure>
  </testcase>
  <testcase name="nonCorrelatedNotExists" classname="org.opensearch.sql.legacy.SubqueryIT" time="0.038">
    <failure message="org.opensearch.client.ResponseException: method [POST], host [http://127.0.0.1:61803], URI [/_plugins/_sql?format=json], status line [HTTP/1.1 400 Bad Request]&#10;{&#10;  &quot;error&quot;: {&#10;    &quot;reason&quot;: &quot;Invalid SQL query&quot;,&#10;    &quot;details&quot;: &quot;Query is unsupported in the new engine&quot;,&#10;    &quot;type&quot;: &quot;SQLFeatureDisabledException&quot;&#10;  },&#10;  &quot;status&quot;: 400&#10;}" type="org.opensearch.client.ResponseException">org.opensearch.client.ResponseException: method [POST], host [http://127.0.0.1:61803], URI [/_plugins/_sql?format=json], status line [HTTP/1.1 400 Bad Request]
</failure>
  </testcase>
  <testcase name="testINWithInnerWhere" classname="org.opensearch.sql.legacy.SubqueryIT" time="0.035">
    <failure message="org.opensearch.client.ResponseException: method [POST], host [http://[::1]:61802], URI [/_plugins/_sql?format=json], status line [HTTP/1.1 400 Bad Request]&#10;{&#10;  &quot;error&quot;: {&#10;    &quot;reason&quot;: &quot;Invalid SQL query&quot;,&#10;    &quot;details&quot;: &quot;Query is unsupported in the new engine&quot;,&#10;    &quot;type&quot;: &quot;SQLFeatureDisabledException&quot;&#10;  },&#10;  &quot;status&quot;: 400&#10;}" type="org.opensearch.client.ResponseException">org.opensearch.client.ResponseException: method [POST], host [http://[::1]:61802], URI [/_plugins/_sql?format=json], status line [HTTP/1.1 400 Bad Request]
</failure>
  </testcase>
  <testcase name="selectFromSubqueryWithCountAndGroupByAndHavingShouldPass" classname="org.opensearch.sql.legacy.SubqueryIT" time="0.034">
    <failure message="org.opensearch.client.ResponseException: method [POST], host [http://127.0.0.1:61803], URI [/_plugins/_sql?format=json], status line [HTTP/1.1 400 Bad Request]&#10;{&#10;  &quot;error&quot;: {&#10;    &quot;reason&quot;: &quot;Invalid SQL query&quot;,&#10;    &quot;details&quot;: &quot;Query is unsupported in the new engine&quot;,&#10;    &quot;type&quot;: &quot;SQLFeatureDisabledException&quot;&#10;  },&#10;  &quot;status&quot;: 400&#10;}" type="org.opensearch.client.ResponseException">org.opensearch.client.ResponseException: method [POST], host [http://127.0.0.1:61803], URI [/_plugins/_sql?format=json], status line [HTTP/1.1 400 Bad Request]
</failure>
  </testcase>
  <testcase name="testIN" classname="org.opensearch.sql.legacy.SubqueryIT" time="0.034">
    <failure message="org.opensearch.client.ResponseException: method [POST], host [http://[::1]:61802], URI [/_plugins/_sql?format=json], status line [HTTP/1.1 400 Bad Request]&#10;{&#10;  &quot;error&quot;: {&#10;    &quot;reason&quot;: &quot;Invalid SQL query&quot;,&#10;    &quot;details&quot;: &quot;Query is unsupported in the new engine&quot;,&#10;    &quot;type&quot;: &quot;SQLFeatureDisabledException&quot;&#10;  },&#10;  &quot;status&quot;: 400&#10;}" type="org.opensearch.client.ResponseException">org.opensearch.client.ResponseException: method [POST], host [http://[::1]:61802], URI [/_plugins/_sql?format=json], status line [HTTP/1.1 400 Bad Request]
</failure>
  </testcase>
  <testcase name="testINSelectAll" classname="org.opensearch.sql.legacy.SubqueryIT" time="0.038">
    <failure message="org.opensearch.client.ResponseException: method [POST], host [http://127.0.0.1:61803], URI [/_plugins/_sql?format=json], status line [HTTP/1.1 400 Bad Request]&#10;{&#10;  &quot;error&quot;: {&#10;    &quot;reason&quot;: &quot;Invalid SQL query&quot;,&#10;    &quot;details&quot;: &quot;Query is unsupported in the new engine&quot;,&#10;    &quot;type&quot;: &quot;SQLFeatureDisabledException&quot;&#10;  },&#10;  &quot;status&quot;: 400&#10;}" type="org.opensearch.client.ResponseException">org.opensearch.client.ResponseException: method [POST], host [http://127.0.0.1:61803], URI [/_plugins/_sql?format=json], status line [HTTP/1.1 400 Bad Request]
</failure>
  </testcase>
  <testcase name="selectFromSubqueryWithCountAndGroupByAndOrderByShouldPass" classname="org.opensearch.sql.legacy.SubqueryIT" time="0.036">
    <failure message="org.opensearch.client.ResponseException: method [POST], host [http://[::1]:61802], URI [/_plugins/_sql?format=json], status line [HTTP/1.1 400 Bad Request]&#10;{&#10;  &quot;error&quot;: {&#10;    &quot;reason&quot;: &quot;Invalid SQL query&quot;,&#10;    &quot;details&quot;: &quot;Query is unsupported in the new engine&quot;,&#10;    &quot;type&quot;: &quot;SQLFeatureDisabledException&quot;&#10;  },&#10;  &quot;status&quot;: 400&#10;}" type="org.opensearch.client.ResponseException">org.opensearch.client.ResponseException: method [POST], host [http://[::1]:61802], URI [/_plugins/_sql?format=json], status line [HTTP/1.1 400 Bad Request]
</failure>
  </testcase>
  <testcase name="nonCorrelatedExists" classname="org.opensearch.sql.legacy.SubqueryIT" time="0.036">
    <failure message="org.opensearch.client.ResponseException: method [POST], host [http://127.0.0.1:61803], URI [/_plugins/_sql?format=json], status line [HTTP/1.1 400 Bad Request]&#10;{&#10;  &quot;error&quot;: {&#10;    &quot;reason&quot;: &quot;Invalid SQL query&quot;,&#10;    &quot;details&quot;: &quot;Query is unsupported in the new engine&quot;,&#10;    &quot;type&quot;: &quot;SQLFeatureDisabledException&quot;&#10;  },&#10;  &quot;status&quot;: 400&#10;}" type="org.opensearch.client.ResponseException">org.opensearch.client.ResponseException: method [POST], host [http://127.0.0.1:61803], URI [/_plugins/_sql?format=json], status line [HTTP/1.1 400 Bad Request]
</failure>
  </testcase>
  <testcase name="testNotSupportedQuery" classname="org.opensearch.sql.legacy.SubqueryIT" time="0.036">
    <failure message="java.lang.AssertionError: &#10;Expected: (an instance of org.opensearch.client.ResponseException and exception with message a string containing &quot;Unsupported subquery&quot;)&#10;     but: exception with message a string containing &quot;Unsupported subquery&quot; message was &quot;method [POST], host [http://[::1]:61802], URI [/_plugins/_sql?format=json], status line [HTTP/1.1 400 Bad Request]&#10;{&#10;  &quot;error&quot;: {&#10;    &quot;reason&quot;: &quot;Invalid SQL query&quot;,&#10;    &quot;details&quot;: &quot;Query is unsupported in the new engine&quot;,&#10;    &quot;type&quot;: &quot;SQLFeatureDisabledException&quot;&#10;  },&#10;  &quot;status&quot;: 400&#10;}&quot;&#10;Stacktrace was: org.opensearch.client.ResponseException: method [POST], host [http://[::1]:61802], URI [/_plugins/_sql?format=json], status line [HTTP/1.1 400 Bad Request]&#10;{&#10;  &quot;error&quot;: {&#10;    &quot;reason&quot;: &quot;Invalid SQL query&quot;,&#10;    &quot;details&quot;: &quot;Query is unsupported in the new engine&quot;,&#10;    &quot;type&quot;: &quot;SQLFeatureDisabledException&quot;&#10;  },&#10;  &quot;status&quot;: 400&#10;}&#10;&#9;at org.opensearch.client.RestClient.convertResponse(RestClient.java:384)&#10;&#9;at org.opensearch.client.RestClient.performRequest(RestClient.java:354)&#10;&#9;at org.opensearch.client.RestClient.performRequest(RestClient.java:329)&#10;&#9;at org.opensearch.sql.legacy.SQLIntegTestCase.executeRequest(SQLIntegTestCase.java:327)&#10;&#9;at org.opensearch.sql.legacy.SQLIntegTestCase.executeRequest(SQLIntegTestCase.java:322)&#10;&#9;at org.opensearch.sql.legacy.SQLIntegTestCase.executeRequest(SQLIntegTestCase.java:310)&#10;&#9;at org.opensearch.sql.legacy.SQLIntegTestCase.executeQuery(SQLIntegTestCase.java:293)&#10;&#9;at org.opensearch.sql.legacy.SubqueryIT.testNotSupportedQuery(SubqueryIT.java:139)&#10;&#9;at java.base/jdk.internal.reflect.NativeMethodAccessorImpl.invoke0(Native Method)&#10;&#9;at java.base/jdk.internal.reflect.NativeMethodAccessorImpl.invoke(NativeMethodAccessorImpl.java:77)&#10;&#9;at java.base/jdk.internal.reflect.DelegatingMethodAccessorImpl.invoke(DelegatingMethodAccessorImpl.java:43)&#10;&#9;at java.base/java.lang.reflect.Method.invoke(Method.java:568)&#10;&#9;at com.carrotsearch.randomizedtesting.RandomizedRunner.invoke(RandomizedRunner.java:1750)&#10;&#9;at com.carrotsearch.randomizedtesting.RandomizedRunner$8.evaluate(RandomizedRunner.java:938)&#10;&#9;at com.carrotsearch.randomizedtesting.RandomizedRunner$9.evaluate(RandomizedRunner.java:974)&#10;&#9;at com.carrotsearch.randomizedtesting.RandomizedRunner$10.evaluate(RandomizedRunner.java:988)&#10;&#9;at org.junit.rules.ExpectedException$ExpectedExceptionStatement.evaluate(ExpectedException.java:258)&#10;&#9;at com.carrotsearch.randomizedtesting.rules.StatementAdapter.evaluate(StatementAdapter.java:36)&#10;&#9;at org.junit.rules.RunRules.evaluate(RunRules.java:20)&#10;&#9;at org.apache.lucene.tests.util.TestRuleSetupTeardownChained$1.evaluate(TestRuleSetupTeardownChained.java:48)&#10;&#9;at org.apache.lucene.tests.util.AbstractBeforeAfterRule$1.evaluate(AbstractBeforeAfterRule.java:43)&#10;&#9;at org.apache.lucene.tests.util.TestRuleThreadAndTestName$1.evaluate(TestRuleThreadAndTestName.java:45)&#10;&#9;at org.apache.lucene.tests.util.TestRuleIgnoreAfterMaxFailures$1.evaluate(TestRuleIgnoreAfterMaxFailures.java:60)&#10;&#9;at org.apache.lucene.tests.util.TestRuleMarkFailure$1.evaluate(TestRuleMarkFailure.java:44)&#10;&#9;at org.junit.rules.RunRules.evaluate(RunRules.java:20)&#10;&#9;at com.carrotsearch.randomizedtesting.rules.StatementAdapter.evaluate(StatementAdapter.java:36)&#10;&#9;at com.carrotsearch.randomizedtesting.ThreadLeakControl$StatementRunner.run(ThreadLeakControl.java:368)&#10;&#9;at com.carrotsearch.randomizedtesting.ThreadLeakControl.forkTimeoutingTask(ThreadLeakControl.java:817)&#10;&#9;at com.carrotsearch.randomizedtesting.ThreadLeakControl$3.evaluate(ThreadLeakControl.java:468)&#10;&#9;at com.carrotsearch.randomizedtesting.RandomizedRunner.runSingleTest(RandomizedRunner.java:947)&#10;&#9;at com.carrotsearch.randomizedtesting.RandomizedRunner$5.evaluate(RandomizedRunner.java:832)&#10;&#9;at com.carrotsearch.randomizedtesting.RandomizedRunner$6.evaluate(RandomizedRunner.java:883)&#10;&#9;at com.carrotsearch.randomizedtesting.RandomizedRunner$7.evaluate(RandomizedRunner.java:894)&#10;&#9;at org.apache.lucene.tests.util.AbstractBeforeAfterRule$1.evaluate(AbstractBeforeAfterRule.java:43)&#10;&#9;at com.carrotsearch.randomizedtesting.rules.StatementAdapter.evaluate(StatementAdapter.java:36)&#10;&#9;at org.apache.lucene.tests.util.TestRuleStoreClassName$1.evaluate(TestRuleStoreClassName.java:38)&#10;&#9;at com.carrotsearch.randomizedtesting.rules.NoShadowingOrOverridesOnMethodsRule$1.evaluate(NoShadowingOrOverridesOnMethodsRule.java:40)&#10;&#9;at com.carrotsearch.randomizedtesting.rules.NoShadowingOrOverridesOnMethodsRule$1.evaluate(NoShadowingOrOverridesOnMethodsRule.java:40)&#10;&#9;at com.carrotsearch.randomizedtesting.rules.StatementAdapter.evaluate(StatementAdapter.java:36)&#10;&#9;at com.carrotsearch.randomizedtesting.rules.StatementAdapter.evaluate(StatementAdapter.java:36)&#10;&#9;at org.apache.lucene.tests.util.TestRuleAssertionsRequired$1.evaluate(TestRuleAssertionsRequired.java:53)&#10;&#9;at org.apache.lucene.tests.util.AbstractBeforeAfterRule$1.evaluate(AbstractBeforeAfterRule.java:43)&#10;&#9;at org.apache.lucene.tests.util.TestRuleMarkFailure$1.evaluate(TestRuleMarkFailure.java:44)&#10;&#9;at org.apache.lucene.tests.util.TestRuleIgnoreAfterMaxFailures$1.evaluate(TestRuleIgnoreAfterMaxFailures.java:60)&#10;&#9;at org.apache.lucene.tests.util.TestRuleIgnoreTestSuites$1.evaluate(TestRuleIgnoreTestSuites.java:47)&#10;&#9;at org.junit.rules.RunRules.evaluate(RunRules.java:20)&#10;&#9;at com.carrotsearch.randomizedtesting.rules.StatementAdapter.evaluate(StatementAdapter.java:36)&#10;&#9;at com.carrotsearch.randomizedtesting.ThreadLeakControl$StatementRunner.run(ThreadLeakControl.java:368)&#10;&#9;at java.base/java.lang.Thread.run(Thread.java:833)&#10;" type="java.lang.AssertionError">java.lang.AssertionError: 
</failure>
  </testcase>
  <testcase name="testINWithDuplicate" classname="org.opensearch.sql.legacy.SubqueryIT" time="0.0">
    <skipped/>
  </testcase>
  <testcase name="selectFromSubqueryWithCountAndGroupByShouldPass" classname="org.opensearch.sql.legacy.SubqueryIT" time="0.035">
    <failure message="org.opensearch.client.ResponseException: method [POST], host [http://127.0.0.1:61803], URI [/_plugins/_sql?format=json], status line [HTTP/1.1 400 Bad Request]&#10;{&#10;  &quot;error&quot;: {&#10;    &quot;reason&quot;: &quot;Invalid SQL query&quot;,&#10;    &quot;details&quot;: &quot;Query is unsupported in the new engine&quot;,&#10;    &quot;type&quot;: &quot;SQLFeatureDisabledException&quot;&#10;  },&#10;  &quot;status&quot;: 400&#10;}" type="org.opensearch.client.ResponseException">org.opensearch.client.ResponseException: method [POST], host [http://127.0.0.1:61803], URI [/_plugins/_sql?format=json], status line [HTTP/1.1 400 Bad Request]
</failure>
  </testcase>
  <testcase name="nonCorrelatedExistsWhere" classname="org.opensearch.sql.legacy.SubqueryIT" time="0.034">
    <failure message="org.opensearch.client.ResponseException: method [POST], host [http://[::1]:61802], URI [/_plugins/_sql?format=json], status line [HTTP/1.1 400 Bad Request]&#10;{&#10;  &quot;error&quot;: {&#10;    &quot;reason&quot;: &quot;Invalid SQL query&quot;,&#10;    &quot;details&quot;: &quot;Query is unsupported in the new engine&quot;,&#10;    &quot;type&quot;: &quot;SQLFeatureDisabledException&quot;&#10;  },&#10;  &quot;status&quot;: 400&#10;}" type="org.opensearch.client.ResponseException">org.opensearch.client.ResponseException: method [POST], host [http://[::1]:61802], URI [/_plugins/_sql?format=json], status line [HTTP/1.1 400 Bad Request]
</failure>
  </testcase>
  <testcase name="selectFromSubqueryWithCountShouldPass" classname="org.opensearch.sql.legacy.SubqueryIT" time="0.036">
    <failure message="org.opensearch.client.ResponseException: method [POST], host [http://127.0.0.1:61803], URI [/_plugins/_sql?format=json], status line [HTTP/1.1 400 Bad Request]&#10;{&#10;  &quot;error&quot;: {&#10;    &quot;reason&quot;: &quot;Invalid SQL query&quot;,&#10;    &quot;details&quot;: &quot;Query is unsupported in the new engine&quot;,&#10;    &quot;type&quot;: &quot;SQLFeatureDisabledException&quot;&#10;  },&#10;  &quot;status&quot;: 400&#10;}" type="org.opensearch.client.ResponseException">org.opensearch.client.ResponseException: method [POST], host [http://127.0.0.1:61803], URI [/_plugins/_sql?format=json], status line [HTTP/1.1 400 Bad Request]
</failure>
  </testcase>
  <testcase name="selectFromSubqueryCountAndSum" classname="org.opensearch.sql.legacy.SubqueryIT" time="0.037">
    <failure message="org.opensearch.client.ResponseException: method [POST], host [http://[::1]:61802], URI [/_plugins/_sql?format=json], status line [HTTP/1.1 400 Bad Request]&#10;{&#10;  &quot;error&quot;: {&#10;    &quot;reason&quot;: &quot;Invalid SQL query&quot;,&#10;    &quot;details&quot;: &quot;Query is unsupported in the new engine&quot;,&#10;    &quot;type&quot;: &quot;SQLFeatureDisabledException&quot;&#10;  },&#10;  &quot;status&quot;: 400&#10;}" type="org.opensearch.client.ResponseException">org.opensearch.client.ResponseException: method [POST], host [http://[::1]:61802], URI [/_plugins/_sql?format=json], status line [HTTP/1.1 400 Bad Request]
</failure>
  </testcase>
  <testcase name="nonCorrelatedNotExistsParentWhere" classname="org.opensearch.sql.legacy.SubqueryIT" time="0.034">
    <failure message="org.opensearch.client.ResponseException: method [POST], host [http://127.0.0.1:61803], URI [/_plugins/_sql?format=json], status line [HTTP/1.1 400 Bad Request]&#10;{&#10;  &quot;error&quot;: {&#10;    &quot;reason&quot;: &quot;Invalid SQL query&quot;,&#10;    &quot;details&quot;: &quot;Query is unsupported in the new engine&quot;,&#10;    &quot;type&quot;: &quot;SQLFeatureDisabledException&quot;&#10;  },&#10;  &quot;status&quot;: 400&#10;}" type="org.opensearch.client.ResponseException">org.opensearch.client.ResponseException: method [POST], host [http://127.0.0.1:61803], URI [/_plugins/_sql?format=json], status line [HTTP/1.1 400 Bad Request]
</failure>
  </testcase>
  <system-out><![CDATA[[2023-01-17T04:16:52,516][INFO ][o.o.s.l.SubqueryIT       ] [nonCorrelatedNotExistsWhere] before test
]]></system-out>
  <system-err><![CDATA[REPRODUCE WITH: ./gradlew ':integ-test:integTest' --tests "org.opensearch.sql.legacy.SubqueryIT.nonCorrelatedNotExistsWhere" -Dtests.seed=160F64C51FACC80F -Dtests.security.manager=false -Dtests.locale=ar-LY -Dtests.timezone=Europe/Riga -Druntime.java=17
]]></system-err>
</testsuite>
<?xml version="1.0" encoding="UTF-8"?>
<testsuite name="org.opensearch.sql.legacy.TypeInformationIT" tests="13" skipped="0" failures="0" errors="0" timestamp="2023-01-17T02:15:13" hostname="Unused26-MacBook.local" time="10.99">
  <properties/>
  <testcase name="testLengthWithTextFieldReturnsInt" classname="org.opensearch.sql.legacy.TypeInformationIT" time="9.366"/>
  <testcase name="testLengthWithGroupByExpr" classname="org.opensearch.sql.legacy.TypeInformationIT" time="0.447"/>
  <testcase name="testSubtractLongWithLongReturnsLong" classname="org.opensearch.sql.legacy.TypeInformationIT" time="0.136"/>
  <testcase name="testAddWithIntReturnsInt" classname="org.opensearch.sql.legacy.TypeInformationIT" time="0.094"/>
  <testcase name="testRadiansWithLongFieldReturnsDouble" classname="org.opensearch.sql.legacy.TypeInformationIT" time="0.083"/>
  <testcase name="testPiReturnsDouble" classname="org.opensearch.sql.legacy.TypeInformationIT" time="0.096"/>
  <testcase name="testCeilWithLongFieldReturnsLong" classname="org.opensearch.sql.legacy.TypeInformationIT" time="0.089"/>
  <testcase name="testUpperWithStringFieldReturnsString" classname="org.opensearch.sql.legacy.TypeInformationIT" time="0.202"/>
  <testcase name="testDayOfWeekWithKeywordReturnsText" classname="org.opensearch.sql.legacy.TypeInformationIT" time="0.123"/>
  <testcase name="testSinWithLongFieldReturnsDouble" classname="org.opensearch.sql.legacy.TypeInformationIT" time="0.097"/>
  <testcase name="testLowerWithTextFieldReturnsText" classname="org.opensearch.sql.legacy.TypeInformationIT" time="0.09"/>
  <testcase name="testAbsWithIntFieldReturnsInt" classname="org.opensearch.sql.legacy.TypeInformationIT" time="0.081"/>
  <testcase name="testYearWithKeywordReturnsText" classname="org.opensearch.sql.legacy.TypeInformationIT" time="0.079"/>
  <system-out><![CDATA[[2023-01-17T03:15:13,300][INFO ][o.o.s.l.TypeInformationIT] [testLengthWithTextFieldReturnsInt] before test
]]></system-out>
  <system-err><![CDATA[log4j:WARN No appenders could be found for logger (org.apache.hc.client5.http.impl.async.InternalAbstractHttpAsyncClient).
]]></system-err>
</testsuite>
<?xml version="1.0" encoding="UTF-8"?>
<testsuite name="org.opensearch.sql.ppl.ConvertTZFunctionIT" tests="14" skipped="0" failures="0" errors="0" timestamp="2023-01-17T02:16:54" hostname="Unused26-MacBook.local" time="1.256">
  <properties/>
  <testcase name="inRangeZeroToZero" classname="org.opensearch.sql.ppl.ConvertTZFunctionIT" time="0.494"/>
  <testcase name="inRangeNoTZChange" classname="org.opensearch.sql.ppl.ConvertTZFunctionIT" time="0.108"/>
  <testcase name="nullDateTimeInvalidDateValueFebruary" classname="org.opensearch.sql.ppl.ConvertTZFunctionIT" time="0.067"/>
  <testcase name="nullFromGarbageInput2" classname="org.opensearch.sql.ppl.ConvertTZFunctionIT" time="0.07"/>
  <testcase name="nullDateTimeInvalidDateValueApril" classname="org.opensearch.sql.ppl.ConvertTZFunctionIT" time="0.052"/>
  <testcase name="nullFromFieldUnder" classname="org.opensearch.sql.ppl.ConvertTZFunctionIT" time="0.104"/>
  <testcase name="inRangeFifteenMinuteTZ" classname="org.opensearch.sql.ppl.ConvertTZFunctionIT" time="0.092"/>
  <testcase name="inRangeZeroToPositive" classname="org.opensearch.sql.ppl.ConvertTZFunctionIT" time="0.052"/>
  <testcase name="nullFromGarbageInput1" classname="org.opensearch.sql.ppl.ConvertTZFunctionIT" time="0.034"/>
  <testcase name="nullToFieldOver" classname="org.opensearch.sql.ppl.ConvertTZFunctionIT" time="0.033"/>
  <testcase name="inRangeTwentyFourHourChange" classname="org.opensearch.sql.ppl.ConvertTZFunctionIT" time="0.035"/>
  <testcase name="inRangePositiveToPositive" classname="org.opensearch.sql.ppl.ConvertTZFunctionIT" time="0.037"/>
  <testcase name="inRangeNegativeToPositive" classname="org.opensearch.sql.ppl.ConvertTZFunctionIT" time="0.037"/>
  <testcase name="nullDateTimeInvalidDateValueMonth" classname="org.opensearch.sql.ppl.ConvertTZFunctionIT" time="0.036"/>
  <system-out><![CDATA[[2023-01-17T05:16:54,285][INFO ][o.o.s.p.ConvertTZFunctionIT] [inRangeZeroToZero] before test
]]></system-out>
  <system-err><![CDATA[]]></system-err>
</testsuite>
<?xml version="1.0" encoding="UTF-8"?>
<testsuite name="org.opensearch.sql.ppl.CsvFormatIT" tests="2" skipped="0" failures="0" errors="0" timestamp="2023-01-17T02:16:55" hostname="Unused26-MacBook.local" time="0.448">
  <properties/>
  <testcase name="escapeSanitizeTest" classname="org.opensearch.sql.ppl.CsvFormatIT" time="0.411"/>
  <testcase name="sanitizeTest" classname="org.opensearch.sql.ppl.CsvFormatIT" time="0.036"/>
  <system-out><![CDATA[[2023-01-17T03:16:55,795][INFO ][o.o.s.p.CsvFormatIT      ] [escapeSanitizeTest] before test
]]></system-out>
  <system-err><![CDATA[]]></system-err>
</testsuite>
<?xml version="1.0" encoding="UTF-8"?>
<testsuite name="org.opensearch.sql.ppl.DataTypeIT" tests="3" skipped="0" failures="0" errors="0" timestamp="2023-01-17T02:16:56" hostname="Unused26-MacBook.local" time="0.701">
  <properties/>
  <testcase name="test_long_integer_data_type" classname="org.opensearch.sql.ppl.DataTypeIT" time="0.603"/>
  <testcase name="test_numeric_data_types" classname="org.opensearch.sql.ppl.DataTypeIT" time="0.044"/>
  <testcase name="test_nonnumeric_data_types" classname="org.opensearch.sql.ppl.DataTypeIT" time="0.054"/>
  <system-out><![CDATA[[2023-01-16T16:16:56,388][INFO ][o.o.s.p.DataTypeIT       ] [test_long_integer_data_type] before test
]]></system-out>
  <system-err><![CDATA[]]></system-err>
</testsuite>
<?xml version="1.0" encoding="UTF-8"?>
<testsuite name="org.opensearch.sql.ppl.DateTimeFunctionIT" tests="36" skipped="0" failures="0" errors="0" timestamp="2023-01-17T02:16:57" hostname="Unused26-MacBook.local" time="3.498">
  <properties/>
  <testcase name="testDayOfYear" classname="org.opensearch.sql.ppl.DateTimeFunctionIT" time="0.609"/>
  <testcase name="testUnixTimeStamp" classname="org.opensearch.sql.ppl.DateTimeFunctionIT" time="0.055"/>
  <testcase name="testHour" classname="org.opensearch.sql.ppl.DateTimeFunctionIT" time="0.102"/>
  <testcase name="testDay" classname="org.opensearch.sql.ppl.DateTimeFunctionIT" time="0.049"/>
  <testcase name="testMakeTime" classname="org.opensearch.sql.ppl.DateTimeFunctionIT" time="0.04"/>
  <testcase name="testFromDays" classname="org.opensearch.sql.ppl.DateTimeFunctionIT" time="0.035"/>
  <testcase name="testDayOfWeek" classname="org.opensearch.sql.ppl.DateTimeFunctionIT" time="0.056"/>
  <testcase name="testFromUnixTime" classname="org.opensearch.sql.ppl.DateTimeFunctionIT" time="0.076"/>
  <testcase name="testDateDiff" classname="org.opensearch.sql.ppl.DateTimeFunctionIT" time="0.103"/>
  <testcase name="testDateFormat" classname="org.opensearch.sql.ppl.DateTimeFunctionIT" time="0.198"/>
  <testcase name="testPeriodDiff" classname="org.opensearch.sql.ppl.DateTimeFunctionIT" time="0.046"/>
  <testcase name="testNowLikeFunctions" classname="org.opensearch.sql.ppl.DateTimeFunctionIT" time="0.253"/>
  <testcase name="testMicrosecond" classname="org.opensearch.sql.ppl.DateTimeFunctionIT" time="0.139"/>
  <testcase name="testConvertTZ" classname="org.opensearch.sql.ppl.DateTimeFunctionIT" time="0.155"/>
  <testcase name="testToDays" classname="org.opensearch.sql.ppl.DateTimeFunctionIT" time="0.048"/>
  <testcase name="testPeriodAdd" classname="org.opensearch.sql.ppl.DateTimeFunctionIT" time="0.037"/>
  <testcase name="testSubTime" classname="org.opensearch.sql.ppl.DateTimeFunctionIT" time="0.038"/>
  <testcase name="testMonth" classname="org.opensearch.sql.ppl.DateTimeFunctionIT" time="0.063"/>
  <testcase name="testTimeToSec" classname="org.opensearch.sql.ppl.DateTimeFunctionIT" time="0.053"/>
  <testcase name="testDayOfMonth" classname="org.opensearch.sql.ppl.DateTimeFunctionIT" time="0.052"/>
  <testcase name="testDateAdd" classname="org.opensearch.sql.ppl.DateTimeFunctionIT" time="0.084"/>
  <testcase name="testMonthName" classname="org.opensearch.sql.ppl.DateTimeFunctionIT" time="0.062"/>
  <testcase name="testWeek" classname="org.opensearch.sql.ppl.DateTimeFunctionIT" time="0.128"/>
  <testcase name="testMinute" classname="org.opensearch.sql.ppl.DateTimeFunctionIT" time="0.083"/>
  <testcase name="testYear" classname="org.opensearch.sql.ppl.DateTimeFunctionIT" time="0.056"/>
  <testcase name="testAddDate" classname="org.opensearch.sql.ppl.DateTimeFunctionIT" time="0.089"/>
  <testcase name="testDateTime" classname="org.opensearch.sql.ppl.DateTimeFunctionIT" time="0.211"/>
  <testcase name="testTimeDiff" classname="org.opensearch.sql.ppl.DateTimeFunctionIT" time="0.039"/>
  <testcase name="testDayName" classname="org.opensearch.sql.ppl.DateTimeFunctionIT" time="0.058"/>
  <testcase name="testMakeDate" classname="org.opensearch.sql.ppl.DateTimeFunctionIT" time="0.038"/>
  <testcase name="testSubDate" classname="org.opensearch.sql.ppl.DateTimeFunctionIT" time="0.085"/>
  <testcase name="testDateFormatISO8601" classname="org.opensearch.sql.ppl.DateTimeFunctionIT" time="0.084"/>
  <testcase name="testQuarter" classname="org.opensearch.sql.ppl.DateTimeFunctionIT" time="0.053"/>
  <testcase name="testSecond" classname="org.opensearch.sql.ppl.DateTimeFunctionIT" time="0.08"/>
  <testcase name="testAddTime" classname="org.opensearch.sql.ppl.DateTimeFunctionIT" time="0.043"/>
  <testcase name="testDateSub" classname="org.opensearch.sql.ppl.DateTimeFunctionIT" time="0.087"/>
  <system-out><![CDATA[[2023-01-17T06:16:57,320][INFO ][o.o.s.p.DateTimeFunctionIT] [testDayOfYear] before test
]]></system-out>
  <system-err><![CDATA[]]></system-err>
</testsuite>
<?xml version="1.0" encoding="UTF-8"?>
<testsuite name="org.opensearch.sql.ppl.DateTimeImplementationIT" tests="14" skipped="0" failures="0" errors="0" timestamp="2023-01-17T02:17:01" hostname="Unused26-MacBook.local" time="0.849">
  <properties/>
  <testcase name="inRangeZeroToPositive" classname="org.opensearch.sql.ppl.DateTimeImplementationIT" time="0.369"/>
  <testcase name="inRangeNoToTZ" classname="org.opensearch.sql.ppl.DateTimeImplementationIT" time="0.04"/>
  <testcase name="nullDateTimeInvalidDateValueApril" classname="org.opensearch.sql.ppl.DateTimeImplementationIT" time="0.036"/>
  <testcase name="nullField3Over" classname="org.opensearch.sql.ppl.DateTimeImplementationIT" time="0.035"/>
  <testcase name="inRangeZeroToStringTZ" classname="org.opensearch.sql.ppl.DateTimeImplementationIT" time="0.035"/>
  <testcase name="nullDateTimeInvalidDateValueMonth" classname="org.opensearch.sql.ppl.DateTimeImplementationIT" time="0.036"/>
  <testcase name="inRangeNegativeToPositive" classname="org.opensearch.sql.ppl.DateTimeImplementationIT" time="0.04"/>
  <testcase name="inRangeZeroToMax" classname="org.opensearch.sql.ppl.DateTimeImplementationIT" time="0.034"/>
  <testcase name="nullField2Under" classname="org.opensearch.sql.ppl.DateTimeImplementationIT" time="0.049"/>
  <testcase name="nullTField3Over" classname="org.opensearch.sql.ppl.DateTimeImplementationIT" time="0.034"/>
  <testcase name="inRangeYearChange" classname="org.opensearch.sql.ppl.DateTimeImplementationIT" time="0.034"/>
  <testcase name="inRangeTwentyHourOffset" classname="org.opensearch.sql.ppl.DateTimeImplementationIT" time="0.032"/>
  <testcase name="inRangeNoTZ" classname="org.opensearch.sql.ppl.DateTimeImplementationIT" time="0.032"/>
  <testcase name="nullDateTimeInvalidDateValueFebruary" classname="org.opensearch.sql.ppl.DateTimeImplementationIT" time="0.038"/>
  <system-out><![CDATA[[2023-01-16T20:17:01,108][INFO ][o.o.s.p.DateTimeImplementationIT] [inRangeZeroToPositive] before test
]]></system-out>
  <system-err><![CDATA[]]></system-err>
</testsuite>
<?xml version="1.0" encoding="UTF-8"?>
<testsuite name="org.opensearch.sql.ppl.DedupCommandIT" tests="4" skipped="0" failures="0" errors="0" timestamp="2023-01-17T02:17:02" hostname="Unused26-MacBook.local" time="0.651">
  <properties/>
  <testcase name="testConsecutiveDedup" classname="org.opensearch.sql.ppl.DedupCommandIT" time="0.541"/>
  <testcase name="testDedup" classname="org.opensearch.sql.ppl.DedupCommandIT" time="0.039"/>
  <testcase name="testAllowMoreDuplicates" classname="org.opensearch.sql.ppl.DedupCommandIT" time="0.033"/>
  <testcase name="testKeepEmptyDedup" classname="org.opensearch.sql.ppl.DedupCommandIT" time="0.036"/>
  <system-out><![CDATA[[2023-01-17T04:17:02,094][INFO ][o.o.s.p.DedupCommandIT   ] [testConsecutiveDedup] before test
]]></system-out>
  <system-err><![CDATA[]]></system-err>
</testsuite>
<?xml version="1.0" encoding="UTF-8"?>
<testsuite name="org.opensearch.sql.ppl.DescribeCommandIT" tests="4" skipped="0" failures="0" errors="0" timestamp="2023-01-17T02:17:02" hostname="Unused26-MacBook.local" time="0.882">
  <properties/>
  <testcase name="testDescribeCommandWithPrometheusCatalog" classname="org.opensearch.sql.ppl.DescribeCommandIT" time="0.412"/>
  <testcase name="testDescribeFilterFields" classname="org.opensearch.sql.ppl.DescribeCommandIT" time="0.04"/>
  <testcase name="testDescribeAllFields" classname="org.opensearch.sql.ppl.DescribeCommandIT" time="0.032"/>
  <testcase name="testDescribeWithSpecialIndexName" classname="org.opensearch.sql.ppl.DescribeCommandIT" time="0.396"/>
  <system-out><![CDATA[[2023-01-17T05:17:02,907][INFO ][o.o.s.p.DescribeCommandIT] [testDescribeCommandWithPrometheusCatalog] before test
]]></system-out>
  <system-err><![CDATA[]]></system-err>
</testsuite>
<?xml version="1.0" encoding="UTF-8"?>
<testsuite name="org.opensearch.sql.ppl.ExplainIT" tests="4" skipped="0" failures="0" errors="0" timestamp="2023-01-17T02:17:03" hostname="Unused26-MacBook.local" time="0.633">
  <properties/>
  <testcase name="testFilterAndAggPushDownExplain" classname="org.opensearch.sql.ppl.ExplainIT" time="0.498"/>
  <testcase name="testFilterPushDownExplain" classname="org.opensearch.sql.ppl.ExplainIT" time="0.038"/>
  <testcase name="testExplain" classname="org.opensearch.sql.ppl.ExplainIT" time="0.059"/>
  <testcase name="testSortPushDownExplain" classname="org.opensearch.sql.ppl.ExplainIT" time="0.037"/>
  <system-out><![CDATA[[2023-01-17T09:17:03,994][INFO ][o.o.s.p.ExplainIT        ] [testFilterAndAggPushDownExplain] before test
]]></system-out>
  <system-err><![CDATA[]]></system-err>
</testsuite>
<?xml version="1.0" encoding="UTF-8"?>
<testsuite name="org.opensearch.sql.ppl.FieldsCommandIT" tests="4" skipped="1" failures="0" errors="0" timestamp="2023-01-17T02:17:04" hostname="Unused26-MacBook.local" time="0.773">
  <properties/>
  <testcase name="testFieldsWithMultiFields" classname="org.opensearch.sql.ppl.FieldsCommandIT" time="0.678"/>
  <testcase name="testFieldsWithOneField" classname="org.opensearch.sql.ppl.FieldsCommandIT" time="0.052"/>
  <testcase name="testFieldsWildCard" classname="org.opensearch.sql.ppl.FieldsCommandIT" time="0.0">
    <skipped/>
  </testcase>
  <testcase name="testSelectDateTypeField" classname="org.opensearch.sql.ppl.FieldsCommandIT" time="0.043"/>
  <system-out><![CDATA[[2023-01-16T19:17:04,759][INFO ][o.o.s.p.FieldsCommandIT  ] [testFieldsWithMultiFields] before test
]]></system-out>
  <system-err><![CDATA[]]></system-err>
</testsuite>
<?xml version="1.0" encoding="UTF-8"?>
<testsuite name="org.opensearch.sql.ppl.HeadCommandIT" tests="6" skipped="2" failures="0" errors="0" timestamp="2023-01-17T02:17:05" hostname="Unused26-MacBook.local" time="1.479">
  <properties/>
  <testcase name="testHeadWithNumberAndFrom" classname="org.opensearch.sql.ppl.HeadCommandIT" time="0.865"/>
  <testcase name="testHead" classname="org.opensearch.sql.ppl.HeadCommandIT" time="0.114"/>
  <testcase name="testHeadWithNumber" classname="org.opensearch.sql.ppl.HeadCommandIT" time="0.115"/>
  <testcase name="testHeadWithNumberLargerThanMaxResultWindow" classname="org.opensearch.sql.ppl.HeadCommandIT" time="0.383"/>
  <testcase name="testHeadWithNumberLargerThanQuerySizeLimit" classname="org.opensearch.sql.ppl.HeadCommandIT" time="0.0">
    <skipped/>
  </testcase>
  <testcase name="testHeadWithLargeNumber" classname="org.opensearch.sql.ppl.HeadCommandIT" time="0.0">
    <skipped/>
  </testcase>
  <system-out><![CDATA[[2023-01-16T20:17:05,692][INFO ][o.o.s.p.HeadCommandIT    ] [testHeadWithNumberAndFrom] before test
]]></system-out>
  <system-err><![CDATA[]]></system-err>
</testsuite>
<?xml version="1.0" encoding="UTF-8"?>
<testsuite name="org.opensearch.sql.ppl.InformationSchemaCommandIT" tests="2" skipped="0" failures="0" errors="0" timestamp="2023-01-17T02:17:07" hostname="Unused26-MacBook.local" time="0.225">
  <properties/>
  <testcase name="testSearchTablesFromPrometheusCatalog" classname="org.opensearch.sql.ppl.InformationSchemaCommandIT" time="0.175"/>
  <testcase name="testTablesFromPrometheusCatalog" classname="org.opensearch.sql.ppl.InformationSchemaCommandIT" time="0.05"/>
  <system-out><![CDATA[[2023-01-16T19:17:07,389][INFO ][o.o.s.p.InformationSchemaCommandIT] [testSearchTablesFromPrometheusCatalog] before test
]]></system-out>
  <system-err><![CDATA[]]></system-err>
</testsuite>
<?xml version="1.0" encoding="UTF-8"?>
<testsuite name="org.opensearch.sql.ppl.LegacyAPICompatibilityIT" tests="5" skipped="0" failures="0" errors="0" timestamp="2023-01-17T02:17:07" hostname="Unused26-MacBook.local" time="0.815">
  <properties/>
  <testcase name="legacySettingNewEndpoint" classname="org.opensearch.sql.ppl.LegacyAPICompatibilityIT" time="0.581"/>
  <testcase name="stats" classname="org.opensearch.sql.ppl.LegacyAPICompatibilityIT" time="0.052"/>
  <testcase name="explain" classname="org.opensearch.sql.ppl.LegacyAPICompatibilityIT" time="0.038"/>
  <testcase name="query" classname="org.opensearch.sql.ppl.LegacyAPICompatibilityIT" time="0.085"/>
  <testcase name="newSettingNewEndpoint" classname="org.opensearch.sql.ppl.LegacyAPICompatibilityIT" time="0.058"/>
  <system-out><![CDATA[[2023-01-16T23:17:07,714][INFO ][o.o.s.p.LegacyAPICompatibilityIT] [legacySettingNewEndpoint] before test
]]></system-out>
  <system-err><![CDATA[]]></system-err>
</testsuite>
<?xml version="1.0" encoding="UTF-8"?>
<testsuite name="org.opensearch.sql.ppl.LikeQueryIT" tests="8" skipped="0" failures="0" errors="0" timestamp="2023-01-17T02:17:08" hostname="Unused26-MacBook.local" time="0.605">
  <properties/>
  <testcase name="test_like_on_text_field_with_greater_than_one_word" classname="org.opensearch.sql.ppl.LikeQueryIT" time="0.307"/>
  <testcase name="test_like_with_percent" classname="org.opensearch.sql.ppl.LikeQueryIT" time="0.047"/>
  <testcase name="test_like_on_text_keyword_field_with_one_word" classname="org.opensearch.sql.ppl.LikeQueryIT" time="0.037"/>
  <testcase name="test_convert_field_text_to_keyword" classname="org.opensearch.sql.ppl.LikeQueryIT" time="0.034"/>
  <testcase name="test_like_on_text_keyword_field_with_greater_than_one_word" classname="org.opensearch.sql.ppl.LikeQueryIT" time="0.036"/>
  <testcase name="test_like_on_text_field_with_one_word" classname="org.opensearch.sql.ppl.LikeQueryIT" time="0.035"/>
  <testcase name="test_like_in_where_with_escaped_underscore" classname="org.opensearch.sql.ppl.LikeQueryIT" time="0.044"/>
  <testcase name="test_like_with_escaped_percent" classname="org.opensearch.sql.ppl.LikeQueryIT" time="0.061"/>
  <system-out><![CDATA[[2023-01-16T21:17:08,696][INFO ][o.o.s.p.LikeQueryIT      ] [test_like_on_text_field_with_greater_than_one_word] before test
]]></system-out>
  <system-err><![CDATA[]]></system-err>
</testsuite>
<?xml version="1.0" encoding="UTF-8"?>
<testsuite name="org.opensearch.sql.ppl.MatchBoolPrefixIT" tests="3" skipped="0" failures="0" errors="0" timestamp="2023-01-17T02:17:09" hostname="Unused26-MacBook.local" time="0.479">
  <properties/>
  <testcase name="no_matches_test" classname="org.opensearch.sql.ppl.MatchBoolPrefixIT" time="0.375"/>
  <testcase name="valid_query_match_test" classname="org.opensearch.sql.ppl.MatchBoolPrefixIT" time="0.043"/>
  <testcase name="optional_parameter_match_test" classname="org.opensearch.sql.ppl.MatchBoolPrefixIT" time="0.06"/>
  <system-out><![CDATA[[2023-01-17T08:02:09,430][INFO ][o.o.s.p.MatchBoolPrefixIT] [no_matches_test] before test
]]></system-out>
  <system-err><![CDATA[]]></system-err>
</testsuite>
<?xml version="1.0" encoding="UTF-8"?>
<testsuite name="org.opensearch.sql.ppl.MatchIT" tests="1" skipped="0" failures="0" errors="0" timestamp="2023-01-17T02:17:10" hostname="Unused26-MacBook.local" time="0.306">
  <properties/>
  <testcase name="test_match_function" classname="org.opensearch.sql.ppl.MatchIT" time="0.306"/>
  <system-out><![CDATA[[0005-01-16T21:17:10,038][INFO ][o.o.s.p.MatchIT          ] [test_match_function] before test
]]></system-out>
  <system-err><![CDATA[]]></system-err>
</testsuite>
<?xml version="1.0" encoding="UTF-8"?>
<testsuite name="org.opensearch.sql.ppl.MatchPhraseIT" tests="2" skipped="0" failures="0" errors="0" timestamp="2023-01-17T02:17:10" hostname="Unused26-MacBook.local" time="0.416">
  <properties/>
  <testcase name="test_match_phrase_function" classname="org.opensearch.sql.ppl.MatchPhraseIT" time="0.379"/>
  <testcase name="test_match_phrase_with_slop" classname="org.opensearch.sql.ppl.MatchPhraseIT" time="0.037"/>
  <system-out><![CDATA[[2023-01-17T05:17:10,462][INFO ][o.o.s.p.MatchPhraseIT    ] [test_match_phrase_function] before test
]]></system-out>
  <system-err><![CDATA[]]></system-err>
</testsuite>
<?xml version="1.0" encoding="UTF-8"?>
<testsuite name="org.opensearch.sql.ppl.MatchPhrasePrefixIT" tests="8" skipped="0" failures="0" errors="0" timestamp="2023-01-17T02:17:10" hostname="Unused26-MacBook.local" time="0.796">
  <properties/>
  <testcase name="analyzer_standard" classname="org.opensearch.sql.ppl.MatchPhrasePrefixIT" time="0.512"/>
  <testcase name="zero_term_query_all" classname="org.opensearch.sql.ppl.MatchPhrasePrefixIT" time="0.047"/>
  <testcase name="slop_is_2" classname="org.opensearch.sql.ppl.MatchPhrasePrefixIT" time="0.039"/>
  <testcase name="all_optional_parameters" classname="org.opensearch.sql.ppl.MatchPhrasePrefixIT" time="0.038"/>
  <testcase name="required_parameters" classname="org.opensearch.sql.ppl.MatchPhrasePrefixIT" time="0.036"/>
  <testcase name="max_expansions_is_3" classname="org.opensearch.sql.ppl.MatchPhrasePrefixIT" time="0.043"/>
  <testcase name="analyzer_english" classname="org.opensearch.sql.ppl.MatchPhrasePrefixIT" time="0.037"/>
  <testcase name="slop_is_3" classname="org.opensearch.sql.ppl.MatchPhrasePrefixIT" time="0.041"/>
  <system-out><![CDATA[[2023-01-16T22:17:11,001][INFO ][o.o.s.p.MatchPhrasePrefixIT] [analyzer_standard] before test
]]></system-out>
  <system-err><![CDATA[]]></system-err>
</testsuite>
<?xml version="1.0" encoding="UTF-8"?>
<testsuite name="org.opensearch.sql.ppl.MathematicalFunctionIT" tests="31" skipped="0" failures="0" errors="0" timestamp="2023-01-17T02:17:11" hostname="Unused26-MacBook.local" time="2.175">
  <properties/>
  <testcase name="testAsin" classname="org.opensearch.sql.ppl.MathematicalFunctionIT" time="0.789"/>
  <testcase name="testAtan" classname="org.opensearch.sql.ppl.MathematicalFunctionIT" time="0.119"/>
  <testcase name="testSqrt" classname="org.opensearch.sql.ppl.MathematicalFunctionIT" time="0.071"/>
  <testcase name="testPow" classname="org.opensearch.sql.ppl.MathematicalFunctionIT" time="0.086"/>
  <testcase name="testRand" classname="org.opensearch.sql.ppl.MathematicalFunctionIT" time="0.055"/>
  <testcase name="testLn" classname="org.opensearch.sql.ppl.MathematicalFunctionIT" time="0.037"/>
  <testcase name="testLogTwoArgs" classname="org.opensearch.sql.ppl.MathematicalFunctionIT" time="0.044"/>
  <testcase name="testCrc32" classname="org.opensearch.sql.ppl.MathematicalFunctionIT" time="0.036"/>
  <testcase name="testAtan2" classname="org.opensearch.sql.ppl.MathematicalFunctionIT" time="0.034"/>
  <testcase name="testLog2" classname="org.opensearch.sql.ppl.MathematicalFunctionIT" time="0.045"/>
  <testcase name="testConv" classname="org.opensearch.sql.ppl.MathematicalFunctionIT" time="0.034"/>
  <testcase name="testSign" classname="org.opensearch.sql.ppl.MathematicalFunctionIT" time="0.038"/>
  <testcase name="testCos" classname="org.opensearch.sql.ppl.MathematicalFunctionIT" time="0.038"/>
  <testcase name="testLogOneArg" classname="org.opensearch.sql.ppl.MathematicalFunctionIT" time="0.039"/>
  <testcase name="testPi" classname="org.opensearch.sql.ppl.MathematicalFunctionIT" time="0.039"/>
  <testcase name="testCot" classname="org.opensearch.sql.ppl.MathematicalFunctionIT" time="0.037"/>
  <testcase name="testTruncate" classname="org.opensearch.sql.ppl.MathematicalFunctionIT" time="0.05"/>
  <testcase name="testFloor" classname="org.opensearch.sql.ppl.MathematicalFunctionIT" time="0.041"/>
  <testcase name="testE" classname="org.opensearch.sql.ppl.MathematicalFunctionIT" time="0.034"/>
  <testcase name="testRadians" classname="org.opensearch.sql.ppl.MathematicalFunctionIT" time="0.04"/>
  <testcase name="testMod" classname="org.opensearch.sql.ppl.MathematicalFunctionIT" time="0.036"/>
  <testcase name="testCbrt" classname="org.opensearch.sql.ppl.MathematicalFunctionIT" time="0.053"/>
  <testcase name="testAcos" classname="org.opensearch.sql.ppl.MathematicalFunctionIT" time="0.048"/>
  <testcase name="testSin" classname="org.opensearch.sql.ppl.MathematicalFunctionIT" time="0.041"/>
  <testcase name="testLog10" classname="org.opensearch.sql.ppl.MathematicalFunctionIT" time="0.036"/>
  <testcase name="testAbs" classname="org.opensearch.sql.ppl.MathematicalFunctionIT" time="0.034"/>
  <testcase name="testDegrees" classname="org.opensearch.sql.ppl.MathematicalFunctionIT" time="0.035"/>
  <testcase name="testCeiling" classname="org.opensearch.sql.ppl.MathematicalFunctionIT" time="0.042"/>
  <testcase name="testRound" classname="org.opensearch.sql.ppl.MathematicalFunctionIT" time="0.05"/>
  <testcase name="testCeil" classname="org.opensearch.sql.ppl.MathematicalFunctionIT" time="0.039"/>
  <testcase name="testExp" classname="org.opensearch.sql.ppl.MathematicalFunctionIT" time="0.036"/>
  <system-out><![CDATA[[2023-01-17T15:17:11,954][INFO ][o.o.s.p.MathematicalFunctionIT] [testAsin] before test
]]></system-out>
  <system-err><![CDATA[]]></system-err>
</testsuite>
<?xml version="1.0" encoding="UTF-8"?>
<testsuite name="org.opensearch.sql.ppl.MetricsIT" tests="1" skipped="0" failures="0" errors="0" timestamp="2023-01-17T02:17:14" hostname="Unused26-MacBook.local" time="2.644">
  <properties/>
  <testcase name="requestCount" classname="org.opensearch.sql.ppl.MetricsIT" time="2.644"/>
  <system-out><![CDATA[[2023-01-17T02:17:14,446][INFO ][o.o.s.p.MetricsIT        ] [requestCount] before test
]]></system-out>
  <system-err><![CDATA[]]></system-err>
</testsuite>
<?xml version="1.0" encoding="UTF-8"?>
<testsuite name="org.opensearch.sql.ppl.MultiMatchIT" tests="3" skipped="0" failures="0" errors="0" timestamp="2023-01-17T02:17:17" hostname="Unused26-MacBook.local" time="0.771">
  <properties/>
  <testcase name="test_multi_match" classname="org.opensearch.sql.ppl.MultiMatchIT" time="0.525"/>
  <testcase name="test_wildcard_multi_match" classname="org.opensearch.sql.ppl.MultiMatchIT" time="0.105"/>
  <testcase name="test_multi_match_all_params" classname="org.opensearch.sql.ppl.MultiMatchIT" time="0.14"/>
  <system-out><![CDATA[[2023-01-17T05:17:17,260][INFO ][o.o.s.p.MultiMatchIT     ] [test_multi_match] before test
]]></system-out>
  <system-err><![CDATA[]]></system-err>
</testsuite>
<?xml version="1.0" encoding="UTF-8"?>
<testsuite name="org.opensearch.sql.ppl.ObjectFieldOperateIT" tests="4" skipped="0" failures="0" errors="0" timestamp="2023-01-17T02:17:18" hostname="Unused26-MacBook.local" time="0.683">
  <properties/>
  <testcase name="group_object_field_in_stats" classname="org.opensearch.sql.ppl.ObjectFieldOperateIT" time="0.53"/>
  <testcase name="select_object_field" classname="org.opensearch.sql.ppl.ObjectFieldOperateIT" time="0.053"/>
  <testcase name="compare_object_field_in_where" classname="org.opensearch.sql.ppl.ObjectFieldOperateIT" time="0.059"/>
  <testcase name="sort_by_object_field" classname="org.opensearch.sql.ppl.ObjectFieldOperateIT" time="0.039"/>
  <system-out><![CDATA[[2023-01-17T13:17:18,303][INFO ][o.o.s.p.ObjectFieldOperateIT] [group_object_field_in_stats] before test
]]></system-out>
  <system-err><![CDATA[]]></system-err>
</testsuite>
<?xml version="1.0" encoding="UTF-8"?>
<testsuite name="org.opensearch.sql.ppl.OperatorIT" tests="21" skipped="0" failures="0" errors="0" timestamp="2023-01-17T02:17:19" hostname="Unused26-MacBook.local" time="1.515">
  <properties/>
  <testcase name="testArithmeticOperatorWithNullValue" classname="org.opensearch.sql.ppl.OperatorIT" time="0.518"/>
  <testcase name="testLessOperator" classname="org.opensearch.sql.ppl.OperatorIT" time="0.04"/>
  <testcase name="testBinaryPredicateWithMissingValue" classname="org.opensearch.sql.ppl.OperatorIT" time="0.049"/>
  <testcase name="testGreaterOperator" classname="org.opensearch.sql.ppl.OperatorIT" time="0.039"/>
  <testcase name="testMultiplyOperator" classname="org.opensearch.sql.ppl.OperatorIT" time="0.07"/>
  <testcase name="testGteOperator" classname="org.opensearch.sql.ppl.OperatorIT" time="0.036"/>
  <testcase name="testMultipleArithmeticOperators" classname="org.opensearch.sql.ppl.OperatorIT" time="0.051"/>
  <testcase name="testSubtractOperator" classname="org.opensearch.sql.ppl.OperatorIT" time="0.046"/>
  <testcase name="testNotOperator" classname="org.opensearch.sql.ppl.OperatorIT" time="0.057"/>
  <testcase name="testEqualOperator" classname="org.opensearch.sql.ppl.OperatorIT" time="0.058"/>
  <testcase name="testDivideOperator" classname="org.opensearch.sql.ppl.OperatorIT" time="0.042"/>
  <testcase name="testBinaryPredicateWithNullValue" classname="org.opensearch.sql.ppl.OperatorIT" time="0.036"/>
  <testcase name="testModuleOperator" classname="org.opensearch.sql.ppl.OperatorIT" time="0.049"/>
  <testcase name="testAddOperator" classname="org.opensearch.sql.ppl.OperatorIT" time="0.038"/>
  <testcase name="testArithmeticOperatorWithMissingValue" classname="org.opensearch.sql.ppl.OperatorIT" time="0.038"/>
  <testcase name="testAndOperator" classname="org.opensearch.sql.ppl.OperatorIT" time="0.075"/>
  <testcase name="testLteOperator" classname="org.opensearch.sql.ppl.OperatorIT" time="0.039"/>
  <testcase name="testOrOperator" classname="org.opensearch.sql.ppl.OperatorIT" time="0.064"/>
  <testcase name="testLikeFunction" classname="org.opensearch.sql.ppl.OperatorIT" time="0.042"/>
  <testcase name="testXorOperator" classname="org.opensearch.sql.ppl.OperatorIT" time="0.064"/>
  <testcase name="testNotEqualOperator" classname="org.opensearch.sql.ppl.OperatorIT" time="0.056"/>
  <system-out><![CDATA[[2023-01-17T11:17:19,133][INFO ][o.o.s.p.OperatorIT       ] [testArithmeticOperatorWithNullValue] before test
]]></system-out>
  <system-err><![CDATA[]]></system-err>
</testsuite>
<?xml version="1.0" encoding="UTF-8"?>
<testsuite name="org.opensearch.sql.ppl.PPLPluginIT" tests="3" skipped="0" failures="0" errors="0" timestamp="2023-01-17T02:17:20" hostname="Unused26-MacBook.local" time="1.042">
  <properties/>
  <testcase name="sqlEnableSettingsTest" classname="org.opensearch.sql.ppl.PPLPluginIT" time="0.38"/>
  <testcase name="testQueryEndpointShouldOK" classname="org.opensearch.sql.ppl.PPLPluginIT" time="0.583"/>
  <testcase name="testQueryEndpointShouldFail" classname="org.opensearch.sql.ppl.PPLPluginIT" time="0.077"/>
  <system-out><![CDATA[[2023-01-17T15:17:20,816][INFO ][o.o.s.p.PPLPluginIT      ] [sqlEnableSettingsTest] before test
]]></system-out>
  <system-err><![CDATA[]]></system-err>
</testsuite>
<?xml version="1.0" encoding="UTF-8"?>
<testsuite name="org.opensearch.sql.ppl.ParseCommandIT" tests="3" skipped="0" failures="0" errors="0" timestamp="2023-01-17T02:17:22" hostname="Unused26-MacBook.local" time="0.476">
  <properties/>
  <testcase name="testParseCommand" classname="org.opensearch.sql.ppl.ParseCommandIT" time="0.396"/>
  <testcase name="testParseCommandWithOtherRunTimeFields" classname="org.opensearch.sql.ppl.ParseCommandIT" time="0.042"/>
  <testcase name="testParseCommandReplaceOriginalField" classname="org.opensearch.sql.ppl.ParseCommandIT" time="0.037"/>
  <system-out><![CDATA[[2023-01-17T02:17:22,055][INFO ][o.o.s.p.ParseCommandIT   ] [testParseCommand] before test
]]></system-out>
  <system-err><![CDATA[]]></system-err>
</testsuite>
<?xml version="1.0" encoding="UTF-8"?>
<testsuite name="org.opensearch.sql.ppl.PositionFunctionIT" tests="6" skipped="0" failures="0" errors="0" timestamp="2023-01-17T02:17:22" hostname="Unused26-MacBook.local" time="0.535">
  <properties/>
  <testcase name="test_position_function_with_function_in_where_clause" classname="org.opensearch.sql.ppl.PositionFunctionIT" time="0.321"/>
  <testcase name="test_position_function" classname="org.opensearch.sql.ppl.PositionFunctionIT" time="0.051"/>
  <testcase name="test_position_function_with_function_as_arg" classname="org.opensearch.sql.ppl.PositionFunctionIT" time="0.046"/>
  <testcase name="test_position_function_with_nulls" classname="org.opensearch.sql.ppl.PositionFunctionIT" time="0.039"/>
  <testcase name="test_position_function_with_string_literals" classname="org.opensearch.sql.ppl.PositionFunctionIT" time="0.038"/>
  <testcase name="test_position_function_with_fields_only" classname="org.opensearch.sql.ppl.PositionFunctionIT" time="0.038"/>
  <system-out><![CDATA[[2023-01-17T11:47:22,652][INFO ][o.o.s.p.PositionFunctionIT] [test_position_function_with_function_in_where_clause] before test
]]></system-out>
  <system-err><![CDATA[]]></system-err>
</testsuite>
<?xml version="1.0" encoding="UTF-8"?>
<testsuite name="org.opensearch.sql.ppl.PrometheusDataSourceCommandsIT" tests="8" skipped="0" failures="0" errors="0" timestamp="2023-01-17T02:17:23" hostname="Unused26-MacBook.local" time="0.434">
  <properties/>
  <testcase name="testMetricCountAggregationCommand" classname="org.opensearch.sql.ppl.PrometheusDataSourceCommandsIT" time="0.121"/>
  <testcase name="testSourceMetricCommandWithTimestamp" classname="org.opensearch.sql.ppl.PrometheusDataSourceCommandsIT" time="0.048"/>
  <testcase name="testMetricSumAggregationCommand" classname="org.opensearch.sql.ppl.PrometheusDataSourceCommandsIT" time="0.058"/>
  <testcase name="testMetricAvgAggregationCommand" classname="org.opensearch.sql.ppl.PrometheusDataSourceCommandsIT" time="0.041"/>
  <testcase name="testMetricMinAggregationCommand" classname="org.opensearch.sql.ppl.PrometheusDataSourceCommandsIT" time="0.044"/>
  <testcase name="testMetricMaxAggregationCommand" classname="org.opensearch.sql.ppl.PrometheusDataSourceCommandsIT" time="0.042"/>
  <testcase name="testMetricAvgAggregationCommandWithAlias" classname="org.opensearch.sql.ppl.PrometheusDataSourceCommandsIT" time="0.04"/>
  <testcase name="testSourceMetricCommand" classname="org.opensearch.sql.ppl.PrometheusDataSourceCommandsIT" time="0.037"/>
  <system-out><![CDATA[[2023-01-17T03:17:23,317][INFO ][o.o.s.p.PrometheusDataSourceCommandsIT] [testMetricCountAggregationCommand] before test
]]></system-out>
  <system-err><![CDATA[]]></system-err>
</testsuite>
<?xml version="1.0" encoding="UTF-8"?>
<testsuite name="org.opensearch.sql.ppl.QueryAnalysisIT" tests="14" skipped="0" failures="0" errors="0" timestamp="2023-01-17T02:17:23" hostname="Unused26-MacBook.local" time="1.415">
  <properties/>
  <testcase name="queryWithIncorrectCommandShouldFailSyntaxCheck" classname="org.opensearch.sql.ppl.QueryAnalysisIT" time="0.436"/>
  <testcase name="fieldsCommandShouldPassSemanticCheck" classname="org.opensearch.sql.ppl.QueryAnalysisIT" time="0.055"/>
  <testcase name="renameCommandShouldPassSemanticCheck" classname="org.opensearch.sql.ppl.QueryAnalysisIT" time="0.097"/>
  <testcase name="unsupportedAggregationFunctionShouldFailSyntaxCheck" classname="org.opensearch.sql.ppl.QueryAnalysisIT" time="0.192"/>
  <testcase name="queryWithIncorrectKeywordsShouldFailSyntaxCheck" classname="org.opensearch.sql.ppl.QueryAnalysisIT" time="0.036"/>
  <testcase name="sortCommandShouldPassSemanticCheck" classname="org.opensearch.sql.ppl.QueryAnalysisIT" time="0.14"/>
  <testcase name="dedupCommandShouldPassSemanticCheck" classname="org.opensearch.sql.ppl.QueryAnalysisIT" time="0.082"/>
  <testcase name="queryShouldBeCaseInsensitiveInKeywords" classname="org.opensearch.sql.ppl.QueryAnalysisIT" time="0.064"/>
  <testcase name="statsCommandShouldPassSemanticCheck" classname="org.opensearch.sql.ppl.QueryAnalysisIT" time="0.047"/>
  <testcase name="whereCommandShouldPassSemanticCheck" classname="org.opensearch.sql.ppl.QueryAnalysisIT" time="0.044"/>
  <testcase name="queryNotStartingWithSearchCommandShouldFailSyntaxCheck" classname="org.opensearch.sql.ppl.QueryAnalysisIT" time="0.032"/>
  <testcase name="nonexistentFieldShouldFailSemanticCheck" classname="org.opensearch.sql.ppl.QueryAnalysisIT" time="0.034"/>
  <testcase name="evalCommandShouldPassSemanticCheck" classname="org.opensearch.sql.ppl.QueryAnalysisIT" time="0.114"/>
  <testcase name="searchCommandShouldPassSemanticCheck" classname="org.opensearch.sql.ppl.QueryAnalysisIT" time="0.035"/>
  <system-out><![CDATA[[2023-01-17T02:17:23,856][INFO ][o.o.s.p.QueryAnalysisIT  ] [queryWithIncorrectCommandShouldFailSyntaxCheck] before test
]]></system-out>
  <system-err><![CDATA[]]></system-err>
</testsuite>
<?xml version="1.0" encoding="UTF-8"?>
<testsuite name="org.opensearch.sql.ppl.QueryStringIT" tests="4" skipped="0" failures="0" errors="0" timestamp="2023-01-17T02:17:25" hostname="Unused26-MacBook.local" time="0.767">
  <properties/>
  <testcase name="all_params_test" classname="org.opensearch.sql.ppl.QueryStringIT" time="0.592"/>
  <testcase name="mandatory_params_test" classname="org.opensearch.sql.ppl.QueryStringIT" time="0.051"/>
  <testcase name="all_fields_test" classname="org.opensearch.sql.ppl.QueryStringIT" time="0.041"/>
  <testcase name="wildcard_test" classname="org.opensearch.sql.ppl.QueryStringIT" time="0.081"/>
  <system-out><![CDATA[[2023-01-17T13:17:25,499][INFO ][o.o.s.p.QueryStringIT    ] [all_params_test] before test
]]></system-out>
  <system-err><![CDATA[]]></system-err>
</testsuite>
<?xml version="1.0" encoding="UTF-8"?>
<testsuite name="org.opensearch.sql.ppl.RareCommandIT" tests="2" skipped="0" failures="0" errors="0" timestamp="2023-01-17T02:17:26" hostname="Unused26-MacBook.local" time="0.606">
  <properties/>
  <testcase name="testRareWithGroup" classname="org.opensearch.sql.ppl.RareCommandIT" time="0.501"/>
  <testcase name="testRareWithoutGroup" classname="org.opensearch.sql.ppl.RareCommandIT" time="0.105"/>
  <system-out><![CDATA[[2023-01-16T20:17:26,399][INFO ][o.o.s.p.RareCommandIT    ] [testRareWithGroup] before test
]]></system-out>
  <system-err><![CDATA[]]></system-err>
</testsuite>
<?xml version="1.0" encoding="UTF-8"?>
<testsuite name="org.opensearch.sql.ppl.RelevanceFunctionIT" tests="7" skipped="0" failures="0" errors="0" timestamp="2023-01-17T02:17:27" hostname="Unused26-MacBook.local" time="1.189">
  <properties/>
  <testcase name="verify_default_operator_in_multi_match" classname="org.opensearch.sql.ppl.RelevanceFunctionIT" time="0.779"/>
  <testcase name="verify_operator_in_match" classname="org.opensearch.sql.ppl.RelevanceFunctionIT" time="0.069"/>
  <testcase name="verify_escape_in_query_string" classname="org.opensearch.sql.ppl.RelevanceFunctionIT" time="0.059"/>
  <testcase name="verify_flags_in_simple_query_string" classname="org.opensearch.sql.ppl.RelevanceFunctionIT" time="0.109"/>
  <testcase name="verify_default_operator_in_simple_query_string" classname="org.opensearch.sql.ppl.RelevanceFunctionIT" time="0.059"/>
  <testcase name="test_wildcard_simple_query_string" classname="org.opensearch.sql.ppl.RelevanceFunctionIT" time="0.051"/>
  <testcase name="verify_default_operator_in_query_string" classname="org.opensearch.sql.ppl.RelevanceFunctionIT" time="0.057"/>
  <system-out><![CDATA[[2023-01-17T08:47:27,131][INFO ][o.o.s.p.RelevanceFunctionIT] [verify_default_operator_in_multi_match] before test
]]></system-out>
  <system-err><![CDATA[]]></system-err>
</testsuite>
<?xml version="1.0" encoding="UTF-8"?>
<testsuite name="org.opensearch.sql.ppl.RenameCommandIT" tests="3" skipped="1" failures="0" errors="0" timestamp="2023-01-17T02:17:28" hostname="Unused26-MacBook.local" time="0.545">
  <properties/>
  <testcase name="testRenameMultiField" classname="org.opensearch.sql.ppl.RenameCommandIT" time="0.502"/>
  <testcase name="testRenameWildcardFields" classname="org.opensearch.sql.ppl.RenameCommandIT" time="0.0">
    <skipped/>
  </testcase>
  <testcase name="testRenameOneField" classname="org.opensearch.sql.ppl.RenameCommandIT" time="0.042"/>
  <system-out><![CDATA[[2023-01-16T17:17:28,478][INFO ][o.o.s.p.RenameCommandIT  ] [testRenameMultiField] before test
]]></system-out>
  <system-err><![CDATA[]]></system-err>
</testsuite>
<?xml version="1.0" encoding="UTF-8"?>
<testsuite name="org.opensearch.sql.ppl.ResourceMonitorIT" tests="1" skipped="0" failures="0" errors="0" timestamp="2023-01-17T02:17:29" hostname="Unused26-MacBook.local" time="1.168">
  <properties/>
  <testcase name="queryExceedResourceLimitShouldFail" classname="org.opensearch.sql.ppl.ResourceMonitorIT" time="1.168"/>
  <system-out><![CDATA[[2023-01-17T03:17:29,141][INFO ][o.o.s.p.ResourceMonitorIT] [queryExceedResourceLimitShouldFail] before test
]]></system-out>
  <system-err><![CDATA[]]></system-err>
</testsuite>
<?xml version="1.0" encoding="UTF-8"?>
<testsuite name="org.opensearch.sql.ppl.SearchCommandIT" tests="4" skipped="0" failures="0" errors="0" timestamp="2023-01-17T02:17:30" hostname="Unused26-MacBook.local" time="1.069">
  <properties/>
  <testcase name="testSearchCommandWithLogicalExpression" classname="org.opensearch.sql.ppl.SearchCommandIT" time="0.571"/>
  <testcase name="testSearchCommandWithSpecialIndexName" classname="org.opensearch.sql.ppl.SearchCommandIT" time="0.406"/>
  <testcase name="testSearchAllFields" classname="org.opensearch.sql.ppl.SearchCommandIT" time="0.035"/>
  <testcase name="testSearchCommandWithoutSearchKeyword" classname="org.opensearch.sql.ppl.SearchCommandIT" time="0.051"/>
  <system-out><![CDATA[[2023-01-17T02:17:30,448][INFO ][o.o.s.p.SearchCommandIT  ] [testSearchCommandWithLogicalExpression] before test
]]></system-out>
  <system-err><![CDATA[]]></system-err>
</testsuite>
<?xml version="1.0" encoding="UTF-8"?>
<testsuite name="org.opensearch.sql.ppl.SettingsIT" tests="1" skipped="0" failures="0" errors="0" timestamp="2023-01-17T02:17:31" hostname="Unused26-MacBook.local" time="0.559">
  <properties/>
  <testcase name="testQuerySizeLimit" classname="org.opensearch.sql.ppl.SettingsIT" time="0.559"/>
  <system-out><![CDATA[[2023-01-17T09:17:31,787][INFO ][o.o.s.p.SettingsIT       ] [testQuerySizeLimit] before test
]]></system-out>
  <system-err><![CDATA[]]></system-err>
</testsuite>
<?xml version="1.0" encoding="UTF-8"?>
<testsuite name="org.opensearch.sql.ppl.ShowDataSourcesCommandIT" tests="2" skipped="0" failures="0" errors="0" timestamp="2023-01-17T02:17:32" hostname="Unused26-MacBook.local" time="0.11">
  <properties/>
  <testcase name="testShowDataSourcesCommands" classname="org.opensearch.sql.ppl.ShowDataSourcesCommandIT" time="0.079"/>
  <testcase name="testShowDataSourcesCommandsWithWhereClause" classname="org.opensearch.sql.ppl.ShowDataSourcesCommandIT" time="0.031"/>
  <system-out><![CDATA[[2023-01-16T22:17:32,528][INFO ][o.o.s.p.ShowDataSourcesCommandIT] [testShowDataSourcesCommands] before test
]]></system-out>
  <system-err><![CDATA[]]></system-err>
</testsuite>
<?xml version="1.0" encoding="UTF-8"?>
<testsuite name="org.opensearch.sql.ppl.SimpleQueryStringIT" tests="3" skipped="0" failures="0" errors="0" timestamp="2023-01-17T02:17:32" hostname="Unused26-MacBook.local" time="0.551">
  <properties/>
  <testcase name="test_simple_query_string" classname="org.opensearch.sql.ppl.SimpleQueryStringIT" time="0.436"/>
  <testcase name="test_wildcard_simple_query_string" classname="org.opensearch.sql.ppl.SimpleQueryStringIT" time="0.074"/>
  <testcase name="test_simple_query_string_all_params" classname="org.opensearch.sql.ppl.SimpleQueryStringIT" time="0.041"/>
  <system-out><![CDATA[[2023-01-17T13:17:32,717][INFO ][o.o.s.p.SimpleQueryStringIT] [test_simple_query_string] before test
]]></system-out>
  <system-err><![CDATA[]]></system-err>
</testsuite>
<?xml version="1.0" encoding="UTF-8"?>
<testsuite name="org.opensearch.sql.ppl.SortCommandIT" tests="4" skipped="0" failures="0" errors="0" timestamp="2023-01-17T02:17:33" hostname="Unused26-MacBook.local" time="0.862">
  <properties/>
  <testcase name="testSortMultipleFields" classname="org.opensearch.sql.ppl.SortCommandIT" time="0.76"/>
  <testcase name="testSortStringField" classname="org.opensearch.sql.ppl.SortCommandIT" time="0.034"/>
  <testcase name="testSortCommand" classname="org.opensearch.sql.ppl.SortCommandIT" time="0.033"/>
  <testcase name="testSortWithNullValue" classname="org.opensearch.sql.ppl.SortCommandIT" time="0.035"/>
  <system-out><![CDATA[[2023-01-17T08:47:33,392][INFO ][o.o.s.p.SortCommandIT    ] [testSortMultipleFields] before test
]]></system-out>
  <system-err><![CDATA[]]></system-err>
</testsuite>
<?xml version="1.0" encoding="UTF-8"?>
<testsuite name="org.opensearch.sql.ppl.StandaloneIT" tests="1" skipped="0" failures="0" errors="0" timestamp="2023-01-17T02:17:34" hostname="Unused26-MacBook.local" time="1.85">
  <properties/>
  <testcase name="testSourceFieldQuery" classname="org.opensearch.sql.ppl.StandaloneIT" time="1.85"/>
  <system-out><![CDATA[[2023-01-17T07:17:34,456][INFO ][o.o.s.p.StandaloneIT     ] [testSourceFieldQuery] before test
]]></system-out>
  <system-err><![CDATA[]]></system-err>
</testsuite>
<?xml version="1.0" encoding="UTF-8"?>
<testsuite name="org.opensearch.sql.ppl.StatsCommandIT" tests="17" skipped="0" failures="0" errors="0" timestamp="2023-01-17T02:17:36" hostname="Unused26-MacBook.local" time="1.588">
  <properties/>
  <testcase name="testStatsMax" classname="org.opensearch.sql.ppl.StatsCommandIT" time="0.843"/>
  <testcase name="testStatsAliasedSpan" classname="org.opensearch.sql.ppl.StatsCommandIT" time="0.052"/>
  <testcase name="testStatsCountAll" classname="org.opensearch.sql.ppl.StatsCommandIT" time="0.038"/>
  <testcase name="testStatsMin" classname="org.opensearch.sql.ppl.StatsCommandIT" time="0.04"/>
  <testcase name="testStatsWithMissing" classname="org.opensearch.sql.ppl.StatsCommandIT" time="0.038"/>
  <testcase name="testMultipleAggregationFunction" classname="org.opensearch.sql.ppl.StatsCommandIT" time="0.037"/>
  <testcase name="testStatsCount" classname="org.opensearch.sql.ppl.StatsCommandIT" time="0.034"/>
  <testcase name="testStatsSum" classname="org.opensearch.sql.ppl.StatsCommandIT" time="0.04"/>
  <testcase name="testStatsBySpan" classname="org.opensearch.sql.ppl.StatsCommandIT" time="0.035"/>
  <testcase name="testStatsNested" classname="org.opensearch.sql.ppl.StatsCommandIT" time="0.064"/>
  <testcase name="testStatsWithNull" classname="org.opensearch.sql.ppl.StatsCommandIT" time="0.041"/>
  <testcase name="testGroupByNullValue" classname="org.opensearch.sql.ppl.StatsCommandIT" time="0.046"/>
  <testcase name="testStatsWhere" classname="org.opensearch.sql.ppl.StatsCommandIT" time="0.047"/>
  <testcase name="testStatsDistinctCount" classname="org.opensearch.sql.ppl.StatsCommandIT" time="0.075"/>
  <testcase name="testStatsAvg" classname="org.opensearch.sql.ppl.StatsCommandIT" time="0.042"/>
  <testcase name="testStatsTimeSpan" classname="org.opensearch.sql.ppl.StatsCommandIT" time="0.053"/>
  <testcase name="testStatsNestedDoubleValue" classname="org.opensearch.sql.ppl.StatsCommandIT" time="0.056"/>
  <system-out><![CDATA[[2023-01-17T16:17:36,489][INFO ][o.o.s.p.StatsCommandIT   ] [testStatsMax] before test
]]></system-out>
  <system-err><![CDATA[]]></system-err>
</testsuite>
<?xml version="1.0" encoding="UTF-8"?>
<testsuite name="org.opensearch.sql.ppl.StreamingQueryIT" tests="1" skipped="0" failures="0" errors="0" timestamp="2023-01-17T02:17:38" hostname="Unused26-MacBook.local" time="3.868">
  <properties/>
  <testcase name="testStreamingQuery" classname="org.opensearch.sql.ppl.StreamingQueryIT" time="3.868"/>
  <system-out><![CDATA[[2023-01-16T22:17:38,280][INFO ][o.o.s.p.StreamingQueryIT ] [testStreamingQuery] before test
]]></system-out>
  <system-err><![CDATA[]]></system-err>
</testsuite>
<?xml version="1.0" encoding="UTF-8"?>
<testsuite name="org.opensearch.sql.ppl.SystemFunctionIT" tests="2" skipped="0" failures="0" errors="0" timestamp="2023-01-17T02:17:42" hostname="Unused26-MacBook.local" time="0.635">
  <properties/>
  <testcase name="typeof_opensearch_types" classname="org.opensearch.sql.ppl.SystemFunctionIT" time="0.578"/>
  <testcase name="typeof_sql_types" classname="org.opensearch.sql.ppl.SystemFunctionIT" time="0.056"/>
  <system-out><![CDATA[[2023-01-16T21:17:42,332][INFO ][o.o.s.p.SystemFunctionIT ] [typeof_opensearch_types] before test
]]></system-out>
  <system-err><![CDATA[]]></system-err>
</testsuite>
<?xml version="1.0" encoding="UTF-8"?>
<testsuite name="org.opensearch.sql.ppl.TextFunctionIT" tests="18" skipped="0" failures="0" errors="0" timestamp="2023-01-17T02:17:43" hostname="Unused26-MacBook.local" time="1.186">
  <properties/>
  <testcase name="testStrcmp" classname="org.opensearch.sql.ppl.TextFunctionIT" time="0.473"/>
  <testcase name="testReverse" classname="org.opensearch.sql.ppl.TextFunctionIT" time="0.038"/>
  <testcase name="testLength" classname="org.opensearch.sql.ppl.TextFunctionIT" time="0.036"/>
  <testcase name="testLower" classname="org.opensearch.sql.ppl.TextFunctionIT" time="0.042"/>
  <testcase name="testSubstring" classname="org.opensearch.sql.ppl.TextFunctionIT" time="0.048"/>
  <testcase name="testConcat_ws" classname="org.opensearch.sql.ppl.TextFunctionIT" time="0.036"/>
  <testcase name="testRtrim" classname="org.opensearch.sql.ppl.TextFunctionIT" time="0.044"/>
  <testcase name="testLeft" classname="org.opensearch.sql.ppl.TextFunctionIT" time="0.033"/>
  <testcase name="testReplace" classname="org.opensearch.sql.ppl.TextFunctionIT" time="0.036"/>
  <testcase name="testRegexp" classname="org.opensearch.sql.ppl.TextFunctionIT" time="0.068"/>
  <testcase name="testTrim" classname="org.opensearch.sql.ppl.TextFunctionIT" time="0.047"/>
  <testcase name="testRight" classname="org.opensearch.sql.ppl.TextFunctionIT" time="0.037"/>
  <testcase name="testAscii" classname="org.opensearch.sql.ppl.TextFunctionIT" time="0.032"/>
  <testcase name="testLocate" classname="org.opensearch.sql.ppl.TextFunctionIT" time="0.051"/>
  <testcase name="testSubstr" classname="org.opensearch.sql.ppl.TextFunctionIT" time="0.05"/>
  <testcase name="testUpper" classname="org.opensearch.sql.ppl.TextFunctionIT" time="0.034"/>
  <testcase name="testConcat" classname="org.opensearch.sql.ppl.TextFunctionIT" time="0.032"/>
  <testcase name="testLtrim" classname="org.opensearch.sql.ppl.TextFunctionIT" time="0.036"/>
  <system-out><![CDATA[[2023-01-17T02:17:43,149][INFO ][o.o.s.p.TextFunctionIT   ] [testStrcmp] before test
]]></system-out>
  <system-err><![CDATA[]]></system-err>
</testsuite>
<?xml version="1.0" encoding="UTF-8"?>
<testsuite name="org.opensearch.sql.ppl.TopCommandIT" tests="3" skipped="0" failures="0" errors="0" timestamp="2023-01-17T02:17:44" hostname="Unused26-MacBook.local" time="0.635">
  <properties/>
  <testcase name="testTopNWithGroup" classname="org.opensearch.sql.ppl.TopCommandIT" time="0.421"/>
  <testcase name="testTopWithoutGroup" classname="org.opensearch.sql.ppl.TopCommandIT" time="0.104"/>
  <testcase name="testTopNWithoutGroup" classname="org.opensearch.sql.ppl.TopCommandIT" time="0.109"/>
  <system-out><![CDATA[[2023-01-17T14:17:44,509][INFO ][o.o.s.p.TopCommandIT     ] [testTopNWithGroup] before test
]]></system-out>
  <system-err><![CDATA[]]></system-err>
</testsuite>
<?xml version="1.0" encoding="UTF-8"?>
<testsuite name="org.opensearch.sql.ppl.WhereCommandIT" tests="7" skipped="0" failures="0" errors="0" timestamp="2023-01-17T02:17:45" hostname="Unused26-MacBook.local" time="1.471">
  <properties/>
  <testcase name="testIsNullFunction" classname="org.opensearch.sql.ppl.WhereCommandIT" time="1.185"/>
  <testcase name="testWhereWithMultiLogicalExpr" classname="org.opensearch.sql.ppl.WhereCommandIT" time="0.049"/>
  <testcase name="testWhereEquivalentSortCommand" classname="org.opensearch.sql.ppl.WhereCommandIT" time="0.053"/>
  <testcase name="testWhereWithLogicalExpr" classname="org.opensearch.sql.ppl.WhereCommandIT" time="0.045"/>
  <testcase name="testMultipleWhereCommands" classname="org.opensearch.sql.ppl.WhereCommandIT" time="0.036"/>
  <testcase name="testIsNotNullFunction" classname="org.opensearch.sql.ppl.WhereCommandIT" time="0.05"/>
  <testcase name="testLikeFunction" classname="org.opensearch.sql.ppl.WhereCommandIT" time="0.051"/>
  <system-out><![CDATA[[2023-01-17T11:17:45,404][INFO ][o.o.s.p.WhereCommandIT   ] [testIsNullFunction] before test
]]></system-out>
  <system-err><![CDATA[]]></system-err>
</testsuite>
<?xml version="1.0" encoding="UTF-8"?>
<testsuite name="org.opensearch.sql.sql.AdminIT" tests="4" skipped="0" failures="0" errors="0" timestamp="2023-01-17T02:17:47" hostname="Unused26-MacBook.local" time="0.628">
  <properties/>
  <testcase name="describeSingleIndexWildcard" classname="org.opensearch.sql.sql.AdminIT" time="0.447"/>
  <testcase name="explainShow" classname="org.opensearch.sql.sql.AdminIT" time="0.042"/>
  <testcase name="describeSingleIndexAlias" classname="org.opensearch.sql.sql.AdminIT" time="0.086"/>
  <testcase name="showSingleIndexAlias" classname="org.opensearch.sql.sql.AdminIT" time="0.052"/>
  <system-out><![CDATA[[2023-01-17T10:17:47,117][INFO ][o.o.s.s.AdminIT          ] [describeSingleIndexWildcard] before test
]]></system-out>
  <system-err><![CDATA[]]></system-err>
</testsuite>
<?xml version="1.0" encoding="UTF-8"?>
<testsuite name="org.opensearch.sql.sql.AggregationIT" tests="11" skipped="0" failures="0" errors="0" timestamp="2023-01-17T02:17:47" hostname="Unused26-MacBook.local" time="1.273">
  <properties/>
  <testcase name="testInMemoryAggregationOnNullValues" classname="org.opensearch.sql.sql.AggregationIT" time="0.731"/>
  <testcase name="testPushDownAggregationOnNullValuesReturnsNull" classname="org.opensearch.sql.sql.AggregationIT" time="0.048"/>
  <testcase name="testPushDownAndInMemoryAggregationReturnTheSameResult" classname="org.opensearch.sql.sql.AggregationIT" time="0.101"/>
  <testcase name="testInMemoryAggregationOnMissingValues" classname="org.opensearch.sql.sql.AggregationIT" time="0.041"/>
  <testcase name="testInMemoryAggregationOnAllValuesAndOnNotNullReturnsSameResult" classname="org.opensearch.sql.sql.AggregationIT" time="0.068"/>
  <testcase name="testPushDownAggregationOnNullValues" classname="org.opensearch.sql.sql.AggregationIT" time="0.038"/>
  <testcase name="testInMemoryAggregationOnNullValuesReturnsNull" classname="org.opensearch.sql.sql.AggregationIT" time="0.042"/>
  <testcase name="testFilteredAggregatePushDown" classname="org.opensearch.sql.sql.AggregationIT" time="0.048"/>
  <testcase name="testFilteredAggregateNotPushDown" classname="org.opensearch.sql.sql.AggregationIT" time="0.05"/>
  <testcase name="testPushDownAggregationOnAllValuesAndOnNotNullReturnsSameResult" classname="org.opensearch.sql.sql.AggregationIT" time="0.056"/>
  <testcase name="testPushDownAggregationOnMissingValues" classname="org.opensearch.sql.sql.AggregationIT" time="0.045"/>
  <system-out><![CDATA[[2023-01-17T03:17:47,884][INFO ][o.o.s.s.AggregationIT    ] [testInMemoryAggregationOnNullValues] before test
]]></system-out>
  <system-err><![CDATA[]]></system-err>
</testsuite>
<?xml version="1.0" encoding="UTF-8"?>
<testsuite name="org.opensearch.sql.sql.ConditionalIT" tests="12" skipped="0" failures="2" errors="0" timestamp="2023-01-17T02:17:49" hostname="Unused26-MacBook.local" time="1.084">
  <properties/>
  <testcase name="nullifWithNullInputTest" classname="org.opensearch.sql.sql.ConditionalIT" time="0.607"/>
  <testcase name="ifnullWithNullInputTest" classname="org.opensearch.sql.sql.ConditionalIT" time="0.042"/>
  <testcase name="isnullWithNullInputTest" classname="org.opensearch.sql.sql.ConditionalIT" time="0.037"/>
  <testcase name="isnullWithMathExpr" classname="org.opensearch.sql.sql.ConditionalIT" time="0.052">
    <failure message="org.opensearch.client.ResponseException: method [POST], host [http://127.0.0.1:61803], URI [/_plugins/_sql?format=json], status line [HTTP/1.1 400 Bad Request]&#10;{&#10;  &quot;error&quot;: {&#10;    &quot;reason&quot;: &quot;Invalid SQL query&quot;,&#10;    &quot;details&quot;: &quot;Query is unsupported in the new engine&quot;,&#10;    &quot;type&quot;: &quot;SQLFeatureDisabledException&quot;&#10;  },&#10;  &quot;status&quot;: 400&#10;}" type="org.opensearch.client.ResponseException">org.opensearch.client.ResponseException: method [POST], host [http://127.0.0.1:61803], URI [/_plugins/_sql?format=json], status line [HTTP/1.1 400 Bad Request]
</failure>
  </testcase>
  <testcase name="ifShouldPassJDBC" classname="org.opensearch.sql.sql.ConditionalIT" time="0.054"/>
  <testcase name="isnullShouldPassJDBC" classname="org.opensearch.sql.sql.ConditionalIT" time="0.045"/>
  <testcase name="nullifShouldPassJDBC" classname="org.opensearch.sql.sql.ConditionalIT" time="0.043"/>
  <testcase name="ifWithTrueAndFalseCondition" classname="org.opensearch.sql.sql.ConditionalIT" time="0.035"/>
  <testcase name="ifnullShouldPassJDBC" classname="org.opensearch.sql.sql.ConditionalIT" time="0.061"/>
  <testcase name="ifnullWithMissingInputTest" classname="org.opensearch.sql.sql.ConditionalIT" time="0.035"/>
  <testcase name="nullifWithNotNullInputTestOne" classname="org.opensearch.sql.sql.ConditionalIT" time="0.033"/>
  <testcase name="isnullWithNotNullInputTest" classname="org.opensearch.sql.sql.ConditionalIT" time="0.036">
    <failure message="org.opensearch.client.ResponseException: method [POST], host [http://127.0.0.1:61803], URI [/_plugins/_sql?format=json], status line [HTTP/1.1 400 Bad Request]&#10;{&#10;  &quot;error&quot;: {&#10;    &quot;reason&quot;: &quot;Invalid SQL query&quot;,&#10;    &quot;details&quot;: &quot;Query is unsupported in the new engine&quot;,&#10;    &quot;type&quot;: &quot;SQLFeatureDisabledException&quot;&#10;  },&#10;  &quot;status&quot;: 400&#10;}" type="org.opensearch.client.ResponseException">org.opensearch.client.ResponseException: method [POST], host [http://127.0.0.1:61803], URI [/_plugins/_sql?format=json], status line [HTTP/1.1 400 Bad Request]
</failure>
  </testcase>
  <system-out><![CDATA[[2023-01-17T05:17:49,360][INFO ][o.o.s.s.ConditionalIT    ] [nullifWithNullInputTest] before test
]]></system-out>
  <system-err><![CDATA[REPRODUCE WITH: ./gradlew ':integ-test:integTest' --tests "org.opensearch.sql.sql.ConditionalIT.isnullWithMathExpr" -Dtests.seed=160F64C51FACC80F -Dtests.security.manager=false -Dtests.locale=es-VE -Dtests.timezone=Indian/Antananarivo -Druntime.java=17
]]></system-err>
</testsuite>
<?xml version="1.0" encoding="UTF-8"?>
<testsuite name="org.opensearch.sql.sql.ConvertTZFunctionIT" tests="17" skipped="0" failures="0" errors="0" timestamp="2023-01-17T02:17:50" hostname="Unused26-MacBook.local" time="0.913">
  <properties/>
  <testcase name="inRangeZeroToPositive" classname="org.opensearch.sql.sql.ConvertTZFunctionIT" time="0.265"/>
  <testcase name="inRangeNegativeToPositive" classname="org.opensearch.sql.sql.ConvertTZFunctionIT" time="0.033"/>
  <testcase name="inRangeSameTimeZone" classname="org.opensearch.sql.sql.ConvertTZFunctionIT" time="0.032"/>
  <testcase name="nullDateTimeInvalidDateValueApril" classname="org.opensearch.sql.sql.ConvertTZFunctionIT" time="0.033"/>
  <testcase name="nullField3InvalidInput" classname="org.opensearch.sql.sql.ConvertTZFunctionIT" time="0.055"/>
  <testcase name="inRangeMinOnPoint" classname="org.opensearch.sql.sql.ConvertTZFunctionIT" time="0.067"/>
  <testcase name="inRangeRandomTimes" classname="org.opensearch.sql.sql.ConvertTZFunctionIT" time="0.05"/>
  <testcase name="nullDateTimeInvalidInput" classname="org.opensearch.sql.sql.ConvertTZFunctionIT" time="0.044"/>
  <testcase name="inRangePositiveToPositive" classname="org.opensearch.sql.sql.ConvertTZFunctionIT" time="0.05"/>
  <testcase name="nullDateTimeInvalidDateValueFebruary" classname="org.opensearch.sql.sql.ConvertTZFunctionIT" time="0.044"/>
  <testcase name="nullField3Over" classname="org.opensearch.sql.sql.ConvertTZFunctionIT" time="0.03"/>
  <testcase name="inRangeFifteenMinuteTimeZones" classname="org.opensearch.sql.sql.ConvertTZFunctionIT" time="0.038"/>
  <testcase name="nullField2Under" classname="org.opensearch.sql.sql.ConvertTZFunctionIT" time="0.04"/>
  <testcase name="inRangeTwentyFourHourTimeOffset" classname="org.opensearch.sql.sql.ConvertTZFunctionIT" time="0.028"/>
  <testcase name="inRangeNegativeZeroToPositiveZero" classname="org.opensearch.sql.sql.ConvertTZFunctionIT" time="0.029"/>
  <testcase name="nullField2InvalidInput" classname="org.opensearch.sql.sql.ConvertTZFunctionIT" time="0.035"/>
  <testcase name="nullDateTimeInvalidDateValueMonth" classname="org.opensearch.sql.sql.ConvertTZFunctionIT" time="0.031"/>
  <system-out><![CDATA[[2023-01-17T07:17:50,601][INFO ][o.o.s.s.ConvertTZFunctionIT] [inRangeZeroToPositive] before test
]]></system-out>
  <system-err><![CDATA[]]></system-err>
</testsuite>
<?xml version="1.0" encoding="UTF-8"?>
<testsuite name="org.opensearch.sql.sql.CsvFormatIT" tests="2" skipped="0" failures="0" errors="0" timestamp="2023-01-17T02:17:51" hostname="Unused26-MacBook.local" time="0.457">
  <properties/>
  <testcase name="escapeSanitizeTest" classname="org.opensearch.sql.sql.CsvFormatIT" time="0.421"/>
  <testcase name="sanitizeTest" classname="org.opensearch.sql.sql.CsvFormatIT" time="0.036"/>
  <system-out><![CDATA[[2023-01-17T08:47:51,736][INFO ][o.o.s.s.CsvFormatIT      ] [escapeSanitizeTest] before test
]]></system-out>
  <system-err><![CDATA[]]></system-err>
</testsuite>
<?xml version="1.0" encoding="UTF-8"?>
<testsuite name="org.opensearch.sql.sql.DateTimeFunctionIT" tests="52" skipped="0" failures="0" errors="0" timestamp="2023-01-17T02:17:52" hostname="Unused26-MacBook.local" time="4.964">
  <properties/>
  <testcase name="testDateDiff" classname="org.opensearch.sql.sql.DateTimeFunctionIT" time="0.728"/>
  <testcase name="testDayOfMonth" classname="org.opensearch.sql.sql.DateTimeFunctionIT" time="0.19"/>
  <testcase name="testMinuteOfDay" classname="org.opensearch.sql.sql.DateTimeFunctionIT" time="0.114"/>
  <testcase name="testDateFormat" classname="org.opensearch.sql.sql.DateTimeFunctionIT" time="0.077"/>
  <testcase name="testSecondFunctionAliasesReturnTheSameResults" classname="org.opensearch.sql.sql.DateTimeFunctionIT" time="0.176"/>
  <testcase name="testTimeToSec" classname="org.opensearch.sql.sql.DateTimeFunctionIT" time="0.046"/>
  <testcase name="testHour" classname="org.opensearch.sql.sql.DateTimeFunctionIT" time="0.063"/>
  <testcase name="testDayOfWeekAliasesReturnTheSameResults" classname="org.opensearch.sql.sql.DateTimeFunctionIT" time="0.151"/>
  <testcase name="testHourOfDayWithUnderscores" classname="org.opensearch.sql.sql.DateTimeFunctionIT" time="0.083"/>
  <testcase name="testPeriodAdd" classname="org.opensearch.sql.sql.DateTimeFunctionIT" time="0.039"/>
  <testcase name="testAddDate" classname="org.opensearch.sql.sql.DateTimeFunctionIT" time="0.086"/>
  <testcase name="testFromUnixTime" classname="org.opensearch.sql.sql.DateTimeFunctionIT" time="0.035"/>
  <testcase name="testHourFunctionAliasesReturnTheSameResults" classname="org.opensearch.sql.sql.DateTimeFunctionIT" time="0.127"/>
  <testcase name="testWeekOfYear" classname="org.opensearch.sql.sql.DateTimeFunctionIT" time="0.086"/>
  <testcase name="testDayOfMonthWithUnderscores" classname="org.opensearch.sql.sql.DateTimeFunctionIT" time="0.042"/>
  <testcase name="testMakeTime" classname="org.opensearch.sql.sql.DateTimeFunctionIT" time="0.04"/>
  <testcase name="testDateInGroupBy" classname="org.opensearch.sql.sql.DateTimeFunctionIT" time="0.075"/>
  <testcase name="testDayOfMonthAliasesReturnTheSameResults" classname="org.opensearch.sql.sql.DateTimeFunctionIT" time="0.143"/>
  <testcase name="testWeek" classname="org.opensearch.sql.sql.DateTimeFunctionIT" time="0.086"/>
  <testcase name="testDayOfYearAlternateSyntaxesReturnTheSameResults" classname="org.opensearch.sql.sql.DateTimeFunctionIT" time="0.151"/>
  <testcase name="testWeekAlternateSyntaxesReturnTheSameResults" classname="org.opensearch.sql.sql.DateTimeFunctionIT" time="0.16"/>
  <testcase name="testDayOfYear" classname="org.opensearch.sql.sql.DateTimeFunctionIT" time="0.048"/>
  <testcase name="testNowLikeFunctions" classname="org.opensearch.sql.sql.DateTimeFunctionIT" time="0.338"/>
  <testcase name="testQuarter" classname="org.opensearch.sql.sql.DateTimeFunctionIT" time="0.071"/>
  <testcase name="testDateAdd" classname="org.opensearch.sql.sql.DateTimeFunctionIT" time="0.138"/>
  <testcase name="testDayOfWeek" classname="org.opensearch.sql.sql.DateTimeFunctionIT" time="0.043"/>
  <testcase name="testMonthName" classname="org.opensearch.sql.sql.DateTimeFunctionIT" time="0.042"/>
  <testcase name="testFromDays" classname="org.opensearch.sql.sql.DateTimeFunctionIT" time="0.035"/>
  <testcase name="testDay" classname="org.opensearch.sql.sql.DateTimeFunctionIT" time="0.06"/>
  <testcase name="testSecond" classname="org.opensearch.sql.sql.DateTimeFunctionIT" time="0.064"/>
  <testcase name="testPeriodDiff" classname="org.opensearch.sql.sql.DateTimeFunctionIT" time="0.039"/>
  <testcase name="testDayOfWeekWithUnderscores" classname="org.opensearch.sql.sql.DateTimeFunctionIT" time="0.041"/>
  <testcase name="testDateWithHavingClauseOnly" classname="org.opensearch.sql.sql.DateTimeFunctionIT" time="0.051"/>
  <testcase name="testAddTime" classname="org.opensearch.sql.sql.DateTimeFunctionIT" time="0.038"/>
  <testcase name="testMakeDate" classname="org.opensearch.sql.sql.DateTimeFunctionIT" time="0.037"/>
  <testcase name="testMonth" classname="org.opensearch.sql.sql.DateTimeFunctionIT" time="0.044"/>
  <testcase name="testDateSub" classname="org.opensearch.sql.sql.DateTimeFunctionIT" time="0.08"/>
  <testcase name="testUnixTimeStamp" classname="org.opensearch.sql.sql.DateTimeFunctionIT" time="0.047"/>
  <testcase name="testMinute" classname="org.opensearch.sql.sql.DateTimeFunctionIT" time="0.063"/>
  <testcase name="testMinuteFunctionAliasesReturnTheSameResults" classname="org.opensearch.sql.sql.DateTimeFunctionIT" time="0.146"/>
  <testcase name="testMonthAlternateSyntaxesReturnTheSameResults" classname="org.opensearch.sql.sql.DateTimeFunctionIT" time="0.191"/>
  <testcase name="testToDays" classname="org.opensearch.sql.sql.DateTimeFunctionIT" time="0.043"/>
  <testcase name="testMonthOfYearTypes" classname="org.opensearch.sql.sql.DateTimeFunctionIT" time="0.06"/>
  <testcase name="testTimeDiff" classname="org.opensearch.sql.sql.DateTimeFunctionIT" time="0.033"/>
  <testcase name="testMinuteOfHour" classname="org.opensearch.sql.sql.DateTimeFunctionIT" time="0.061"/>
  <testcase name="testSecondOfMinute" classname="org.opensearch.sql.sql.DateTimeFunctionIT" time="0.061"/>
  <testcase name="testMicrosecond" classname="org.opensearch.sql.sql.DateTimeFunctionIT" time="0.102"/>
  <testcase name="testDayName" classname="org.opensearch.sql.sql.DateTimeFunctionIT" time="0.046"/>
  <testcase name="testSubDate" classname="org.opensearch.sql.sql.DateTimeFunctionIT" time="0.07"/>
  <testcase name="testSubTime" classname="org.opensearch.sql.sql.DateTimeFunctionIT" time="0.033"/>
  <testcase name="testDayOfYearWithUnderscores" classname="org.opensearch.sql.sql.DateTimeFunctionIT" time="0.066"/>
  <testcase name="testYear" classname="org.opensearch.sql.sql.DateTimeFunctionIT" time="0.052"/>
  <system-out><![CDATA[[2023-01-16T23:17:52,309][INFO ][o.o.s.s.DateTimeFunctionIT] [testDateDiff] before test
]]></system-out>
  <system-err><![CDATA[]]></system-err>
</testsuite>
<?xml version="1.0" encoding="UTF-8"?>
<testsuite name="org.opensearch.sql.sql.DateTimeImplementationIT" tests="15" skipped="0" failures="0" errors="0" timestamp="2023-01-17T02:17:57" hostname="Unused26-MacBook.local" time="0.844">
  <properties/>
  <testcase name="nullDateTimeInvalidDateValueApril" classname="org.opensearch.sql.sql.DateTimeImplementationIT" time="0.41"/>
  <testcase name="inRangeJustInRangeNegative" classname="org.opensearch.sql.sql.DateTimeImplementationIT" time="0.033"/>
  <testcase name="nullDateTimeInvalidDateValueMonth" classname="org.opensearch.sql.sql.DateTimeImplementationIT" time="0.03"/>
  <testcase name="nullField3Under" classname="org.opensearch.sql.sql.DateTimeImplementationIT" time="0.03"/>
  <testcase name="inRangeNegativeToPositive" classname="org.opensearch.sql.sql.DateTimeImplementationIT" time="0.03"/>
  <testcase name="nullField1Over" classname="org.opensearch.sql.sql.DateTimeImplementationIT" time="0.033"/>
  <testcase name="inRangeTwentyHourOffset" classname="org.opensearch.sql.sql.DateTimeImplementationIT" time="0.03"/>
  <testcase name="inRangeZeroNoTZ" classname="org.opensearch.sql.sql.DateTimeImplementationIT" time="0.031"/>
  <testcase name="inRangeZeroDayConvert" classname="org.opensearch.sql.sql.DateTimeImplementationIT" time="0.03"/>
  <testcase name="inRangeYearChange" classname="org.opensearch.sql.sql.DateTimeImplementationIT" time="0.03"/>
  <testcase name="inRangeJustInRangePositive" classname="org.opensearch.sql.sql.DateTimeImplementationIT" time="0.03"/>
  <testcase name="nullDateTimeInvalidDateValueFebruary" classname="org.opensearch.sql.sql.DateTimeImplementationIT" time="0.029"/>
  <testcase name="inRangeZeroToStringTZ" classname="org.opensearch.sql.sql.DateTimeImplementationIT" time="0.03"/>
  <testcase name="inRangeZeroToPositive" classname="org.opensearch.sql.sql.DateTimeImplementationIT" time="0.03"/>
  <testcase name="inRangeZeroNoToTZ" classname="org.opensearch.sql.sql.DateTimeImplementationIT" time="0.031"/>
  <system-out><![CDATA[[2023-01-17T00:17:57,578][INFO ][o.o.s.s.DateTimeImplementationIT] [nullDateTimeInvalidDateValueApril] before test
]]></system-out>
  <system-err><![CDATA[]]></system-err>
</testsuite>
<?xml version="1.0" encoding="UTF-8"?>
<testsuite name="org.opensearch.sql.sql.HighlightFunctionIT" tests="8" skipped="0" failures="0" errors="0" timestamp="2023-01-17T02:17:58" hostname="Unused26-MacBook.local" time="0.938">
  <properties/>
  <testcase name="highlight_no_limit_test" classname="org.opensearch.sql.sql.HighlightFunctionIT" time="0.645"/>
  <testcase name="wildcard_multi_field_highlight_test" classname="org.opensearch.sql.sql.HighlightFunctionIT" time="0.059"/>
  <testcase name="single_highlight_test" classname="org.opensearch.sql.sql.HighlightFunctionIT" time="0.045"/>
  <testcase name="highlight_all_test" classname="org.opensearch.sql.sql.HighlightFunctionIT" time="0.043"/>
  <testcase name="multiple_highlight_test" classname="org.opensearch.sql.sql.HighlightFunctionIT" time="0.037"/>
  <testcase name="highlight_optional_arguments_test" classname="org.opensearch.sql.sql.HighlightFunctionIT" time="0.038"/>
  <testcase name="highlight_multiple_optional_arguments_test" classname="org.opensearch.sql.sql.HighlightFunctionIT" time="0.035"/>
  <testcase name="wildcard_highlight_test" classname="org.opensearch.sql.sql.HighlightFunctionIT" time="0.033"/>
  <system-out><![CDATA[[2023-01-17T08:17:58,553][INFO ][o.o.s.s.HighlightFunctionIT] [highlight_no_limit_test] before test
]]></system-out>
  <system-err><![CDATA[]]></system-err>
</testsuite>
<?xml version="1.0" encoding="UTF-8"?>
<testsuite name="org.opensearch.sql.sql.IdentifierIT" tests="5" skipped="0" failures="0" errors="0" timestamp="2023-01-17T02:17:59" hostname="Unused26-MacBook.local" time="2.256">
  <properties/>
  <testcase name="testMultipleQueriesWithSpecialIndexNames" classname="org.opensearch.sql.sql.IdentifierIT" time="0.548"/>
  <testcase name="testSpecialIndexNames" classname="org.opensearch.sql.sql.IdentifierIT" time="0.492"/>
  <testcase name="testIndexNames" classname="org.opensearch.sql.sql.IdentifierIT" time="0.476"/>
  <testcase name="testSpecialFieldName" classname="org.opensearch.sql.sql.IdentifierIT" time="0.263"/>
  <testcase name="testQuotedIndexNames" classname="org.opensearch.sql.sql.IdentifierIT" time="0.476"/>
  <system-out><![CDATA[[2023-01-17T05:17:59,616][INFO ][o.o.s.s.IdentifierIT     ] [testMultipleQueriesWithSpecialIndexNames] before test
]]></system-out>
  <system-err><![CDATA[]]></system-err>
</testsuite>
<?xml version="1.0" encoding="UTF-8"?>
<testsuite name="org.opensearch.sql.sql.JdbcFormatIT" tests="2" skipped="0" failures="0" errors="0" timestamp="2023-01-17T02:18:02" hostname="Unused26-MacBook.local" time="0.328">
  <properties/>
  <testcase name="testAliasInSchema" classname="org.opensearch.sql.sql.JdbcFormatIT" time="0.292"/>
  <testcase name="testSimpleDataTypesInSchema" classname="org.opensearch.sql.sql.JdbcFormatIT" time="0.036"/>
  <system-out><![CDATA[[2023-01-16T21:18:02,303][INFO ][o.o.s.s.JdbcFormatIT     ] [testAliasInSchema] before test
]]></system-out>
  <system-err><![CDATA[]]></system-err>
</testsuite>
<?xml version="1.0" encoding="UTF-8"?>
<testsuite name="org.opensearch.sql.sql.LegacyAPICompatibilityIT" tests="8" skipped="0" failures="1" errors="0" timestamp="2023-01-17T02:18:02" hostname="Unused26-MacBook.local" time="0.762">
  <properties/>
  <testcase name="legacySettingNewEndpoint" classname="org.opensearch.sql.sql.LegacyAPICompatibilityIT" time="0.44"/>
  <testcase name="stats" classname="org.opensearch.sql.sql.LegacyAPICompatibilityIT" time="0.042"/>
  <testcase name="newSettingsLegacyEndpoint" classname="org.opensearch.sql.sql.LegacyAPICompatibilityIT" time="0.058"/>
  <testcase name="closeCursor" classname="org.opensearch.sql.sql.LegacyAPICompatibilityIT" time="0.041">
    <failure message="org.opensearch.client.ResponseException: method [POST], host [http://127.0.0.1:61803], URI [/_plugins/_sql?format=jdbc], status line [HTTP/1.1 400 Bad Request]&#10;{&#10;  &quot;error&quot;: {&#10;    &quot;reason&quot;: &quot;Invalid SQL query&quot;,&#10;    &quot;details&quot;: &quot;Query is unsupported in the new engine&quot;,&#10;    &quot;type&quot;: &quot;SQLFeatureDisabledException&quot;&#10;  },&#10;  &quot;status&quot;: 400&#10;}" type="org.opensearch.client.ResponseException">org.opensearch.client.ResponseException: method [POST], host [http://127.0.0.1:61803], URI [/_plugins/_sql?format=jdbc], status line [HTTP/1.1 400 Bad Request]
</failure>
  </testcase>
  <testcase name="newSettingNewEndpoint" classname="org.opensearch.sql.sql.LegacyAPICompatibilityIT" time="0.053"/>
  <testcase name="legacySettingsLegacyEndpoint" classname="org.opensearch.sql.sql.LegacyAPICompatibilityIT" time="0.059"/>
  <testcase name="explain" classname="org.opensearch.sql.sql.LegacyAPICompatibilityIT" time="0.031"/>
  <testcase name="query" classname="org.opensearch.sql.sql.LegacyAPICompatibilityIT" time="0.035"/>
  <system-out><![CDATA[[2023-01-17T16:18:02,746][INFO ][o.o.s.s.LegacyAPICompatibilityIT] [legacySettingNewEndpoint] before test
]]></system-out>
  <system-err><![CDATA[REPRODUCE WITH: ./gradlew ':integ-test:integTest' --tests "org.opensearch.sql.sql.LegacyAPICompatibilityIT.closeCursor" -Dtests.seed=160F64C51FACC80F -Dtests.security.manager=false -Dtests.locale=lt -Dtests.timezone=Etc/GMT-14 -Druntime.java=17
]]></system-err>
</testsuite>
<?xml version="1.0" encoding="UTF-8"?>
<testsuite name="org.opensearch.sql.sql.LikeQueryIT" tests="11" skipped="0" failures="0" errors="0" timestamp="2023-01-17T02:18:03" hostname="Unused26-MacBook.local" time="0.629">
  <properties/>
  <testcase name="test_like_in_where" classname="org.opensearch.sql.sql.LikeQueryIT" time="0.295"/>
  <testcase name="test_like_on_text_keyword_field_with_greater_than_one_word" classname="org.opensearch.sql.sql.LikeQueryIT" time="0.039"/>
  <testcase name="test_like_on_text_keyword_field_with_one_word" classname="org.opensearch.sql.sql.LikeQueryIT" time="0.036"/>
  <testcase name="test_like_in_select_with_escaped_underscore" classname="org.opensearch.sql.sql.LikeQueryIT" time="0.035"/>
  <testcase name="test_like_in_select_with_escaped_percent" classname="org.opensearch.sql.sql.LikeQueryIT" time="0.032"/>
  <testcase name="test_like_on_text_field_with_one_word" classname="org.opensearch.sql.sql.LikeQueryIT" time="0.033"/>
  <testcase name="test_like_in_where_with_escaped_percent" classname="org.opensearch.sql.sql.LikeQueryIT" time="0.033"/>
  <testcase name="test_like_in_select" classname="org.opensearch.sql.sql.LikeQueryIT" time="0.031"/>
  <testcase name="test_convert_field_text_to_keyword" classname="org.opensearch.sql.sql.LikeQueryIT" time="0.029"/>
  <testcase name="test_like_in_where_with_escaped_underscore" classname="org.opensearch.sql.sql.LikeQueryIT" time="0.03"/>
  <testcase name="test_like_on_text_field_with_greater_than_one_word" classname="org.opensearch.sql.sql.LikeQueryIT" time="0.031"/>
  <system-out><![CDATA[[2023-01-17T05:18:03,656][INFO ][o.o.s.s.LikeQueryIT      ] [test_like_in_where] before test
]]></system-out>
  <system-err><![CDATA[]]></system-err>
</testsuite>
<?xml version="1.0" encoding="UTF-8"?>
<testsuite name="org.opensearch.sql.sql.MatchBoolPrefixIT" tests="3" skipped="0" failures="0" errors="0" timestamp="2023-01-17T02:18:04" hostname="Unused26-MacBook.local" time="0.4">
  <properties/>
  <testcase name="additional_parameters_test" classname="org.opensearch.sql.sql.MatchBoolPrefixIT" time="0.335"/>
  <testcase name="query_matches_test" classname="org.opensearch.sql.sql.MatchBoolPrefixIT" time="0.034"/>
  <testcase name="no_matches_test" classname="org.opensearch.sql.sql.MatchBoolPrefixIT" time="0.03"/>
  <system-out><![CDATA[[2023-01-17T03:18:04,405][INFO ][o.o.s.s.MatchBoolPrefixIT] [additional_parameters_test] before test
]]></system-out>
  <system-err><![CDATA[]]></system-err>
</testsuite>
<?xml version="1.0" encoding="UTF-8"?>
<testsuite name="org.opensearch.sql.sql.MatchIT" tests="13" skipped="0" failures="0" errors="0" timestamp="2023-01-17T02:18:04" hostname="Unused26-MacBook.local" time="0.85">
  <properties/>
  <testcase name="match_query_in_having" classname="org.opensearch.sql.sql.MatchIT" time="0.377"/>
  <testcase name="match_query_alternate_syntax" classname="org.opensearch.sql.sql.MatchIT" time="0.035"/>
  <testcase name="missing_backtick_field_test" classname="org.opensearch.sql.sql.MatchIT" time="0.036"/>
  <testcase name="match_alternate_syntaxes_return_the_same_results" classname="org.opensearch.sql.sql.MatchIT" time="0.057"/>
  <testcase name="matchquery_in_having" classname="org.opensearch.sql.sql.MatchIT" time="0.037"/>
  <testcase name="matchquery_alternate_syntax" classname="org.opensearch.sql.sql.MatchIT" time="0.034"/>
  <testcase name="match_in_having" classname="org.opensearch.sql.sql.MatchIT" time="0.036"/>
  <testcase name="missing_field_test" classname="org.opensearch.sql.sql.MatchIT" time="0.03"/>
  <testcase name="match_in_where" classname="org.opensearch.sql.sql.MatchIT" time="0.041"/>
  <testcase name="matchquery_in_where" classname="org.opensearch.sql.sql.MatchIT" time="0.037"/>
  <testcase name="match_query_in_where" classname="org.opensearch.sql.sql.MatchIT" time="0.04"/>
  <testcase name="match_aliases_return_the_same_results" classname="org.opensearch.sql.sql.MatchIT" time="0.055"/>
  <testcase name="missing_quoted_field_test" classname="org.opensearch.sql.sql.MatchIT" time="0.031"/>
  <system-out><![CDATA[[2023-01-17T09:18:04,927][INFO ][o.o.s.s.MatchIT          ] [match_query_in_having] before test
]]></system-out>
  <system-err><![CDATA[]]></system-err>
</testsuite>
<?xml version="1.0" encoding="UTF-8"?>
<testsuite name="org.opensearch.sql.sql.MatchPhraseIT" tests="8" skipped="0" failures="0" errors="0" timestamp="2023-01-17T02:18:05" hostname="Unused26-MacBook.local" time="0.669">
  <properties/>
  <testcase name="matchphrase_alternate_syntax" classname="org.opensearch.sql.sql.MatchPhraseIT" time="0.392"/>
  <testcase name="test_matchphrasequery_legacy_function" classname="org.opensearch.sql.sql.MatchPhraseIT" time="0.04"/>
  <testcase name="test_match_phrase_with_slop" classname="org.opensearch.sql.sql.MatchPhraseIT" time="0.03"/>
  <testcase name="match_phrase_alternate_syntax" classname="org.opensearch.sql.sql.MatchPhraseIT" time="0.032"/>
  <testcase name="test_match_phrase_function" classname="org.opensearch.sql.sql.MatchPhraseIT" time="0.031"/>
  <testcase name="test_aliases_for_match_phrase_returns_same_result" classname="org.opensearch.sql.sql.MatchPhraseIT" time="0.059"/>
  <testcase name="match_phrase_alternate_syntaxes_return_the_same_results" classname="org.opensearch.sql.sql.MatchPhraseIT" time="0.053"/>
  <testcase name="test_matchphrase_legacy_function" classname="org.opensearch.sql.sql.MatchPhraseIT" time="0.03"/>
  <system-out><![CDATA[[2023-01-16T21:18:05,910][INFO ][o.o.s.s.MatchPhraseIT    ] [matchphrase_alternate_syntax] before test
]]></system-out>
  <system-err><![CDATA[]]></system-err>
</testsuite>
<?xml version="1.0" encoding="UTF-8"?>
<testsuite name="org.opensearch.sql.sql.MatchPhrasePrefixIT" tests="8" skipped="0" failures="0" errors="0" timestamp="2023-01-17T02:18:06" hostname="Unused26-MacBook.local" time="0.635">
  <properties/>
  <testcase name="analyzer_standard" classname="org.opensearch.sql.sql.MatchPhrasePrefixIT" time="0.396"/>
  <testcase name="zero_term_query_all" classname="org.opensearch.sql.sql.MatchPhrasePrefixIT" time="0.043"/>
  <testcase name="slop_is_2" classname="org.opensearch.sql.sql.MatchPhrasePrefixIT" time="0.033"/>
  <testcase name="all_optional_parameters" classname="org.opensearch.sql.sql.MatchPhrasePrefixIT" time="0.033"/>
  <testcase name="required_parameters" classname="org.opensearch.sql.sql.MatchPhrasePrefixIT" time="0.031"/>
  <testcase name="max_expansions_is_3" classname="org.opensearch.sql.sql.MatchPhrasePrefixIT" time="0.032"/>
  <testcase name="analyzer_english" classname="org.opensearch.sql.sql.MatchPhrasePrefixIT" time="0.032"/>
  <testcase name="slop_is_3" classname="org.opensearch.sql.sql.MatchPhrasePrefixIT" time="0.031"/>
  <system-out><![CDATA[[2023-01-16T20:18:06,684][INFO ][o.o.s.s.MatchPhrasePrefixIT] [analyzer_standard] before test
]]></system-out>
  <system-err><![CDATA[]]></system-err>
</testsuite>
<?xml version="1.0" encoding="UTF-8"?>
<testsuite name="org.opensearch.sql.sql.MathematicalFunctionIT" tests="11" skipped="0" failures="0" errors="0" timestamp="2023-01-17T02:18:07" hostname="Unused26-MacBook.local" time="0.781">
  <properties/>
  <testcase name="testCrc32" classname="org.opensearch.sql.sql.MathematicalFunctionIT" time="0.252"/>
  <testcase name="testSign" classname="org.opensearch.sql.sql.MathematicalFunctionIT" time="0.039"/>
  <testcase name="testTruncate" classname="org.opensearch.sql.sql.MathematicalFunctionIT" time="0.118"/>
  <testcase name="testConv" classname="org.opensearch.sql.sql.MathematicalFunctionIT" time="0.037"/>
  <testcase name="testCeil" classname="org.opensearch.sql.sql.MathematicalFunctionIT" time="0.049"/>
  <testcase name="testRound" classname="org.opensearch.sql.sql.MathematicalFunctionIT" time="0.102"/>
  <testcase name="testE" classname="org.opensearch.sql.sql.MathematicalFunctionIT" time="0.028"/>
  <testcase name="testCbrt" classname="org.opensearch.sql.sql.MathematicalFunctionIT" time="0.046"/>
  <testcase name="testAtan" classname="org.opensearch.sql.sql.MathematicalFunctionIT" time="0.027"/>
  <testcase name="testMod" classname="org.opensearch.sql.sql.MathematicalFunctionIT" time="0.038"/>
  <testcase name="testPI" classname="org.opensearch.sql.sql.MathematicalFunctionIT" time="0.039"/>
  <system-out><![CDATA[[2023-01-17T00:18:07,434][INFO ][o.o.s.s.MathematicalFunctionIT] [testCrc32] before test
]]></system-out>
  <system-err><![CDATA[]]></system-err>
</testsuite>
<?xml version="1.0" encoding="UTF-8"?>
<testsuite name="org.opensearch.sql.sql.MetricsIT" tests="1" skipped="0" failures="1" errors="0" timestamp="2023-01-17T02:18:08" hostname="Unused26-MacBook.local" time="0.363">
  <properties/>
  <testcase name="requestCount" classname="org.opensearch.sql.sql.MetricsIT" time="0.363">
    <failure message="org.opensearch.client.ResponseException: method [POST], host [http://127.0.0.1:61803], URI [/_plugins/_sql?format=json], status line [HTTP/1.1 400 Bad Request]&#10;{&#10;  &quot;error&quot;: {&#10;    &quot;reason&quot;: &quot;Invalid SQL query&quot;,&#10;    &quot;details&quot;: &quot;Query is unsupported in the new engine&quot;,&#10;    &quot;type&quot;: &quot;SQLFeatureDisabledException&quot;&#10;  },&#10;  &quot;status&quot;: 400&#10;}" type="org.opensearch.client.ResponseException">org.opensearch.client.ResponseException: method [POST], host [http://127.0.0.1:61803], URI [/_plugins/_sql?format=json], status line [HTTP/1.1 400 Bad Request]
</failure>
  </testcase>
  <system-out><![CDATA[[2566-01-17T13:18:08,332][INFO ][o.o.s.s.MetricsIT        ] [requestCount] before test
]]></system-out>
  <system-err><![CDATA[REPRODUCE WITH: ./gradlew ':integ-test:integTest' --tests "org.opensearch.sql.sql.MetricsIT.requestCount" -Dtests.seed=160F64C51FACC80F -Dtests.security.manager=false -Dtests.locale=th-TH -Dtests.timezone=Australia/Hobart -Druntime.java=17
]]></system-err>
</testsuite>
<?xml version="1.0" encoding="UTF-8"?>
<testsuite name="org.opensearch.sql.sql.MultiMatchIT" tests="12" skipped="0" failures="0" errors="0" timestamp="2023-01-17T02:18:08" hostname="Unused26-MacBook.local" time="0.909">
  <properties/>
  <testcase name="verify_wildcard_test" classname="org.opensearch.sql.sql.MultiMatchIT" time="0.494"/>
  <testcase name="test_all_params_multimatchquery_alternate_parameter_syntax" classname="org.opensearch.sql.sql.MultiMatchIT" time="0.038"/>
  <testcase name="test_multimatchquery_alternate_parameter_syntax" classname="org.opensearch.sql.sql.MultiMatchIT" time="0.032"/>
  <testcase name="test_multi_match_alternate_parameter_syntax" classname="org.opensearch.sql.sql.MultiMatchIT" time="0.03"/>
  <testcase name="multi_match_alternate_syntax" classname="org.opensearch.sql.sql.MultiMatchIT" time="0.031"/>
  <testcase name="test_mandatory_params" classname="org.opensearch.sql.sql.MultiMatchIT" time="0.034"/>
  <testcase name="test_quoted_multi_match_alternate_parameter_syntax" classname="org.opensearch.sql.sql.MultiMatchIT" time="0.03"/>
  <testcase name="multi_match_alternate_syntaxes_return_the_same_results" classname="org.opensearch.sql.sql.MultiMatchIT" time="0.055"/>
  <testcase name="multimatch_alternate_syntax" classname="org.opensearch.sql.sql.MultiMatchIT" time="0.047"/>
  <testcase name="test_all_params" classname="org.opensearch.sql.sql.MultiMatchIT" time="0.035"/>
  <testcase name="test_wildcard_multi_match_alternate_parameter_syntax" classname="org.opensearch.sql.sql.MultiMatchIT" time="0.041"/>
  <testcase name="test_multimatch_alternate_parameter_syntax" classname="org.opensearch.sql.sql.MultiMatchIT" time="0.036"/>
  <system-out><![CDATA[[2023-01-17T07:48:08,867][INFO ][o.o.s.s.MultiMatchIT     ] [verify_wildcard_test] before test
]]></system-out>
  <system-err><![CDATA[]]></system-err>
</testsuite>
<?xml version="1.0" encoding="UTF-8"?>
<testsuite name="org.opensearch.sql.sql.NullLiteralIT" tests="4" skipped="0" failures="0" errors="0" timestamp="2023-01-17T02:18:09" hostname="Unused26-MacBook.local" time="0.177">
  <properties/>
  <testcase name="testNullLiteralInInterval" classname="org.opensearch.sql.sql.NullLiteralIT" time="0.075"/>
  <testcase name="testNullLiteralInOperator" classname="org.opensearch.sql.sql.NullLiteralIT" time="0.032"/>
  <testcase name="testNullLiteralInFunction" classname="org.opensearch.sql.sql.NullLiteralIT" time="0.037"/>
  <testcase name="testNullLiteralSchema" classname="org.opensearch.sql.sql.NullLiteralIT" time="0.032"/>
  <system-out><![CDATA[[2023-01-16T19:18:09,898][INFO ][o.o.s.s.NullLiteralIT    ] [testNullLiteralInInterval] before test
]]></system-out>
  <system-err><![CDATA[]]></system-err>
</testsuite>
<?xml version="1.0" encoding="UTF-8"?>
<testsuite name="org.opensearch.sql.sql.PositionFunctionIT" tests="7" skipped="0" failures="0" errors="0" timestamp="2023-01-17T02:18:10" hostname="Unused26-MacBook.local" time="0.827">
  <properties/>
  <testcase name="position_function_test" classname="org.opensearch.sql.sql.PositionFunctionIT" time="0.611"/>
  <testcase name="position_function_with_string_literals_test" classname="org.opensearch.sql.sql.PositionFunctionIT" time="0.029"/>
  <testcase name="position_function_with_nulls_test" classname="org.opensearch.sql.sql.PositionFunctionIT" time="0.031"/>
  <testcase name="position_function_with_only_fields_as_args_test" classname="org.opensearch.sql.sql.PositionFunctionIT" time="0.036"/>
  <testcase name="position_function_with_null_args_test" classname="org.opensearch.sql.sql.PositionFunctionIT" time="0.044"/>
  <testcase name="position_function_in_where_clause_test" classname="org.opensearch.sql.sql.PositionFunctionIT" time="0.037"/>
  <testcase name="position_function_with_function_as_arg_test" classname="org.opensearch.sql.sql.PositionFunctionIT" time="0.036"/>
  <system-out><![CDATA[[2023-01-17T07:48:10,154][INFO ][o.o.s.s.PositionFunctionIT] [position_function_test] before test
]]></system-out>
  <system-err><![CDATA[]]></system-err>
</testsuite>
<?xml version="1.0" encoding="UTF-8"?>
<testsuite name="org.opensearch.sql.sql.PreparedStatementIT" tests="1" skipped="0" failures="0" errors="0" timestamp="2023-01-17T02:18:11" hostname="Unused26-MacBook.local" time="0.37">
  <properties/>
  <testcase name="testPreparedStatement" classname="org.opensearch.sql.sql.PreparedStatementIT" time="0.37"/>
  <system-out><![CDATA[[2023-01-17T05:18:11,132][INFO ][o.o.s.s.PreparedStatementIT] [testPreparedStatement] before test
]]></system-out>
  <system-err><![CDATA[]]></system-err>
</testsuite>
<?xml version="1.0" encoding="UTF-8"?>
<testsuite name="org.opensearch.sql.sql.QueryIT" tests="5" skipped="0" failures="0" errors="0" timestamp="2023-01-17T02:18:11" hostname="Unused26-MacBook.local" time="0.6">
  <properties/>
  <testcase name="all_params_test" classname="org.opensearch.sql.sql.QueryIT" time="0.392"/>
  <testcase name="wildcard_test" classname="org.opensearch.sql.sql.QueryIT" time="0.078"/>
  <testcase name="all_fields_test" classname="org.opensearch.sql.sql.QueryIT" time="0.039"/>
  <testcase name="query_string_and_query_return_the_same_results_test" classname="org.opensearch.sql.sql.QueryIT" time="0.055"/>
  <testcase name="mandatory_params_test" classname="org.opensearch.sql.sql.QueryIT" time="0.034"/>
  <system-out><![CDATA[[2023-01-16T19:18:11,620][INFO ][o.o.s.s.QueryIT          ] [all_params_test] before test
]]></system-out>
  <system-err><![CDATA[]]></system-err>
</testsuite>
<?xml version="1.0" encoding="UTF-8"?>
<testsuite name="org.opensearch.sql.sql.QueryStringIT" tests="4" skipped="0" failures="0" errors="0" timestamp="2023-01-17T02:18:12" hostname="Unused26-MacBook.local" time="0.54">
  <properties/>
  <testcase name="all_params_test" classname="org.opensearch.sql.sql.QueryStringIT" time="0.41"/>
  <testcase name="mandatory_params_test" classname="org.opensearch.sql.sql.QueryStringIT" time="0.033"/>
  <testcase name="all_fields_test" classname="org.opensearch.sql.sql.QueryStringIT" time="0.037"/>
  <testcase name="wildcard_test" classname="org.opensearch.sql.sql.QueryStringIT" time="0.06"/>
  <system-out><![CDATA[[2023-01-16T23:18:12,340][INFO ][o.o.s.s.QueryStringIT    ] [all_params_test] before test
]]></system-out>
  <system-err><![CDATA[]]></system-err>
</testsuite>
<?xml version="1.0" encoding="UTF-8"?>
<testsuite name="org.opensearch.sql.sql.QueryValidationIT" tests="4" skipped="1" failures="0" errors="0" timestamp="2023-01-17T02:18:12" hostname="Unused26-MacBook.local" time="0.453">
  <properties/>
  <testcase name="testNonAggregatedSelectColumnMissingInGroupByClause" classname="org.opensearch.sql.sql.QueryValidationIT" time="0.0">
    <skipped/>
  </testcase>
  <testcase name="testNonAggregatedSelectColumnPresentWithoutGroupByClause" classname="org.opensearch.sql.sql.QueryValidationIT" time="0.389"/>
  <testcase name="aggregationFunctionInSelectGroupByMultipleFields" classname="org.opensearch.sql.sql.QueryValidationIT" time="0.032"/>
  <testcase name="testQueryFieldWithKeyword" classname="org.opensearch.sql.sql.QueryValidationIT" time="0.029"/>
  <system-out><![CDATA[[2023-01-17T02:18:13,004][INFO ][o.o.s.s.QueryValidationIT] [testNonAggregatedSelectColumnPresentWithoutGroupByClause] before test
]]></system-out>
  <system-err><![CDATA[]]></system-err>
</testsuite>
<?xml version="1.0" encoding="UTF-8"?>
<testsuite name="org.opensearch.sql.sql.RawFormatIT" tests="1" skipped="0" failures="0" errors="0" timestamp="2023-01-17T02:18:13" hostname="Unused26-MacBook.local" time="0.264">
  <properties/>
  <testcase name="rawFormatWithPipeFieldTest" classname="org.opensearch.sql.sql.RawFormatIT" time="0.264"/>
  <system-out><![CDATA[[2023-01-16T20:18:13,571][INFO ][o.o.s.s.RawFormatIT      ] [rawFormatWithPipeFieldTest] before test
]]></system-out>
  <system-err><![CDATA[]]></system-err>
</testsuite>
<?xml version="1.0" encoding="UTF-8"?>
<testsuite name="org.opensearch.sql.sql.RelevanceFunctionIT" tests="6" skipped="0" failures="0" errors="0" timestamp="2023-01-17T02:18:13" hostname="Unused26-MacBook.local" time="0.699">
  <properties/>
  <testcase name="verify_escape_in_query_string" classname="org.opensearch.sql.sql.RelevanceFunctionIT" time="0.418"/>
  <testcase name="verify_default_operator_in_multi_match" classname="org.opensearch.sql.sql.RelevanceFunctionIT" time="0.061"/>
  <testcase name="verify_default_operator_in_simple_query_string" classname="org.opensearch.sql.sql.RelevanceFunctionIT" time="0.046"/>
  <testcase name="verify_flags_in_simple_query_string" classname="org.opensearch.sql.sql.RelevanceFunctionIT" time="0.07"/>
  <testcase name="verify_operator_in_match" classname="org.opensearch.sql.sql.RelevanceFunctionIT" time="0.054"/>
  <testcase name="verify_default_operator_in_query_string" classname="org.opensearch.sql.sql.RelevanceFunctionIT" time="0.047"/>
  <system-out><![CDATA[[2023-01-17T02:18:13,950][INFO ][o.o.s.s.RelevanceFunctionIT] [verify_escape_in_query_string] before test
]]></system-out>
  <system-err><![CDATA[]]></system-err>
</testsuite>
<?xml version="1.0" encoding="UTF-8"?>
<testsuite name="org.opensearch.sql.sql.SQLCorrectnessIT" tests="1" skipped="0" failures="0" errors="0" timestamp="2023-01-17T02:18:14" hostname="Unused26-MacBook.local" time="8.06">
  <properties/>
  <testcase name="runAllTests" classname="org.opensearch.sql.sql.SQLCorrectnessIT" time="8.06"/>
  <system-out><![CDATA[[2023-01-17T10:18:14,777][INFO ][o.o.s.s.SQLCorrectnessIT ] [runAllTests] before test
]]></system-out>
  <system-err><![CDATA[]]></system-err>
</testsuite>
<?xml version="1.0" encoding="UTF-8"?>
<testsuite name="org.opensearch.sql.sql.SimpleQueryStringIT" tests="3" skipped="0" failures="0" errors="0" timestamp="2023-01-17T02:18:23" hostname="Unused26-MacBook.local" time="0.803">
  <properties/>
  <testcase name="test_all_params" classname="org.opensearch.sql.sql.SimpleQueryStringIT" time="0.687"/>
  <testcase name="verify_wildcard_test" classname="org.opensearch.sql.sql.SimpleQueryStringIT" time="0.077"/>
  <testcase name="test_mandatory_params" classname="org.opensearch.sql.sql.SimpleQueryStringIT" time="0.038"/>
  <system-out><![CDATA[[2023-01-17T13:18:23,342][INFO ][o.o.s.s.SimpleQueryStringIT] [test_all_params] before test
]]></system-out>
  <system-err><![CDATA[]]></system-err>
</testsuite>
<?xml version="1.0" encoding="UTF-8"?>
<testsuite name="org.opensearch.sql.sql.SystemFunctionIT" tests="2" skipped="0" failures="0" errors="0" timestamp="2023-01-17T02:18:24" hostname="Unused26-MacBook.local" time="0.596">
  <properties/>
  <testcase name="typeof_opensearch_types" classname="org.opensearch.sql.sql.SystemFunctionIT" time="0.555"/>
  <testcase name="typeof_sql_types" classname="org.opensearch.sql.sql.SystemFunctionIT" time="0.041"/>
  <system-out><![CDATA[[2023-01-17T02:18:24,268][INFO ][o.o.s.s.SystemFunctionIT ] [typeof_opensearch_types] before test
]]></system-out>
  <system-err><![CDATA[]]></system-err>
</testsuite>
<?xml version="1.0" encoding="UTF-8"?>
<testsuite name="org.opensearch.sql.sql.TextFunctionIT" tests="15" skipped="0" failures="0" errors="0" timestamp="2023-01-17T02:18:25" hostname="Unused26-MacBook.local" time="0.584">
  <properties/>
  <testcase name="testStrcmp" classname="org.opensearch.sql.sql.TextFunctionIT" time="0.079"/>
  <testcase name="testConcat" classname="org.opensearch.sql.sql.TextFunctionIT" time="0.036"/>
  <testcase name="testSubstring" classname="org.opensearch.sql.sql.TextFunctionIT" time="0.034"/>
  <testcase name="testUpper" classname="org.opensearch.sql.sql.TextFunctionIT" time="0.035"/>
  <testcase name="testLeft" classname="org.opensearch.sql.sql.TextFunctionIT" time="0.024"/>
  <testcase name="testTrim" classname="org.opensearch.sql.sql.TextFunctionIT" time="0.046"/>
  <testcase name="testLength" classname="org.opensearch.sql.sql.TextFunctionIT" time="0.026"/>
  <testcase name="testRegexp" classname="org.opensearch.sql.sql.TextFunctionIT" time="0.038"/>
  <testcase name="testLtrim" classname="org.opensearch.sql.sql.TextFunctionIT" time="0.045"/>
  <testcase name="testLower" classname="org.opensearch.sql.sql.TextFunctionIT" time="0.034"/>
  <testcase name="testConcat_ws" classname="org.opensearch.sql.sql.TextFunctionIT" time="0.034"/>
  <testcase name="testSubstr" classname="org.opensearch.sql.sql.TextFunctionIT" time="0.032"/>
  <testcase name="testRtrim" classname="org.opensearch.sql.sql.TextFunctionIT" time="0.041"/>
  <testcase name="testRight" classname="org.opensearch.sql.sql.TextFunctionIT" time="0.025"/>
  <testcase name="testReverse" classname="org.opensearch.sql.sql.TextFunctionIT" time="0.045"/>
  <system-out><![CDATA[[2023-01-17T05:18:25,014][INFO ][o.o.s.s.TextFunctionIT   ] [testStrcmp] before test
]]></system-out>
  <system-err><![CDATA[]]></system-err>
</testsuite>
<?xml version="1.0" encoding="UTF-8"?>
<testsuite name="org.opensearch.sql.sql.WildcardQueryIT" tests="18" skipped="0" failures="0" errors="0" timestamp="2023-01-17T02:18:25" hostname="Unused26-MacBook.local" time="1.155">
  <properties/>
  <testcase name="test_wildcard_query_on_text_keyword_field_with_greater_than_one_word" classname="org.opensearch.sql.sql.WildcardQueryIT" time="0.275"/>
  <testcase name="test_wildcard_query_asterisk_function" classname="org.opensearch.sql.sql.WildcardQueryIT" time="0.267"/>
  <testcase name="test_escaping_wildcard_percent_in_text" classname="org.opensearch.sql.sql.WildcardQueryIT" time="0.053"/>
  <testcase name="test_escaping_wildcard_percent_in_the_end_of_text" classname="org.opensearch.sql.sql.WildcardQueryIT" time="0.037"/>
  <testcase name="test_wildcard_query_question_mark_function" classname="org.opensearch.sql.sql.WildcardQueryIT" time="0.049"/>
  <testcase name="test_double_escaped_wildcard_percent" classname="org.opensearch.sql.sql.WildcardQueryIT" time="0.04"/>
  <testcase name="test_wildcard_query_on_text_field_with_one_word" classname="org.opensearch.sql.sql.WildcardQueryIT" time="0.041"/>
  <testcase name="test_double_escaped_wildcard_underscore" classname="org.opensearch.sql.sql.WildcardQueryIT" time="0.03"/>
  <testcase name="test_escaping_wildcard_underscore_in_the_end_of_text" classname="org.opensearch.sql.sql.WildcardQueryIT" time="0.036"/>
  <testcase name="test_escaping_wildcard_underscore_in_the_beginning_of_text" classname="org.opensearch.sql.sql.WildcardQueryIT" time="0.033"/>
  <testcase name="test_wildcard_query_sql_wildcard_percent_conversion" classname="org.opensearch.sql.sql.WildcardQueryIT" time="0.052"/>
  <testcase name="test_wildcard_query_on_text_field_with_greater_than_one_word" classname="org.opensearch.sql.sql.WildcardQueryIT" time="0.03"/>
  <testcase name="all_params_test" classname="org.opensearch.sql.sql.WildcardQueryIT" time="0.035"/>
  <testcase name="test_escaping_wildcard_percent_in_the_beginning_of_text" classname="org.opensearch.sql.sql.WildcardQueryIT" time="0.033"/>
  <testcase name="test_wildcard_query_on_text_keyword_field_with_one_word" classname="org.opensearch.sql.sql.WildcardQueryIT" time="0.032"/>
  <testcase name="test_wildcard_query_sql_wildcard_underscore_conversion" classname="org.opensearch.sql.sql.WildcardQueryIT" time="0.044"/>
  <testcase name="test_backslash_wildcard" classname="org.opensearch.sql.sql.WildcardQueryIT" time="0.03"/>
  <testcase name="test_escaping_wildcard_underscore_in_text" classname="org.opensearch.sql.sql.WildcardQueryIT" time="0.032"/>
  <system-out><![CDATA[[2023-01-16T21:18:25,682][INFO ][o.o.s.s.WildcardQueryIT  ] [test_wildcard_query_on_text_keyword_field_with_greater_than_one_word] before test
]]></system-out>
  <system-err><![CDATA[]]></system-err>
</testsuite>
<?xml version="1.0" encoding="UTF-8"?>
<testsuite name="org.opensearch.sql.sql.WindowFunctionIT" tests="5" skipped="0" failures="0" errors="0" timestamp="2023-01-17T02:18:27" hostname="Unused26-MacBook.local" time="0.71">
  <properties/>
  <testcase name="testDistinctCountOverNull" classname="org.opensearch.sql.sql.WindowFunctionIT" time="0.572"/>
  <testcase name="testOrderByNullLast" classname="org.opensearch.sql.sql.WindowFunctionIT" time="0.039"/>
  <testcase name="testDistinctCountOver" classname="org.opensearch.sql.sql.WindowFunctionIT" time="0.031"/>
  <testcase name="testOrderByNullFirst" classname="org.opensearch.sql.sql.WindowFunctionIT" time="0.03"/>
  <testcase name="testDistinctCountPartition" classname="org.opensearch.sql.sql.WindowFunctionIT" time="0.035"/>
  <system-out><![CDATA[[2023-01-16T19:18:27,057][INFO ][o.o.s.s.WindowFunctionIT ] [testDistinctCountOverNull] before test
]]></system-out>
  <system-err><![CDATA[]]></system-err>
</testsuite>
<?xml version="1.0" encoding="UTF-8"?>
<testsuite name="org.opensearch.sql.legacy.AggregationExpressionIT" tests="15" skipped="8" failures="0" errors="0" timestamp="2023-01-17T02:15:24" hostname="Unused26-MacBook.local" time="1.965">
  <properties/>
  <testcase name="noGroupKeyAvgOnIntegerShouldPass" classname="org.opensearch.sql.legacy.AggregationExpressionIT" time="0.0">
    <skipped/>
  </testcase>
  <testcase name="AddLiteralOnGroupKeyShouldPass" classname="org.opensearch.sql.legacy.AggregationExpressionIT" time="0.0">
    <skipped/>
  </testcase>
  <testcase name="noGroupKeyMaxAddLiteralShouldPass" classname="org.opensearch.sql.legacy.AggregationExpressionIT" time="0.002">
    <skipped/>
  </testcase>
  <testcase name="noGroupKeySingleFuncOverAggWithoutAliasShouldPass" classname="org.opensearch.sql.legacy.AggregationExpressionIT" time="1.422"/>
  <testcase name="groupByDateShouldPass" classname="org.opensearch.sql.legacy.AggregationExpressionIT" time="0.001">
    <skipped/>
  </testcase>
  <testcase name="noGroupKeyMaxAddMinShouldPass" classname="org.opensearch.sql.legacy.AggregationExpressionIT" time="0.061"/>
  <testcase name="groupByDateWithAliasShouldPass" classname="org.opensearch.sql.legacy.AggregationExpressionIT" time="0.0">
    <skipped/>
  </testcase>
  <testcase name="hasGroupKeyMaxAddLiteralShouldPass" classname="org.opensearch.sql.legacy.AggregationExpressionIT" time="0.0">
    <skipped/>
  </testcase>
  <testcase name="hasGroupKeyLogMaxAddMinShouldPass" classname="org.opensearch.sql.legacy.AggregationExpressionIT" time="0.117"/>
  <testcase name="hasGroupKeyAvgOnIntegerShouldPass" classname="org.opensearch.sql.legacy.AggregationExpressionIT" time="0.076"/>
  <testcase name="aggregateCastStatementShouldNotReturnZero" classname="org.opensearch.sql.legacy.AggregationExpressionIT" time="0.098"/>
  <testcase name="noGroupKeyLogMaxAddMinShouldPass" classname="org.opensearch.sql.legacy.AggregationExpressionIT" time="0.0">
    <skipped/>
  </testcase>
  <testcase name="logWithAddLiteralOnGroupKeyShouldPass" classname="org.opensearch.sql.legacy.AggregationExpressionIT" time="0.112"/>
  <testcase name="logWithAddLiteralOnGroupKeyAndMaxSubtractLiteralShouldPass" classname="org.opensearch.sql.legacy.AggregationExpressionIT" time="0.0">
    <skipped/>
  </testcase>
  <testcase name="hasGroupKeyMaxAddMinShouldPass" classname="org.opensearch.sql.legacy.AggregationExpressionIT" time="0.069"/>
  <system-out><![CDATA[[2023-01-17T08:15:24,837][INFO ][o.o.s.l.AggregationExpressionIT] [noGroupKeySingleFuncOverAggWithoutAliasShouldPass] before test
]]></system-out>
  <system-err><![CDATA[]]></system-err>
</testsuite>
<?xml version="1.0" encoding="UTF-8"?>
<testsuite name="org.opensearch.sql.legacy.AggregationIT" tests="55" skipped="2" failures="45" errors="0" timestamp="2023-01-17T02:15:27" hostname="Unused26-MacBook.local" time="8.575">
  <properties/>
  <testcase name="minTest" classname="org.opensearch.sql.legacy.AggregationIT" time="5.442">
    <failure message="org.opensearch.client.ResponseException: method [POST], host [http://[::1]:61802], URI [/_plugins/_sql?format=json], status line [HTTP/1.1 400 Bad Request]&#10;{&#10;  &quot;error&quot;: {&#10;    &quot;reason&quot;: &quot;Invalid SQL query&quot;,&#10;    &quot;details&quot;: &quot;Query is unsupported in the new engine&quot;,&#10;    &quot;type&quot;: &quot;SQLFeatureDisabledException&quot;&#10;  },&#10;  &quot;status&quot;: 400&#10;}" type="org.opensearch.client.ResponseException">org.opensearch.client.ResponseException: method [POST], host [http://[::1]:61802], URI [/_plugins/_sql?format=json], status line [HTTP/1.1 400 Bad Request]
</failure>
  </testcase>
  <testcase name="countGroupByDateTest" classname="org.opensearch.sql.legacy.AggregationIT" time="0.1">
    <failure message="org.opensearch.client.ResponseException: method [POST], host [http://127.0.0.1:61803], URI [/_plugins/_sql/_explain], status line [HTTP/1.1 400 Bad Request]&#10;{&#10;  &quot;error&quot;: {&#10;    &quot;reason&quot;: &quot;Invalid SQL query&quot;,&#10;    &quot;details&quot;: &quot;Query is unsupported in the new engine&quot;,&#10;    &quot;type&quot;: &quot;SQLFeatureDisabledException&quot;&#10;  },&#10;  &quot;status&quot;: 400&#10;}" type="org.opensearch.client.ResponseException">org.opensearch.client.ResponseException: method [POST], host [http://127.0.0.1:61803], URI [/_plugins/_sql/_explain], status line [HTTP/1.1 400 Bad Request]
</failure>
  </testcase>
  <testcase name="topHitTest" classname="org.opensearch.sql.legacy.AggregationIT" time="0.082">
    <failure message="org.opensearch.client.ResponseException: method [POST], host [http://[::1]:61802], URI [/_plugins/_sql?format=json], status line [HTTP/1.1 400 Bad Request]&#10;{&#10;  &quot;error&quot;: {&#10;    &quot;reason&quot;: &quot;Invalid SQL query&quot;,&#10;    &quot;details&quot;: &quot;Query is unsupported in the new engine&quot;,&#10;    &quot;type&quot;: &quot;SQLFeatureDisabledException&quot;&#10;  },&#10;  &quot;status&quot;: 400&#10;}" type="org.opensearch.client.ResponseException">org.opensearch.client.ResponseException: method [POST], host [http://[::1]:61802], URI [/_plugins/_sql?format=json], status line [HTTP/1.1 400 Bad Request]
</failure>
  </testcase>
  <testcase name="minOnNestedField" classname="org.opensearch.sql.legacy.AggregationIT" time="0.057">
    <failure message="org.opensearch.client.ResponseException: method [POST], host [http://127.0.0.1:61803], URI [/_plugins/_sql?format=json], status line [HTTP/1.1 400 Bad Request]&#10;{&#10;  &quot;error&quot;: {&#10;    &quot;reason&quot;: &quot;Invalid SQL query&quot;,&#10;    &quot;details&quot;: &quot;Query is unsupported in the new engine&quot;,&#10;    &quot;type&quot;: &quot;SQLFeatureDisabledException&quot;&#10;  },&#10;  &quot;status&quot;: 400&#10;}" type="org.opensearch.client.ResponseException">org.opensearch.client.ResponseException: method [POST], host [http://127.0.0.1:61803], URI [/_plugins/_sql?format=json], status line [HTTP/1.1 400 Bad Request]
</failure>
  </testcase>
  <testcase name="extendedStatsTest" classname="org.opensearch.sql.legacy.AggregationIT" time="0.053">
    <failure message="org.opensearch.client.ResponseException: method [POST], host [http://[::1]:61802], URI [/_plugins/_sql?format=json], status line [HTTP/1.1 400 Bad Request]&#10;{&#10;  &quot;error&quot;: {&#10;    &quot;reason&quot;: &quot;Invalid SQL query&quot;,&#10;    &quot;details&quot;: &quot;Query is unsupported in the new engine&quot;,&#10;    &quot;type&quot;: &quot;SQLFeatureDisabledException&quot;&#10;  },&#10;  &quot;status&quot;: 400&#10;}" type="org.opensearch.client.ResponseException">org.opensearch.client.ResponseException: method [POST], host [http://[::1]:61802], URI [/_plugins/_sql?format=json], status line [HTTP/1.1 400 Bad Request]
</failure>
  </testcase>
  <testcase name="multipleGroupBysWithSize" classname="org.opensearch.sql.legacy.AggregationIT" time="0.057">
    <failure message="org.opensearch.client.ResponseException: method [POST], host [http://127.0.0.1:61803], URI [/_plugins/_sql?format=json], status line [HTTP/1.1 400 Bad Request]&#10;{&#10;  &quot;error&quot;: {&#10;    &quot;reason&quot;: &quot;Invalid SQL query&quot;,&#10;    &quot;details&quot;: &quot;Query is unsupported in the new engine&quot;,&#10;    &quot;type&quot;: &quot;SQLFeatureDisabledException&quot;&#10;  },&#10;  &quot;status&quot;: 400&#10;}" type="org.opensearch.client.ResponseException">org.opensearch.client.ResponseException: method [POST], host [http://127.0.0.1:61803], URI [/_plugins/_sql?format=json], status line [HTTP/1.1 400 Bad Request]
</failure>
  </testcase>
  <testcase name="topHitTest_WithExclude" classname="org.opensearch.sql.legacy.AggregationIT" time="0.06">
    <failure message="org.opensearch.client.ResponseException: method [POST], host [http://[::1]:61802], URI [/_plugins/_sql?format=json], status line [HTTP/1.1 400 Bad Request]&#10;{&#10;  &quot;error&quot;: {&#10;    &quot;reason&quot;: &quot;Invalid SQL query&quot;,&#10;    &quot;details&quot;: &quot;Query is unsupported in the new engine&quot;,&#10;    &quot;type&quot;: &quot;SQLFeatureDisabledException&quot;&#10;  },&#10;  &quot;status&quot;: 400&#10;}" type="org.opensearch.client.ResponseException">org.opensearch.client.ResponseException: method [POST], host [http://[::1]:61802], URI [/_plugins/_sql?format=json], status line [HTTP/1.1 400 Bad Request]
</failure>
  </testcase>
  <testcase name="reverseToRootGroupByOnNestedFieldWithFilterAndSumOnReverseNestedField" classname="org.opensearch.sql.legacy.AggregationIT" time="0.058">
    <failure message="org.opensearch.client.ResponseException: method [POST], host [http://127.0.0.1:61803], URI [/_plugins/_sql?format=json], status line [HTTP/1.1 400 Bad Request]&#10;{&#10;  &quot;error&quot;: {&#10;    &quot;reason&quot;: &quot;Invalid SQL query&quot;,&#10;    &quot;details&quot;: &quot;Query is unsupported in the new engine&quot;,&#10;    &quot;type&quot;: &quot;SQLFeatureDisabledException&quot;&#10;  },&#10;  &quot;status&quot;: 400&#10;}" type="org.opensearch.client.ResponseException">org.opensearch.client.ResponseException: method [POST], host [http://127.0.0.1:61803], URI [/_plugins/_sql?format=json], status line [HTTP/1.1 400 Bad Request]
</failure>
  </testcase>
  <testcase name="sumOnNestedField" classname="org.opensearch.sql.legacy.AggregationIT" time="0.078">
    <failure message="org.opensearch.client.ResponseException: method [POST], host [http://[::1]:61802], URI [/_plugins/_sql?format=json], status line [HTTP/1.1 400 Bad Request]&#10;{&#10;  &quot;error&quot;: {&#10;    &quot;reason&quot;: &quot;Invalid SQL query&quot;,&#10;    &quot;details&quot;: &quot;Query is unsupported in the new engine&quot;,&#10;    &quot;type&quot;: &quot;SQLFeatureDisabledException&quot;&#10;  },&#10;  &quot;status&quot;: 400&#10;}" type="org.opensearch.client.ResponseException">org.opensearch.client.ResponseException: method [POST], host [http://[::1]:61802], URI [/_plugins/_sql?format=json], status line [HTTP/1.1 400 Bad Request]
</failure>
  </testcase>
  <testcase name="limitTest" classname="org.opensearch.sql.legacy.AggregationIT" time="0.154"/>
  <testcase name="groupByTest" classname="org.opensearch.sql.legacy.AggregationIT" time="0.069">
    <failure message="org.opensearch.client.ResponseException: method [POST], host [http://[::1]:61802], URI [/_plugins/_sql?format=json], status line [HTTP/1.1 400 Bad Request]&#10;{&#10;  &quot;error&quot;: {&#10;    &quot;reason&quot;: &quot;Invalid SQL query&quot;,&#10;    &quot;details&quot;: &quot;Query is unsupported in the new engine&quot;,&#10;    &quot;type&quot;: &quot;SQLFeatureDisabledException&quot;&#10;  },&#10;  &quot;status&quot;: 400&#10;}" type="org.opensearch.client.ResponseException">org.opensearch.client.ResponseException: method [POST], host [http://[::1]:61802], URI [/_plugins/_sql?format=json], status line [HTTP/1.1 400 Bad Request]
</failure>
  </testcase>
  <testcase name="reverseToRootGroupByOnNestedFieldWithFilterTestWithReverseNestedNoPath" classname="org.opensearch.sql.legacy.AggregationIT" time="0.071">
    <failure message="org.opensearch.client.ResponseException: method [POST], host [http://127.0.0.1:61803], URI [/_plugins/_sql?format=json], status line [HTTP/1.1 400 Bad Request]&#10;{&#10;  &quot;error&quot;: {&#10;    &quot;reason&quot;: &quot;Invalid SQL query&quot;,&#10;    &quot;details&quot;: &quot;Query is unsupported in the new engine&quot;,&#10;    &quot;type&quot;: &quot;SQLFeatureDisabledException&quot;&#10;  },&#10;  &quot;status&quot;: 400&#10;}" type="org.opensearch.client.ResponseException">org.opensearch.client.ResponseException: method [POST], host [http://127.0.0.1:61803], URI [/_plugins/_sql?format=json], status line [HTTP/1.1 400 Bad Request]
</failure>
  </testcase>
  <testcase name="postFilterTest" classname="org.opensearch.sql.legacy.AggregationIT" time="0.057">
    <failure message="org.opensearch.client.ResponseException: method [POST], host [http://[::1]:61802], URI [/_plugins/_sql?format=json], status line [HTTP/1.1 400 Bad Request]&#10;{&#10;  &quot;error&quot;: {&#10;    &quot;reason&quot;: &quot;Invalid SQL query&quot;,&#10;    &quot;details&quot;: &quot;Query is unsupported in the new engine&quot;,&#10;    &quot;type&quot;: &quot;SQLFeatureDisabledException&quot;&#10;  },&#10;  &quot;status&quot;: 400&#10;}" type="org.opensearch.client.ResponseException">org.opensearch.client.ResponseException: method [POST], host [http://[::1]:61802], URI [/_plugins/_sql?format=json], status line [HTTP/1.1 400 Bad Request]
</failure>
  </testcase>
  <testcase name="termsWithOrder" classname="org.opensearch.sql.legacy.AggregationIT" time="0.058">
    <failure message="org.opensearch.client.ResponseException: method [POST], host [http://127.0.0.1:61803], URI [/_plugins/_sql?format=json], status line [HTTP/1.1 400 Bad Request]&#10;{&#10;  &quot;error&quot;: {&#10;    &quot;reason&quot;: &quot;Invalid SQL query&quot;,&#10;    &quot;details&quot;: &quot;Query is unsupported in the new engine&quot;,&#10;    &quot;type&quot;: &quot;SQLFeatureDisabledException&quot;&#10;  },&#10;  &quot;status&quot;: 400&#10;}" type="org.opensearch.client.ResponseException">org.opensearch.client.ResponseException: method [POST], host [http://127.0.0.1:61803], URI [/_plugins/_sql?format=json], status line [HTTP/1.1 400 Bad Request]
</failure>
  </testcase>
  <testcase name="percentileTestSpecific" classname="org.opensearch.sql.legacy.AggregationIT" time="0.057">
    <failure message="org.opensearch.client.ResponseException: method [POST], host [http://[::1]:61802], URI [/_plugins/_sql?format=json], status line [HTTP/1.1 400 Bad Request]&#10;{&#10;  &quot;error&quot;: {&#10;    &quot;reason&quot;: &quot;Invalid SQL query&quot;,&#10;    &quot;details&quot;: &quot;Query is unsupported in the new engine&quot;,&#10;    &quot;type&quot;: &quot;SQLFeatureDisabledException&quot;&#10;  },&#10;  &quot;status&quot;: 400&#10;}" type="org.opensearch.client.ResponseException">org.opensearch.client.ResponseException: method [POST], host [http://[::1]:61802], URI [/_plugins/_sql?format=json], status line [HTTP/1.1 400 Bad Request]
</failure>
  </testcase>
  <testcase name="sumTest" classname="org.opensearch.sql.legacy.AggregationIT" time="0.055">
    <failure message="org.opensearch.client.ResponseException: method [POST], host [http://127.0.0.1:61803], URI [/_plugins/_sql?format=json], status line [HTTP/1.1 400 Bad Request]&#10;{&#10;  &quot;error&quot;: {&#10;    &quot;reason&quot;: &quot;Invalid SQL query&quot;,&#10;    &quot;details&quot;: &quot;Query is unsupported in the new engine&quot;,&#10;    &quot;type&quot;: &quot;SQLFeatureDisabledException&quot;&#10;  },&#10;  &quot;status&quot;: 400&#10;}" type="org.opensearch.client.ResponseException">org.opensearch.client.ResponseException: method [POST], host [http://127.0.0.1:61803], URI [/_plugins/_sql?format=json], status line [HTTP/1.1 400 Bad Request]
</failure>
  </testcase>
  <testcase name="orderByDescTest" classname="org.opensearch.sql.legacy.AggregationIT" time="0.066"/>
  <testcase name="orderByGroupFieldWithAlias" classname="org.opensearch.sql.legacy.AggregationIT" time="0.098"/>
  <testcase name="distinctWithOneField" classname="org.opensearch.sql.legacy.AggregationIT" time="0.091"/>
  <testcase name="groupByUsingTableAliasTest" classname="org.opensearch.sql.legacy.AggregationIT" time="0.061">
    <failure message="org.opensearch.client.ResponseException: method [POST], host [http://127.0.0.1:61803], URI [/_plugins/_sql?format=json], status line [HTTP/1.1 400 Bad Request]&#10;{&#10;  &quot;error&quot;: {&#10;    &quot;reason&quot;: &quot;Invalid SQL query&quot;,&#10;    &quot;details&quot;: &quot;Query is unsupported in the new engine&quot;,&#10;    &quot;type&quot;: &quot;SQLFeatureDisabledException&quot;&#10;  },&#10;  &quot;status&quot;: 400&#10;}" type="org.opensearch.client.ResponseException">org.opensearch.client.ResponseException: method [POST], host [http://127.0.0.1:61803], URI [/_plugins/_sql?format=json], status line [HTTP/1.1 400 Bad Request]
</failure>
  </testcase>
  <testcase name="topHitTest_WithInclude" classname="org.opensearch.sql.legacy.AggregationIT" time="0.074">
    <failure message="org.opensearch.client.ResponseException: method [POST], host [http://[::1]:61802], URI [/_plugins/_sql?format=json], status line [HTTP/1.1 400 Bad Request]&#10;{&#10;  &quot;error&quot;: {&#10;    &quot;reason&quot;: &quot;Invalid SQL query&quot;,&#10;    &quot;details&quot;: &quot;Query is unsupported in the new engine&quot;,&#10;    &quot;type&quot;: &quot;SQLFeatureDisabledException&quot;&#10;  },&#10;  &quot;status&quot;: 400&#10;}" type="org.opensearch.client.ResponseException">org.opensearch.client.ResponseException: method [POST], host [http://[::1]:61802], URI [/_plugins/_sql?format=json], status line [HTTP/1.1 400 Bad Request]
</failure>
  </testcase>
  <testcase name="termsWithScript" classname="org.opensearch.sql.legacy.AggregationIT" time="0.0">
    <skipped/>
  </testcase>
  <testcase name="multipleGroupByTest" classname="org.opensearch.sql.legacy.AggregationIT" time="0.06">
    <failure message="org.opensearch.client.ResponseException: method [POST], host [http://127.0.0.1:61803], URI [/_plugins/_sql?format=json], status line [HTTP/1.1 400 Bad Request]&#10;{&#10;  &quot;error&quot;: {&#10;    &quot;reason&quot;: &quot;Invalid SQL query&quot;,&#10;    &quot;details&quot;: &quot;Query is unsupported in the new engine&quot;,&#10;    &quot;type&quot;: &quot;SQLFeatureDisabledException&quot;&#10;  },&#10;  &quot;status&quot;: 400&#10;}" type="org.opensearch.client.ResponseException">org.opensearch.client.ResponseException: method [POST], host [http://127.0.0.1:61803], URI [/_plugins/_sql?format=json], status line [HTTP/1.1 400 Bad Request]
</failure>
  </testcase>
  <testcase name="percentileTest" classname="org.opensearch.sql.legacy.AggregationIT" time="0.051">
    <failure message="org.opensearch.client.ResponseException: method [POST], host [http://[::1]:61802], URI [/_plugins/_sql?format=json], status line [HTTP/1.1 400 Bad Request]&#10;{&#10;  &quot;error&quot;: {&#10;    &quot;reason&quot;: &quot;Invalid SQL query&quot;,&#10;    &quot;details&quot;: &quot;Query is unsupported in the new engine&quot;,&#10;    &quot;type&quot;: &quot;SQLFeatureDisabledException&quot;&#10;  },&#10;  &quot;status&quot;: 400&#10;}" type="org.opensearch.client.ResponseException">org.opensearch.client.ResponseException: method [POST], host [http://[::1]:61802], URI [/_plugins/_sql?format=json], status line [HTTP/1.1 400 Bad Request]
</failure>
  </testcase>
  <testcase name="countTest" classname="org.opensearch.sql.legacy.AggregationIT" time="0.041">
    <failure message="org.opensearch.client.ResponseException: method [POST], host [http://127.0.0.1:61803], URI [/_plugins/_sql?format=json], status line [HTTP/1.1 400 Bad Request]&#10;{&#10;  &quot;error&quot;: {&#10;    &quot;reason&quot;: &quot;Invalid SQL query&quot;,&#10;    &quot;details&quot;: &quot;Query is unsupported in the new engine&quot;,&#10;    &quot;type&quot;: &quot;SQLFeatureDisabledException&quot;&#10;  },&#10;  &quot;status&quot;: 400&#10;}" type="org.opensearch.client.ResponseException">org.opensearch.client.ResponseException: method [POST], host [http://127.0.0.1:61803], URI [/_plugins/_sql?format=json], status line [HTTP/1.1 400 Bad Request]
</failure>
  </testcase>
  <testcase name="groupByHavingUsingTableNamePrefixTest" classname="org.opensearch.sql.legacy.AggregationIT" time="0.048">
    <failure message="org.opensearch.client.ResponseException: method [POST], host [http://[::1]:61802], URI [/_plugins/_sql?format=json], status line [HTTP/1.1 400 Bad Request]&#10;{&#10;  &quot;error&quot;: {&#10;    &quot;reason&quot;: &quot;Invalid SQL query&quot;,&#10;    &quot;details&quot;: &quot;Query is unsupported in the new engine&quot;,&#10;    &quot;type&quot;: &quot;SQLFeatureDisabledException&quot;&#10;  },&#10;  &quot;status&quot;: 400&#10;}" type="org.opensearch.client.ResponseException">org.opensearch.client.ResponseException: method [POST], host [http://[::1]:61802], URI [/_plugins/_sql?format=json], status line [HTTP/1.1 400 Bad Request]
</failure>
  </testcase>
  <testcase name="reverseAnotherNestedGroupByOnNestedFieldWithFilterTestWithReverseNestedOnHistogram" classname="org.opensearch.sql.legacy.AggregationIT" time="0.047">
    <failure message="org.opensearch.client.ResponseException: method [POST], host [http://127.0.0.1:61803], URI [/_plugins/_sql?format=json], status line [HTTP/1.1 400 Bad Request]&#10;{&#10;  &quot;error&quot;: {&#10;    &quot;reason&quot;: &quot;Invalid SQL query&quot;,&#10;    &quot;details&quot;: &quot;Query is unsupported in the new engine&quot;,&#10;    &quot;type&quot;: &quot;SQLFeatureDisabledException&quot;&#10;  },&#10;  &quot;status&quot;: 400&#10;}" type="org.opensearch.client.ResponseException">org.opensearch.client.ResponseException: method [POST], host [http://127.0.0.1:61803], URI [/_plugins/_sql?format=json], status line [HTTP/1.1 400 Bad Request]
</failure>
  </testcase>
  <testcase name="aliasTest" classname="org.opensearch.sql.legacy.AggregationIT" time="0.06">
    <failure message="org.opensearch.client.ResponseException: method [POST], host [http://[::1]:61802], URI [/_plugins/_sql?format=json], status line [HTTP/1.1 400 Bad Request]&#10;{&#10;  &quot;error&quot;: {&#10;    &quot;reason&quot;: &quot;Invalid SQL query&quot;,&#10;    &quot;details&quot;: &quot;Query is unsupported in the new engine&quot;,&#10;    &quot;type&quot;: &quot;SQLFeatureDisabledException&quot;&#10;  },&#10;  &quot;status&quot;: 400&#10;}" type="org.opensearch.client.ResponseException">org.opensearch.client.ResponseException: method [POST], host [http://[::1]:61802], URI [/_plugins/_sql?format=json], status line [HTTP/1.1 400 Bad Request]
</failure>
  </testcase>
  <testcase name="groupBySubqueryTest" classname="org.opensearch.sql.legacy.AggregationIT" time="0.0">
    <skipped/>
  </testcase>
  <testcase name="reverseAnotherNestedGroupByOnNestedFieldWithFilterTestWithReverseNestedNoPath" classname="org.opensearch.sql.legacy.AggregationIT" time="0.047">
    <failure message="org.opensearch.client.ResponseException: method [POST], host [http://127.0.0.1:61803], URI [/_plugins/_sql?format=json], status line [HTTP/1.1 400 Bad Request]&#10;{&#10;  &quot;error&quot;: {&#10;    &quot;reason&quot;: &quot;Invalid SQL query&quot;,&#10;    &quot;details&quot;: &quot;Query is unsupported in the new engine&quot;,&#10;    &quot;type&quot;: &quot;SQLFeatureDisabledException&quot;&#10;  },&#10;  &quot;status&quot;: 400&#10;}" type="org.opensearch.client.ResponseException">org.opensearch.client.ResponseException: method [POST], host [http://127.0.0.1:61803], URI [/_plugins/_sql?format=json], status line [HTTP/1.1 400 Bad Request]
</failure>
  </testcase>
  <testcase name="histogramOnNestedField" classname="org.opensearch.sql.legacy.AggregationIT" time="0.045">
    <failure message="org.opensearch.client.ResponseException: method [POST], host [http://[::1]:61802], URI [/_plugins/_sql?format=json], status line [HTTP/1.1 400 Bad Request]&#10;{&#10;  &quot;error&quot;: {&#10;    &quot;reason&quot;: &quot;Invalid SQL query&quot;,&#10;    &quot;details&quot;: &quot;Query is unsupported in the new engine&quot;,&#10;    &quot;type&quot;: &quot;SQLFeatureDisabledException&quot;&#10;  },&#10;  &quot;status&quot;: 400&#10;}" type="org.opensearch.client.ResponseException">org.opensearch.client.ResponseException: method [POST], host [http://[::1]:61802], URI [/_plugins/_sql?format=json], status line [HTTP/1.1 400 Bad Request]
</failure>
  </testcase>
  <testcase name="orderByAliasDescTest" classname="org.opensearch.sql.legacy.AggregationIT" time="0.059"/>
  <testcase name="docsReturnedTestWithoutDocsHint" classname="org.opensearch.sql.legacy.AggregationIT" time="0.047">
    <failure message="org.opensearch.client.ResponseException: method [POST], host [http://[::1]:61802], URI [/_plugins/_sql?format=json], status line [HTTP/1.1 400 Bad Request]&#10;{&#10;  &quot;error&quot;: {&#10;    &quot;reason&quot;: &quot;Invalid SQL query&quot;,&#10;    &quot;details&quot;: &quot;Query is unsupported in the new engine&quot;,&#10;    &quot;type&quot;: &quot;SQLFeatureDisabledException&quot;&#10;  },&#10;  &quot;status&quot;: 400&#10;}" type="org.opensearch.client.ResponseException">org.opensearch.client.ResponseException: method [POST], host [http://[::1]:61802], URI [/_plugins/_sql?format=json], status line [HTTP/1.1 400 Bad Request]
</failure>
  </testcase>
  <testcase name="reverseAnotherNestedGroupByOnNestedFieldWithFilterAndSumOnReverseNestedField" classname="org.opensearch.sql.legacy.AggregationIT" time="0.044">
    <failure message="org.opensearch.client.ResponseException: method [POST], host [http://127.0.0.1:61803], URI [/_plugins/_sql?format=json], status line [HTTP/1.1 400 Bad Request]&#10;{&#10;  &quot;error&quot;: {&#10;    &quot;reason&quot;: &quot;Invalid SQL query&quot;,&#10;    &quot;details&quot;: &quot;Query is unsupported in the new engine&quot;,&#10;    &quot;type&quot;: &quot;SQLFeatureDisabledException&quot;&#10;  },&#10;  &quot;status&quot;: 400&#10;}" type="org.opensearch.client.ResponseException">org.opensearch.client.ResponseException: method [POST], host [http://127.0.0.1:61803], URI [/_plugins/_sql?format=json], status line [HTTP/1.1 400 Bad Request]
</failure>
  </testcase>
  <testcase name="docsReturnedTestWithDocsHint" classname="org.opensearch.sql.legacy.AggregationIT" time="0.055">
    <failure message="org.opensearch.client.ResponseException: method [POST], host [http://[::1]:61802], URI [/_plugins/_sql?format=json], status line [HTTP/1.1 400 Bad Request]&#10;{&#10;  &quot;error&quot;: {&#10;    &quot;reason&quot;: &quot;Invalid SQL query&quot;,&#10;    &quot;details&quot;: &quot;Query is unsupported in the new engine&quot;,&#10;    &quot;type&quot;: &quot;SQLFeatureDisabledException&quot;&#10;  },&#10;  &quot;status&quot;: 400&#10;}" type="org.opensearch.client.ResponseException">org.opensearch.client.ResponseException: method [POST], host [http://[::1]:61802], URI [/_plugins/_sql?format=json], status line [HTTP/1.1 400 Bad Request]
</failure>
  </testcase>
  <testcase name="orderByAscTest" classname="org.opensearch.sql.legacy.AggregationIT" time="0.053"/>
  <testcase name="topHitTest_WithIncludeTwoFields" classname="org.opensearch.sql.legacy.AggregationIT" time="0.047">
    <failure message="org.opensearch.client.ResponseException: method [POST], host [http://[::1]:61802], URI [/_plugins/_sql?format=json], status line [HTTP/1.1 400 Bad Request]&#10;{&#10;  &quot;error&quot;: {&#10;    &quot;reason&quot;: &quot;Invalid SQL query&quot;,&#10;    &quot;details&quot;: &quot;Query is unsupported in the new engine&quot;,&#10;    &quot;type&quot;: &quot;SQLFeatureDisabledException&quot;&#10;  },&#10;  &quot;status&quot;: 400&#10;}" type="org.opensearch.client.ResponseException">org.opensearch.client.ResponseException: method [POST], host [http://[::1]:61802], URI [/_plugins/_sql?format=json], status line [HTTP/1.1 400 Bad Request]
</failure>
  </testcase>
  <testcase name="countWithDocsHintTest" classname="org.opensearch.sql.legacy.AggregationIT" time="0.049">
    <failure message="org.opensearch.client.ResponseException: method [POST], host [http://127.0.0.1:61803], URI [/_plugins/_sql?format=json], status line [HTTP/1.1 400 Bad Request]&#10;{&#10;  &quot;error&quot;: {&#10;    &quot;reason&quot;: &quot;Invalid SQL query&quot;,&#10;    &quot;details&quot;: &quot;Query is unsupported in the new engine&quot;,&#10;    &quot;type&quot;: &quot;SQLFeatureDisabledException&quot;&#10;  },&#10;  &quot;status&quot;: 400&#10;}" type="org.opensearch.client.ResponseException">org.opensearch.client.ResponseException: method [POST], host [http://127.0.0.1:61803], URI [/_plugins/_sql?format=json], status line [HTTP/1.1 400 Bad Request]
</failure>
  </testcase>
  <testcase name="groupByHavingUsingTableAliasTest" classname="org.opensearch.sql.legacy.AggregationIT" time="0.051">
    <failure message="org.opensearch.client.ResponseException: method [POST], host [http://[::1]:61802], URI [/_plugins/_sql?format=json], status line [HTTP/1.1 400 Bad Request]&#10;{&#10;  &quot;error&quot;: {&#10;    &quot;reason&quot;: &quot;Invalid SQL query&quot;,&#10;    &quot;details&quot;: &quot;Query is unsupported in the new engine&quot;,&#10;    &quot;type&quot;: &quot;SQLFeatureDisabledException&quot;&#10;  },&#10;  &quot;status&quot;: 400&#10;}" type="org.opensearch.client.ResponseException">org.opensearch.client.ResponseException: method [POST], host [http://[::1]:61802], URI [/_plugins/_sql?format=json], status line [HTTP/1.1 400 Bad Request]
</failure>
  </testcase>
  <testcase name="groupByScriptedDateHistogram" classname="org.opensearch.sql.legacy.AggregationIT" time="0.048">
    <failure message="org.opensearch.client.ResponseException: method [POST], host [http://127.0.0.1:61803], URI [/_plugins/_sql/_explain], status line [HTTP/1.1 400 Bad Request]&#10;{&#10;  &quot;error&quot;: {&#10;    &quot;reason&quot;: &quot;Invalid SQL query&quot;,&#10;    &quot;details&quot;: &quot;Query is unsupported in the new engine&quot;,&#10;    &quot;type&quot;: &quot;SQLFeatureDisabledException&quot;&#10;  },&#10;  &quot;status&quot;: 400&#10;}" type="org.opensearch.client.ResponseException">org.opensearch.client.ResponseException: method [POST], host [http://127.0.0.1:61803], URI [/_plugins/_sql/_explain], status line [HTTP/1.1 400 Bad Request]
</failure>
  </testcase>
  <testcase name="reverseToRootGroupByOnNestedFieldWithFilterTestWithReverseNestedOnHistogram" classname="org.opensearch.sql.legacy.AggregationIT" time="0.095">
    <failure message="org.opensearch.client.ResponseException: method [POST], host [http://[::1]:61802], URI [/_plugins/_sql?format=json], status line [HTTP/1.1 400 Bad Request]&#10;{&#10;  &quot;error&quot;: {&#10;    &quot;reason&quot;: &quot;Invalid SQL query&quot;,&#10;    &quot;details&quot;: &quot;Query is unsupported in the new engine&quot;,&#10;    &quot;type&quot;: &quot;SQLFeatureDisabledException&quot;&#10;  },&#10;  &quot;status&quot;: 400&#10;}" type="org.opensearch.client.ResponseException">org.opensearch.client.ResponseException: method [POST], host [http://[::1]:61802], URI [/_plugins/_sql?format=json], status line [HTTP/1.1 400 Bad Request]
</failure>
  </testcase>
  <testcase name="groupByOnNestedFieldWithFilterTest" classname="org.opensearch.sql.legacy.AggregationIT" time="0.054">
    <failure message="org.opensearch.client.ResponseException: method [POST], host [http://127.0.0.1:61803], URI [/_plugins/_sql?format=json], status line [HTTP/1.1 400 Bad Request]&#10;{&#10;  &quot;error&quot;: {&#10;    &quot;reason&quot;: &quot;Invalid SQL query&quot;,&#10;    &quot;details&quot;: &quot;Query is unsupported in the new engine&quot;,&#10;    &quot;type&quot;: &quot;SQLFeatureDisabledException&quot;&#10;  },&#10;  &quot;status&quot;: 400&#10;}" type="org.opensearch.client.ResponseException">org.opensearch.client.ResponseException: method [POST], host [http://127.0.0.1:61803], URI [/_plugins/_sql?format=json], status line [HTTP/1.1 400 Bad Request]
</failure>
  </testcase>
  <testcase name="orderByAliasAscTest" classname="org.opensearch.sql.legacy.AggregationIT" time="0.051"/>
  <testcase name="reverseToRootGroupByOnNestedFieldWithFilterTestWithReverseNestedAndEmptyPath" classname="org.opensearch.sql.legacy.AggregationIT" time="0.045">
    <failure message="org.opensearch.client.ResponseException: method [POST], host [http://127.0.0.1:61803], URI [/_plugins/_sql?format=json], status line [HTTP/1.1 400 Bad Request]&#10;{&#10;  &quot;error&quot;: {&#10;    &quot;reason&quot;: &quot;Invalid SQL query&quot;,&#10;    &quot;details&quot;: &quot;Query is unsupported in the new engine&quot;,&#10;    &quot;type&quot;: &quot;SQLFeatureDisabledException&quot;&#10;  },&#10;  &quot;status&quot;: 400&#10;}" type="org.opensearch.client.ResponseException">org.opensearch.client.ResponseException: method [POST], host [http://127.0.0.1:61803], URI [/_plugins/_sql?format=json], status line [HTTP/1.1 400 Bad Request]
</failure>
  </testcase>
  <testcase name="groupByScriptedHistogram" classname="org.opensearch.sql.legacy.AggregationIT" time="0.056">
    <failure message="org.opensearch.client.ResponseException: method [POST], host [http://[::1]:61802], URI [/_plugins/_sql/_explain], status line [HTTP/1.1 400 Bad Request]&#10;{&#10;  &quot;error&quot;: {&#10;    &quot;reason&quot;: &quot;Invalid SQL query&quot;,&#10;    &quot;details&quot;: &quot;Query is unsupported in the new engine&quot;,&#10;    &quot;type&quot;: &quot;SQLFeatureDisabledException&quot;&#10;  },&#10;  &quot;status&quot;: 400&#10;}" type="org.opensearch.client.ResponseException">org.opensearch.client.ResponseException: method [POST], host [http://[::1]:61802], URI [/_plugins/_sql/_explain], status line [HTTP/1.1 400 Bad Request]
</failure>
  </testcase>
  <testcase name="avgTest" classname="org.opensearch.sql.legacy.AggregationIT" time="0.045">
    <failure message="org.opensearch.client.ResponseException: method [POST], host [http://127.0.0.1:61803], URI [/_plugins/_sql?format=json], status line [HTTP/1.1 400 Bad Request]&#10;{&#10;  &quot;error&quot;: {&#10;    &quot;reason&quot;: &quot;Invalid SQL query&quot;,&#10;    &quot;details&quot;: &quot;Query is unsupported in the new engine&quot;,&#10;    &quot;type&quot;: &quot;SQLFeatureDisabledException&quot;&#10;  },&#10;  &quot;status&quot;: 400&#10;}" type="org.opensearch.client.ResponseException">org.opensearch.client.ResponseException: method [POST], host [http://127.0.0.1:61803], URI [/_plugins/_sql?format=json], status line [HTTP/1.1 400 Bad Request]
</failure>
  </testcase>
  <testcase name="countGroupByDateTestWithAlias" classname="org.opensearch.sql.legacy.AggregationIT" time="0.046">
    <failure message="org.opensearch.client.ResponseException: method [POST], host [http://[::1]:61802], URI [/_plugins/_sql/_explain], status line [HTTP/1.1 400 Bad Request]&#10;{&#10;  &quot;error&quot;: {&#10;    &quot;reason&quot;: &quot;Invalid SQL query&quot;,&#10;    &quot;details&quot;: &quot;Query is unsupported in the new engine&quot;,&#10;    &quot;type&quot;: &quot;SQLFeatureDisabledException&quot;&#10;  },&#10;  &quot;status&quot;: 400&#10;}" type="org.opensearch.client.ResponseException">org.opensearch.client.ResponseException: method [POST], host [http://[::1]:61802], URI [/_plugins/_sql/_explain], status line [HTTP/1.1 400 Bad Request]
</failure>
  </testcase>
  <testcase name="termsWithSize" classname="org.opensearch.sql.legacy.AggregationIT" time="0.045">
    <failure message="org.opensearch.client.ResponseException: method [POST], host [http://127.0.0.1:61803], URI [/_plugins/_sql?format=json], status line [HTTP/1.1 400 Bad Request]&#10;{&#10;  &quot;error&quot;: {&#10;    &quot;reason&quot;: &quot;Invalid SQL query&quot;,&#10;    &quot;details&quot;: &quot;Query is unsupported in the new engine&quot;,&#10;    &quot;type&quot;: &quot;SQLFeatureDisabledException&quot;&#10;  },&#10;  &quot;status&quot;: 400&#10;}" type="org.opensearch.client.ResponseException">org.opensearch.client.ResponseException: method [POST], host [http://127.0.0.1:61803], URI [/_plugins/_sql?format=json], status line [HTTP/1.1 400 Bad Request]
</failure>
  </testcase>
  <testcase name="statsTest" classname="org.opensearch.sql.legacy.AggregationIT" time="0.04">
    <failure message="org.opensearch.client.ResponseException: method [POST], host [http://[::1]:61802], URI [/_plugins/_sql?format=json], status line [HTTP/1.1 400 Bad Request]&#10;{&#10;  &quot;error&quot;: {&#10;    &quot;reason&quot;: &quot;Invalid SQL query&quot;,&#10;    &quot;details&quot;: &quot;Query is unsupported in the new engine&quot;,&#10;    &quot;type&quot;: &quot;SQLFeatureDisabledException&quot;&#10;  },&#10;  &quot;status&quot;: 400&#10;}" type="org.opensearch.client.ResponseException">org.opensearch.client.ResponseException: method [POST], host [http://[::1]:61802], URI [/_plugins/_sql?format=json], status line [HTTP/1.1 400 Bad Request]
</failure>
  </testcase>
  <testcase name="countGroupByRange" classname="org.opensearch.sql.legacy.AggregationIT" time="0.042">
    <failure message="org.opensearch.client.ResponseException: method [POST], host [http://127.0.0.1:61803], URI [/_plugins/_sql?format=json], status line [HTTP/1.1 400 Bad Request]&#10;{&#10;  &quot;error&quot;: {&#10;    &quot;reason&quot;: &quot;Invalid SQL query&quot;,&#10;    &quot;details&quot;: &quot;Query is unsupported in the new engine&quot;,&#10;    &quot;type&quot;: &quot;SQLFeatureDisabledException&quot;&#10;  },&#10;  &quot;status&quot;: 400&#10;}" type="org.opensearch.client.ResponseException">org.opensearch.client.ResponseException: method [POST], host [http://127.0.0.1:61803], URI [/_plugins/_sql?format=json], status line [HTTP/1.1 400 Bad Request]
</failure>
  </testcase>
  <testcase name="groupByHavingTest" classname="org.opensearch.sql.legacy.AggregationIT" time="0.047">
    <failure message="org.opensearch.client.ResponseException: method [POST], host [http://[::1]:61802], URI [/_plugins/_sql?format=json], status line [HTTP/1.1 400 Bad Request]&#10;{&#10;  &quot;error&quot;: {&#10;    &quot;reason&quot;: &quot;Invalid SQL query&quot;,&#10;    &quot;details&quot;: &quot;Query is unsupported in the new engine&quot;,&#10;    &quot;type&quot;: &quot;SQLFeatureDisabledException&quot;&#10;  },&#10;  &quot;status&quot;: 400&#10;}" type="org.opensearch.client.ResponseException">org.opensearch.client.ResponseException: method [POST], host [http://[::1]:61802], URI [/_plugins/_sql?format=json], status line [HTTP/1.1 400 Bad Request]
</failure>
  </testcase>
  <testcase name="termsWithMissing" classname="org.opensearch.sql.legacy.AggregationIT" time="0.042">
    <failure message="org.opensearch.client.ResponseException: method [POST], host [http://127.0.0.1:61803], URI [/_plugins/_sql?format=json], status line [HTTP/1.1 400 Bad Request]&#10;{&#10;  &quot;error&quot;: {&#10;    &quot;reason&quot;: &quot;Invalid SQL query&quot;,&#10;    &quot;details&quot;: &quot;Query is unsupported in the new engine&quot;,&#10;    &quot;type&quot;: &quot;SQLFeatureDisabledException&quot;&#10;  },&#10;  &quot;status&quot;: 400&#10;}" type="org.opensearch.client.ResponseException">org.opensearch.client.ResponseException: method [POST], host [http://127.0.0.1:61803], URI [/_plugins/_sql?format=json], status line [HTTP/1.1 400 Bad Request]
</failure>
  </testcase>
  <testcase name="groupByUsingTableNamePrefixTest" classname="org.opensearch.sql.legacy.AggregationIT" time="0.041">
    <failure message="org.opensearch.client.ResponseException: method [POST], host [http://[::1]:61802], URI [/_plugins/_sql?format=json], status line [HTTP/1.1 400 Bad Request]&#10;{&#10;  &quot;error&quot;: {&#10;    &quot;reason&quot;: &quot;Invalid SQL query&quot;,&#10;    &quot;details&quot;: &quot;Query is unsupported in the new engine&quot;,&#10;    &quot;type&quot;: &quot;SQLFeatureDisabledException&quot;&#10;  },&#10;  &quot;status&quot;: 400&#10;}" type="org.opensearch.client.ResponseException">org.opensearch.client.ResponseException: method [POST], host [http://[::1]:61802], URI [/_plugins/_sql?format=json], status line [HTTP/1.1 400 Bad Request]
</failure>
  </testcase>
  <testcase name="maxTest" classname="org.opensearch.sql.legacy.AggregationIT" time="0.046">
    <failure message="org.opensearch.client.ResponseException: method [POST], host [http://127.0.0.1:61803], URI [/_plugins/_sql?format=json], status line [HTTP/1.1 400 Bad Request]&#10;{&#10;  &quot;error&quot;: {&#10;    &quot;reason&quot;: &quot;Invalid SQL query&quot;,&#10;    &quot;details&quot;: &quot;Query is unsupported in the new engine&quot;,&#10;    &quot;type&quot;: &quot;SQLFeatureDisabledException&quot;&#10;  },&#10;  &quot;status&quot;: 400&#10;}" type="org.opensearch.client.ResponseException">org.opensearch.client.ResponseException: method [POST], host [http://127.0.0.1:61803], URI [/_plugins/_sql?format=json], status line [HTTP/1.1 400 Bad Request]
</failure>
  </testcase>
  <testcase name="distinctWithMultipleFields" classname="org.opensearch.sql.legacy.AggregationIT" time="0.09"/>
  <system-out><![CDATA[[2023-01-16T16:15:27,049][INFO ][o.o.s.l.AggregationIT    ] [minTest] before test
]]></system-out>
  <system-err><![CDATA[REPRODUCE WITH: ./gradlew ':integ-test:integTest' --tests "org.opensearch.sql.legacy.AggregationIT.minTest" -Dtests.seed=160F64C51FACC80F -Dtests.security.manager=false -Dtests.locale=sq-AL -Dtests.timezone=America/Adak -Druntime.java=17
]]></system-err>
</testsuite>
<?xml version="1.0" encoding="UTF-8"?>
<testsuite name="org.opensearch.sql.legacy.CsvFormatResponseIT" tests="25" skipped="3" failures="8" errors="0" timestamp="2023-01-17T02:15:36" hostname="Unused26-MacBook.local" time="7.029">
  <properties/>
  <testcase name="statsAggregationTest" classname="org.opensearch.sql.legacy.CsvFormatResponseIT" time="5.489">
    <failure message="org.opensearch.client.ResponseException: method [POST], host [http://[::1]:61802], URI [/_plugins/_sql?format=csv&amp;flat=false&amp;_id=false&amp;_score=false], status line [HTTP/1.1 400 Bad Request]&#10;{&#10;  &quot;error&quot;: {&#10;    &quot;reason&quot;: &quot;Invalid SQL query&quot;,&#10;    &quot;details&quot;: &quot;Query is unsupported in the new engine&quot;,&#10;    &quot;type&quot;: &quot;SQLFeatureDisabledException&quot;&#10;  },&#10;  &quot;status&quot;: 400&#10;}" type="org.opensearch.client.ResponseException">org.opensearch.client.ResponseException: method [POST], host [http://[::1]:61802], URI [/_plugins/_sql?format=csv&amp;flat=false&amp;_id=false&amp;_score=false], status line [HTTP/1.1 400 Bad Request]
</failure>
  </testcase>
  <testcase name="joinSearchResultNotNestedNotFlatNoAggs" classname="org.opensearch.sql.legacy.CsvFormatResponseIT" time="0.118">
    <failure message="org.opensearch.client.ResponseException: method [POST], host [http://127.0.0.1:61803], URI [/_plugins/_sql?format=csv&amp;flat=false&amp;_id=false&amp;_score=false], status line [HTTP/1.1 400 Bad Request]&#10;{&#10;  &quot;error&quot;: {&#10;    &quot;reason&quot;: &quot;Invalid SQL query&quot;,&#10;    &quot;details&quot;: &quot;Query is unsupported in the new engine&quot;,&#10;    &quot;type&quot;: &quot;SQLFeatureDisabledException&quot;&#10;  },&#10;  &quot;status&quot;: 400&#10;}" type="org.opensearch.client.ResponseException">org.opensearch.client.ResponseException: method [POST], host [http://127.0.0.1:61803], URI [/_plugins/_sql?format=csv&amp;flat=false&amp;_id=false&amp;_score=false], status line [HTTP/1.1 400 Bad Request]
</failure>
  </testcase>
  <testcase name="percentileAggregationTest" classname="org.opensearch.sql.legacy.CsvFormatResponseIT" time="0.054">
    <failure message="org.opensearch.client.ResponseException: method [POST], host [http://[::1]:61802], URI [/_plugins/_sql?format=csv&amp;flat=false&amp;_id=false&amp;_score=false], status line [HTTP/1.1 400 Bad Request]&#10;{&#10;  &quot;error&quot;: {&#10;    &quot;reason&quot;: &quot;Invalid SQL query&quot;,&#10;    &quot;details&quot;: &quot;Query is unsupported in the new engine&quot;,&#10;    &quot;type&quot;: &quot;SQLFeatureDisabledException&quot;&#10;  },&#10;  &quot;status&quot;: 400&#10;}" type="org.opensearch.client.ResponseException">org.opensearch.client.ResponseException: method [POST], host [http://[::1]:61802], URI [/_plugins/_sql?format=csv&amp;flat=false&amp;_id=false&amp;_score=false], status line [HTTP/1.1 400 Bad Request]
</failure>
  </testcase>
  <testcase name="extendedStatsAggregationTest" classname="org.opensearch.sql.legacy.CsvFormatResponseIT" time="0.066">
    <failure message="org.opensearch.client.ResponseException: method [POST], host [http://127.0.0.1:61803], URI [/_plugins/_sql?format=csv&amp;flat=false&amp;_id=false&amp;_score=false], status line [HTTP/1.1 400 Bad Request]&#10;{&#10;  &quot;error&quot;: {&#10;    &quot;reason&quot;: &quot;Invalid SQL query&quot;,&#10;    &quot;details&quot;: &quot;Query is unsupported in the new engine&quot;,&#10;    &quot;type&quot;: &quot;SQLFeatureDisabledException&quot;&#10;  },&#10;  &quot;status&quot;: 400&#10;}" type="org.opensearch.client.ResponseException">org.opensearch.client.ResponseException: method [POST], host [http://127.0.0.1:61803], URI [/_plugins/_sql?format=csv&amp;flat=false&amp;_id=false&amp;_score=false], status line [HTTP/1.1 400 Bad Request]
</failure>
  </testcase>
  <testcase name="includeScore" classname="org.opensearch.sql.legacy.CsvFormatResponseIT" time="0.071">
    <failure message="org.opensearch.client.ResponseException: method [POST], host [http://[::1]:61802], URI [/_plugins/_sql?format=csv&amp;flat=false&amp;_id=false&amp;_score=true], status line [HTTP/1.1 400 Bad Request]&#10;{&#10;  &quot;error&quot;: {&#10;    &quot;reason&quot;: &quot;Invalid SQL query&quot;,&#10;    &quot;details&quot;: &quot;Query is unsupported in the new engine&quot;,&#10;    &quot;type&quot;: &quot;SQLFeatureDisabledException&quot;&#10;  },&#10;  &quot;status&quot;: 400&#10;}" type="org.opensearch.client.ResponseException">org.opensearch.client.ResponseException: method [POST], host [http://[::1]:61802], URI [/_plugins/_sql?format=csv&amp;flat=false&amp;_id=false&amp;_score=true], status line [HTTP/1.1 400 Bad Request]
</failure>
  </testcase>
  <testcase name="scriptedField" classname="org.opensearch.sql.legacy.CsvFormatResponseIT" time="0.134"/>
  <testcase name="selectFunctionAsFieldTest" classname="org.opensearch.sql.legacy.CsvFormatResponseIT" time="0.118"/>
  <testcase name="multipleAggAfterTwoTermsGroupBy" classname="org.opensearch.sql.legacy.CsvFormatResponseIT" time="0.123"/>
  <testcase name="simpleSearchResultWithNestedOneFieldNotFlatNoAggs" classname="org.opensearch.sql.legacy.CsvFormatResponseIT" time="0.0">
    <skipped/>
  </testcase>
  <testcase name="simpleNumericValueAggWithAlias" classname="org.opensearch.sql.legacy.CsvFormatResponseIT" time="0.06"/>
  <testcase name="aggAfterTwoTermsGroupBy" classname="org.opensearch.sql.legacy.CsvFormatResponseIT" time="0.061"/>
  <testcase name="simpleSearchResultNotNestedNotFlatNoAggs" classname="org.opensearch.sql.legacy.CsvFormatResponseIT" time="0.054"/>
  <testcase name="simpleSearchResultWithNestedNotFlatNoAggs" classname="org.opensearch.sql.legacy.CsvFormatResponseIT" time="0.078"/>
  <testcase name="fieldOrderOther" classname="org.opensearch.sql.legacy.CsvFormatResponseIT" time="0.078"/>
  <testcase name="twoCharsSeperator" classname="org.opensearch.sql.legacy.CsvFormatResponseIT" time="0.0">
    <skipped/>
  </testcase>
  <testcase name="fieldOrder" classname="org.opensearch.sql.legacy.CsvFormatResponseIT" time="0.066"/>
  <testcase name="simpleSearchResultWithNestedWithFlatNoAggs" classname="org.opensearch.sql.legacy.CsvFormatResponseIT" time="0.082"/>
  <testcase name="simpleSearchResultWithNestedTwoFieldsFromSameNestedNotFlatNoAggs" classname="org.opensearch.sql.legacy.CsvFormatResponseIT" time="0.0">
    <skipped/>
  </testcase>
  <testcase name="specificPercentilesIntAndDouble" classname="org.opensearch.sql.legacy.CsvFormatResponseIT" time="0.048">
    <failure message="org.opensearch.client.ResponseException: method [POST], host [http://127.0.0.1:61803], URI [/_plugins/_sql?format=json&amp;format=csv&amp;flat=false], status line [HTTP/1.1 400 Bad Request]&#10;{&#10;  &quot;error&quot;: {&#10;    &quot;reason&quot;: &quot;Invalid SQL query&quot;,&#10;    &quot;details&quot;: &quot;Query is unsupported in the new engine&quot;,&#10;    &quot;type&quot;: &quot;SQLFeatureDisabledException&quot;&#10;  },&#10;  &quot;status&quot;: 400&#10;}" type="org.opensearch.client.ResponseException">org.opensearch.client.ResponseException: method [POST], host [http://127.0.0.1:61803], URI [/_plugins/_sql?format=json&amp;format=csv&amp;flat=false], status line [HTTP/1.1 400 Bad Request]
</failure>
  </testcase>
  <testcase name="doubleQuotesAreEscapedWithDoubleQuotes" classname="org.opensearch.sql.legacy.CsvFormatResponseIT" time="0.077"/>
  <testcase name="sanitizeTest" classname="org.opensearch.sql.legacy.CsvFormatResponseIT" time="0.061"/>
  <testcase name="simpleNumericValueAgg" classname="org.opensearch.sql.legacy.CsvFormatResponseIT" time="0.045"/>
  <testcase name="dateHistogramTest" classname="org.opensearch.sql.legacy.CsvFormatResponseIT" time="0.036">
    <failure message="org.opensearch.client.ResponseException: method [POST], host [http://127.0.0.1:61803], URI [/_plugins/_sql?format=csv&amp;flat=false&amp;_id=false&amp;_score=false], status line [HTTP/1.1 400 Bad Request]&#10;{&#10;  &quot;error&quot;: {&#10;    &quot;reason&quot;: &quot;Invalid SQL query&quot;,&#10;    &quot;details&quot;: &quot;Query is unsupported in the new engine&quot;,&#10;    &quot;type&quot;: &quot;SQLFeatureDisabledException&quot;&#10;  },&#10;  &quot;status&quot;: 400&#10;}" type="org.opensearch.client.ResponseException">org.opensearch.client.ResponseException: method [POST], host [http://127.0.0.1:61803], URI [/_plugins/_sql?format=csv&amp;flat=false&amp;_id=false&amp;_score=false], status line [HTTP/1.1 400 Bad Request]
</failure>
  </testcase>
  <testcase name="aggAfterTermsGroupBy" classname="org.opensearch.sql.legacy.CsvFormatResponseIT" time="0.046"/>
  <testcase name="allPercentilesByDefault" classname="org.opensearch.sql.legacy.CsvFormatResponseIT" time="0.047">
    <failure message="org.opensearch.client.ResponseException: method [POST], host [http://127.0.0.1:61803], URI [/_plugins/_sql?format=json&amp;format=csv&amp;flat=false], status line [HTTP/1.1 400 Bad Request]&#10;{&#10;  &quot;error&quot;: {&#10;    &quot;reason&quot;: &quot;Invalid SQL query&quot;,&#10;    &quot;details&quot;: &quot;Query is unsupported in the new engine&quot;,&#10;    &quot;type&quot;: &quot;SQLFeatureDisabledException&quot;&#10;  },&#10;  &quot;status&quot;: 400&#10;}" type="org.opensearch.client.ResponseException">org.opensearch.client.ResponseException: method [POST], host [http://127.0.0.1:61803], URI [/_plugins/_sql?format=json&amp;format=csv&amp;flat=false], status line [HTTP/1.1 400 Bad Request]
</failure>
  </testcase>
  <system-out><![CDATA[[2023-01-17T03:15:36,097][INFO ][o.o.s.l.CsvFormatResponseIT] [statsAggregationTest] before test
]]></system-out>
  <system-err><![CDATA[REPRODUCE WITH: ./gradlew ':integ-test:integTest' --tests "org.opensearch.sql.legacy.CsvFormatResponseIT.statsAggregationTest" -Dtests.seed=160F64C51FACC80F -Dtests.security.manager=false -Dtests.locale=fr-FR -Dtests.timezone=Europe/Oslo -Druntime.java=17
]]></system-err>
</testsuite>
<?xml version="1.0" encoding="UTF-8"?>
<testsuite name="org.opensearch.sql.legacy.CursorIT" tests="20" skipped="2" failures="12" errors="0" timestamp="2023-01-17T02:15:43" hostname="Unused26-MacBook.local" time="2.55">
  <properties/>
  <testcase name="defaultBehaviorWhenCursorSettingIsDisabled" classname="org.opensearch.sql.legacy.CursorIT" time="0.001">
    <skipped/>
  </testcase>
  <testcase name="validTotalResultWithAndWithoutPagination" classname="org.opensearch.sql.legacy.CursorIT" time="0.645">
    <failure message="org.opensearch.client.ResponseException: method [POST], host [http://127.0.0.1:61803], URI [/_plugins/_sql?format=jdbc], status line [HTTP/1.1 400 Bad Request]&#10;{&#10;  &quot;error&quot;: {&#10;    &quot;reason&quot;: &quot;Invalid SQL query&quot;,&#10;    &quot;details&quot;: &quot;Query is unsupported in the new engine&quot;,&#10;    &quot;type&quot;: &quot;SQLFeatureDisabledException&quot;&#10;  },&#10;  &quot;status&quot;: 400&#10;}" type="org.opensearch.client.ResponseException">org.opensearch.client.ResponseException: method [POST], host [http://127.0.0.1:61803], URI [/_plugins/_sql?format=jdbc], status line [HTTP/1.1 400 Bad Request]
</failure>
  </testcase>
  <testcase name="validTotalResultWithAndWithoutPaginationWhereClause" classname="org.opensearch.sql.legacy.CursorIT" time="0.114">
    <failure message="org.opensearch.client.ResponseException: method [POST], host [http://127.0.0.1:61803], URI [/_plugins/_sql?format=jdbc], status line [HTTP/1.1 400 Bad Request]&#10;{&#10;  &quot;error&quot;: {&#10;    &quot;reason&quot;: &quot;Invalid SQL query&quot;,&#10;    &quot;details&quot;: &quot;Query is unsupported in the new engine&quot;,&#10;    &quot;type&quot;: &quot;SQLFeatureDisabledException&quot;&#10;  },&#10;  &quot;status&quot;: 400&#10;}" type="org.opensearch.client.ResponseException">org.opensearch.client.ResponseException: method [POST], host [http://127.0.0.1:61803], URI [/_plugins/_sql?format=jdbc], status line [HTTP/1.1 400 Bad Request]
</failure>
  </testcase>
  <testcase name="validTotalResultWithAndWithoutPaginationNested" classname="org.opensearch.sql.legacy.CursorIT" time="0.311">
    <failure message="org.opensearch.client.ResponseException: method [POST], host [http://127.0.0.1:61803], URI [/_plugins/_sql?format=jdbc], status line [HTTP/1.1 400 Bad Request]&#10;{&#10;  &quot;error&quot;: {&#10;    &quot;reason&quot;: &quot;Invalid SQL query&quot;,&#10;    &quot;details&quot;: &quot;Query is unsupported in the new engine&quot;,&#10;    &quot;type&quot;: &quot;SQLFeatureDisabledException&quot;&#10;  },&#10;  &quot;status&quot;: 400&#10;}" type="org.opensearch.client.ResponseException">org.opensearch.client.ResponseException: method [POST], host [http://127.0.0.1:61803], URI [/_plugins/_sql?format=jdbc], status line [HTTP/1.1 400 Bad Request]
</failure>
  </testcase>
  <testcase name="testDefaultFetchSizeFromClusterSettings" classname="org.opensearch.sql.legacy.CursorIT" time="0.0">
    <skipped/>
  </testcase>
  <testcase name="noPaginationWithNonJDBCFormat" classname="org.opensearch.sql.legacy.CursorIT" time="0.037">
    <failure message="org.opensearch.client.ResponseException: method [POST], host [http://[::1]:61802], URI [/_plugins/_sql?format=csv], status line [HTTP/1.1 400 Bad Request]&#10;{&#10;  &quot;error&quot;: {&#10;    &quot;reason&quot;: &quot;Invalid SQL query&quot;,&#10;    &quot;details&quot;: &quot;Query is unsupported in the new engine&quot;,&#10;    &quot;type&quot;: &quot;SQLFeatureDisabledException&quot;&#10;  },&#10;  &quot;status&quot;: 400&#10;}" type="org.opensearch.client.ResponseException">org.opensearch.client.ResponseException: method [POST], host [http://[::1]:61802], URI [/_plugins/_sql?format=csv], status line [HTTP/1.1 400 Bad Request]
</failure>
  </testcase>
  <testcase name="validTotalResultWithAndWithoutPaginationWhereAndOrderBy" classname="org.opensearch.sql.legacy.CursorIT" time="0.109">
    <failure message="org.opensearch.client.ResponseException: method [POST], host [http://[::1]:61802], URI [/_plugins/_sql?format=jdbc], status line [HTTP/1.1 400 Bad Request]&#10;{&#10;  &quot;error&quot;: {&#10;    &quot;reason&quot;: &quot;Invalid SQL query&quot;,&#10;    &quot;details&quot;: &quot;Query is unsupported in the new engine&quot;,&#10;    &quot;type&quot;: &quot;SQLFeatureDisabledException&quot;&#10;  },&#10;  &quot;status&quot;: 400&#10;}" type="org.opensearch.client.ResponseException">org.opensearch.client.ResponseException: method [POST], host [http://[::1]:61802], URI [/_plugins/_sql?format=jdbc], status line [HTTP/1.1 400 Bad Request]
</failure>
  </testcase>
  <testcase name="testCursorCloseAPI" classname="org.opensearch.sql.legacy.CursorIT" time="0.036">
    <failure message="org.opensearch.client.ResponseException: method [POST], host [http://127.0.0.1:61803], URI [/_plugins/_sql?format=jdbc], status line [HTTP/1.1 400 Bad Request]&#10;{&#10;  &quot;error&quot;: {&#10;    &quot;reason&quot;: &quot;Invalid SQL query&quot;,&#10;    &quot;details&quot;: &quot;Query is unsupported in the new engine&quot;,&#10;    &quot;type&quot;: &quot;SQLFeatureDisabledException&quot;&#10;  },&#10;  &quot;status&quot;: 400&#10;}" type="org.opensearch.client.ResponseException">org.opensearch.client.ResponseException: method [POST], host [http://127.0.0.1:61803], URI [/_plugins/_sql?format=jdbc], status line [HTTP/1.1 400 Bad Request]
</failure>
  </testcase>
  <testcase name="noCursorWhenResultsLessThanFetchSize" classname="org.opensearch.sql.legacy.CursorIT" time="0.033">
    <failure message="org.opensearch.client.ResponseException: method [POST], host [http://[::1]:61802], URI [/_plugins/_sql?format=jdbc], status line [HTTP/1.1 400 Bad Request]&#10;{&#10;  &quot;error&quot;: {&#10;    &quot;reason&quot;: &quot;Invalid SQL query&quot;,&#10;    &quot;details&quot;: &quot;Query is unsupported in the new engine&quot;,&#10;    &quot;type&quot;: &quot;SQLFeatureDisabledException&quot;&#10;  },&#10;  &quot;status&quot;: 400&#10;}" type="org.opensearch.client.ResponseException">org.opensearch.client.ResponseException: method [POST], host [http://[::1]:61802], URI [/_plugins/_sql?format=jdbc], status line [HTTP/1.1 400 Bad Request]
</failure>
  </testcase>
  <testcase name="testExceptionOnCursorExplain" classname="org.opensearch.sql.legacy.CursorIT" time="0.031"/>
  <testcase name="noPaginationWhenFetchSizeZero" classname="org.opensearch.sql.legacy.CursorIT" time="0.078"/>
  <testcase name="testCursorWithPreparedStatement" classname="org.opensearch.sql.legacy.CursorIT" time="0.052">
    <failure message="org.opensearch.client.ResponseException: method [POST], host [http://127.0.0.1:61803], URI [/_plugins/_sql?format=jdbc], status line [HTTP/1.1 400 Bad Request]&#10;{&#10;  &quot;error&quot;: {&#10;    &quot;reason&quot;: &quot;Invalid SQL query&quot;,&#10;    &quot;details&quot;: &quot;Query is unsupported in the new engine&quot;,&#10;    &quot;type&quot;: &quot;SQLFeatureDisabledException&quot;&#10;  },&#10;  &quot;status&quot;: 400&#10;}" type="org.opensearch.client.ResponseException">org.opensearch.client.ResponseException: method [POST], host [http://127.0.0.1:61803], URI [/_plugins/_sql?format=jdbc], status line [HTTP/1.1 400 Bad Request]
</failure>
  </testcase>
  <testcase name="invalidNegativeFetchSize" classname="org.opensearch.sql.legacy.CursorIT" time="0.033"/>
  <testcase name="validNumberOfPages" classname="org.opensearch.sql.legacy.CursorIT" time="0.032">
    <failure message="org.opensearch.client.ResponseException: method [POST], host [http://127.0.0.1:61803], URI [/_plugins/_sql?format=jdbc], status line [HTTP/1.1 400 Bad Request]&#10;{&#10;  &quot;error&quot;: {&#10;    &quot;reason&quot;: &quot;Invalid SQL query&quot;,&#10;    &quot;details&quot;: &quot;Query is unsupported in the new engine&quot;,&#10;    &quot;type&quot;: &quot;SQLFeatureDisabledException&quot;&#10;  },&#10;  &quot;status&quot;: 400&#10;}" type="org.opensearch.client.ResponseException">org.opensearch.client.ResponseException: method [POST], host [http://127.0.0.1:61803], URI [/_plugins/_sql?format=jdbc], status line [HTTP/1.1 400 Bad Request]
</failure>
  </testcase>
  <testcase name="validTotalResultWithAndWithoutPaginationOrderBy" classname="org.opensearch.sql.legacy.CursorIT" time="0.127">
    <failure message="org.opensearch.client.ResponseException: method [POST], host [http://127.0.0.1:61803], URI [/_plugins/_sql?format=jdbc], status line [HTTP/1.1 400 Bad Request]&#10;{&#10;  &quot;error&quot;: {&#10;    &quot;reason&quot;: &quot;Invalid SQL query&quot;,&#10;    &quot;details&quot;: &quot;Query is unsupported in the new engine&quot;,&#10;    &quot;type&quot;: &quot;SQLFeatureDisabledException&quot;&#10;  },&#10;  &quot;status&quot;: 400&#10;}" type="org.opensearch.client.ResponseException">org.opensearch.client.ResponseException: method [POST], host [http://127.0.0.1:61803], URI [/_plugins/_sql?format=jdbc], status line [HTTP/1.1 400 Bad Request]
</failure>
  </testcase>
  <testcase name="invalidNonNumericFetchSize" classname="org.opensearch.sql.legacy.CursorIT" time="0.084"/>
  <testcase name="testRegressionOnDateFormatChange" classname="org.opensearch.sql.legacy.CursorIT" time="0.513">
    <failure message="org.opensearch.client.ResponseException: method [POST], host [http://[::1]:61802], URI [/_plugins/_sql?format=jdbc], status line [HTTP/1.1 400 Bad Request]&#10;{&#10;  &quot;error&quot;: {&#10;    &quot;reason&quot;: &quot;Invalid SQL query&quot;,&#10;    &quot;details&quot;: &quot;Query is unsupported in the new engine&quot;,&#10;    &quot;type&quot;: &quot;SQLFeatureDisabledException&quot;&#10;  },&#10;  &quot;status&quot;: 400&#10;}" type="org.opensearch.client.ResponseException">org.opensearch.client.ResponseException: method [POST], host [http://[::1]:61802], URI [/_plugins/_sql?format=jdbc], status line [HTTP/1.1 400 Bad Request]
</failure>
  </testcase>
  <testcase name="testCursorSettings" classname="org.opensearch.sql.legacy.CursorIT" time="0.191"/>
  <testcase name="invalidCursorIdNotDecodable" classname="org.opensearch.sql.legacy.CursorIT" time="0.072"/>
  <testcase name="respectLimitPassedInSelectClause" classname="org.opensearch.sql.legacy.CursorIT" time="0.039">
    <failure message="org.opensearch.client.ResponseException: method [POST], host [http://127.0.0.1:61803], URI [/_plugins/_sql?format=jdbc], status line [HTTP/1.1 400 Bad Request]&#10;{&#10;  &quot;error&quot;: {&#10;    &quot;reason&quot;: &quot;Invalid SQL query&quot;,&#10;    &quot;details&quot;: &quot;Query is unsupported in the new engine&quot;,&#10;    &quot;type&quot;: &quot;SQLFeatureDisabledException&quot;&#10;  },&#10;  &quot;status&quot;: 400&#10;}" type="org.opensearch.client.ResponseException">org.opensearch.client.ResponseException: method [POST], host [http://127.0.0.1:61803], URI [/_plugins/_sql?format=jdbc], status line [HTTP/1.1 400 Bad Request]
</failure>
  </testcase>
  <system-out><![CDATA[[2023-01-17T03:15:43,596][INFO ][o.o.s.l.CursorIT         ] [validTotalResultWithAndWithoutPagination] before test
]]></system-out>
  <system-err><![CDATA[REPRODUCE WITH: ./gradlew ':integ-test:integTest' --tests "org.opensearch.sql.legacy.CursorIT.validTotalResultWithAndWithoutPagination" -Dtests.seed=160F64C51FACC80F -Dtests.security.manager=false -Dtests.locale=ar -Dtests.timezone=Africa/Niamey -Druntime.java=17
]]></system-err>
</testsuite>
<?xml version="1.0" encoding="UTF-8"?>
<testsuite name="org.opensearch.sql.legacy.DateFormatIT" tests="14" skipped="1" failures="13" errors="0" timestamp="2023-01-17T02:15:46" hostname="Unused26-MacBook.local" time="3.25">
  <properties/>
  <testcase name="groupByAndSortAliased" classname="org.opensearch.sql.legacy.DateFormatIT" time="2.75">
    <failure message="org.opensearch.client.ResponseException: method [POST], host [http://[::1]:61802], URI [/_plugins/_sql?format=json], status line [HTTP/1.1 400 Bad Request]&#10;{&#10;  &quot;error&quot;: {&#10;    &quot;reason&quot;: &quot;Invalid SQL query&quot;,&#10;    &quot;details&quot;: &quot;Query is unsupported in the new engine&quot;,&#10;    &quot;type&quot;: &quot;SQLFeatureDisabledException&quot;&#10;  },&#10;  &quot;status&quot;: 400&#10;}" type="org.opensearch.client.ResponseException">org.opensearch.client.ResponseException: method [POST], host [http://[::1]:61802], URI [/_plugins/_sql?format=json], status line [HTTP/1.1 400 Bad Request]
</failure>
  </testcase>
  <testcase name="equalTo" classname="org.opensearch.sql.legacy.DateFormatIT" time="0.066">
    <failure message="org.opensearch.sql.legacy.exception.SqlParseException: Unable to process query 'SELECT insert_time FROM opensearch-sql_test_index_online WHERE date_format(insert_time, 'yyyy-MM-dd', 'UTC') = '2014-08-17''" type="org.opensearch.sql.legacy.exception.SqlParseException">org.opensearch.sql.legacy.exception.SqlParseException: Unable to process query 'SELECT insert_time FROM opensearch-sql_test_index_online WHERE date_format(insert_time, 'yyyy-MM-dd', 'UTC') = '2014-08-17''
</failure>
  </testcase>
  <testcase name="lessThan" classname="org.opensearch.sql.legacy.DateFormatIT" time="0.041">
    <failure message="org.opensearch.sql.legacy.exception.SqlParseException: Unable to process query 'SELECT insert_time FROM opensearch-sql_test_index_online WHERE date_format(insert_time, 'yyyy-MM-dd', 'UTC') &lt; '2014-08-18''" type="org.opensearch.sql.legacy.exception.SqlParseException">org.opensearch.sql.legacy.exception.SqlParseException: Unable to process query 'SELECT insert_time FROM opensearch-sql_test_index_online WHERE date_format(insert_time, 'yyyy-MM-dd', 'UTC') &lt; '2014-08-18''
</failure>
  </testcase>
  <testcase name="sortByAliasedDateFormat" classname="org.opensearch.sql.legacy.DateFormatIT" time="0.044">
    <failure message="org.opensearch.client.ResponseException: method [POST], host [http://127.0.0.1:61803], URI [/_plugins/_sql?format=json], status line [HTTP/1.1 400 Bad Request]&#10;{&#10;  &quot;error&quot;: {&#10;    &quot;reason&quot;: &quot;Invalid SQL query&quot;,&#10;    &quot;details&quot;: &quot;Query is unsupported in the new engine&quot;,&#10;    &quot;type&quot;: &quot;SQLFeatureDisabledException&quot;&#10;  },&#10;  &quot;status&quot;: 400&#10;}" type="org.opensearch.client.ResponseException">org.opensearch.client.ResponseException: method [POST], host [http://127.0.0.1:61803], URI [/_plugins/_sql?format=json], status line [HTTP/1.1 400 Bad Request]
</failure>
  </testcase>
  <testcase name="groupByAndSortAliasedReversed" classname="org.opensearch.sql.legacy.DateFormatIT" time="0.033">
    <failure message="org.opensearch.client.ResponseException: method [POST], host [http://[::1]:61802], URI [/_plugins/_sql?format=json], status line [HTTP/1.1 400 Bad Request]&#10;{&#10;  &quot;error&quot;: {&#10;    &quot;reason&quot;: &quot;Invalid SQL query&quot;,&#10;    &quot;details&quot;: &quot;Query is unsupported in the new engine&quot;,&#10;    &quot;type&quot;: &quot;SQLFeatureDisabledException&quot;&#10;  },&#10;  &quot;status&quot;: 400&#10;}" type="org.opensearch.client.ResponseException">org.opensearch.client.ResponseException: method [POST], host [http://[::1]:61802], URI [/_plugins/_sql?format=json], status line [HTTP/1.1 400 Bad Request]
</failure>
  </testcase>
  <testcase name="or" classname="org.opensearch.sql.legacy.DateFormatIT" time="0.032">
    <failure message="org.opensearch.sql.legacy.exception.SqlParseException: Unable to process query 'SELECT insert_time FROM opensearch-sql_test_index_online WHERE date_format(insert_time, 'yyyy-MM-dd', 'UTC') &lt; '2014-08-18' OR date_format(insert_time, 'yyyy-MM-dd', 'UTC') &gt; '2014-08-23' ORDER BY insert_time LIMIT 1000'" type="org.opensearch.sql.legacy.exception.SqlParseException">org.opensearch.sql.legacy.exception.SqlParseException: Unable to process query 'SELECT insert_time FROM opensearch-sql_test_index_online WHERE date_format(insert_time, 'yyyy-MM-dd', 'UTC') &lt; '2014-08-18' OR date_format(insert_time, 'yyyy-MM-dd', 'UTC') &gt; '2014-08-23' ORDER BY insert_time LIMIT 1000'
</failure>
  </testcase>
  <testcase name="and" classname="org.opensearch.sql.legacy.DateFormatIT" time="0.039">
    <failure message="org.opensearch.sql.legacy.exception.SqlParseException: Unable to process query 'SELECT insert_time FROM opensearch-sql_test_index_online WHERE date_format(insert_time, 'yyyy-MM-dd', 'UTC') &gt;= '2014-08-21' AND date_format(insert_time, 'yyyy-MM-dd', 'UTC') &lt;= '2014-08-23' ORDER BY insert_time LIMIT 3000'" type="org.opensearch.sql.legacy.exception.SqlParseException">org.opensearch.sql.legacy.exception.SqlParseException: Unable to process query 'SELECT insert_time FROM opensearch-sql_test_index_online WHERE date_format(insert_time, 'yyyy-MM-dd', 'UTC') &gt;= '2014-08-21' AND date_format(insert_time, 'yyyy-MM-dd', 'UTC') &lt;= '2014-08-23' ORDER BY insert_time LIMIT 3000'
</failure>
  </testcase>
  <testcase name="groupByAndSort" classname="org.opensearch.sql.legacy.DateFormatIT" time="0.036">
    <failure message="org.opensearch.client.ResponseException: method [POST], host [http://127.0.0.1:61803], URI [/_plugins/_sql?format=json], status line [HTTP/1.1 400 Bad Request]&#10;{&#10;  &quot;error&quot;: {&#10;    &quot;reason&quot;: &quot;Invalid SQL query&quot;,&#10;    &quot;details&quot;: &quot;Query is unsupported in the new engine&quot;,&#10;    &quot;type&quot;: &quot;SQLFeatureDisabledException&quot;&#10;  },&#10;  &quot;status&quot;: 400&#10;}" type="org.opensearch.client.ResponseException">org.opensearch.client.ResponseException: method [POST], host [http://127.0.0.1:61803], URI [/_plugins/_sql?format=json], status line [HTTP/1.1 400 Bad Request]
</failure>
  </testcase>
  <testcase name="selectDateTimeWithDefaultTimeZone" classname="org.opensearch.sql.legacy.DateFormatIT" time="0.0">
    <skipped/>
  </testcase>
  <testcase name="sortByDateFormat" classname="org.opensearch.sql.legacy.DateFormatIT" time="0.037">
    <failure message="org.opensearch.client.ResponseException: method [POST], host [http://[::1]:61802], URI [/_plugins/_sql?format=json], status line [HTTP/1.1 400 Bad Request]&#10;{&#10;  &quot;error&quot;: {&#10;    &quot;reason&quot;: &quot;Invalid SQL query&quot;,&#10;    &quot;details&quot;: &quot;Query is unsupported in the new engine&quot;,&#10;    &quot;type&quot;: &quot;SQLFeatureDisabledException&quot;&#10;  },&#10;  &quot;status&quot;: 400&#10;}" type="org.opensearch.client.ResponseException">org.opensearch.client.ResponseException: method [POST], host [http://[::1]:61802], URI [/_plugins/_sql?format=json], status line [HTTP/1.1 400 Bad Request]
</failure>
  </testcase>
  <testcase name="greaterThanOrEqualTo" classname="org.opensearch.sql.legacy.DateFormatIT" time="0.037">
    <failure message="org.opensearch.sql.legacy.exception.SqlParseException: Unable to process query 'SELECT insert_time FROM opensearch-sql_test_index_online WHERE date_format(insert_time, 'yyyy-MM-dd', 'UTC') &gt;= '2014-08-23' ORDER BY insert_time LIMIT 2000'" type="org.opensearch.sql.legacy.exception.SqlParseException">org.opensearch.sql.legacy.exception.SqlParseException: Unable to process query 'SELECT insert_time FROM opensearch-sql_test_index_online WHERE date_format(insert_time, 'yyyy-MM-dd', 'UTC') &gt;= '2014-08-23' ORDER BY insert_time LIMIT 2000'
</failure>
  </testcase>
  <testcase name="greaterThan" classname="org.opensearch.sql.legacy.DateFormatIT" time="0.047">
    <failure message="org.opensearch.sql.legacy.exception.SqlParseException: Unable to process query 'SELECT insert_time FROM opensearch-sql_test_index_online WHERE date_format(insert_time, 'yyyy-MM-dd', 'UTC') &gt; '2014-08-23''" type="org.opensearch.sql.legacy.exception.SqlParseException">org.opensearch.sql.legacy.exception.SqlParseException: Unable to process query 'SELECT insert_time FROM opensearch-sql_test_index_online WHERE date_format(insert_time, 'yyyy-MM-dd', 'UTC') &gt; '2014-08-23''
</failure>
  </testcase>
  <testcase name="andWithDefaultTimeZone" classname="org.opensearch.sql.legacy.DateFormatIT" time="0.039">
    <failure message="org.opensearch.sql.legacy.exception.SqlParseException: Unable to process query 'SELECT insert_time FROM opensearch-sql_test_index_online WHERE date_format(insert_time, 'yyyy-MM-dd HH:mm:ss') &gt;= '2014-08-17 16:13:12' AND date_format(insert_time, 'yyyy-MM-dd HH:mm:ss') &lt;= '2014-08-17 16:13:13''" type="org.opensearch.sql.legacy.exception.SqlParseException">org.opensearch.sql.legacy.exception.SqlParseException: Unable to process query 'SELECT insert_time FROM opensearch-sql_test_index_online WHERE date_format(insert_time, 'yyyy-MM-dd HH:mm:ss') &gt;= '2014-08-17 16:13:12' AND date_format(insert_time, 'yyyy-MM-dd HH:mm:ss') &lt;= '2014-08-17 16:13:13''
</failure>
  </testcase>
  <testcase name="lessThanOrEqualTo" classname="org.opensearch.sql.legacy.DateFormatIT" time="0.042">
    <failure message="org.opensearch.sql.legacy.exception.SqlParseException: Unable to process query 'SELECT insert_time FROM opensearch-sql_test_index_online WHERE date_format(insert_time, 'yyyy-MM-dd', 'UTC') &lt;= '2014-08-18' ORDER BY insert_time LIMIT 1000'" type="org.opensearch.sql.legacy.exception.SqlParseException">org.opensearch.sql.legacy.exception.SqlParseException: Unable to process query 'SELECT insert_time FROM opensearch-sql_test_index_online WHERE date_format(insert_time, 'yyyy-MM-dd', 'UTC') &lt;= '2014-08-18' ORDER BY insert_time LIMIT 1000'
</failure>
  </testcase>
  <system-out><![CDATA[[2023-01-17T03:15:46,389][INFO ][o.o.s.l.DateFormatIT     ] [groupByAndSortAliased] before test
]]></system-out>
  <system-err><![CDATA[REPRODUCE WITH: ./gradlew ':integ-test:integTest' --tests "org.opensearch.sql.legacy.DateFormatIT.groupByAndSortAliased" -Dtests.seed=160F64C51FACC80F -Dtests.security.manager=false -Dtests.locale=sr -Dtests.timezone=Africa/Libreville -Druntime.java=17
]]></system-err>
</testsuite>
<?xml version="1.0" encoding="UTF-8"?>
<testsuite name="org.opensearch.sql.legacy.DateFunctionsIT" tests="21" skipped="0" failures="21" errors="0" timestamp="2023-01-17T02:15:49" hostname="Unused26-MacBook.local" time="3.621">
  <properties/>
  <testcase name="dayOfMonthInWhere" classname="org.opensearch.sql.legacy.DateFunctionsIT" time="2.877">
    <failure message="org.opensearch.client.ResponseException: method [POST], host [http://[::1]:61802], URI [/_plugins/_sql?format=json], status line [HTTP/1.1 400 Bad Request]&#10;{&#10;  &quot;error&quot;: {&#10;    &quot;reason&quot;: &quot;Invalid SQL query&quot;,&#10;    &quot;details&quot;: &quot;Query is unsupported in the new engine&quot;,&#10;    &quot;type&quot;: &quot;SQLFeatureDisabledException&quot;&#10;  },&#10;  &quot;status&quot;: 400&#10;}" type="org.opensearch.client.ResponseException">org.opensearch.client.ResponseException: method [POST], host [http://[::1]:61802], URI [/_plugins/_sql?format=json], status line [HTTP/1.1 400 Bad Request]
</failure>
  </testcase>
  <testcase name="minuteOfDay" classname="org.opensearch.sql.legacy.DateFunctionsIT" time="0.068">
    <failure message="org.opensearch.client.ResponseException: method [POST], host [http://127.0.0.1:61803], URI [/_plugins/_sql?format=json], status line [HTTP/1.1 400 Bad Request]&#10;{&#10;  &quot;error&quot;: {&#10;    &quot;reason&quot;: &quot;Invalid SQL query&quot;,&#10;    &quot;details&quot;: &quot;Query is unsupported in the new engine&quot;,&#10;    &quot;type&quot;: &quot;SQLFeatureDisabledException&quot;&#10;  },&#10;  &quot;status&quot;: 400&#10;}" type="org.opensearch.client.ResponseException">org.opensearch.client.ResponseException: method [POST], host [http://127.0.0.1:61803], URI [/_plugins/_sql?format=json], status line [HTTP/1.1 400 Bad Request]
</failure>
  </testcase>
  <testcase name="dayOfWeek" classname="org.opensearch.sql.legacy.DateFunctionsIT" time="0.037">
    <failure message="org.opensearch.client.ResponseException: method [POST], host [http://[::1]:61802], URI [/_plugins/_sql?format=json], status line [HTTP/1.1 400 Bad Request]&#10;{&#10;  &quot;error&quot;: {&#10;    &quot;reason&quot;: &quot;Invalid SQL query&quot;,&#10;    &quot;details&quot;: &quot;Query is unsupported in the new engine&quot;,&#10;    &quot;type&quot;: &quot;SQLFeatureDisabledException&quot;&#10;  },&#10;  &quot;status&quot;: 400&#10;}" type="org.opensearch.client.ResponseException">org.opensearch.client.ResponseException: method [POST], host [http://[::1]:61802], URI [/_plugins/_sql?format=json], status line [HTTP/1.1 400 Bad Request]
</failure>
  </testcase>
  <testcase name="hourOfDay" classname="org.opensearch.sql.legacy.DateFunctionsIT" time="0.031">
    <failure message="org.opensearch.client.ResponseException: method [POST], host [http://127.0.0.1:61803], URI [/_plugins/_sql?format=json], status line [HTTP/1.1 400 Bad Request]&#10;{&#10;  &quot;error&quot;: {&#10;    &quot;reason&quot;: &quot;Invalid SQL query&quot;,&#10;    &quot;details&quot;: &quot;Query is unsupported in the new engine&quot;,&#10;    &quot;type&quot;: &quot;SQLFeatureDisabledException&quot;&#10;  },&#10;  &quot;status&quot;: 400&#10;}" type="org.opensearch.client.ResponseException">org.opensearch.client.ResponseException: method [POST], host [http://127.0.0.1:61803], URI [/_plugins/_sql?format=json], status line [HTTP/1.1 400 Bad Request]
</failure>
  </testcase>
  <testcase name="now" classname="org.opensearch.sql.legacy.DateFunctionsIT" time="0.031">
    <failure message="org.opensearch.client.ResponseException: method [POST], host [http://[::1]:61802], URI [/_plugins/_sql?format=json], status line [HTTP/1.1 400 Bad Request]&#10;{&#10;  &quot;error&quot;: {&#10;    &quot;reason&quot;: &quot;Invalid SQL query&quot;,&#10;    &quot;details&quot;: &quot;Query is unsupported in the new engine&quot;,&#10;    &quot;type&quot;: &quot;SQLFeatureDisabledException&quot;&#10;  },&#10;  &quot;status&quot;: 400&#10;}" type="org.opensearch.client.ResponseException">org.opensearch.client.ResponseException: method [POST], host [http://[::1]:61802], URI [/_plugins/_sql?format=json], status line [HTTP/1.1 400 Bad Request]
</failure>
  </testcase>
  <testcase name="maketime" classname="org.opensearch.sql.legacy.DateFunctionsIT" time="0.033">
    <failure message="org.opensearch.client.ResponseException: method [POST], host [http://127.0.0.1:61803], URI [/_plugins/_sql?format=json], status line [HTTP/1.1 400 Bad Request]&#10;{&#10;  &quot;error&quot;: {&#10;    &quot;reason&quot;: &quot;Invalid SQL query&quot;,&#10;    &quot;details&quot;: &quot;Query is unsupported in the new engine&quot;,&#10;    &quot;type&quot;: &quot;SQLFeatureDisabledException&quot;&#10;  },&#10;  &quot;status&quot;: 400&#10;}" type="org.opensearch.client.ResponseException">org.opensearch.client.ResponseException: method [POST], host [http://127.0.0.1:61803], URI [/_plugins/_sql?format=json], status line [HTTP/1.1 400 Bad Request]
</failure>
  </testcase>
  <testcase name="monthname" classname="org.opensearch.sql.legacy.DateFunctionsIT" time="0.05">
    <failure message="org.opensearch.client.ResponseException: method [POST], host [http://[::1]:61802], URI [/_plugins/_sql?format=json], status line [HTTP/1.1 400 Bad Request]&#10;{&#10;  &quot;error&quot;: {&#10;    &quot;reason&quot;: &quot;Invalid SQL query&quot;,&#10;    &quot;details&quot;: &quot;Query is unsupported in the new engine&quot;,&#10;    &quot;type&quot;: &quot;SQLFeatureDisabledException&quot;&#10;  },&#10;  &quot;status&quot;: 400&#10;}" type="org.opensearch.client.ResponseException">org.opensearch.client.ResponseException: method [POST], host [http://[::1]:61802], URI [/_plugins/_sql?format=json], status line [HTTP/1.1 400 Bad Request]
</failure>
  </testcase>
  <testcase name="weekOfYearInWhere" classname="org.opensearch.sql.legacy.DateFunctionsIT" time="0.029">
    <failure message="org.opensearch.client.ResponseException: method [POST], host [http://127.0.0.1:61803], URI [/_plugins/_sql?format=json], status line [HTTP/1.1 400 Bad Request]&#10;{&#10;  &quot;error&quot;: {&#10;    &quot;reason&quot;: &quot;Invalid SQL query&quot;,&#10;    &quot;details&quot;: &quot;Query is unsupported in the new engine&quot;,&#10;    &quot;type&quot;: &quot;SQLFeatureDisabledException&quot;&#10;  },&#10;  &quot;status&quot;: 400&#10;}" type="org.opensearch.client.ResponseException">org.opensearch.client.ResponseException: method [POST], host [http://127.0.0.1:61803], URI [/_plugins/_sql?format=json], status line [HTTP/1.1 400 Bad Request]
</failure>
  </testcase>
  <testcase name="timestamp" classname="org.opensearch.sql.legacy.DateFunctionsIT" time="0.04">
    <failure message="org.opensearch.client.ResponseException: method [POST], host [http://[::1]:61802], URI [/_plugins/_sql?format=json], status line [HTTP/1.1 400 Bad Request]&#10;{&#10;  &quot;error&quot;: {&#10;    &quot;reason&quot;: &quot;Invalid SQL query&quot;,&#10;    &quot;details&quot;: &quot;Query is unsupported in the new engine&quot;,&#10;    &quot;type&quot;: &quot;SQLFeatureDisabledException&quot;&#10;  },&#10;  &quot;status&quot;: 400&#10;}" type="org.opensearch.client.ResponseException">org.opensearch.client.ResponseException: method [POST], host [http://[::1]:61802], URI [/_plugins/_sql?format=json], status line [HTTP/1.1 400 Bad Request]
</failure>
  </testcase>
  <testcase name="dayofmonth" classname="org.opensearch.sql.legacy.DateFunctionsIT" time="0.03">
    <failure message="org.opensearch.client.ResponseException: method [POST], host [http://127.0.0.1:61803], URI [/_plugins/_sql?format=json], status line [HTTP/1.1 400 Bad Request]&#10;{&#10;  &quot;error&quot;: {&#10;    &quot;reason&quot;: &quot;Invalid SQL query&quot;,&#10;    &quot;details&quot;: &quot;Query is unsupported in the new engine&quot;,&#10;    &quot;type&quot;: &quot;SQLFeatureDisabledException&quot;&#10;  },&#10;  &quot;status&quot;: 400&#10;}" type="org.opensearch.client.ResponseException">org.opensearch.client.ResponseException: method [POST], host [http://127.0.0.1:61803], URI [/_plugins/_sql?format=json], status line [HTTP/1.1 400 Bad Request]
</failure>
  </testcase>
  <testcase name="dayOfYearInWhere" classname="org.opensearch.sql.legacy.DateFunctionsIT" time="0.032">
    <failure message="org.opensearch.client.ResponseException: method [POST], host [http://[::1]:61802], URI [/_plugins/_sql?format=json], status line [HTTP/1.1 400 Bad Request]&#10;{&#10;  &quot;error&quot;: {&#10;    &quot;reason&quot;: &quot;Invalid SQL query&quot;,&#10;    &quot;details&quot;: &quot;Query is unsupported in the new engine&quot;,&#10;    &quot;type&quot;: &quot;SQLFeatureDisabledException&quot;&#10;  },&#10;  &quot;status&quot;: 400&#10;}" type="org.opensearch.client.ResponseException">org.opensearch.client.ResponseException: method [POST], host [http://[::1]:61802], URI [/_plugins/_sql?format=json], status line [HTTP/1.1 400 Bad Request]
</failure>
  </testcase>
  <testcase name="dayOfYearInSelect" classname="org.opensearch.sql.legacy.DateFunctionsIT" time="0.031">
    <failure message="org.opensearch.client.ResponseException: method [POST], host [http://127.0.0.1:61803], URI [/_plugins/_sql?format=json], status line [HTTP/1.1 400 Bad Request]&#10;{&#10;  &quot;error&quot;: {&#10;    &quot;reason&quot;: &quot;Invalid SQL query&quot;,&#10;    &quot;details&quot;: &quot;Query is unsupported in the new engine&quot;,&#10;    &quot;type&quot;: &quot;SQLFeatureDisabledException&quot;&#10;  },&#10;  &quot;status&quot;: 400&#10;}" type="org.opensearch.client.ResponseException">org.opensearch.client.ResponseException: method [POST], host [http://127.0.0.1:61803], URI [/_plugins/_sql?format=json], status line [HTTP/1.1 400 Bad Request]
</failure>
  </testcase>
  <testcase name="monthOfYear" classname="org.opensearch.sql.legacy.DateFunctionsIT" time="0.031">
    <failure message="org.opensearch.client.ResponseException: method [POST], host [http://[::1]:61802], URI [/_plugins/_sql?format=json], status line [HTTP/1.1 400 Bad Request]&#10;{&#10;  &quot;error&quot;: {&#10;    &quot;reason&quot;: &quot;Invalid SQL query&quot;,&#10;    &quot;details&quot;: &quot;Query is unsupported in the new engine&quot;,&#10;    &quot;type&quot;: &quot;SQLFeatureDisabledException&quot;&#10;  },&#10;  &quot;status&quot;: 400&#10;}" type="org.opensearch.client.ResponseException">org.opensearch.client.ResponseException: method [POST], host [http://[::1]:61802], URI [/_plugins/_sql?format=json], status line [HTTP/1.1 400 Bad Request]
</failure>
  </testcase>
  <testcase name="curdate" classname="org.opensearch.sql.legacy.DateFunctionsIT" time="0.028">
    <failure message="org.opensearch.client.ResponseException: method [POST], host [http://127.0.0.1:61803], URI [/_plugins/_sql?format=json], status line [HTTP/1.1 400 Bad Request]&#10;{&#10;  &quot;error&quot;: {&#10;    &quot;reason&quot;: &quot;Invalid SQL query&quot;,&#10;    &quot;details&quot;: &quot;Query is unsupported in the new engine&quot;,&#10;    &quot;type&quot;: &quot;SQLFeatureDisabledException&quot;&#10;  },&#10;  &quot;status&quot;: 400&#10;}" type="org.opensearch.client.ResponseException">org.opensearch.client.ResponseException: method [POST], host [http://127.0.0.1:61803], URI [/_plugins/_sql?format=json], status line [HTTP/1.1 400 Bad Request]
</failure>
  </testcase>
  <testcase name="dayOfMonthInSelect" classname="org.opensearch.sql.legacy.DateFunctionsIT" time="0.039">
    <failure message="org.opensearch.client.ResponseException: method [POST], host [http://[::1]:61802], URI [/_plugins/_sql?format=json], status line [HTTP/1.1 400 Bad Request]&#10;{&#10;  &quot;error&quot;: {&#10;    &quot;reason&quot;: &quot;Invalid SQL query&quot;,&#10;    &quot;details&quot;: &quot;Query is unsupported in the new engine&quot;,&#10;    &quot;type&quot;: &quot;SQLFeatureDisabledException&quot;&#10;  },&#10;  &quot;status&quot;: 400&#10;}" type="org.opensearch.client.ResponseException">org.opensearch.client.ResponseException: method [POST], host [http://[::1]:61802], URI [/_plugins/_sql?format=json], status line [HTTP/1.1 400 Bad Request]
</failure>
  </testcase>
  <testcase name="date" classname="org.opensearch.sql.legacy.DateFunctionsIT" time="0.031">
    <failure message="org.opensearch.client.ResponseException: method [POST], host [http://127.0.0.1:61803], URI [/_plugins/_sql?format=json], status line [HTTP/1.1 400 Bad Request]&#10;{&#10;  &quot;error&quot;: {&#10;    &quot;reason&quot;: &quot;Invalid SQL query&quot;,&#10;    &quot;details&quot;: &quot;Query is unsupported in the new engine&quot;,&#10;    &quot;type&quot;: &quot;SQLFeatureDisabledException&quot;&#10;  },&#10;  &quot;status&quot;: 400&#10;}" type="org.opensearch.client.ResponseException">org.opensearch.client.ResponseException: method [POST], host [http://127.0.0.1:61803], URI [/_plugins/_sql?format=json], status line [HTTP/1.1 400 Bad Request]
</failure>
  </testcase>
  <testcase name="month" classname="org.opensearch.sql.legacy.DateFunctionsIT" time="0.03">
    <failure message="org.opensearch.client.ResponseException: method [POST], host [http://[::1]:61802], URI [/_plugins/_sql?format=json], status line [HTTP/1.1 400 Bad Request]&#10;{&#10;  &quot;error&quot;: {&#10;    &quot;reason&quot;: &quot;Invalid SQL query&quot;,&#10;    &quot;details&quot;: &quot;Query is unsupported in the new engine&quot;,&#10;    &quot;type&quot;: &quot;SQLFeatureDisabledException&quot;&#10;  },&#10;  &quot;status&quot;: 400&#10;}" type="org.opensearch.client.ResponseException">org.opensearch.client.ResponseException: method [POST], host [http://[::1]:61802], URI [/_plugins/_sql?format=json], status line [HTTP/1.1 400 Bad Request]
</failure>
  </testcase>
  <testcase name="weekOfYearInSelect" classname="org.opensearch.sql.legacy.DateFunctionsIT" time="0.037">
    <failure message="org.opensearch.client.ResponseException: method [POST], host [http://127.0.0.1:61803], URI [/_plugins/_sql?format=json], status line [HTTP/1.1 400 Bad Request]&#10;{&#10;  &quot;error&quot;: {&#10;    &quot;reason&quot;: &quot;Invalid SQL query&quot;,&#10;    &quot;details&quot;: &quot;Query is unsupported in the new engine&quot;,&#10;    &quot;type&quot;: &quot;SQLFeatureDisabledException&quot;&#10;  },&#10;  &quot;status&quot;: 400&#10;}" type="org.opensearch.client.ResponseException">org.opensearch.client.ResponseException: method [POST], host [http://127.0.0.1:61803], URI [/_plugins/_sql?format=json], status line [HTTP/1.1 400 Bad Request]
</failure>
  </testcase>
  <testcase name="minuteOfHour" classname="org.opensearch.sql.legacy.DateFunctionsIT" time="0.063">
    <failure message="org.opensearch.client.ResponseException: method [POST], host [http://[::1]:61802], URI [/_plugins/_sql?format=json], status line [HTTP/1.1 400 Bad Request]&#10;{&#10;  &quot;error&quot;: {&#10;    &quot;reason&quot;: &quot;Invalid SQL query&quot;,&#10;    &quot;details&quot;: &quot;Query is unsupported in the new engine&quot;,&#10;    &quot;type&quot;: &quot;SQLFeatureDisabledException&quot;&#10;  },&#10;  &quot;status&quot;: 400&#10;}" type="org.opensearch.client.ResponseException">org.opensearch.client.ResponseException: method [POST], host [http://[::1]:61802], URI [/_plugins/_sql?format=json], status line [HTTP/1.1 400 Bad Request]
</failure>
  </testcase>
  <testcase name="year" classname="org.opensearch.sql.legacy.DateFunctionsIT" time="0.03">
    <failure message="org.opensearch.client.ResponseException: method [POST], host [http://127.0.0.1:61803], URI [/_plugins/_sql?format=json], status line [HTTP/1.1 400 Bad Request]&#10;{&#10;  &quot;error&quot;: {&#10;    &quot;reason&quot;: &quot;Invalid SQL query&quot;,&#10;    &quot;details&quot;: &quot;Query is unsupported in the new engine&quot;,&#10;    &quot;type&quot;: &quot;SQLFeatureDisabledException&quot;&#10;  },&#10;  &quot;status&quot;: 400&#10;}" type="org.opensearch.client.ResponseException">org.opensearch.client.ResponseException: method [POST], host [http://127.0.0.1:61803], URI [/_plugins/_sql?format=json], status line [HTTP/1.1 400 Bad Request]
</failure>
  </testcase>
  <testcase name="secondOfMinute" classname="org.opensearch.sql.legacy.DateFunctionsIT" time="0.034">
    <failure message="org.opensearch.client.ResponseException: method [POST], host [http://[::1]:61802], URI [/_plugins/_sql?format=json], status line [HTTP/1.1 400 Bad Request]&#10;{&#10;  &quot;error&quot;: {&#10;    &quot;reason&quot;: &quot;Invalid SQL query&quot;,&#10;    &quot;details&quot;: &quot;Query is unsupported in the new engine&quot;,&#10;    &quot;type&quot;: &quot;SQLFeatureDisabledException&quot;&#10;  },&#10;  &quot;status&quot;: 400&#10;}" type="org.opensearch.client.ResponseException">org.opensearch.client.ResponseException: method [POST], host [http://[::1]:61802], URI [/_plugins/_sql?format=json], status line [HTTP/1.1 400 Bad Request]
</failure>
  </testcase>
  <system-out><![CDATA[[2023-01-17T07:15:49,915][INFO ][o.o.s.l.DateFunctionsIT  ] [dayOfMonthInWhere] before test
]]></system-out>
  <system-err><![CDATA[REPRODUCE WITH: ./gradlew ':integ-test:integTest' --tests "org.opensearch.sql.legacy.DateFunctionsIT.dayOfMonthInWhere" -Dtests.seed=160F64C51FACC80F -Dtests.security.manager=false -Dtests.locale=es-AR -Dtests.timezone=PLT -Druntime.java=17
]]></system-err>
</testsuite>
<?xml version="1.0" encoding="UTF-8"?>
<testsuite name="org.opensearch.sql.legacy.DeleteIT" tests="4" skipped="0" failures="4" errors="0" timestamp="2023-01-17T02:15:53" hostname="Unused26-MacBook.local" time="1.326">
  <properties/>
  <testcase name="deleteAllWithJdbcFormat" classname="org.opensearch.sql.legacy.DeleteIT" time="1.195">
    <failure message="org.opensearch.client.ResponseException: method [POST], host [http://[::1]:61802], URI [/_plugins/_sql?format=json], status line [HTTP/1.1 400 Bad Request]&#10;{&#10;  &quot;error&quot;: {&#10;    &quot;reason&quot;: &quot;Invalid SQL query&quot;,&#10;    &quot;details&quot;: &quot;Query is unsupported in the new engine&quot;,&#10;    &quot;type&quot;: &quot;SQLFeatureDisabledException&quot;&#10;  },&#10;  &quot;status&quot;: 400&#10;}" type="org.opensearch.client.ResponseException">org.opensearch.client.ResponseException: method [POST], host [http://[::1]:61802], URI [/_plugins/_sql?format=json], status line [HTTP/1.1 400 Bad Request]
</failure>
  </testcase>
  <testcase name="deleteWithConditionTest" classname="org.opensearch.sql.legacy.DeleteIT" time="0.05">
    <failure message="org.opensearch.client.ResponseException: method [POST], host [http://127.0.0.1:61803], URI [/_plugins/_sql?format=json], status line [HTTP/1.1 400 Bad Request]&#10;{&#10;  &quot;error&quot;: {&#10;    &quot;reason&quot;: &quot;Invalid SQL query&quot;,&#10;    &quot;details&quot;: &quot;Query is unsupported in the new engine&quot;,&#10;    &quot;type&quot;: &quot;SQLFeatureDisabledException&quot;&#10;  },&#10;  &quot;status&quot;: 400&#10;}" type="org.opensearch.client.ResponseException">org.opensearch.client.ResponseException: method [POST], host [http://127.0.0.1:61803], URI [/_plugins/_sql?format=json], status line [HTTP/1.1 400 Bad Request]
</failure>
  </testcase>
  <testcase name="deleteAllTest" classname="org.opensearch.sql.legacy.DeleteIT" time="0.039">
    <failure message="org.opensearch.client.ResponseException: method [POST], host [http://[::1]:61802], URI [/_plugins/_sql?format=json], status line [HTTP/1.1 400 Bad Request]&#10;{&#10;  &quot;error&quot;: {&#10;    &quot;reason&quot;: &quot;Invalid SQL query&quot;,&#10;    &quot;details&quot;: &quot;Query is unsupported in the new engine&quot;,&#10;    &quot;type&quot;: &quot;SQLFeatureDisabledException&quot;&#10;  },&#10;  &quot;status&quot;: 400&#10;}" type="org.opensearch.client.ResponseException">org.opensearch.client.ResponseException: method [POST], host [http://[::1]:61802], URI [/_plugins/_sql?format=json], status line [HTTP/1.1 400 Bad Request]
</failure>
  </testcase>
  <testcase name="deleteWithConditionTestJdbcFormat" classname="org.opensearch.sql.legacy.DeleteIT" time="0.041">
    <failure message="org.opensearch.client.ResponseException: method [POST], host [http://127.0.0.1:61803], URI [/_plugins/_sql?format=json], status line [HTTP/1.1 400 Bad Request]&#10;{&#10;  &quot;error&quot;: {&#10;    &quot;reason&quot;: &quot;Invalid SQL query&quot;,&#10;    &quot;details&quot;: &quot;Query is unsupported in the new engine&quot;,&#10;    &quot;type&quot;: &quot;SQLFeatureDisabledException&quot;&#10;  },&#10;  &quot;status&quot;: 400&#10;}" type="org.opensearch.client.ResponseException">org.opensearch.client.ResponseException: method [POST], host [http://127.0.0.1:61803], URI [/_plugins/_sql?format=json], status line [HTTP/1.1 400 Bad Request]
</failure>
  </testcase>
  <system-out><![CDATA[[2023-01-16T18:15:53,740][INFO ][o.o.s.l.DeleteIT         ] [deleteAllWithJdbcFormat] before test
]]></system-out>
  <system-err><![CDATA[REPRODUCE WITH: ./gradlew ':integ-test:integTest' --tests "org.opensearch.sql.legacy.DeleteIT.deleteAllWithJdbcFormat" -Dtests.seed=160F64C51FACC80F -Dtests.security.manager=false -Dtests.locale=ar-TN -Dtests.timezone=Etc/GMT+8 -Druntime.java=17
]]></system-err>
</testsuite>
<?xml version="1.0" encoding="UTF-8"?>
<testsuite name="org.opensearch.sql.legacy.GetEndpointQueryIT" tests="1" skipped="0" failures="0" errors="0" timestamp="2023-01-17T02:15:55" hostname="Unused26-MacBook.local" time="0.583">
  <properties/>
  <testcase name="getEndPointShouldBeInvalid" classname="org.opensearch.sql.legacy.GetEndpointQueryIT" time="0.583"/>
  <system-out><![CDATA[[2023-01-16T20:15:55,327][INFO ][o.o.s.l.GetEndpointQueryIT] [getEndPointShouldBeInvalid] before test
]]></system-out>
  <system-err><![CDATA[]]></system-err>
</testsuite>
<?xml version="1.0" encoding="UTF-8"?>
<testsuite name="org.opensearch.sql.legacy.HashJoinIT" tests="11" skipped="0" failures="11" errors="0" timestamp="2023-01-17T02:15:56" hostname="Unused26-MacBook.local" time="1.882">
  <properties/>
  <testcase name="innerJoinWithObjectFieldAndPageSizeLessThanBlockSize" classname="org.opensearch.sql.legacy.HashJoinIT" time="1.453">
    <failure message="org.opensearch.client.ResponseException: method [POST], host [http://[::1]:61802], URI [/_plugins/_sql?format=json], status line [HTTP/1.1 400 Bad Request]&#10;{&#10;  &quot;error&quot;: {&#10;    &quot;reason&quot;: &quot;Invalid SQL query&quot;,&#10;    &quot;details&quot;: &quot;Query is unsupported in the new engine&quot;,&#10;    &quot;type&quot;: &quot;SQLFeatureDisabledException&quot;&#10;  },&#10;  &quot;status&quot;: 400&#10;}" type="org.opensearch.client.ResponseException">org.opensearch.client.ResponseException: method [POST], host [http://[::1]:61802], URI [/_plugins/_sql?format=json], status line [HTTP/1.1 400 Bad Request]
</failure>
  </testcase>
  <testcase name="leftJoinWithObjectFieldAndPageSizeLessThanBlockSize" classname="org.opensearch.sql.legacy.HashJoinIT" time="0.048">
    <failure message="org.opensearch.client.ResponseException: method [POST], host [http://127.0.0.1:61803], URI [/_plugins/_sql?format=json], status line [HTTP/1.1 400 Bad Request]&#10;{&#10;  &quot;error&quot;: {&#10;    &quot;reason&quot;: &quot;Invalid SQL query&quot;,&#10;    &quot;details&quot;: &quot;Query is unsupported in the new engine&quot;,&#10;    &quot;type&quot;: &quot;SQLFeatureDisabledException&quot;&#10;  },&#10;  &quot;status&quot;: 400&#10;}" type="org.opensearch.client.ResponseException">org.opensearch.client.ResponseException: method [POST], host [http://127.0.0.1:61803], URI [/_plugins/_sql?format=json], status line [HTTP/1.1 400 Bad Request]
</failure>
  </testcase>
  <testcase name="leftJoinWithObjectFieldAndTermsFilter" classname="org.opensearch.sql.legacy.HashJoinIT" time="0.031">
    <failure message="org.opensearch.client.ResponseException: method [POST], host [http://[::1]:61802], URI [/_plugins/_sql?format=json], status line [HTTP/1.1 400 Bad Request]&#10;{&#10;  &quot;error&quot;: {&#10;    &quot;reason&quot;: &quot;Invalid SQL query&quot;,&#10;    &quot;details&quot;: &quot;Query is unsupported in the new engine&quot;,&#10;    &quot;type&quot;: &quot;SQLFeatureDisabledException&quot;&#10;  },&#10;  &quot;status&quot;: 400&#10;}" type="org.opensearch.client.ResponseException">org.opensearch.client.ResponseException: method [POST], host [http://[::1]:61802], URI [/_plugins/_sql?format=json], status line [HTTP/1.1 400 Bad Request]
</failure>
  </testcase>
  <testcase name="innerJoinWithObjectFieldAndPageSizeGreaterThanBlockSize" classname="org.opensearch.sql.legacy.HashJoinIT" time="0.036">
    <failure message="org.opensearch.client.ResponseException: method [POST], host [http://127.0.0.1:61803], URI [/_plugins/_sql?format=json], status line [HTTP/1.1 400 Bad Request]&#10;{&#10;  &quot;error&quot;: {&#10;    &quot;reason&quot;: &quot;Invalid SQL query&quot;,&#10;    &quot;details&quot;: &quot;Query is unsupported in the new engine&quot;,&#10;    &quot;type&quot;: &quot;SQLFeatureDisabledException&quot;&#10;  },&#10;  &quot;status&quot;: 400&#10;}" type="org.opensearch.client.ResponseException">org.opensearch.client.ResponseException: method [POST], host [http://127.0.0.1:61803], URI [/_plugins/_sql?format=json], status line [HTTP/1.1 400 Bad Request]
</failure>
  </testcase>
  <testcase name="innerJoinWithObjectField" classname="org.opensearch.sql.legacy.HashJoinIT" time="0.033">
    <failure message="org.opensearch.client.ResponseException: method [POST], host [http://[::1]:61802], URI [/_plugins/_sql?format=json], status line [HTTP/1.1 400 Bad Request]&#10;{&#10;  &quot;error&quot;: {&#10;    &quot;reason&quot;: &quot;Invalid SQL query&quot;,&#10;    &quot;details&quot;: &quot;Query is unsupported in the new engine&quot;,&#10;    &quot;type&quot;: &quot;SQLFeatureDisabledException&quot;&#10;  },&#10;  &quot;status&quot;: 400&#10;}" type="org.opensearch.client.ResponseException">org.opensearch.client.ResponseException: method [POST], host [http://[::1]:61802], URI [/_plugins/_sql?format=json], status line [HTTP/1.1 400 Bad Request]
</failure>
  </testcase>
  <testcase name="leftJoinWithObjectFieldAndPageSizeGreaterThanBlockSize" classname="org.opensearch.sql.legacy.HashJoinIT" time="0.033">
    <failure message="org.opensearch.client.ResponseException: method [POST], host [http://127.0.0.1:61803], URI [/_plugins/_sql?format=json], status line [HTTP/1.1 400 Bad Request]&#10;{&#10;  &quot;error&quot;: {&#10;    &quot;reason&quot;: &quot;Invalid SQL query&quot;,&#10;    &quot;details&quot;: &quot;Query is unsupported in the new engine&quot;,&#10;    &quot;type&quot;: &quot;SQLFeatureDisabledException&quot;&#10;  },&#10;  &quot;status&quot;: 400&#10;}" type="org.opensearch.client.ResponseException">org.opensearch.client.ResponseException: method [POST], host [http://127.0.0.1:61803], URI [/_plugins/_sql?format=json], status line [HTTP/1.1 400 Bad Request]
</failure>
  </testcase>
  <testcase name="innerJoinWithObjectFieldAndTermsFilter" classname="org.opensearch.sql.legacy.HashJoinIT" time="0.032">
    <failure message="org.opensearch.client.ResponseException: method [POST], host [http://[::1]:61802], URI [/_plugins/_sql?format=json], status line [HTTP/1.1 400 Bad Request]&#10;{&#10;  &quot;error&quot;: {&#10;    &quot;reason&quot;: &quot;Invalid SQL query&quot;,&#10;    &quot;details&quot;: &quot;Query is unsupported in the new engine&quot;,&#10;    &quot;type&quot;: &quot;SQLFeatureDisabledException&quot;&#10;  },&#10;  &quot;status&quot;: 400&#10;}" type="org.opensearch.client.ResponseException">org.opensearch.client.ResponseException: method [POST], host [http://[::1]:61802], URI [/_plugins/_sql?format=json], status line [HTTP/1.1 400 Bad Request]
</failure>
  </testcase>
  <testcase name="innerJoinUnexpandedObjectField" classname="org.opensearch.sql.legacy.HashJoinIT" time="0.089">
    <failure message="java.lang.RuntimeException: org.opensearch.client.ResponseException: method [POST], host [http://127.0.0.1:61803], URI [/_plugins/_sql?format=jdbc], status line [HTTP/1.1 400 Bad Request]&#10;{&#10;  &quot;error&quot;: {&#10;    &quot;reason&quot;: &quot;Invalid SQL query&quot;,&#10;    &quot;details&quot;: &quot;Query is unsupported in the new engine&quot;,&#10;    &quot;type&quot;: &quot;SQLFeatureDisabledException&quot;&#10;  },&#10;  &quot;status&quot;: 400&#10;}" type="java.lang.RuntimeException">java.lang.RuntimeException: org.opensearch.client.ResponseException: method [POST], host [http://127.0.0.1:61803], URI [/_plugins/_sql?format=jdbc], status line [HTTP/1.1 400 Bad Request]
</failure>
  </testcase>
  <testcase name="innerJoin" classname="org.opensearch.sql.legacy.HashJoinIT" time="0.058">
    <failure message="org.opensearch.client.ResponseException: method [POST], host [http://[::1]:61802], URI [/_plugins/_sql?format=json], status line [HTTP/1.1 400 Bad Request]&#10;{&#10;  &quot;error&quot;: {&#10;    &quot;reason&quot;: &quot;Invalid SQL query&quot;,&#10;    &quot;details&quot;: &quot;Query is unsupported in the new engine&quot;,&#10;    &quot;type&quot;: &quot;SQLFeatureDisabledException&quot;&#10;  },&#10;  &quot;status&quot;: 400&#10;}" type="org.opensearch.client.ResponseException">org.opensearch.client.ResponseException: method [POST], host [http://[::1]:61802], URI [/_plugins/_sql?format=json], status line [HTTP/1.1 400 Bad Request]
</failure>
  </testcase>
  <testcase name="leftJoin" classname="org.opensearch.sql.legacy.HashJoinIT" time="0.031">
    <failure message="org.opensearch.client.ResponseException: method [POST], host [http://127.0.0.1:61803], URI [/_plugins/_sql?format=json], status line [HTTP/1.1 400 Bad Request]&#10;{&#10;  &quot;error&quot;: {&#10;    &quot;reason&quot;: &quot;Invalid SQL query&quot;,&#10;    &quot;details&quot;: &quot;Query is unsupported in the new engine&quot;,&#10;    &quot;type&quot;: &quot;SQLFeatureDisabledException&quot;&#10;  },&#10;  &quot;status&quot;: 400&#10;}" type="org.opensearch.client.ResponseException">org.opensearch.client.ResponseException: method [POST], host [http://127.0.0.1:61803], URI [/_plugins/_sql?format=json], status line [HTTP/1.1 400 Bad Request]
</failure>
  </testcase>
  <testcase name="leftJoinWithObjectField" classname="org.opensearch.sql.legacy.HashJoinIT" time="0.032">
    <failure message="org.opensearch.client.ResponseException: method [POST], host [http://[::1]:61802], URI [/_plugins/_sql?format=json], status line [HTTP/1.1 400 Bad Request]&#10;{&#10;  &quot;error&quot;: {&#10;    &quot;reason&quot;: &quot;Invalid SQL query&quot;,&#10;    &quot;details&quot;: &quot;Query is unsupported in the new engine&quot;,&#10;    &quot;type&quot;: &quot;SQLFeatureDisabledException&quot;&#10;  },&#10;  &quot;status&quot;: 400&#10;}" type="org.opensearch.client.ResponseException">org.opensearch.client.ResponseException: method [POST], host [http://[::1]:61802], URI [/_plugins/_sql?format=json], status line [HTTP/1.1 400 Bad Request]
</failure>
  </testcase>
  <system-out><![CDATA[[2023-01-16T21:15:56,074][INFO ][o.o.s.l.HashJoinIT       ] [innerJoinWithObjectFieldAndPageSizeLessThanBlockSize] before test
]]></system-out>
  <system-err><![CDATA[REPRODUCE WITH: ./gradlew ':integ-test:integTest' --tests "org.opensearch.sql.legacy.HashJoinIT.innerJoinWithObjectFieldAndPageSizeLessThanBlockSize" -Dtests.seed=160F64C51FACC80F -Dtests.security.manager=false -Dtests.locale=es-US -Dtests.timezone=SystemV/EST5EDT -Druntime.java=17
]]></system-err>
</testsuite>
<?xml version="1.0" encoding="UTF-8"?>
<testsuite name="org.opensearch.sql.legacy.HavingIT" tests="11" skipped="0" failures="11" errors="0" timestamp="2023-01-17T02:15:58" hostname="Unused26-MacBook.local" time="0.999">
  <properties/>
  <testcase name="lessThanOrEqual" classname="org.opensearch.sql.legacy.HavingIT" time="0.48">
    <failure message="org.opensearch.client.ResponseException: method [POST], host [http://[::1]:61802], URI [/_plugins/_sql?format=json], status line [HTTP/1.1 400 Bad Request]&#10;{&#10;  &quot;error&quot;: {&#10;    &quot;reason&quot;: &quot;Invalid SQL query&quot;,&#10;    &quot;details&quot;: &quot;Query is unsupported in the new engine&quot;,&#10;    &quot;type&quot;: &quot;SQLFeatureDisabledException&quot;&#10;  },&#10;  &quot;status&quot;: 400&#10;}" type="org.opensearch.client.ResponseException">org.opensearch.client.ResponseException: method [POST], host [http://[::1]:61802], URI [/_plugins/_sql?format=json], status line [HTTP/1.1 400 Bad Request]
</failure>
  </testcase>
  <testcase name="notIn" classname="org.opensearch.sql.legacy.HavingIT" time="0.047">
    <failure message="org.opensearch.client.ResponseException: method [POST], host [http://127.0.0.1:61803], URI [/_plugins/_sql?format=json], status line [HTTP/1.1 400 Bad Request]&#10;{&#10;  &quot;error&quot;: {&#10;    &quot;reason&quot;: &quot;Invalid SQL query&quot;,&#10;    &quot;details&quot;: &quot;Query is unsupported in the new engine&quot;,&#10;    &quot;type&quot;: &quot;SQLFeatureDisabledException&quot;&#10;  },&#10;  &quot;status&quot;: 400&#10;}" type="org.opensearch.client.ResponseException">org.opensearch.client.ResponseException: method [POST], host [http://127.0.0.1:61803], URI [/_plugins/_sql?format=json], status line [HTTP/1.1 400 Bad Request]
</failure>
  </testcase>
  <testcase name="or" classname="org.opensearch.sql.legacy.HavingIT" time="0.038">
    <failure message="org.opensearch.client.ResponseException: method [POST], host [http://[::1]:61802], URI [/_plugins/_sql?format=json], status line [HTTP/1.1 400 Bad Request]&#10;{&#10;  &quot;error&quot;: {&#10;    &quot;reason&quot;: &quot;Invalid SQL query&quot;,&#10;    &quot;details&quot;: &quot;Query is unsupported in the new engine&quot;,&#10;    &quot;type&quot;: &quot;SQLFeatureDisabledException&quot;&#10;  },&#10;  &quot;status&quot;: 400&#10;}" type="org.opensearch.client.ResponseException">org.opensearch.client.ResponseException: method [POST], host [http://[::1]:61802], URI [/_plugins/_sql?format=json], status line [HTTP/1.1 400 Bad Request]
</failure>
  </testcase>
  <testcase name="in" classname="org.opensearch.sql.legacy.HavingIT" time="0.056">
    <failure message="org.opensearch.client.ResponseException: method [POST], host [http://127.0.0.1:61803], URI [/_plugins/_sql?format=json], status line [HTTP/1.1 400 Bad Request]&#10;{&#10;  &quot;error&quot;: {&#10;    &quot;reason&quot;: &quot;Invalid SQL query&quot;,&#10;    &quot;details&quot;: &quot;Query is unsupported in the new engine&quot;,&#10;    &quot;type&quot;: &quot;SQLFeatureDisabledException&quot;&#10;  },&#10;  &quot;status&quot;: 400&#10;}" type="org.opensearch.client.ResponseException">org.opensearch.client.ResponseException: method [POST], host [http://127.0.0.1:61803], URI [/_plugins/_sql?format=json], status line [HTTP/1.1 400 Bad Request]
</failure>
  </testcase>
  <testcase name="equalsTo" classname="org.opensearch.sql.legacy.HavingIT" time="0.099">
    <failure message="org.opensearch.client.ResponseException: method [POST], host [http://[::1]:61802], URI [/_plugins/_sql?format=json], status line [HTTP/1.1 400 Bad Request]&#10;{&#10;  &quot;error&quot;: {&#10;    &quot;reason&quot;: &quot;Invalid SQL query&quot;,&#10;    &quot;details&quot;: &quot;Query is unsupported in the new engine&quot;,&#10;    &quot;type&quot;: &quot;SQLFeatureDisabledException&quot;&#10;  },&#10;  &quot;status&quot;: 400&#10;}" type="org.opensearch.client.ResponseException">org.opensearch.client.ResponseException: method [POST], host [http://[::1]:61802], URI [/_plugins/_sql?format=json], status line [HTTP/1.1 400 Bad Request]
</failure>
  </testcase>
  <testcase name="notEqualsTo" classname="org.opensearch.sql.legacy.HavingIT" time="0.087">
    <failure message="org.opensearch.client.ResponseException: method [POST], host [http://127.0.0.1:61803], URI [/_plugins/_sql?format=json], status line [HTTP/1.1 400 Bad Request]&#10;{&#10;  &quot;error&quot;: {&#10;    &quot;reason&quot;: &quot;Invalid SQL query&quot;,&#10;    &quot;details&quot;: &quot;Query is unsupported in the new engine&quot;,&#10;    &quot;type&quot;: &quot;SQLFeatureDisabledException&quot;&#10;  },&#10;  &quot;status&quot;: 400&#10;}" type="org.opensearch.client.ResponseException">org.opensearch.client.ResponseException: method [POST], host [http://127.0.0.1:61803], URI [/_plugins/_sql?format=json], status line [HTTP/1.1 400 Bad Request]
</failure>
  </testcase>
  <testcase name="not" classname="org.opensearch.sql.legacy.HavingIT" time="0.054">
    <failure message="org.opensearch.client.ResponseException: method [POST], host [http://[::1]:61802], URI [/_plugins/_sql?format=json], status line [HTTP/1.1 400 Bad Request]&#10;{&#10;  &quot;error&quot;: {&#10;    &quot;reason&quot;: &quot;Invalid SQL query&quot;,&#10;    &quot;details&quot;: &quot;Query is unsupported in the new engine&quot;,&#10;    &quot;type&quot;: &quot;SQLFeatureDisabledException&quot;&#10;  },&#10;  &quot;status&quot;: 400&#10;}" type="org.opensearch.client.ResponseException">org.opensearch.client.ResponseException: method [POST], host [http://[::1]:61802], URI [/_plugins/_sql?format=json], status line [HTTP/1.1 400 Bad Request]
</failure>
  </testcase>
  <testcase name="between" classname="org.opensearch.sql.legacy.HavingIT" time="0.037">
    <failure message="org.opensearch.client.ResponseException: method [POST], host [http://127.0.0.1:61803], URI [/_plugins/_sql?format=json], status line [HTTP/1.1 400 Bad Request]&#10;{&#10;  &quot;error&quot;: {&#10;    &quot;reason&quot;: &quot;Invalid SQL query&quot;,&#10;    &quot;details&quot;: &quot;Query is unsupported in the new engine&quot;,&#10;    &quot;type&quot;: &quot;SQLFeatureDisabledException&quot;&#10;  },&#10;  &quot;status&quot;: 400&#10;}" type="org.opensearch.client.ResponseException">org.opensearch.client.ResponseException: method [POST], host [http://127.0.0.1:61803], URI [/_plugins/_sql?format=json], status line [HTTP/1.1 400 Bad Request]
</failure>
  </testcase>
  <testcase name="and" classname="org.opensearch.sql.legacy.HavingIT" time="0.031">
    <failure message="org.opensearch.client.ResponseException: method [POST], host [http://[::1]:61802], URI [/_plugins/_sql?format=json], status line [HTTP/1.1 400 Bad Request]&#10;{&#10;  &quot;error&quot;: {&#10;    &quot;reason&quot;: &quot;Invalid SQL query&quot;,&#10;    &quot;details&quot;: &quot;Query is unsupported in the new engine&quot;,&#10;    &quot;type&quot;: &quot;SQLFeatureDisabledException&quot;&#10;  },&#10;  &quot;status&quot;: 400&#10;}" type="org.opensearch.client.ResponseException">org.opensearch.client.ResponseException: method [POST], host [http://[::1]:61802], URI [/_plugins/_sql?format=json], status line [HTTP/1.1 400 Bad Request]
</failure>
  </testcase>
  <testcase name="notAndOr" classname="org.opensearch.sql.legacy.HavingIT" time="0.031">
    <failure message="org.opensearch.client.ResponseException: method [POST], host [http://127.0.0.1:61803], URI [/_plugins/_sql?format=json], status line [HTTP/1.1 400 Bad Request]&#10;{&#10;  &quot;error&quot;: {&#10;    &quot;reason&quot;: &quot;Invalid SQL query&quot;,&#10;    &quot;details&quot;: &quot;Query is unsupported in the new engine&quot;,&#10;    &quot;type&quot;: &quot;SQLFeatureDisabledException&quot;&#10;  },&#10;  &quot;status&quot;: 400&#10;}" type="org.opensearch.client.ResponseException">org.opensearch.client.ResponseException: method [POST], host [http://127.0.0.1:61803], URI [/_plugins/_sql?format=json], status line [HTTP/1.1 400 Bad Request]
</failure>
  </testcase>
  <testcase name="notBetween" classname="org.opensearch.sql.legacy.HavingIT" time="0.03">
    <failure message="org.opensearch.client.ResponseException: method [POST], host [http://[::1]:61802], URI [/_plugins/_sql?format=json], status line [HTTP/1.1 400 Bad Request]&#10;{&#10;  &quot;error&quot;: {&#10;    &quot;reason&quot;: &quot;Invalid SQL query&quot;,&#10;    &quot;details&quot;: &quot;Query is unsupported in the new engine&quot;,&#10;    &quot;type&quot;: &quot;SQLFeatureDisabledException&quot;&#10;  },&#10;  &quot;status&quot;: 400&#10;}" type="org.opensearch.client.ResponseException">org.opensearch.client.ResponseException: method [POST], host [http://[::1]:61802], URI [/_plugins/_sql?format=json], status line [HTTP/1.1 400 Bad Request]
</failure>
  </testcase>
  <system-out><![CDATA[[2023-01-17T04:15:58,262][INFO ][o.o.s.l.HavingIT         ] [lessThanOrEqual] before test
]]></system-out>
  <system-err><![CDATA[REPRODUCE WITH: ./gradlew ':integ-test:integTest' --tests "org.opensearch.sql.legacy.HavingIT.lessThanOrEqual" -Dtests.seed=160F64C51FACC80F -Dtests.security.manager=false -Dtests.locale=es-SV -Dtests.timezone=Africa/Lusaka -Druntime.java=17
]]></system-err>
</testsuite>
<?xml version="1.0" encoding="UTF-8"?>
<testsuite name="org.opensearch.sql.legacy.JSONRequestIT" tests="5" skipped="0" failures="5" errors="0" timestamp="2023-01-17T02:15:59" hostname="Unused26-MacBook.local" time="0.873">
  <properties/>
  <testcase name="searchWithFilterAndNoWhere" classname="org.opensearch.sql.legacy.JSONRequestIT" time="0.733">
    <failure message="org.opensearch.client.ResponseException: method [POST], host [http://127.0.0.1:61803], URI [/_plugins/_sql?format=json], status line [HTTP/1.1 400 Bad Request]&#10;{&#10;  &quot;error&quot;: {&#10;    &quot;reason&quot;: &quot;Invalid SQL query&quot;,&#10;    &quot;details&quot;: &quot;Query is unsupported in the new engine&quot;,&#10;    &quot;type&quot;: &quot;SQLFeatureDisabledException&quot;&#10;  },&#10;  &quot;status&quot;: 400&#10;}" type="org.opensearch.client.ResponseException">org.opensearch.client.ResponseException: method [POST], host [http://127.0.0.1:61803], URI [/_plugins/_sql?format=json], status line [HTTP/1.1 400 Bad Request]
</failure>
  </testcase>
  <testcase name="searchWithTermFilter" classname="org.opensearch.sql.legacy.JSONRequestIT" time="0.034">
    <failure message="org.opensearch.client.ResponseException: method [POST], host [http://127.0.0.1:61803], URI [/_plugins/_sql?format=json], status line [HTTP/1.1 400 Bad Request]&#10;{&#10;  &quot;error&quot;: {&#10;    &quot;reason&quot;: &quot;Invalid SQL query&quot;,&#10;    &quot;details&quot;: &quot;Query is unsupported in the new engine&quot;,&#10;    &quot;type&quot;: &quot;SQLFeatureDisabledException&quot;&#10;  },&#10;  &quot;status&quot;: 400&#10;}" type="org.opensearch.client.ResponseException">org.opensearch.client.ResponseException: method [POST], host [http://127.0.0.1:61803], URI [/_plugins/_sql?format=json], status line [HTTP/1.1 400 Bad Request]
</failure>
  </testcase>
  <testcase name="search" classname="org.opensearch.sql.legacy.JSONRequestIT" time="0.037">
    <failure message="org.opensearch.client.ResponseException: method [POST], host [http://127.0.0.1:61803], URI [/_plugins/_sql?format=json], status line [HTTP/1.1 400 Bad Request]&#10;{&#10;  &quot;error&quot;: {&#10;    &quot;reason&quot;: &quot;Invalid SQL query&quot;,&#10;    &quot;details&quot;: &quot;Query is unsupported in the new engine&quot;,&#10;    &quot;type&quot;: &quot;SQLFeatureDisabledException&quot;&#10;  },&#10;  &quot;status&quot;: 400&#10;}" type="org.opensearch.client.ResponseException">org.opensearch.client.ResponseException: method [POST], host [http://127.0.0.1:61803], URI [/_plugins/_sql?format=json], status line [HTTP/1.1 400 Bad Request]
</failure>
  </testcase>
  <testcase name="searchWithRangeFilter" classname="org.opensearch.sql.legacy.JSONRequestIT" time="0.036">
    <failure message="org.opensearch.client.ResponseException: method [POST], host [http://127.0.0.1:61803], URI [/_plugins/_sql?format=json], status line [HTTP/1.1 400 Bad Request]&#10;{&#10;  &quot;error&quot;: {&#10;    &quot;reason&quot;: &quot;Invalid SQL query&quot;,&#10;    &quot;details&quot;: &quot;Query is unsupported in the new engine&quot;,&#10;    &quot;type&quot;: &quot;SQLFeatureDisabledException&quot;&#10;  },&#10;  &quot;status&quot;: 400&#10;}" type="org.opensearch.client.ResponseException">org.opensearch.client.ResponseException: method [POST], host [http://127.0.0.1:61803], URI [/_plugins/_sql?format=json], status line [HTTP/1.1 400 Bad Request]
</failure>
  </testcase>
  <testcase name="searchWithNestedFilter" classname="org.opensearch.sql.legacy.JSONRequestIT" time="0.033">
    <failure message="org.opensearch.client.ResponseException: method [POST], host [http://127.0.0.1:61803], URI [/_plugins/_sql?format=json], status line [HTTP/1.1 400 Bad Request]&#10;{&#10;  &quot;error&quot;: {&#10;    &quot;reason&quot;: &quot;Invalid SQL query&quot;,&#10;    &quot;details&quot;: &quot;Query is unsupported in the new engine&quot;,&#10;    &quot;type&quot;: &quot;SQLFeatureDisabledException&quot;&#10;  },&#10;  &quot;status&quot;: 400&#10;}" type="org.opensearch.client.ResponseException">org.opensearch.client.ResponseException: method [POST], host [http://127.0.0.1:61803], URI [/_plugins/_sql?format=json], status line [HTTP/1.1 400 Bad Request]
</failure>
  </testcase>
  <system-out><![CDATA[[2023-01-17T12:15:59,460][INFO ][o.o.s.l.JSONRequestIT    ] [searchWithFilterAndNoWhere] before test
]]></system-out>
  <system-err><![CDATA[REPRODUCE WITH: ./gradlew ':integ-test:integTest' --tests "org.opensearch.sql.legacy.JSONRequestIT.searchWithFilterAndNoWhere" -Dtests.seed=160F64C51FACC80F -Dtests.security.manager=false -Dtests.locale=uk-UA -Dtests.timezone=Antarctica/DumontDUrville -Druntime.java=17
]]></system-err>
</testsuite>
<?xml version="1.0" encoding="UTF-8"?>
<testsuite name="org.opensearch.sql.legacy.JdbcTestIT" tests="12" skipped="4" failures="2" errors="0" timestamp="2023-01-17T02:16:00" hostname="Unused26-MacBook.local" time="5.083">
  <properties/>
  <testcase name="trigFunctionNameCaseInsensitiveTest" classname="org.opensearch.sql.legacy.JdbcTestIT" time="3.938"/>
  <testcase name="numberOperatorNameCaseInsensitiveTest" classname="org.opensearch.sql.legacy.JdbcTestIT" time="0.048"/>
  <testcase name="testGroupByInQuery" classname="org.opensearch.sql.legacy.JdbcTestIT" time="0.507"/>
  <testcase name="testDateTimeInQuery" classname="org.opensearch.sql.legacy.JdbcTestIT" time="0.0">
    <skipped/>
  </testcase>
  <testcase name="dateFunctionNameCaseInsensitiveTest" classname="org.opensearch.sql.legacy.JdbcTestIT" time="0.0">
    <skipped/>
  </testcase>
  <testcase name="stringOperatorNameCaseInsensitiveTest" classname="org.opensearch.sql.legacy.JdbcTestIT" time="0.147"/>
  <testcase name="testPercentilesQuery" classname="org.opensearch.sql.legacy.JdbcTestIT" time="0.045">
    <failure message="java.lang.RuntimeException: org.opensearch.client.ResponseException: method [POST], host [http://127.0.0.1:61803], URI [/_plugins/_sql?format=jdbc], status line [HTTP/1.1 400 Bad Request]&#10;{&#10;  &quot;error&quot;: {&#10;    &quot;reason&quot;: &quot;Invalid SQL query&quot;,&#10;    &quot;details&quot;: &quot;Query is unsupported in the new engine&quot;,&#10;    &quot;type&quot;: &quot;SQLFeatureDisabledException&quot;&#10;  },&#10;  &quot;status&quot;: 400&#10;}" type="java.lang.RuntimeException">java.lang.RuntimeException: org.opensearch.client.ResponseException: method [POST], host [http://127.0.0.1:61803], URI [/_plugins/_sql?format=jdbc], status line [HTTP/1.1 400 Bad Request]
</failure>
  </testcase>
  <testcase name="functionWithAliasShouldHaveAliasAsNameInSchema" classname="org.opensearch.sql.legacy.JdbcTestIT" time="0.0">
    <skipped/>
  </testcase>
  <testcase name="functionWithoutAliasShouldHaveEntireFunctionAsNameInSchema" classname="org.opensearch.sql.legacy.JdbcTestIT" time="0.16"/>
  <testcase name="ipTypeShouldPassJdbcFormatter" classname="org.opensearch.sql.legacy.JdbcTestIT" time="0.073"/>
  <testcase name="testSlowQuery" classname="org.opensearch.sql.legacy.JdbcTestIT" time="0.162">
    <failure message="java.lang.RuntimeException: org.opensearch.client.ResponseException: method [POST], host [http://[::1]:61802], URI [/_plugins/_sql?format=jdbc], status line [HTTP/1.1 400 Bad Request]&#10;{&#10;  &quot;error&quot;: {&#10;    &quot;reason&quot;: &quot;Invalid SQL query&quot;,&#10;    &quot;details&quot;: &quot;Query is unsupported in the new engine&quot;,&#10;    &quot;type&quot;: &quot;SQLFeatureDisabledException&quot;&#10;  },&#10;  &quot;status&quot;: 400&#10;}" type="java.lang.RuntimeException">java.lang.RuntimeException: org.opensearch.client.ResponseException: method [POST], host [http://[::1]:61802], URI [/_plugins/_sql?format=jdbc], status line [HTTP/1.1 400 Bad Request]
</failure>
  </testcase>
  <testcase name="testDivisionInQuery" classname="org.opensearch.sql.legacy.JdbcTestIT" time="0.0">
    <skipped/>
  </testcase>
  <system-out><![CDATA[[2023-01-16T17:16:00,549][INFO ][o.o.s.l.JdbcTestIT       ] [trigFunctionNameCaseInsensitiveTest] before test
]]></system-out>
  <system-err><![CDATA[REPRODUCE WITH: ./gradlew ':integ-test:integTest' --tests "org.opensearch.sql.legacy.JdbcTestIT.testPercentilesQuery" -Dtests.seed=160F64C51FACC80F -Dtests.security.manager=false -Dtests.locale=zh-Hans-SG -Dtests.timezone=SystemV/YST9 -Druntime.java=17
]]></system-err>
</testsuite>
<?xml version="1.0" encoding="UTF-8"?>
<testsuite name="org.opensearch.sql.legacy.JoinAliasWriterRuleIT" tests="13" skipped="2" failures="11" errors="0" timestamp="2023-01-17T02:16:05" hostname="Unused26-MacBook.local" time="1.578">
  <properties/>
  <testcase name="noTableAliasNoCommonColumns" classname="org.opensearch.sql.legacy.JoinAliasWriterRuleIT" time="1.188">
    <failure message="org.opensearch.client.ResponseException: method [POST], host [http://[::1]:61802], URI [/_plugins/_sql/_explain], status line [HTTP/1.1 400 Bad Request]&#10;{&#10;  &quot;error&quot;: {&#10;    &quot;reason&quot;: &quot;Invalid SQL query&quot;,&#10;    &quot;details&quot;: &quot;Query is unsupported in the new engine&quot;,&#10;    &quot;type&quot;: &quot;SQLFeatureDisabledException&quot;&#10;  },&#10;  &quot;status&quot;: 400&#10;}" type="org.opensearch.client.ResponseException">org.opensearch.client.ResponseException: method [POST], host [http://[::1]:61802], URI [/_plugins/_sql/_explain], status line [HTTP/1.1 400 Bad Request]
</failure>
  </testcase>
  <testcase name="commonColumnWithoutTableAliasDifferentTables" classname="org.opensearch.sql.legacy.JoinAliasWriterRuleIT" time="0.045">
    <failure message="java.lang.AssertionError: &#10;Expected: (an instance of org.opensearch.client.ResponseException and exception with message a string containing &quot;Field name [firstname] is ambiguous&quot;)&#10;     but: exception with message a string containing &quot;Field name [firstname] is ambiguous&quot; message was &quot;method [POST], host [http://127.0.0.1:61803], URI [/_plugins/_sql/_explain], status line [HTTP/1.1 400 Bad Request]&#10;{&#10;  &quot;error&quot;: {&#10;    &quot;reason&quot;: &quot;Invalid SQL query&quot;,&#10;    &quot;details&quot;: &quot;Query is unsupported in the new engine&quot;,&#10;    &quot;type&quot;: &quot;SQLFeatureDisabledException&quot;&#10;  },&#10;  &quot;status&quot;: 400&#10;}&quot;&#10;Stacktrace was: org.opensearch.client.ResponseException: method [POST], host [http://127.0.0.1:61803], URI [/_plugins/_sql/_explain], status line [HTTP/1.1 400 Bad Request]&#10;{&#10;  &quot;error&quot;: {&#10;    &quot;reason&quot;: &quot;Invalid SQL query&quot;,&#10;    &quot;details&quot;: &quot;Query is unsupported in the new engine&quot;,&#10;    &quot;type&quot;: &quot;SQLFeatureDisabledException&quot;&#10;  },&#10;  &quot;status&quot;: 400&#10;}&#10;&#9;at org.opensearch.client.RestClient.convertResponse(RestClient.java:384)&#10;&#9;at org.opensearch.client.RestClient.performRequest(RestClient.java:354)&#10;&#9;at org.opensearch.client.RestClient.performRequest(RestClient.java:329)&#10;&#9;at org.opensearch.sql.legacy.SQLIntegTestCase.executeRequest(SQLIntegTestCase.java:327)&#10;&#9;at org.opensearch.sql.legacy.SQLIntegTestCase.executeRequest(SQLIntegTestCase.java:322)&#10;&#9;at org.opensearch.sql.legacy.SQLIntegTestCase.executeExplainRequest(SQLIntegTestCase.java:315)&#10;&#9;at org.opensearch.sql.legacy.SQLIntegTestCase.explainQuery(SQLIntegTestCase.java:299)&#10;&#9;at org.opensearch.sql.legacy.JoinAliasWriterRuleIT.commonColumnWithoutTableAliasDifferentTables(JoinAliasWriterRuleIT.java:175)&#10;&#9;at java.base/jdk.internal.reflect.NativeMethodAccessorImpl.invoke0(Native Method)&#10;&#9;at java.base/jdk.internal.reflect.NativeMethodAccessorImpl.invoke(NativeMethodAccessorImpl.java:77)&#10;&#9;at java.base/jdk.internal.reflect.DelegatingMethodAccessorImpl.invoke(DelegatingMethodAccessorImpl.java:43)&#10;&#9;at java.base/java.lang.reflect.Method.invoke(Method.java:568)&#10;&#9;at com.carrotsearch.randomizedtesting.RandomizedRunner.invoke(RandomizedRunner.java:1750)&#10;&#9;at com.carrotsearch.randomizedtesting.RandomizedRunner$8.evaluate(RandomizedRunner.java:938)&#10;&#9;at com.carrotsearch.randomizedtesting.RandomizedRunner$9.evaluate(RandomizedRunner.java:974)&#10;&#9;at com.carrotsearch.randomizedtesting.RandomizedRunner$10.evaluate(RandomizedRunner.java:988)&#10;&#9;at org.junit.rules.ExpectedException$ExpectedExceptionStatement.evaluate(ExpectedException.java:258)&#10;&#9;at com.carrotsearch.randomizedtesting.rules.StatementAdapter.evaluate(StatementAdapter.java:36)&#10;&#9;at org.junit.rules.RunRules.evaluate(RunRules.java:20)&#10;&#9;at org.apache.lucene.tests.util.TestRuleSetupTeardownChained$1.evaluate(TestRuleSetupTeardownChained.java:48)&#10;&#9;at org.apache.lucene.tests.util.AbstractBeforeAfterRule$1.evaluate(AbstractBeforeAfterRule.java:43)&#10;&#9;at org.apache.lucene.tests.util.TestRuleThreadAndTestName$1.evaluate(TestRuleThreadAndTestName.java:45)&#10;&#9;at org.apache.lucene.tests.util.TestRuleIgnoreAfterMaxFailures$1.evaluate(TestRuleIgnoreAfterMaxFailures.java:60)&#10;&#9;at org.apache.lucene.tests.util.TestRuleMarkFailure$1.evaluate(TestRuleMarkFailure.java:44)&#10;&#9;at org.junit.rules.RunRules.evaluate(RunRules.java:20)&#10;&#9;at com.carrotsearch.randomizedtesting.rules.StatementAdapter.evaluate(StatementAdapter.java:36)&#10;&#9;at com.carrotsearch.randomizedtesting.ThreadLeakControl$StatementRunner.run(ThreadLeakControl.java:368)&#10;&#9;at com.carrotsearch.randomizedtesting.ThreadLeakControl.forkTimeoutingTask(ThreadLeakControl.java:817)&#10;&#9;at com.carrotsearch.randomizedtesting.ThreadLeakControl$3.evaluate(ThreadLeakControl.java:468)&#10;&#9;at com.carrotsearch.randomizedtesting.RandomizedRunner.runSingleTest(RandomizedRunner.java:947)&#10;&#9;at com.carrotsearch.randomizedtesting.RandomizedRunner$5.evaluate(RandomizedRunner.java:832)&#10;&#9;at com.carrotsearch.randomizedtesting.RandomizedRunner$6.evaluate(RandomizedRunner.java:883)&#10;&#9;at com.carrotsearch.randomizedtesting.RandomizedRunner$7.evaluate(RandomizedRunner.java:894)&#10;&#9;at org.apache.lucene.tests.util.AbstractBeforeAfterRule$1.evaluate(AbstractBeforeAfterRule.java:43)&#10;&#9;at com.carrotsearch.randomizedtesting.rules.StatementAdapter.evaluate(StatementAdapter.java:36)&#10;&#9;at org.apache.lucene.tests.util.TestRuleStoreClassName$1.evaluate(TestRuleStoreClassName.java:38)&#10;&#9;at com.carrotsearch.randomizedtesting.rules.NoShadowingOrOverridesOnMethodsRule$1.evaluate(NoShadowingOrOverridesOnMethodsRule.java:40)&#10;&#9;at com.carrotsearch.randomizedtesting.rules.NoShadowingOrOverridesOnMethodsRule$1.evaluate(NoShadowingOrOverridesOnMethodsRule.java:40)&#10;&#9;at com.carrotsearch.randomizedtesting.rules.StatementAdapter.evaluate(StatementAdapter.java:36)&#10;&#9;at com.carrotsearch.randomizedtesting.rules.StatementAdapter.evaluate(StatementAdapter.java:36)&#10;&#9;at org.apache.lucene.tests.util.TestRuleAssertionsRequired$1.evaluate(TestRuleAssertionsRequired.java:53)&#10;&#9;at org.apache.lucene.tests.util.AbstractBeforeAfterRule$1.evaluate(AbstractBeforeAfterRule.java:43)&#10;&#9;at org.apache.lucene.tests.util.TestRuleMarkFailure$1.evaluate(TestRuleMarkFailure.java:44)&#10;&#9;at org.apache.lucene.tests.util.TestRuleIgnoreAfterMaxFailures$1.evaluate(TestRuleIgnoreAfterMaxFailures.java:60)&#10;&#9;at org.apache.lucene.tests.util.TestRuleIgnoreTestSuites$1.evaluate(TestRuleIgnoreTestSuites.java:47)&#10;&#9;at org.junit.rules.RunRules.evaluate(RunRules.java:20)&#10;&#9;at com.carrotsearch.randomizedtesting.rules.StatementAdapter.evaluate(StatementAdapter.java:36)&#10;&#9;at com.carrotsearch.randomizedtesting.ThreadLeakControl$StatementRunner.run(ThreadLeakControl.java:368)&#10;&#9;at java.base/java.lang.Thread.run(Thread.java:833)&#10;" type="java.lang.AssertionError">java.lang.AssertionError: 
</failure>
  </testcase>
  <testcase name="sameTablesWithExplicitAliasOnSecond" classname="org.opensearch.sql.legacy.JoinAliasWriterRuleIT" time="0.043">
    <failure message="org.opensearch.client.ResponseException: method [POST], host [http://[::1]:61802], URI [/_plugins/_sql/_explain], status line [HTTP/1.1 400 Bad Request]&#10;{&#10;  &quot;error&quot;: {&#10;    &quot;reason&quot;: &quot;Invalid SQL query&quot;,&#10;    &quot;details&quot;: &quot;Query is unsupported in the new engine&quot;,&#10;    &quot;type&quot;: &quot;SQLFeatureDisabledException&quot;&#10;  },&#10;  &quot;status&quot;: 400&#10;}" type="org.opensearch.client.ResponseException">org.opensearch.client.ResponseException: method [POST], host [http://[::1]:61802], URI [/_plugins/_sql/_explain], status line [HTTP/1.1 400 Bad Request]
</failure>
  </testcase>
  <testcase name="actualTableNameAsAliasOnColumnFieldsTwo" classname="org.opensearch.sql.legacy.JoinAliasWriterRuleIT" time="0.037">
    <failure message="org.opensearch.client.ResponseException: method [POST], host [http://127.0.0.1:61803], URI [/_plugins/_sql/_explain], status line [HTTP/1.1 400 Bad Request]&#10;{&#10;  &quot;error&quot;: {&#10;    &quot;reason&quot;: &quot;Invalid SQL query&quot;,&#10;    &quot;details&quot;: &quot;Query is unsupported in the new engine&quot;,&#10;    &quot;type&quot;: &quot;SQLFeatureDisabledException&quot;&#10;  },&#10;  &quot;status&quot;: 400&#10;}" type="org.opensearch.client.ResponseException">org.opensearch.client.ResponseException: method [POST], host [http://127.0.0.1:61803], URI [/_plugins/_sql/_explain], status line [HTTP/1.1 400 Bad Request]
</failure>
  </testcase>
  <testcase name="sameTablesNoAliasWithTableNameAsAliasOnColumns" classname="org.opensearch.sql.legacy.JoinAliasWriterRuleIT" time="0.042">
    <failure message="java.lang.AssertionError: &#10;Expected: (an instance of org.opensearch.client.ResponseException and exception with message a string containing &quot;Not unique table/alias: [opensearch-sql_test_index_bank]&quot;)&#10;     but: exception with message a string containing &quot;Not unique table/alias: [opensearch-sql_test_index_bank]&quot; message was &quot;method [POST], host [http://[::1]:61802], URI [/_plugins/_sql/_explain], status line [HTTP/1.1 400 Bad Request]&#10;{&#10;  &quot;error&quot;: {&#10;    &quot;reason&quot;: &quot;Invalid SQL query&quot;,&#10;    &quot;details&quot;: &quot;Query is unsupported in the new engine&quot;,&#10;    &quot;type&quot;: &quot;SQLFeatureDisabledException&quot;&#10;  },&#10;  &quot;status&quot;: 400&#10;}&quot;&#10;Stacktrace was: org.opensearch.client.ResponseException: method [POST], host [http://[::1]:61802], URI [/_plugins/_sql/_explain], status line [HTTP/1.1 400 Bad Request]&#10;{&#10;  &quot;error&quot;: {&#10;    &quot;reason&quot;: &quot;Invalid SQL query&quot;,&#10;    &quot;details&quot;: &quot;Query is unsupported in the new engine&quot;,&#10;    &quot;type&quot;: &quot;SQLFeatureDisabledException&quot;&#10;  },&#10;  &quot;status&quot;: 400&#10;}&#10;&#9;at org.opensearch.client.RestClient.convertResponse(RestClient.java:384)&#10;&#9;at org.opensearch.client.RestClient.performRequest(RestClient.java:354)&#10;&#9;at org.opensearch.client.RestClient.performRequest(RestClient.java:329)&#10;&#9;at org.opensearch.sql.legacy.SQLIntegTestCase.executeRequest(SQLIntegTestCase.java:327)&#10;&#9;at org.opensearch.sql.legacy.SQLIntegTestCase.executeRequest(SQLIntegTestCase.java:322)&#10;&#9;at org.opensearch.sql.legacy.SQLIntegTestCase.executeExplainRequest(SQLIntegTestCase.java:315)&#10;&#9;at org.opensearch.sql.legacy.SQLIntegTestCase.explainQuery(SQLIntegTestCase.java:299)&#10;&#9;at org.opensearch.sql.legacy.JoinAliasWriterRuleIT.sameTablesNoAliasWithTableNameAsAliasOnColumns(JoinAliasWriterRuleIT.java:199)&#10;&#9;at java.base/jdk.internal.reflect.NativeMethodAccessorImpl.invoke0(Native Method)&#10;&#9;at java.base/jdk.internal.reflect.NativeMethodAccessorImpl.invoke(NativeMethodAccessorImpl.java:77)&#10;&#9;at java.base/jdk.internal.reflect.DelegatingMethodAccessorImpl.invoke(DelegatingMethodAccessorImpl.java:43)&#10;&#9;at java.base/java.lang.reflect.Method.invoke(Method.java:568)&#10;&#9;at com.carrotsearch.randomizedtesting.RandomizedRunner.invoke(RandomizedRunner.java:1750)&#10;&#9;at com.carrotsearch.randomizedtesting.RandomizedRunner$8.evaluate(RandomizedRunner.java:938)&#10;&#9;at com.carrotsearch.randomizedtesting.RandomizedRunner$9.evaluate(RandomizedRunner.java:974)&#10;&#9;at com.carrotsearch.randomizedtesting.RandomizedRunner$10.evaluate(RandomizedRunner.java:988)&#10;&#9;at org.junit.rules.ExpectedException$ExpectedExceptionStatement.evaluate(ExpectedException.java:258)&#10;&#9;at com.carrotsearch.randomizedtesting.rules.StatementAdapter.evaluate(StatementAdapter.java:36)&#10;&#9;at org.junit.rules.RunRules.evaluate(RunRules.java:20)&#10;&#9;at org.apache.lucene.tests.util.TestRuleSetupTeardownChained$1.evaluate(TestRuleSetupTeardownChained.java:48)&#10;&#9;at org.apache.lucene.tests.util.AbstractBeforeAfterRule$1.evaluate(AbstractBeforeAfterRule.java:43)&#10;&#9;at org.apache.lucene.tests.util.TestRuleThreadAndTestName$1.evaluate(TestRuleThreadAndTestName.java:45)&#10;&#9;at org.apache.lucene.tests.util.TestRuleIgnoreAfterMaxFailures$1.evaluate(TestRuleIgnoreAfterMaxFailures.java:60)&#10;&#9;at org.apache.lucene.tests.util.TestRuleMarkFailure$1.evaluate(TestRuleMarkFailure.java:44)&#10;&#9;at org.junit.rules.RunRules.evaluate(RunRules.java:20)&#10;&#9;at com.carrotsearch.randomizedtesting.rules.StatementAdapter.evaluate(StatementAdapter.java:36)&#10;&#9;at com.carrotsearch.randomizedtesting.ThreadLeakControl$StatementRunner.run(ThreadLeakControl.java:368)&#10;&#9;at com.carrotsearch.randomizedtesting.ThreadLeakControl.forkTimeoutingTask(ThreadLeakControl.java:817)&#10;&#9;at com.carrotsearch.randomizedtesting.ThreadLeakControl$3.evaluate(ThreadLeakControl.java:468)&#10;&#9;at com.carrotsearch.randomizedtesting.RandomizedRunner.runSingleTest(RandomizedRunner.java:947)&#10;&#9;at com.carrotsearch.randomizedtesting.RandomizedRunner$5.evaluate(RandomizedRunner.java:832)&#10;&#9;at com.carrotsearch.randomizedtesting.RandomizedRunner$6.evaluate(RandomizedRunner.java:883)&#10;&#9;at com.carrotsearch.randomizedtesting.RandomizedRunner$7.evaluate(RandomizedRunner.java:894)&#10;&#9;at org.apache.lucene.tests.util.AbstractBeforeAfterRule$1.evaluate(AbstractBeforeAfterRule.java:43)&#10;&#9;at com.carrotsearch.randomizedtesting.rules.StatementAdapter.evaluate(StatementAdapter.java:36)&#10;&#9;at org.apache.lucene.tests.util.TestRuleStoreClassName$1.evaluate(TestRuleStoreClassName.java:38)&#10;&#9;at com.carrotsearch.randomizedtesting.rules.NoShadowingOrOverridesOnMethodsRule$1.evaluate(NoShadowingOrOverridesOnMethodsRule.java:40)&#10;&#9;at com.carrotsearch.randomizedtesting.rules.NoShadowingOrOverridesOnMethodsRule$1.evaluate(NoShadowingOrOverridesOnMethodsRule.java:40)&#10;&#9;at com.carrotsearch.randomizedtesting.rules.StatementAdapter.evaluate(StatementAdapter.java:36)&#10;&#9;at com.carrotsearch.randomizedtesting.rules.StatementAdapter.evaluate(StatementAdapter.java:36)&#10;&#9;at org.apache.lucene.tests.util.TestRuleAssertionsRequired$1.evaluate(TestRuleAssertionsRequired.java:53)&#10;&#9;at org.apache.lucene.tests.util.AbstractBeforeAfterRule$1.evaluate(AbstractBeforeAfterRule.java:43)&#10;&#9;at org.apache.lucene.tests.util.TestRuleMarkFailure$1.evaluate(TestRuleMarkFailure.java:44)&#10;&#9;at org.apache.lucene.tests.util.TestRuleIgnoreAfterMaxFailures$1.evaluate(TestRuleIgnoreAfterMaxFailures.java:60)&#10;&#9;at org.apache.lucene.tests.util.TestRuleIgnoreTestSuites$1.evaluate(TestRuleIgnoreTestSuites.java:47)&#10;&#9;at org.junit.rules.RunRules.evaluate(RunRules.java:20)&#10;&#9;at com.carrotsearch.randomizedtesting.rules.StatementAdapter.evaluate(StatementAdapter.java:36)&#10;&#9;at com.carrotsearch.randomizedtesting.ThreadLeakControl$StatementRunner.run(ThreadLeakControl.java:368)&#10;&#9;at java.base/java.lang.Thread.run(Thread.java:833)&#10;" type="java.lang.AssertionError">java.lang.AssertionError: 
</failure>
  </testcase>
  <testcase name="sameTablesNoAliasAndNoAliasOnColumns" classname="org.opensearch.sql.legacy.JoinAliasWriterRuleIT" time="0.036">
    <failure message="java.lang.AssertionError: &#10;Expected: (an instance of org.opensearch.client.ResponseException and exception with message a string containing &quot;Not unique table/alias: [opensearch-sql_test_index_bank]&quot;)&#10;     but: exception with message a string containing &quot;Not unique table/alias: [opensearch-sql_test_index_bank]&quot; message was &quot;method [POST], host [http://127.0.0.1:61803], URI [/_plugins/_sql/_explain], status line [HTTP/1.1 400 Bad Request]&#10;{&#10;  &quot;error&quot;: {&#10;    &quot;reason&quot;: &quot;Invalid SQL query&quot;,&#10;    &quot;details&quot;: &quot;Query is unsupported in the new engine&quot;,&#10;    &quot;type&quot;: &quot;SQLFeatureDisabledException&quot;&#10;  },&#10;  &quot;status&quot;: 400&#10;}&quot;&#10;Stacktrace was: org.opensearch.client.ResponseException: method [POST], host [http://127.0.0.1:61803], URI [/_plugins/_sql/_explain], status line [HTTP/1.1 400 Bad Request]&#10;{&#10;  &quot;error&quot;: {&#10;    &quot;reason&quot;: &quot;Invalid SQL query&quot;,&#10;    &quot;details&quot;: &quot;Query is unsupported in the new engine&quot;,&#10;    &quot;type&quot;: &quot;SQLFeatureDisabledException&quot;&#10;  },&#10;  &quot;status&quot;: 400&#10;}&#10;&#9;at org.opensearch.client.RestClient.convertResponse(RestClient.java:384)&#10;&#9;at org.opensearch.client.RestClient.performRequest(RestClient.java:354)&#10;&#9;at org.opensearch.client.RestClient.performRequest(RestClient.java:329)&#10;&#9;at org.opensearch.sql.legacy.SQLIntegTestCase.executeRequest(SQLIntegTestCase.java:327)&#10;&#9;at org.opensearch.sql.legacy.SQLIntegTestCase.executeRequest(SQLIntegTestCase.java:322)&#10;&#9;at org.opensearch.sql.legacy.SQLIntegTestCase.executeExplainRequest(SQLIntegTestCase.java:315)&#10;&#9;at org.opensearch.sql.legacy.SQLIntegTestCase.explainQuery(SQLIntegTestCase.java:299)&#10;&#9;at org.opensearch.sql.legacy.JoinAliasWriterRuleIT.sameTablesNoAliasAndNoAliasOnColumns(JoinAliasWriterRuleIT.java:187)&#10;&#9;at java.base/jdk.internal.reflect.NativeMethodAccessorImpl.invoke0(Native Method)&#10;&#9;at java.base/jdk.internal.reflect.NativeMethodAccessorImpl.invoke(NativeMethodAccessorImpl.java:77)&#10;&#9;at java.base/jdk.internal.reflect.DelegatingMethodAccessorImpl.invoke(DelegatingMethodAccessorImpl.java:43)&#10;&#9;at java.base/java.lang.reflect.Method.invoke(Method.java:568)&#10;&#9;at com.carrotsearch.randomizedtesting.RandomizedRunner.invoke(RandomizedRunner.java:1750)&#10;&#9;at com.carrotsearch.randomizedtesting.RandomizedRunner$8.evaluate(RandomizedRunner.java:938)&#10;&#9;at com.carrotsearch.randomizedtesting.RandomizedRunner$9.evaluate(RandomizedRunner.java:974)&#10;&#9;at com.carrotsearch.randomizedtesting.RandomizedRunner$10.evaluate(RandomizedRunner.java:988)&#10;&#9;at org.junit.rules.ExpectedException$ExpectedExceptionStatement.evaluate(ExpectedException.java:258)&#10;&#9;at com.carrotsearch.randomizedtesting.rules.StatementAdapter.evaluate(StatementAdapter.java:36)&#10;&#9;at org.junit.rules.RunRules.evaluate(RunRules.java:20)&#10;&#9;at org.apache.lucene.tests.util.TestRuleSetupTeardownChained$1.evaluate(TestRuleSetupTeardownChained.java:48)&#10;&#9;at org.apache.lucene.tests.util.AbstractBeforeAfterRule$1.evaluate(AbstractBeforeAfterRule.java:43)&#10;&#9;at org.apache.lucene.tests.util.TestRuleThreadAndTestName$1.evaluate(TestRuleThreadAndTestName.java:45)&#10;&#9;at org.apache.lucene.tests.util.TestRuleIgnoreAfterMaxFailures$1.evaluate(TestRuleIgnoreAfterMaxFailures.java:60)&#10;&#9;at org.apache.lucene.tests.util.TestRuleMarkFailure$1.evaluate(TestRuleMarkFailure.java:44)&#10;&#9;at org.junit.rules.RunRules.evaluate(RunRules.java:20)&#10;&#9;at com.carrotsearch.randomizedtesting.rules.StatementAdapter.evaluate(StatementAdapter.java:36)&#10;&#9;at com.carrotsearch.randomizedtesting.ThreadLeakControl$StatementRunner.run(ThreadLeakControl.java:368)&#10;&#9;at com.carrotsearch.randomizedtesting.ThreadLeakControl.forkTimeoutingTask(ThreadLeakControl.java:817)&#10;&#9;at com.carrotsearch.randomizedtesting.ThreadLeakControl$3.evaluate(ThreadLeakControl.java:468)&#10;&#9;at com.carrotsearch.randomizedtesting.RandomizedRunner.runSingleTest(RandomizedRunner.java:947)&#10;&#9;at com.carrotsearch.randomizedtesting.RandomizedRunner$5.evaluate(RandomizedRunner.java:832)&#10;&#9;at com.carrotsearch.randomizedtesting.RandomizedRunner$6.evaluate(RandomizedRunner.java:883)&#10;&#9;at com.carrotsearch.randomizedtesting.RandomizedRunner$7.evaluate(RandomizedRunner.java:894)&#10;&#9;at org.apache.lucene.tests.util.AbstractBeforeAfterRule$1.evaluate(AbstractBeforeAfterRule.java:43)&#10;&#9;at com.carrotsearch.randomizedtesting.rules.StatementAdapter.evaluate(StatementAdapter.java:36)&#10;&#9;at org.apache.lucene.tests.util.TestRuleStoreClassName$1.evaluate(TestRuleStoreClassName.java:38)&#10;&#9;at com.carrotsearch.randomizedtesting.rules.NoShadowingOrOverridesOnMethodsRule$1.evaluate(NoShadowingOrOverridesOnMethodsRule.java:40)&#10;&#9;at com.carrotsearch.randomizedtesting.rules.NoShadowingOrOverridesOnMethodsRule$1.evaluate(NoShadowingOrOverridesOnMethodsRule.java:40)&#10;&#9;at com.carrotsearch.randomizedtesting.rules.StatementAdapter.evaluate(StatementAdapter.java:36)&#10;&#9;at com.carrotsearch.randomizedtesting.rules.StatementAdapter.evaluate(StatementAdapter.java:36)&#10;&#9;at org.apache.lucene.tests.util.TestRuleAssertionsRequired$1.evaluate(TestRuleAssertionsRequired.java:53)&#10;&#9;at org.apache.lucene.tests.util.AbstractBeforeAfterRule$1.evaluate(AbstractBeforeAfterRule.java:43)&#10;&#9;at org.apache.lucene.tests.util.TestRuleMarkFailure$1.evaluate(TestRuleMarkFailure.java:44)&#10;&#9;at org.apache.lucene.tests.util.TestRuleIgnoreAfterMaxFailures$1.evaluate(TestRuleIgnoreAfterMaxFailures.java:60)&#10;&#9;at org.apache.lucene.tests.util.TestRuleIgnoreTestSuites$1.evaluate(TestRuleIgnoreTestSuites.java:47)&#10;&#9;at org.junit.rules.RunRules.evaluate(RunRules.java:20)&#10;&#9;at com.carrotsearch.randomizedtesting.rules.StatementAdapter.evaluate(StatementAdapter.java:36)&#10;&#9;at com.carrotsearch.randomizedtesting.ThreadLeakControl$StatementRunner.run(ThreadLeakControl.java:368)&#10;&#9;at java.base/java.lang.Thread.run(Thread.java:833)&#10;" type="java.lang.AssertionError">java.lang.AssertionError: 
</failure>
  </testcase>
  <testcase name="bothTableAliasNoCommonColumns" classname="org.opensearch.sql.legacy.JoinAliasWriterRuleIT" time="0.04">
    <failure message="org.opensearch.client.ResponseException: method [POST], host [http://[::1]:61802], URI [/_plugins/_sql/_explain], status line [HTTP/1.1 400 Bad Request]&#10;{&#10;  &quot;error&quot;: {&#10;    &quot;reason&quot;: &quot;Invalid SQL query&quot;,&#10;    &quot;details&quot;: &quot;Query is unsupported in the new engine&quot;,&#10;    &quot;type&quot;: &quot;SQLFeatureDisabledException&quot;&#10;  },&#10;  &quot;status&quot;: 400&#10;}" type="org.opensearch.client.ResponseException">org.opensearch.client.ResponseException: method [POST], host [http://[::1]:61802], URI [/_plugins/_sql/_explain], status line [HTTP/1.1 400 Bad Request]
</failure>
  </testcase>
  <testcase name="tableNamesWithTypeName" classname="org.opensearch.sql.legacy.JoinAliasWriterRuleIT" time="0.0">
    <skipped/>
  </testcase>
  <testcase name="columnsWithTableAliasNotAffected" classname="org.opensearch.sql.legacy.JoinAliasWriterRuleIT" time="0.034">
    <failure message="org.opensearch.client.ResponseException: method [POST], host [http://127.0.0.1:61803], URI [/_plugins/_sql/_explain], status line [HTTP/1.1 400 Bad Request]&#10;{&#10;  &quot;error&quot;: {&#10;    &quot;reason&quot;: &quot;Invalid SQL query&quot;,&#10;    &quot;details&quot;: &quot;Query is unsupported in the new engine&quot;,&#10;    &quot;type&quot;: &quot;SQLFeatureDisabledException&quot;&#10;  },&#10;  &quot;status&quot;: 400&#10;}" type="org.opensearch.client.ResponseException">org.opensearch.client.ResponseException: method [POST], host [http://127.0.0.1:61803], URI [/_plugins/_sql/_explain], status line [HTTP/1.1 400 Bad Request]
</failure>
  </testcase>
  <testcase name="sameTablesWithExplicitAliasOnFirst" classname="org.opensearch.sql.legacy.JoinAliasWriterRuleIT" time="0.038">
    <failure message="org.opensearch.client.ResponseException: method [POST], host [http://[::1]:61802], URI [/_plugins/_sql/_explain], status line [HTTP/1.1 400 Bad Request]&#10;{&#10;  &quot;error&quot;: {&#10;    &quot;reason&quot;: &quot;Invalid SQL query&quot;,&#10;    &quot;details&quot;: &quot;Query is unsupported in the new engine&quot;,&#10;    &quot;type&quot;: &quot;SQLFeatureDisabledException&quot;&#10;  },&#10;  &quot;status&quot;: 400&#10;}" type="org.opensearch.client.ResponseException">org.opensearch.client.ResponseException: method [POST], host [http://[::1]:61802], URI [/_plugins/_sql/_explain], status line [HTTP/1.1 400 Bad Request]
</failure>
  </testcase>
  <testcase name="oneTableAliasNoCommonColumns" classname="org.opensearch.sql.legacy.JoinAliasWriterRuleIT" time="0.035">
    <failure message="org.opensearch.client.ResponseException: method [POST], host [http://127.0.0.1:61803], URI [/_plugins/_sql/_explain], status line [HTTP/1.1 400 Bad Request]&#10;{&#10;  &quot;error&quot;: {&#10;    &quot;reason&quot;: &quot;Invalid SQL query&quot;,&#10;    &quot;details&quot;: &quot;Query is unsupported in the new engine&quot;,&#10;    &quot;type&quot;: &quot;SQLFeatureDisabledException&quot;&#10;  },&#10;  &quot;status&quot;: 400&#10;}" type="org.opensearch.client.ResponseException">org.opensearch.client.ResponseException: method [POST], host [http://127.0.0.1:61803], URI [/_plugins/_sql/_explain], status line [HTTP/1.1 400 Bad Request]
</failure>
  </testcase>
  <testcase name="actualTableNameAsAliasOnColumnFields" classname="org.opensearch.sql.legacy.JoinAliasWriterRuleIT" time="0.034">
    <failure message="org.opensearch.client.ResponseException: method [POST], host [http://[::1]:61802], URI [/_plugins/_sql/_explain], status line [HTTP/1.1 400 Bad Request]&#10;{&#10;  &quot;error&quot;: {&#10;    &quot;reason&quot;: &quot;Invalid SQL query&quot;,&#10;    &quot;details&quot;: &quot;Query is unsupported in the new engine&quot;,&#10;    &quot;type&quot;: &quot;SQLFeatureDisabledException&quot;&#10;  },&#10;  &quot;status&quot;: 400&#10;}" type="org.opensearch.client.ResponseException">org.opensearch.client.ResponseException: method [POST], host [http://[::1]:61802], URI [/_plugins/_sql/_explain], status line [HTTP/1.1 400 Bad Request]
</failure>
  </testcase>
  <testcase name="tableNamesWithTypeNameExplicitTableAlias" classname="org.opensearch.sql.legacy.JoinAliasWriterRuleIT" time="0.0">
    <skipped/>
  </testcase>
  <system-out><![CDATA[[2023-01-17T02:16:05,933][INFO ][o.o.s.l.JoinAliasWriterRuleIT] [noTableAliasNoCommonColumns] before test
]]></system-out>
  <system-err><![CDATA[REPRODUCE WITH: ./gradlew ':integ-test:integTest' --tests "org.opensearch.sql.legacy.JoinAliasWriterRuleIT.noTableAliasNoCommonColumns" -Dtests.seed=160F64C51FACC80F -Dtests.security.manager=false -Dtests.locale=ar-KW -Dtests.timezone=America/Danmarkshavn -Druntime.java=17
]]></system-err>
</testsuite>
<?xml version="1.0" encoding="UTF-8"?>
<testsuite name="org.opensearch.sql.legacy.JoinIT" tests="57" skipped="4" failures="53" errors="0" timestamp="2023-01-17T02:16:07" hostname="Unused26-MacBook.local" time="4.679">
  <properties/>
  <testcase name="testLeftJoinHASH" classname="org.opensearch.sql.legacy.JoinIT" time="2.687">
    <failure message="org.opensearch.client.ResponseException: method [POST], host [http://127.0.0.1:61803], URI [/_plugins/_sql?format=json], status line [HTTP/1.1 400 Bad Request]&#10;{&#10;  &quot;error&quot;: {&#10;    &quot;reason&quot;: &quot;Invalid SQL query&quot;,&#10;    &quot;details&quot;: &quot;Query is unsupported in the new engine&quot;,&#10;    &quot;type&quot;: &quot;SQLFeatureDisabledException&quot;&#10;  },&#10;  &quot;status&quot;: 400&#10;}" type="org.opensearch.client.ResponseException">org.opensearch.client.ResponseException: method [POST], host [http://127.0.0.1:61803], URI [/_plugins/_sql?format=json], status line [HTTP/1.1 400 Bad Request]
</failure>
  </testcase>
  <testcase name="leftJoinNLWithNullInCondition3" classname="org.opensearch.sql.legacy.JoinIT" time="0.045">
    <failure message="org.opensearch.client.ResponseException: method [POST], host [http://127.0.0.1:61803], URI [/_plugins/_sql?format=json], status line [HTTP/1.1 400 Bad Request]&#10;{&#10;  &quot;error&quot;: {&#10;    &quot;reason&quot;: &quot;Invalid SQL query&quot;,&#10;    &quot;details&quot;: &quot;Query is unsupported in the new engine&quot;,&#10;    &quot;type&quot;: &quot;SQLFeatureDisabledException&quot;&#10;  },&#10;  &quot;status&quot;: 400&#10;}" type="org.opensearch.client.ResponseException">org.opensearch.client.ResponseException: method [POST], host [http://127.0.0.1:61803], URI [/_plugins/_sql?format=json], status line [HTTP/1.1 400 Bad Request]
</failure>
  </testcase>
  <testcase name="joinWithNoWhereButWithConditionHash" classname="org.opensearch.sql.legacy.JoinIT" time="0.045">
    <failure message="org.opensearch.client.ResponseException: method [POST], host [http://127.0.0.1:61803], URI [/_plugins/_sql?format=json], status line [HTTP/1.1 400 Bad Request]&#10;{&#10;  &quot;error&quot;: {&#10;    &quot;reason&quot;: &quot;Invalid SQL query&quot;,&#10;    &quot;details&quot;: &quot;Query is unsupported in the new engine&quot;,&#10;    &quot;type&quot;: &quot;SQLFeatureDisabledException&quot;&#10;  },&#10;  &quot;status&quot;: 400&#10;}" type="org.opensearch.client.ResponseException">org.opensearch.client.ResponseException: method [POST], host [http://127.0.0.1:61803], URI [/_plugins/_sql?format=json], status line [HTTP/1.1 400 Bad Request]
</failure>
  </testcase>
  <testcase name="innerJoinNLWithNullInCondition" classname="org.opensearch.sql.legacy.JoinIT" time="0.054">
    <failure message="org.opensearch.client.ResponseException: method [POST], host [http://127.0.0.1:61803], URI [/_plugins/_sql?format=json], status line [HTTP/1.1 400 Bad Request]&#10;{&#10;  &quot;error&quot;: {&#10;    &quot;reason&quot;: &quot;Invalid SQL query&quot;,&#10;    &quot;details&quot;: &quot;Query is unsupported in the new engine&quot;,&#10;    &quot;type&quot;: &quot;SQLFeatureDisabledException&quot;&#10;  },&#10;  &quot;status&quot;: 400&#10;}" type="org.opensearch.client.ResponseException">org.opensearch.client.ResponseException: method [POST], host [http://127.0.0.1:61803], URI [/_plugins/_sql?format=json], status line [HTTP/1.1 400 Bad Request]
</failure>
  </testcase>
  <testcase name="joinWithNestedFieldsOnComparisonAndOnReturnHASH" classname="org.opensearch.sql.legacy.JoinIT" time="0.064">
    <failure message="org.opensearch.client.ResponseException: method [POST], host [http://127.0.0.1:61803], URI [/_plugins/_sql?format=json], status line [HTTP/1.1 400 Bad Request]&#10;{&#10;  &quot;error&quot;: {&#10;    &quot;reason&quot;: &quot;Invalid SQL query&quot;,&#10;    &quot;details&quot;: &quot;Query is unsupported in the new engine&quot;,&#10;    &quot;type&quot;: &quot;SQLFeatureDisabledException&quot;&#10;  },&#10;  &quot;status&quot;: 400&#10;}" type="org.opensearch.client.ResponseException">org.opensearch.client.ResponseException: method [POST], host [http://127.0.0.1:61803], URI [/_plugins/_sql?format=json], status line [HTTP/1.1 400 Bad Request]
</failure>
  </testcase>
  <testcase name="innerJoinNLWithNullInCondition1" classname="org.opensearch.sql.legacy.JoinIT" time="0.043">
    <failure message="org.opensearch.client.ResponseException: method [POST], host [http://127.0.0.1:61803], URI [/_plugins/_sql?format=json], status line [HTTP/1.1 400 Bad Request]&#10;{&#10;  &quot;error&quot;: {&#10;    &quot;reason&quot;: &quot;Invalid SQL query&quot;,&#10;    &quot;details&quot;: &quot;Query is unsupported in the new engine&quot;,&#10;    &quot;type&quot;: &quot;SQLFeatureDisabledException&quot;&#10;  },&#10;  &quot;status&quot;: 400&#10;}" type="org.opensearch.client.ResponseException">org.opensearch.client.ResponseException: method [POST], host [http://127.0.0.1:61803], URI [/_plugins/_sql?format=json], status line [HTTP/1.1 400 Bad Request]
</failure>
  </testcase>
  <testcase name="joinNoConditionAndNoWhereNL" classname="org.opensearch.sql.legacy.JoinIT" time="0.034">
    <failure message="org.opensearch.client.ResponseException: method [POST], host [http://127.0.0.1:61803], URI [/_plugins/_sql?format=json], status line [HTTP/1.1 400 Bad Request]&#10;{&#10;  &quot;error&quot;: {&#10;    &quot;reason&quot;: &quot;Invalid SQL query&quot;,&#10;    &quot;details&quot;: &quot;Query is unsupported in the new engine&quot;,&#10;    &quot;type&quot;: &quot;SQLFeatureDisabledException&quot;&#10;  },&#10;  &quot;status&quot;: 400&#10;}" type="org.opensearch.client.ResponseException">org.opensearch.client.ResponseException: method [POST], host [http://127.0.0.1:61803], URI [/_plugins/_sql?format=json], status line [HTTP/1.1 400 Bad Request]
</failure>
  </testcase>
  <testcase name="joinWithAllAliasOnReturnNL" classname="org.opensearch.sql.legacy.JoinIT" time="0.04">
    <failure message="org.opensearch.client.ResponseException: method [POST], host [http://127.0.0.1:61803], URI [/_plugins/_sql?format=json], status line [HTTP/1.1 400 Bad Request]&#10;{&#10;  &quot;error&quot;: {&#10;    &quot;reason&quot;: &quot;Invalid SQL query&quot;,&#10;    &quot;details&quot;: &quot;Query is unsupported in the new engine&quot;,&#10;    &quot;type&quot;: &quot;SQLFeatureDisabledException&quot;&#10;  },&#10;  &quot;status&quot;: 400&#10;}" type="org.opensearch.client.ResponseException">org.opensearch.client.ResponseException: method [POST], host [http://127.0.0.1:61803], URI [/_plugins/_sql?format=json], status line [HTTP/1.1 400 Bad Request]
</failure>
  </testcase>
  <testcase name="hintLimits_firstLimitSecondLimitOnlyOneHASH" classname="org.opensearch.sql.legacy.JoinIT" time="0.0">
    <skipped/>
  </testcase>
  <testcase name="testLeftJoinNL" classname="org.opensearch.sql.legacy.JoinIT" time="0.039">
    <failure message="org.opensearch.client.ResponseException: method [POST], host [http://127.0.0.1:61803], URI [/_plugins/_sql?format=json], status line [HTTP/1.1 400 Bad Request]&#10;{&#10;  &quot;error&quot;: {&#10;    &quot;reason&quot;: &quot;Invalid SQL query&quot;,&#10;    &quot;details&quot;: &quot;Query is unsupported in the new engine&quot;,&#10;    &quot;type&quot;: &quot;SQLFeatureDisabledException&quot;&#10;  },&#10;  &quot;status&quot;: 400&#10;}" type="org.opensearch.client.ResponseException">org.opensearch.client.ResponseException: method [POST], host [http://127.0.0.1:61803], URI [/_plugins/_sql?format=json], status line [HTTP/1.1 400 Bad Request]
</failure>
  </testcase>
  <testcase name="joinNoConditionAndNoWhereHASH" classname="org.opensearch.sql.legacy.JoinIT" time="0.037">
    <failure message="org.opensearch.client.ResponseException: method [POST], host [http://127.0.0.1:61803], URI [/_plugins/_sql?format=json], status line [HTTP/1.1 400 Bad Request]&#10;{&#10;  &quot;error&quot;: {&#10;    &quot;reason&quot;: &quot;Invalid SQL query&quot;,&#10;    &quot;details&quot;: &quot;Query is unsupported in the new engine&quot;,&#10;    &quot;type&quot;: &quot;SQLFeatureDisabledException&quot;&#10;  },&#10;  &quot;status&quot;: 400&#10;}" type="org.opensearch.client.ResponseException">org.opensearch.client.ResponseException: method [POST], host [http://127.0.0.1:61803], URI [/_plugins/_sql?format=json], status line [HTTP/1.1 400 Bad Request]
</failure>
  </testcase>
  <testcase name="joinWithAllFromSecondTableNL" classname="org.opensearch.sql.legacy.JoinIT" time="0.037">
    <failure message="org.opensearch.client.ResponseException: method [POST], host [http://127.0.0.1:61803], URI [/_plugins/_sql?format=json], status line [HTTP/1.1 400 Bad Request]&#10;{&#10;  &quot;error&quot;: {&#10;    &quot;reason&quot;: &quot;Invalid SQL query&quot;,&#10;    &quot;details&quot;: &quot;Query is unsupported in the new engine&quot;,&#10;    &quot;type&quot;: &quot;SQLFeatureDisabledException&quot;&#10;  },&#10;  &quot;status&quot;: 400&#10;}" type="org.opensearch.client.ResponseException">org.opensearch.client.ResponseException: method [POST], host [http://127.0.0.1:61803], URI [/_plugins/_sql?format=json], status line [HTTP/1.1 400 Bad Request]
</failure>
  </testcase>
  <testcase name="joinWithGeoIntersectNL" classname="org.opensearch.sql.legacy.JoinIT" time="0.042">
    <failure message="org.opensearch.client.ResponseException: method [POST], host [http://127.0.0.1:61803], URI [/_plugins/_sql?format=json], status line [HTTP/1.1 400 Bad Request]&#10;{&#10;  &quot;error&quot;: {&#10;    &quot;reason&quot;: &quot;Invalid SQL query&quot;,&#10;    &quot;details&quot;: &quot;Query is unsupported in the new engine&quot;,&#10;    &quot;type&quot;: &quot;SQLFeatureDisabledException&quot;&#10;  },&#10;  &quot;status&quot;: 400&#10;}" type="org.opensearch.client.ResponseException">org.opensearch.client.ResponseException: method [POST], host [http://127.0.0.1:61803], URI [/_plugins/_sql?format=json], status line [HTTP/1.1 400 Bad Request]
</failure>
  </testcase>
  <testcase name="joinWithSomeAliasOnReturnNL" classname="org.opensearch.sql.legacy.JoinIT" time="0.038">
    <failure message="org.opensearch.client.ResponseException: method [POST], host [http://127.0.0.1:61803], URI [/_plugins/_sql?format=json], status line [HTTP/1.1 400 Bad Request]&#10;{&#10;  &quot;error&quot;: {&#10;    &quot;reason&quot;: &quot;Invalid SQL query&quot;,&#10;    &quot;details&quot;: &quot;Query is unsupported in the new engine&quot;,&#10;    &quot;type&quot;: &quot;SQLFeatureDisabledException&quot;&#10;  },&#10;  &quot;status&quot;: 400&#10;}" type="org.opensearch.client.ResponseException">org.opensearch.client.ResponseException: method [POST], host [http://127.0.0.1:61803], URI [/_plugins/_sql?format=json], status line [HTTP/1.1 400 Bad Request]
</failure>
  </testcase>
  <testcase name="joinWithAllFromSecondTableHASH" classname="org.opensearch.sql.legacy.JoinIT" time="0.04">
    <failure message="org.opensearch.client.ResponseException: method [POST], host [http://127.0.0.1:61803], URI [/_plugins/_sql?format=json], status line [HTTP/1.1 400 Bad Request]&#10;{&#10;  &quot;error&quot;: {&#10;    &quot;reason&quot;: &quot;Invalid SQL query&quot;,&#10;    &quot;details&quot;: &quot;Query is unsupported in the new engine&quot;,&#10;    &quot;type&quot;: &quot;SQLFeatureDisabledException&quot;&#10;  },&#10;  &quot;status&quot;: 400&#10;}" type="org.opensearch.client.ResponseException">org.opensearch.client.ResponseException: method [POST], host [http://127.0.0.1:61803], URI [/_plugins/_sql?format=json], status line [HTTP/1.1 400 Bad Request]
</failure>
  </testcase>
  <testcase name="joinWithNestedFieldsOnReturnNL" classname="org.opensearch.sql.legacy.JoinIT" time="0.039">
    <failure message="org.opensearch.client.ResponseException: method [POST], host [http://127.0.0.1:61803], URI [/_plugins/_sql?format=json], status line [HTTP/1.1 400 Bad Request]&#10;{&#10;  &quot;error&quot;: {&#10;    &quot;reason&quot;: &quot;Invalid SQL query&quot;,&#10;    &quot;details&quot;: &quot;Query is unsupported in the new engine&quot;,&#10;    &quot;type&quot;: &quot;SQLFeatureDisabledException&quot;&#10;  },&#10;  &quot;status&quot;: 400&#10;}" type="org.opensearch.client.ResponseException">org.opensearch.client.ResponseException: method [POST], host [http://127.0.0.1:61803], URI [/_plugins/_sql?format=json], status line [HTTP/1.1 400 Bad Request]
</failure>
  </testcase>
  <testcase name="joinParseCheckSelectedFieldsSplitHASH" classname="org.opensearch.sql.legacy.JoinIT" time="0.033">
    <failure message="org.opensearch.client.ResponseException: method [POST], host [http://127.0.0.1:61803], URI [/_plugins/_sql?format=json], status line [HTTP/1.1 400 Bad Request]&#10;{&#10;  &quot;error&quot;: {&#10;    &quot;reason&quot;: &quot;Invalid SQL query&quot;,&#10;    &quot;details&quot;: &quot;Query is unsupported in the new engine&quot;,&#10;    &quot;type&quot;: &quot;SQLFeatureDisabledException&quot;&#10;  },&#10;  &quot;status&quot;: 400&#10;}" type="org.opensearch.client.ResponseException">org.opensearch.client.ResponseException: method [POST], host [http://127.0.0.1:61803], URI [/_plugins/_sql?format=json], status line [HTTP/1.1 400 Bad Request]
</failure>
  </testcase>
  <testcase name="joinParseCheckSelectedFieldsSplitNL" classname="org.opensearch.sql.legacy.JoinIT" time="0.034">
    <failure message="org.opensearch.client.ResponseException: method [POST], host [http://127.0.0.1:61803], URI [/_plugins/_sql?format=json], status line [HTTP/1.1 400 Bad Request]&#10;{&#10;  &quot;error&quot;: {&#10;    &quot;reason&quot;: &quot;Invalid SQL query&quot;,&#10;    &quot;details&quot;: &quot;Query is unsupported in the new engine&quot;,&#10;    &quot;type&quot;: &quot;SQLFeatureDisabledException&quot;&#10;  },&#10;  &quot;status&quot;: 400&#10;}" type="org.opensearch.client.ResponseException">org.opensearch.client.ResponseException: method [POST], host [http://127.0.0.1:61803], URI [/_plugins/_sql?format=json], status line [HTTP/1.1 400 Bad Request]
</failure>
  </testcase>
  <testcase name="joinWithOrderbyFirstTableNL" classname="org.opensearch.sql.legacy.JoinIT" time="0.063">
    <failure message="org.opensearch.client.ResponseException: method [POST], host [http://127.0.0.1:61803], URI [/_plugins/_sql?format=json], status line [HTTP/1.1 400 Bad Request]&#10;{&#10;  &quot;error&quot;: {&#10;    &quot;reason&quot;: &quot;Invalid SQL query&quot;,&#10;    &quot;details&quot;: &quot;Query is unsupported in the new engine&quot;,&#10;    &quot;type&quot;: &quot;SQLFeatureDisabledException&quot;&#10;  },&#10;  &quot;status&quot;: 400&#10;}" type="org.opensearch.client.ResponseException">org.opensearch.client.ResponseException: method [POST], host [http://127.0.0.1:61803], URI [/_plugins/_sql?format=json], status line [HTTP/1.1 400 Bad Request]
</failure>
  </testcase>
  <testcase name="innerJoinNLWithNullInCondition3" classname="org.opensearch.sql.legacy.JoinIT" time="0.041">
    <failure message="org.opensearch.client.ResponseException: method [POST], host [http://127.0.0.1:61803], URI [/_plugins/_sql?format=json], status line [HTTP/1.1 400 Bad Request]&#10;{&#10;  &quot;error&quot;: {&#10;    &quot;reason&quot;: &quot;Invalid SQL query&quot;,&#10;    &quot;details&quot;: &quot;Query is unsupported in the new engine&quot;,&#10;    &quot;type&quot;: &quot;SQLFeatureDisabledException&quot;&#10;  },&#10;  &quot;status&quot;: 400&#10;}" type="org.opensearch.client.ResponseException">org.opensearch.client.ResponseException: method [POST], host [http://127.0.0.1:61803], URI [/_plugins/_sql?format=json], status line [HTTP/1.1 400 Bad Request]
</failure>
  </testcase>
  <testcase name="joinWithAllAliasOnReturnHASH" classname="org.opensearch.sql.legacy.JoinIT" time="0.039">
    <failure message="org.opensearch.client.ResponseException: method [POST], host [http://127.0.0.1:61803], URI [/_plugins/_sql?format=json], status line [HTTP/1.1 400 Bad Request]&#10;{&#10;  &quot;error&quot;: {&#10;    &quot;reason&quot;: &quot;Invalid SQL query&quot;,&#10;    &quot;details&quot;: &quot;Query is unsupported in the new engine&quot;,&#10;    &quot;type&quot;: &quot;SQLFeatureDisabledException&quot;&#10;  },&#10;  &quot;status&quot;: 400&#10;}" type="org.opensearch.client.ResponseException">org.opensearch.client.ResponseException: method [POST], host [http://127.0.0.1:61803], URI [/_plugins/_sql?format=json], status line [HTTP/1.1 400 Bad Request]
</failure>
  </testcase>
  <testcase name="hintLimits_firstLimitSecondLimitOnlyOneNL" classname="org.opensearch.sql.legacy.JoinIT" time="0.001">
    <skipped/>
  </testcase>
  <testcase name="leftJoinWithAllFromSecondTableNL" classname="org.opensearch.sql.legacy.JoinIT" time="0.036">
    <failure message="org.opensearch.client.ResponseException: method [POST], host [http://127.0.0.1:61803], URI [/_plugins/_sql?format=json], status line [HTTP/1.1 400 Bad Request]&#10;{&#10;  &quot;error&quot;: {&#10;    &quot;reason&quot;: &quot;Invalid SQL query&quot;,&#10;    &quot;details&quot;: &quot;Query is unsupported in the new engine&quot;,&#10;    &quot;type&quot;: &quot;SQLFeatureDisabledException&quot;&#10;  },&#10;  &quot;status&quot;: 400&#10;}" type="org.opensearch.client.ResponseException">org.opensearch.client.ResponseException: method [POST], host [http://127.0.0.1:61803], URI [/_plugins/_sql?format=json], status line [HTTP/1.1 400 Bad Request]
</failure>
  </testcase>
  <testcase name="joinNoConditionAndNoWhereWithTotalLimitNL" classname="org.opensearch.sql.legacy.JoinIT" time="0.035">
    <failure message="org.opensearch.client.ResponseException: method [POST], host [http://127.0.0.1:61803], URI [/_plugins/_sql?format=json], status line [HTTP/1.1 400 Bad Request]&#10;{&#10;  &quot;error&quot;: {&#10;    &quot;reason&quot;: &quot;Invalid SQL query&quot;,&#10;    &quot;details&quot;: &quot;Query is unsupported in the new engine&quot;,&#10;    &quot;type&quot;: &quot;SQLFeatureDisabledException&quot;&#10;  },&#10;  &quot;status&quot;: 400&#10;}" type="org.opensearch.client.ResponseException">org.opensearch.client.ResponseException: method [POST], host [http://127.0.0.1:61803], URI [/_plugins/_sql?format=json], status line [HTTP/1.1 400 Bad Request]
</failure>
  </testcase>
  <testcase name="joinNoConditionButWithWhereHASH" classname="org.opensearch.sql.legacy.JoinIT" time="0.042">
    <failure message="org.opensearch.client.ResponseException: method [POST], host [http://127.0.0.1:61803], URI [/_plugins/_sql?format=json], status line [HTTP/1.1 400 Bad Request]&#10;{&#10;  &quot;error&quot;: {&#10;    &quot;reason&quot;: &quot;Invalid SQL query&quot;,&#10;    &quot;details&quot;: &quot;Query is unsupported in the new engine&quot;,&#10;    &quot;type&quot;: &quot;SQLFeatureDisabledException&quot;&#10;  },&#10;  &quot;status&quot;: 400&#10;}" type="org.opensearch.client.ResponseException">org.opensearch.client.ResponseException: method [POST], host [http://127.0.0.1:61803], URI [/_plugins/_sql?format=json], status line [HTTP/1.1 400 Bad Request]
</failure>
  </testcase>
  <testcase name="joinNoConditionAndNoWhereWithTotalLimitHASH" classname="org.opensearch.sql.legacy.JoinIT" time="0.037">
    <failure message="org.opensearch.client.ResponseException: method [POST], host [http://127.0.0.1:61803], URI [/_plugins/_sql?format=json], status line [HTTP/1.1 400 Bad Request]&#10;{&#10;  &quot;error&quot;: {&#10;    &quot;reason&quot;: &quot;Invalid SQL query&quot;,&#10;    &quot;details&quot;: &quot;Query is unsupported in the new engine&quot;,&#10;    &quot;type&quot;: &quot;SQLFeatureDisabledException&quot;&#10;  },&#10;  &quot;status&quot;: 400&#10;}" type="org.opensearch.client.ResponseException">org.opensearch.client.ResponseException: method [POST], host [http://127.0.0.1:61803], URI [/_plugins/_sql?format=json], status line [HTTP/1.1 400 Bad Request]
</failure>
  </testcase>
  <testcase name="testLeftJoinWithLimitNL" classname="org.opensearch.sql.legacy.JoinIT" time="0.034">
    <failure message="org.opensearch.client.ResponseException: method [POST], host [http://127.0.0.1:61803], URI [/_plugins/_sql?format=json], status line [HTTP/1.1 400 Bad Request]&#10;{&#10;  &quot;error&quot;: {&#10;    &quot;reason&quot;: &quot;Invalid SQL query&quot;,&#10;    &quot;details&quot;: &quot;Query is unsupported in the new engine&quot;,&#10;    &quot;type&quot;: &quot;SQLFeatureDisabledException&quot;&#10;  },&#10;  &quot;status&quot;: 400&#10;}" type="org.opensearch.client.ResponseException">org.opensearch.client.ResponseException: method [POST], host [http://127.0.0.1:61803], URI [/_plugins/_sql?format=json], status line [HTTP/1.1 400 Bad Request]
</failure>
  </testcase>
  <testcase name="leftJoinNLWithNullInCondition2" classname="org.opensearch.sql.legacy.JoinIT" time="0.035">
    <failure message="org.opensearch.client.ResponseException: method [POST], host [http://127.0.0.1:61803], URI [/_plugins/_sql?format=json], status line [HTTP/1.1 400 Bad Request]&#10;{&#10;  &quot;error&quot;: {&#10;    &quot;reason&quot;: &quot;Invalid SQL query&quot;,&#10;    &quot;details&quot;: &quot;Query is unsupported in the new engine&quot;,&#10;    &quot;type&quot;: &quot;SQLFeatureDisabledException&quot;&#10;  },&#10;  &quot;status&quot;: 400&#10;}" type="org.opensearch.client.ResponseException">org.opensearch.client.ResponseException: method [POST], host [http://127.0.0.1:61803], URI [/_plugins/_sql?format=json], status line [HTTP/1.1 400 Bad Request]
</failure>
  </testcase>
  <testcase name="hintLimits_firstNullSecondLimitNL" classname="org.opensearch.sql.legacy.JoinIT" time="0.031">
    <failure message="org.opensearch.client.ResponseException: method [POST], host [http://127.0.0.1:61803], URI [/_plugins/_sql?format=json], status line [HTTP/1.1 400 Bad Request]&#10;{&#10;  &quot;error&quot;: {&#10;    &quot;reason&quot;: &quot;Invalid SQL query&quot;,&#10;    &quot;details&quot;: &quot;Query is unsupported in the new engine&quot;,&#10;    &quot;type&quot;: &quot;SQLFeatureDisabledException&quot;&#10;  },&#10;  &quot;status&quot;: 400&#10;}" type="org.opensearch.client.ResponseException">org.opensearch.client.ResponseException: method [POST], host [http://127.0.0.1:61803], URI [/_plugins/_sql?format=json], status line [HTTP/1.1 400 Bad Request]
</failure>
  </testcase>
  <testcase name="leftJoinNLWithNullInCondition1" classname="org.opensearch.sql.legacy.JoinIT" time="0.034">
    <failure message="org.opensearch.client.ResponseException: method [POST], host [http://127.0.0.1:61803], URI [/_plugins/_sql?format=json], status line [HTTP/1.1 400 Bad Request]&#10;{&#10;  &quot;error&quot;: {&#10;    &quot;reason&quot;: &quot;Invalid SQL query&quot;,&#10;    &quot;details&quot;: &quot;Query is unsupported in the new engine&quot;,&#10;    &quot;type&quot;: &quot;SQLFeatureDisabledException&quot;&#10;  },&#10;  &quot;status&quot;: 400&#10;}" type="org.opensearch.client.ResponseException">org.opensearch.client.ResponseException: method [POST], host [http://127.0.0.1:61803], URI [/_plugins/_sql?format=json], status line [HTTP/1.1 400 Bad Request]
</failure>
  </testcase>
  <testcase name="hintLimits_firstLimitSecondNullNL" classname="org.opensearch.sql.legacy.JoinIT" time="0.036">
    <failure message="org.opensearch.client.ResponseException: method [POST], host [http://127.0.0.1:61803], URI [/_plugins/_sql?format=json], status line [HTTP/1.1 400 Bad Request]&#10;{&#10;  &quot;error&quot;: {&#10;    &quot;reason&quot;: &quot;Invalid SQL query&quot;,&#10;    &quot;details&quot;: &quot;Query is unsupported in the new engine&quot;,&#10;    &quot;type&quot;: &quot;SQLFeatureDisabledException&quot;&#10;  },&#10;  &quot;status&quot;: 400&#10;}" type="org.opensearch.client.ResponseException">org.opensearch.client.ResponseException: method [POST], host [http://127.0.0.1:61803], URI [/_plugins/_sql?format=json], status line [HTTP/1.1 400 Bad Request]
</failure>
  </testcase>
  <testcase name="joinWithNestedFieldsOnReturnHASH" classname="org.opensearch.sql.legacy.JoinIT" time="0.051">
    <failure message="org.opensearch.client.ResponseException: method [POST], host [http://127.0.0.1:61803], URI [/_plugins/_sql?format=json], status line [HTTP/1.1 400 Bad Request]&#10;{&#10;  &quot;error&quot;: {&#10;    &quot;reason&quot;: &quot;Invalid SQL query&quot;,&#10;    &quot;details&quot;: &quot;Query is unsupported in the new engine&quot;,&#10;    &quot;type&quot;: &quot;SQLFeatureDisabledException&quot;&#10;  },&#10;  &quot;status&quot;: 400&#10;}" type="org.opensearch.client.ResponseException">org.opensearch.client.ResponseException: method [POST], host [http://127.0.0.1:61803], URI [/_plugins/_sql?format=json], status line [HTTP/1.1 400 Bad Request]
</failure>
  </testcase>
  <testcase name="hintLimits_firstNullSecondLimitHASH" classname="org.opensearch.sql.legacy.JoinIT" time="0.034">
    <failure message="org.opensearch.client.ResponseException: method [POST], host [http://127.0.0.1:61803], URI [/_plugins/_sql?format=json], status line [HTTP/1.1 400 Bad Request]&#10;{&#10;  &quot;error&quot;: {&#10;    &quot;reason&quot;: &quot;Invalid SQL query&quot;,&#10;    &quot;details&quot;: &quot;Query is unsupported in the new engine&quot;,&#10;    &quot;type&quot;: &quot;SQLFeatureDisabledException&quot;&#10;  },&#10;  &quot;status&quot;: 400&#10;}" type="org.opensearch.client.ResponseException">org.opensearch.client.ResponseException: method [POST], host [http://127.0.0.1:61803], URI [/_plugins/_sql?format=json], status line [HTTP/1.1 400 Bad Request]
</failure>
  </testcase>
  <testcase name="leftJoinWithAllFromSecondTableHASH" classname="org.opensearch.sql.legacy.JoinIT" time="0.031">
    <failure message="org.opensearch.client.ResponseException: method [POST], host [http://127.0.0.1:61803], URI [/_plugins/_sql?format=json], status line [HTTP/1.1 400 Bad Request]&#10;{&#10;  &quot;error&quot;: {&#10;    &quot;reason&quot;: &quot;Invalid SQL query&quot;,&#10;    &quot;details&quot;: &quot;Query is unsupported in the new engine&quot;,&#10;    &quot;type&quot;: &quot;SQLFeatureDisabledException&quot;&#10;  },&#10;  &quot;status&quot;: 400&#10;}" type="org.opensearch.client.ResponseException">org.opensearch.client.ResponseException: method [POST], host [http://127.0.0.1:61803], URI [/_plugins/_sql?format=json], status line [HTTP/1.1 400 Bad Request]
</failure>
  </testcase>
  <testcase name="joinWithSomeAliasOnReturnHASH" classname="org.opensearch.sql.legacy.JoinIT" time="0.03">
    <failure message="org.opensearch.client.ResponseException: method [POST], host [http://127.0.0.1:61803], URI [/_plugins/_sql?format=json], status line [HTTP/1.1 400 Bad Request]&#10;{&#10;  &quot;error&quot;: {&#10;    &quot;reason&quot;: &quot;Invalid SQL query&quot;,&#10;    &quot;details&quot;: &quot;Query is unsupported in the new engine&quot;,&#10;    &quot;type&quot;: &quot;SQLFeatureDisabledException&quot;&#10;  },&#10;  &quot;status&quot;: 400&#10;}" type="org.opensearch.client.ResponseException">org.opensearch.client.ResponseException: method [POST], host [http://127.0.0.1:61803], URI [/_plugins/_sql?format=json], status line [HTTP/1.1 400 Bad Request]
</failure>
  </testcase>
  <testcase name="joinWithInQuery" classname="org.opensearch.sql.legacy.JoinIT" time="0.0">
    <skipped/>
  </testcase>
  <testcase name="hintLimits_firstLimitSecondLimitNL" classname="org.opensearch.sql.legacy.JoinIT" time="0.03">
    <failure message="org.opensearch.client.ResponseException: method [POST], host [http://127.0.0.1:61803], URI [/_plugins/_sql?format=json], status line [HTTP/1.1 400 Bad Request]&#10;{&#10;  &quot;error&quot;: {&#10;    &quot;reason&quot;: &quot;Invalid SQL query&quot;,&#10;    &quot;details&quot;: &quot;Query is unsupported in the new engine&quot;,&#10;    &quot;type&quot;: &quot;SQLFeatureDisabledException&quot;&#10;  },&#10;  &quot;status&quot;: 400&#10;}" type="org.opensearch.client.ResponseException">org.opensearch.client.ResponseException: method [POST], host [http://127.0.0.1:61803], URI [/_plugins/_sql?format=json], status line [HTTP/1.1 400 Bad Request]
</failure>
  </testcase>
  <testcase name="joinWithOrderbyFirstTableHASH" classname="org.opensearch.sql.legacy.JoinIT" time="0.03">
    <failure message="org.opensearch.client.ResponseException: method [POST], host [http://127.0.0.1:61803], URI [/_plugins/_sql?format=json], status line [HTTP/1.1 400 Bad Request]&#10;{&#10;  &quot;error&quot;: {&#10;    &quot;reason&quot;: &quot;Invalid SQL query&quot;,&#10;    &quot;details&quot;: &quot;Query is unsupported in the new engine&quot;,&#10;    &quot;type&quot;: &quot;SQLFeatureDisabledException&quot;&#10;  },&#10;  &quot;status&quot;: 400&#10;}" type="org.opensearch.client.ResponseException">org.opensearch.client.ResponseException: method [POST], host [http://127.0.0.1:61803], URI [/_plugins/_sql?format=json], status line [HTTP/1.1 400 Bad Request]
</failure>
  </testcase>
  <testcase name="joinParseCheckSelectedFieldsSplitNLConditionOrderGT" classname="org.opensearch.sql.legacy.JoinIT" time="0.032">
    <failure message="org.opensearch.client.ResponseException: method [POST], host [http://127.0.0.1:61803], URI [/_plugins/_sql?format=json], status line [HTTP/1.1 400 Bad Request]&#10;{&#10;  &quot;error&quot;: {&#10;    &quot;reason&quot;: &quot;Invalid SQL query&quot;,&#10;    &quot;details&quot;: &quot;Query is unsupported in the new engine&quot;,&#10;    &quot;type&quot;: &quot;SQLFeatureDisabledException&quot;&#10;  },&#10;  &quot;status&quot;: 400&#10;}" type="org.opensearch.client.ResponseException">org.opensearch.client.ResponseException: method [POST], host [http://127.0.0.1:61803], URI [/_plugins/_sql?format=json], status line [HTTP/1.1 400 Bad Request]
</failure>
  </testcase>
  <testcase name="joinWithNestedFieldsOnComparisonAndOnReturnNL" classname="org.opensearch.sql.legacy.JoinIT" time="0.041">
    <failure message="org.opensearch.client.ResponseException: method [POST], host [http://127.0.0.1:61803], URI [/_plugins/_sql?format=json], status line [HTTP/1.1 400 Bad Request]&#10;{&#10;  &quot;error&quot;: {&#10;    &quot;reason&quot;: &quot;Invalid SQL query&quot;,&#10;    &quot;details&quot;: &quot;Query is unsupported in the new engine&quot;,&#10;    &quot;type&quot;: &quot;SQLFeatureDisabledException&quot;&#10;  },&#10;  &quot;status&quot;: 400&#10;}" type="org.opensearch.client.ResponseException">org.opensearch.client.ResponseException: method [POST], host [http://127.0.0.1:61803], URI [/_plugins/_sql?format=json], status line [HTTP/1.1 400 Bad Request]
</failure>
  </testcase>
  <testcase name="leftJoinNLWithNullInCondition" classname="org.opensearch.sql.legacy.JoinIT" time="0.036">
    <failure message="org.opensearch.client.ResponseException: method [POST], host [http://127.0.0.1:61803], URI [/_plugins/_sql?format=json], status line [HTTP/1.1 400 Bad Request]&#10;{&#10;  &quot;error&quot;: {&#10;    &quot;reason&quot;: &quot;Invalid SQL query&quot;,&#10;    &quot;details&quot;: &quot;Query is unsupported in the new engine&quot;,&#10;    &quot;type&quot;: &quot;SQLFeatureDisabledException&quot;&#10;  },&#10;  &quot;status&quot;: 400&#10;}" type="org.opensearch.client.ResponseException">org.opensearch.client.ResponseException: method [POST], host [http://127.0.0.1:61803], URI [/_plugins/_sql?format=json], status line [HTTP/1.1 400 Bad Request]
</failure>
  </testcase>
  <testcase name="joinParseWithHintsCheckSelectedFieldsSplitHASH" classname="org.opensearch.sql.legacy.JoinIT" time="0.033">
    <failure message="org.opensearch.client.ResponseException: method [POST], host [http://127.0.0.1:61803], URI [/_plugins/_sql?format=json], status line [HTTP/1.1 400 Bad Request]&#10;{&#10;  &quot;error&quot;: {&#10;    &quot;reason&quot;: &quot;Invalid SQL query&quot;,&#10;    &quot;details&quot;: &quot;Query is unsupported in the new engine&quot;,&#10;    &quot;type&quot;: &quot;SQLFeatureDisabledException&quot;&#10;  },&#10;  &quot;status&quot;: 400&#10;}" type="org.opensearch.client.ResponseException">org.opensearch.client.ResponseException: method [POST], host [http://127.0.0.1:61803], URI [/_plugins/_sql?format=json], status line [HTTP/1.1 400 Bad Request]
</failure>
  </testcase>
  <testcase name="joinParseCheckSelectedFieldsSplitNLConditionOrderEQ" classname="org.opensearch.sql.legacy.JoinIT" time="0.031">
    <failure message="org.opensearch.client.ResponseException: method [POST], host [http://127.0.0.1:61803], URI [/_plugins/_sql?format=json], status line [HTTP/1.1 400 Bad Request]&#10;{&#10;  &quot;error&quot;: {&#10;    &quot;reason&quot;: &quot;Invalid SQL query&quot;,&#10;    &quot;details&quot;: &quot;Query is unsupported in the new engine&quot;,&#10;    &quot;type&quot;: &quot;SQLFeatureDisabledException&quot;&#10;  },&#10;  &quot;status&quot;: 400&#10;}" type="org.opensearch.client.ResponseException">org.opensearch.client.ResponseException: method [POST], host [http://127.0.0.1:61803], URI [/_plugins/_sql?format=json], status line [HTTP/1.1 400 Bad Request]
</failure>
  </testcase>
  <testcase name="joinWithStarHASH" classname="org.opensearch.sql.legacy.JoinIT" time="0.028">
    <failure message="org.opensearch.client.ResponseException: method [POST], host [http://127.0.0.1:61803], URI [/_plugins/_sql?format=json], status line [HTTP/1.1 400 Bad Request]&#10;{&#10;  &quot;error&quot;: {&#10;    &quot;reason&quot;: &quot;Invalid SQL query&quot;,&#10;    &quot;details&quot;: &quot;Query is unsupported in the new engine&quot;,&#10;    &quot;type&quot;: &quot;SQLFeatureDisabledException&quot;&#10;  },&#10;  &quot;status&quot;: 400&#10;}" type="org.opensearch.client.ResponseException">org.opensearch.client.ResponseException: method [POST], host [http://127.0.0.1:61803], URI [/_plugins/_sql?format=json], status line [HTTP/1.1 400 Bad Request]
</failure>
  </testcase>
  <testcase name="joinParseCheckSelectedFieldsSplitNLConditionOrderLT" classname="org.opensearch.sql.legacy.JoinIT" time="0.034">
    <failure message="org.opensearch.client.ResponseException: method [POST], host [http://127.0.0.1:61803], URI [/_plugins/_sql?format=json], status line [HTTP/1.1 400 Bad Request]&#10;{&#10;  &quot;error&quot;: {&#10;    &quot;reason&quot;: &quot;Invalid SQL query&quot;,&#10;    &quot;details&quot;: &quot;Query is unsupported in the new engine&quot;,&#10;    &quot;type&quot;: &quot;SQLFeatureDisabledException&quot;&#10;  },&#10;  &quot;status&quot;: 400&#10;}" type="org.opensearch.client.ResponseException">org.opensearch.client.ResponseException: method [POST], host [http://127.0.0.1:61803], URI [/_plugins/_sql?format=json], status line [HTTP/1.1 400 Bad Request]
</failure>
  </testcase>
  <testcase name="joinWithOrHASH" classname="org.opensearch.sql.legacy.JoinIT" time="0.047">
    <failure message="org.opensearch.client.ResponseException: method [POST], host [http://127.0.0.1:61803], URI [/_plugins/_sql?format=json], status line [HTTP/1.1 400 Bad Request]&#10;{&#10;  &quot;error&quot;: {&#10;    &quot;reason&quot;: &quot;Invalid SQL query&quot;,&#10;    &quot;details&quot;: &quot;Query is unsupported in the new engine&quot;,&#10;    &quot;type&quot;: &quot;SQLFeatureDisabledException&quot;&#10;  },&#10;  &quot;status&quot;: 400&#10;}" type="org.opensearch.client.ResponseException">org.opensearch.client.ResponseException: method [POST], host [http://127.0.0.1:61803], URI [/_plugins/_sql?format=json], status line [HTTP/1.1 400 Bad Request]
</failure>
  </testcase>
  <testcase name="joinWithAllFromFirstTableHASH" classname="org.opensearch.sql.legacy.JoinIT" time="0.033">
    <failure message="org.opensearch.client.ResponseException: method [POST], host [http://127.0.0.1:61803], URI [/_plugins/_sql?format=json], status line [HTTP/1.1 400 Bad Request]&#10;{&#10;  &quot;error&quot;: {&#10;    &quot;reason&quot;: &quot;Invalid SQL query&quot;,&#10;    &quot;details&quot;: &quot;Query is unsupported in the new engine&quot;,&#10;    &quot;type&quot;: &quot;SQLFeatureDisabledException&quot;&#10;  },&#10;  &quot;status&quot;: 400&#10;}" type="org.opensearch.client.ResponseException">org.opensearch.client.ResponseException: method [POST], host [http://127.0.0.1:61803], URI [/_plugins/_sql?format=json], status line [HTTP/1.1 400 Bad Request]
</failure>
  </testcase>
  <testcase name="joinWithOrWithTermsFilterOpt" classname="org.opensearch.sql.legacy.JoinIT" time="0.0">
    <skipped/>
  </testcase>
  <testcase name="joinWithNoWhereButWithConditionNL" classname="org.opensearch.sql.legacy.JoinIT" time="0.036">
    <failure message="org.opensearch.client.ResponseException: method [POST], host [http://127.0.0.1:61803], URI [/_plugins/_sql?format=json], status line [HTTP/1.1 400 Bad Request]&#10;{&#10;  &quot;error&quot;: {&#10;    &quot;reason&quot;: &quot;Invalid SQL query&quot;,&#10;    &quot;details&quot;: &quot;Query is unsupported in the new engine&quot;,&#10;    &quot;type&quot;: &quot;SQLFeatureDisabledException&quot;&#10;  },&#10;  &quot;status&quot;: 400&#10;}" type="org.opensearch.client.ResponseException">org.opensearch.client.ResponseException: method [POST], host [http://127.0.0.1:61803], URI [/_plugins/_sql?format=json], status line [HTTP/1.1 400 Bad Request]
</failure>
  </testcase>
  <testcase name="joinWithOrNL" classname="org.opensearch.sql.legacy.JoinIT" time="0.034">
    <failure message="org.opensearch.client.ResponseException: method [POST], host [http://127.0.0.1:61803], URI [/_plugins/_sql?format=json], status line [HTTP/1.1 400 Bad Request]&#10;{&#10;  &quot;error&quot;: {&#10;    &quot;reason&quot;: &quot;Invalid SQL query&quot;,&#10;    &quot;details&quot;: &quot;Query is unsupported in the new engine&quot;,&#10;    &quot;type&quot;: &quot;SQLFeatureDisabledException&quot;&#10;  },&#10;  &quot;status&quot;: 400&#10;}" type="org.opensearch.client.ResponseException">org.opensearch.client.ResponseException: method [POST], host [http://127.0.0.1:61803], URI [/_plugins/_sql?format=json], status line [HTTP/1.1 400 Bad Request]
</failure>
  </testcase>
  <testcase name="testLeftJoinWithLimitHASH" classname="org.opensearch.sql.legacy.JoinIT" time="0.033">
    <failure message="org.opensearch.client.ResponseException: method [POST], host [http://127.0.0.1:61803], URI [/_plugins/_sql?format=json], status line [HTTP/1.1 400 Bad Request]&#10;{&#10;  &quot;error&quot;: {&#10;    &quot;reason&quot;: &quot;Invalid SQL query&quot;,&#10;    &quot;details&quot;: &quot;Query is unsupported in the new engine&quot;,&#10;    &quot;type&quot;: &quot;SQLFeatureDisabledException&quot;&#10;  },&#10;  &quot;status&quot;: 400&#10;}" type="org.opensearch.client.ResponseException">org.opensearch.client.ResponseException: method [POST], host [http://127.0.0.1:61803], URI [/_plugins/_sql?format=json], status line [HTTP/1.1 400 Bad Request]
</failure>
  </testcase>
  <testcase name="hintLimits_firstLimitSecondLimitHASH" classname="org.opensearch.sql.legacy.JoinIT" time="0.036">
    <failure message="org.opensearch.client.ResponseException: method [POST], host [http://127.0.0.1:61803], URI [/_plugins/_sql?format=json], status line [HTTP/1.1 400 Bad Request]&#10;{&#10;  &quot;error&quot;: {&#10;    &quot;reason&quot;: &quot;Invalid SQL query&quot;,&#10;    &quot;details&quot;: &quot;Query is unsupported in the new engine&quot;,&#10;    &quot;type&quot;: &quot;SQLFeatureDisabledException&quot;&#10;  },&#10;  &quot;status&quot;: 400&#10;}" type="org.opensearch.client.ResponseException">org.opensearch.client.ResponseException: method [POST], host [http://127.0.0.1:61803], URI [/_plugins/_sql?format=json], status line [HTTP/1.1 400 Bad Request]
</failure>
  </testcase>
  <testcase name="joinNoConditionButWithWhereNL" classname="org.opensearch.sql.legacy.JoinIT" time="0.031">
    <failure message="org.opensearch.client.ResponseException: method [POST], host [http://127.0.0.1:61803], URI [/_plugins/_sql?format=json], status line [HTTP/1.1 400 Bad Request]&#10;{&#10;  &quot;error&quot;: {&#10;    &quot;reason&quot;: &quot;Invalid SQL query&quot;,&#10;    &quot;details&quot;: &quot;Query is unsupported in the new engine&quot;,&#10;    &quot;type&quot;: &quot;SQLFeatureDisabledException&quot;&#10;  },&#10;  &quot;status&quot;: 400&#10;}" type="org.opensearch.client.ResponseException">org.opensearch.client.ResponseException: method [POST], host [http://127.0.0.1:61803], URI [/_plugins/_sql?format=json], status line [HTTP/1.1 400 Bad Request]
</failure>
  </testcase>
  <testcase name="innerJoinNLWithNullInCondition2" classname="org.opensearch.sql.legacy.JoinIT" time="0.038">
    <failure message="org.opensearch.client.ResponseException: method [POST], host [http://127.0.0.1:61803], URI [/_plugins/_sql?format=json], status line [HTTP/1.1 400 Bad Request]&#10;{&#10;  &quot;error&quot;: {&#10;    &quot;reason&quot;: &quot;Invalid SQL query&quot;,&#10;    &quot;details&quot;: &quot;Query is unsupported in the new engine&quot;,&#10;    &quot;type&quot;: &quot;SQLFeatureDisabledException&quot;&#10;  },&#10;  &quot;status&quot;: 400&#10;}" type="org.opensearch.client.ResponseException">org.opensearch.client.ResponseException: method [POST], host [http://127.0.0.1:61803], URI [/_plugins/_sql?format=json], status line [HTTP/1.1 400 Bad Request]
</failure>
  </testcase>
  <testcase name="joinWithAllFromFirstTableNL" classname="org.opensearch.sql.legacy.JoinIT" time="0.042">
    <failure message="org.opensearch.client.ResponseException: method [POST], host [http://127.0.0.1:61803], URI [/_plugins/_sql?format=json], status line [HTTP/1.1 400 Bad Request]&#10;{&#10;  &quot;error&quot;: {&#10;    &quot;reason&quot;: &quot;Invalid SQL query&quot;,&#10;    &quot;details&quot;: &quot;Query is unsupported in the new engine&quot;,&#10;    &quot;type&quot;: &quot;SQLFeatureDisabledException&quot;&#10;  },&#10;  &quot;status&quot;: 400&#10;}" type="org.opensearch.client.ResponseException">org.opensearch.client.ResponseException: method [POST], host [http://127.0.0.1:61803], URI [/_plugins/_sql?format=json], status line [HTTP/1.1 400 Bad Request]
</failure>
  </testcase>
  <testcase name="hintMultiSearchCanRunFewTimesNL" classname="org.opensearch.sql.legacy.JoinIT" time="0.037">
    <failure message="org.opensearch.client.ResponseException: method [POST], host [http://127.0.0.1:61803], URI [/_plugins/_sql?format=json], status line [HTTP/1.1 400 Bad Request]&#10;{&#10;  &quot;error&quot;: {&#10;    &quot;reason&quot;: &quot;Invalid SQL query&quot;,&#10;    &quot;details&quot;: &quot;Query is unsupported in the new engine&quot;,&#10;    &quot;type&quot;: &quot;SQLFeatureDisabledException&quot;&#10;  },&#10;  &quot;status&quot;: 400&#10;}" type="org.opensearch.client.ResponseException">org.opensearch.client.ResponseException: method [POST], host [http://127.0.0.1:61803], URI [/_plugins/_sql?format=json], status line [HTTP/1.1 400 Bad Request]
</failure>
  </testcase>
  <testcase name="hintLimits_firstLimitSecondNullHASH" classname="org.opensearch.sql.legacy.JoinIT" time="0.039">
    <failure message="org.opensearch.client.ResponseException: method [POST], host [http://127.0.0.1:61803], URI [/_plugins/_sql?format=json], status line [HTTP/1.1 400 Bad Request]&#10;{&#10;  &quot;error&quot;: {&#10;    &quot;reason&quot;: &quot;Invalid SQL query&quot;,&#10;    &quot;details&quot;: &quot;Query is unsupported in the new engine&quot;,&#10;    &quot;type&quot;: &quot;SQLFeatureDisabledException&quot;&#10;  },&#10;  &quot;status&quot;: 400&#10;}" type="org.opensearch.client.ResponseException">org.opensearch.client.ResponseException: method [POST], host [http://127.0.0.1:61803], URI [/_plugins/_sql?format=json], status line [HTTP/1.1 400 Bad Request]
</failure>
  </testcase>
  <system-out><![CDATA[[2023-01-17T04:16:07,755][INFO ][o.o.s.l.JoinIT           ] [testLeftJoinHASH] before test
]]></system-out>
  <system-err><![CDATA[REPRODUCE WITH: ./gradlew ':integ-test:integTest' --tests "org.opensearch.sql.legacy.JoinIT.testLeftJoinHASH" -Dtests.seed=160F64C51FACC80F -Dtests.security.manager=false -Dtests.locale=en-CA -Dtests.timezone=Libya -Druntime.java=17
]]></system-err>
</testsuite>
<?xml version="1.0" encoding="UTF-8"?>
<testsuite name="org.opensearch.sql.legacy.MathFunctionsIT" tests="21" skipped="0" failures="19" errors="0" timestamp="2023-01-17T02:16:13" hostname="Unused26-MacBook.local" time="1.658">
  <properties/>
  <testcase name="degreesFunction" classname="org.opensearch.sql.legacy.MathFunctionsIT" time="0.594">
    <failure message="org.opensearch.client.ResponseException: method [POST], host [http://[::1]:61802], URI [/_plugins/_sql?format=json], status line [HTTP/1.1 400 Bad Request]&#10;{&#10;  &quot;error&quot;: {&#10;    &quot;reason&quot;: &quot;Invalid SQL query&quot;,&#10;    &quot;details&quot;: &quot;Query is unsupported in the new engine&quot;,&#10;    &quot;type&quot;: &quot;SQLFeatureDisabledException&quot;&#10;  },&#10;  &quot;status&quot;: 400&#10;}" type="org.opensearch.client.ResponseException">org.opensearch.client.ResponseException: method [POST], host [http://[::1]:61802], URI [/_plugins/_sql?format=json], status line [HTTP/1.1 400 Bad Request]
</failure>
  </testcase>
  <testcase name="logWithOneParam" classname="org.opensearch.sql.legacy.MathFunctionsIT" time="0.036">
    <failure message="org.opensearch.client.ResponseException: method [POST], host [http://127.0.0.1:61803], URI [/_plugins/_sql?format=json], status line [HTTP/1.1 400 Bad Request]&#10;{&#10;  &quot;error&quot;: {&#10;    &quot;reason&quot;: &quot;Invalid SQL query&quot;,&#10;    &quot;details&quot;: &quot;Query is unsupported in the new engine&quot;,&#10;    &quot;type&quot;: &quot;SQLFeatureDisabledException&quot;&#10;  },&#10;  &quot;status&quot;: 400&#10;}" type="org.opensearch.client.ResponseException">org.opensearch.client.ResponseException: method [POST], host [http://127.0.0.1:61803], URI [/_plugins/_sql?format=json], status line [HTTP/1.1 400 Bad Request]
</failure>
  </testcase>
  <testcase name="eulersNumber" classname="org.opensearch.sql.legacy.MathFunctionsIT" time="0.031">
    <failure message="org.opensearch.client.ResponseException: method [POST], host [http://[::1]:61802], URI [/_plugins/_sql?format=json], status line [HTTP/1.1 400 Bad Request]&#10;{&#10;  &quot;error&quot;: {&#10;    &quot;reason&quot;: &quot;Invalid SQL query&quot;,&#10;    &quot;details&quot;: &quot;Query is unsupported in the new engine&quot;,&#10;    &quot;type&quot;: &quot;SQLFeatureDisabledException&quot;&#10;  },&#10;  &quot;status&quot;: 400&#10;}" type="org.opensearch.client.ResponseException">org.opensearch.client.ResponseException: method [POST], host [http://[::1]:61802], URI [/_plugins/_sql?format=json], status line [HTTP/1.1 400 Bad Request]
</failure>
  </testcase>
  <testcase name="log10Test" classname="org.opensearch.sql.legacy.MathFunctionsIT" time="0.035">
    <failure message="org.opensearch.client.ResponseException: method [POST], host [http://127.0.0.1:61803], URI [/_plugins/_sql?format=json], status line [HTTP/1.1 400 Bad Request]&#10;{&#10;  &quot;error&quot;: {&#10;    &quot;reason&quot;: &quot;Invalid SQL query&quot;,&#10;    &quot;details&quot;: &quot;Query is unsupported in the new engine&quot;,&#10;    &quot;type&quot;: &quot;SQLFeatureDisabledException&quot;&#10;  },&#10;  &quot;status&quot;: 400&#10;}" type="org.opensearch.client.ResponseException">org.opensearch.client.ResponseException: method [POST], host [http://127.0.0.1:61803], URI [/_plugins/_sql?format=json], status line [HTTP/1.1 400 Bad Request]
</failure>
  </testcase>
  <testcase name="radiansFunction" classname="org.opensearch.sql.legacy.MathFunctionsIT" time="0.035">
    <failure message="org.opensearch.client.ResponseException: method [POST], host [http://[::1]:61802], URI [/_plugins/_sql?format=json], status line [HTTP/1.1 400 Bad Request]&#10;{&#10;  &quot;error&quot;: {&#10;    &quot;reason&quot;: &quot;Invalid SQL query&quot;,&#10;    &quot;details&quot;: &quot;Query is unsupported in the new engine&quot;,&#10;    &quot;type&quot;: &quot;SQLFeatureDisabledException&quot;&#10;  },&#10;  &quot;status&quot;: 400&#10;}" type="org.opensearch.client.ResponseException">org.opensearch.client.ResponseException: method [POST], host [http://[::1]:61802], URI [/_plugins/_sql?format=json], status line [HTTP/1.1 400 Bad Request]
</failure>
  </testcase>
  <testcase name="logInAggregationShouldPass" classname="org.opensearch.sql.legacy.MathFunctionsIT" time="0.297"/>
  <testcase name="power" classname="org.opensearch.sql.legacy.MathFunctionsIT" time="0.074">
    <failure message="org.opensearch.client.ResponseException: method [POST], host [http://127.0.0.1:61803], URI [/_plugins/_sql?format=json], status line [HTTP/1.1 400 Bad Request]&#10;{&#10;  &quot;error&quot;: {&#10;    &quot;reason&quot;: &quot;Invalid SQL query&quot;,&#10;    &quot;details&quot;: &quot;Query is unsupported in the new engine&quot;,&#10;    &quot;type&quot;: &quot;SQLFeatureDisabledException&quot;&#10;  },&#10;  &quot;status&quot;: 400&#10;}" type="org.opensearch.client.ResponseException">org.opensearch.client.ResponseException: method [POST], host [http://127.0.0.1:61803], URI [/_plugins/_sql?format=json], status line [HTTP/1.1 400 Bad Request]
</failure>
  </testcase>
  <testcase name="sinh" classname="org.opensearch.sql.legacy.MathFunctionsIT" time="0.058">
    <failure message="org.opensearch.client.ResponseException: method [POST], host [http://[::1]:61802], URI [/_plugins/_sql?format=json], status line [HTTP/1.1 400 Bad Request]&#10;{&#10;  &quot;error&quot;: {&#10;    &quot;reason&quot;: &quot;Invalid SQL query&quot;,&#10;    &quot;details&quot;: &quot;Query is unsupported in the new engine&quot;,&#10;    &quot;type&quot;: &quot;SQLFeatureDisabledException&quot;&#10;  },&#10;  &quot;status&quot;: 400&#10;}" type="org.opensearch.client.ResponseException">org.opensearch.client.ResponseException: method [POST], host [http://[::1]:61802], URI [/_plugins/_sql?format=json], status line [HTTP/1.1 400 Bad Request]
</failure>
  </testcase>
  <testcase name="sign" classname="org.opensearch.sql.legacy.MathFunctionsIT" time="0.044">
    <failure message="org.opensearch.client.ResponseException: method [POST], host [http://127.0.0.1:61803], URI [/_plugins/_sql?format=json], status line [HTTP/1.1 400 Bad Request]&#10;{&#10;  &quot;error&quot;: {&#10;    &quot;reason&quot;: &quot;Invalid SQL query&quot;,&#10;    &quot;details&quot;: &quot;Query is unsupported in the new engine&quot;,&#10;    &quot;type&quot;: &quot;SQLFeatureDisabledException&quot;&#10;  },&#10;  &quot;status&quot;: 400&#10;}" type="org.opensearch.client.ResponseException">org.opensearch.client.ResponseException: method [POST], host [http://127.0.0.1:61803], URI [/_plugins/_sql?format=json], status line [HTTP/1.1 400 Bad Request]
</failure>
  </testcase>
  <testcase name="lnInAggregationShouldPass" classname="org.opensearch.sql.legacy.MathFunctionsIT" time="0.113"/>
  <testcase name="ln" classname="org.opensearch.sql.legacy.MathFunctionsIT" time="0.031">
    <failure message="org.opensearch.client.ResponseException: method [POST], host [http://127.0.0.1:61803], URI [/_plugins/_sql?format=json], status line [HTTP/1.1 400 Bad Request]&#10;{&#10;  &quot;error&quot;: {&#10;    &quot;reason&quot;: &quot;Invalid SQL query&quot;,&#10;    &quot;details&quot;: &quot;Query is unsupported in the new engine&quot;,&#10;    &quot;type&quot;: &quot;SQLFeatureDisabledException&quot;&#10;  },&#10;  &quot;status&quot;: 400&#10;}" type="org.opensearch.client.ResponseException">org.opensearch.client.ResponseException: method [POST], host [http://127.0.0.1:61803], URI [/_plugins/_sql?format=json], status line [HTTP/1.1 400 Bad Request]
</failure>
  </testcase>
  <testcase name="expm1Function" classname="org.opensearch.sql.legacy.MathFunctionsIT" time="0.033">
    <failure message="org.opensearch.client.ResponseException: method [POST], host [http://[::1]:61802], URI [/_plugins/_sql?format=json], status line [HTTP/1.1 400 Bad Request]&#10;{&#10;  &quot;error&quot;: {&#10;    &quot;reason&quot;: &quot;Invalid SQL query&quot;,&#10;    &quot;details&quot;: &quot;Query is unsupported in the new engine&quot;,&#10;    &quot;type&quot;: &quot;SQLFeatureDisabledException&quot;&#10;  },&#10;  &quot;status&quot;: 400&#10;}" type="org.opensearch.client.ResponseException">org.opensearch.client.ResponseException: method [POST], host [http://[::1]:61802], URI [/_plugins/_sql?format=json], status line [HTTP/1.1 400 Bad Request]
</failure>
  </testcase>
  <testcase name="pi" classname="org.opensearch.sql.legacy.MathFunctionsIT" time="0.03">
    <failure message="org.opensearch.client.ResponseException: method [POST], host [http://127.0.0.1:61803], URI [/_plugins/_sql?format=json], status line [HTTP/1.1 400 Bad Request]&#10;{&#10;  &quot;error&quot;: {&#10;    &quot;reason&quot;: &quot;Invalid SQL query&quot;,&#10;    &quot;details&quot;: &quot;Query is unsupported in the new engine&quot;,&#10;    &quot;type&quot;: &quot;SQLFeatureDisabledException&quot;&#10;  },&#10;  &quot;status&quot;: 400&#10;}" type="org.opensearch.client.ResponseException">org.opensearch.client.ResponseException: method [POST], host [http://127.0.0.1:61803], URI [/_plugins/_sql?format=json], status line [HTTP/1.1 400 Bad Request]
</failure>
  </testcase>
  <testcase name="asin" classname="org.opensearch.sql.legacy.MathFunctionsIT" time="0.026">
    <failure message="org.opensearch.client.ResponseException: method [POST], host [http://[::1]:61802], URI [/_plugins/_sql?format=json], status line [HTTP/1.1 400 Bad Request]&#10;{&#10;  &quot;error&quot;: {&#10;    &quot;reason&quot;: &quot;Invalid SQL query&quot;,&#10;    &quot;details&quot;: &quot;Query is unsupported in the new engine&quot;,&#10;    &quot;type&quot;: &quot;SQLFeatureDisabledException&quot;&#10;  },&#10;  &quot;status&quot;: 400&#10;}" type="org.opensearch.client.ResponseException">org.opensearch.client.ResponseException: method [POST], host [http://[::1]:61802], URI [/_plugins/_sql?format=json], status line [HTTP/1.1 400 Bad Request]
</failure>
  </testcase>
  <testcase name="cot" classname="org.opensearch.sql.legacy.MathFunctionsIT" time="0.027">
    <failure message="org.opensearch.client.ResponseException: method [POST], host [http://127.0.0.1:61803], URI [/_plugins/_sql?format=json], status line [HTTP/1.1 400 Bad Request]&#10;{&#10;  &quot;error&quot;: {&#10;    &quot;reason&quot;: &quot;Invalid SQL query&quot;,&#10;    &quot;details&quot;: &quot;Query is unsupported in the new engine&quot;,&#10;    &quot;type&quot;: &quot;SQLFeatureDisabledException&quot;&#10;  },&#10;  &quot;status&quot;: 400&#10;}" type="org.opensearch.client.ResponseException">org.opensearch.client.ResponseException: method [POST], host [http://127.0.0.1:61803], URI [/_plugins/_sql?format=json], status line [HTTP/1.1 400 Bad Request]
</failure>
  </testcase>
  <testcase name="atan2" classname="org.opensearch.sql.legacy.MathFunctionsIT" time="0.027">
    <failure message="org.opensearch.client.ResponseException: method [POST], host [http://[::1]:61802], URI [/_plugins/_sql?format=json], status line [HTTP/1.1 400 Bad Request]&#10;{&#10;  &quot;error&quot;: {&#10;    &quot;reason&quot;: &quot;Invalid SQL query&quot;,&#10;    &quot;details&quot;: &quot;Query is unsupported in the new engine&quot;,&#10;    &quot;type&quot;: &quot;SQLFeatureDisabledException&quot;&#10;  },&#10;  &quot;status&quot;: 400&#10;}" type="org.opensearch.client.ResponseException">org.opensearch.client.ResponseException: method [POST], host [http://[::1]:61802], URI [/_plugins/_sql?format=json], status line [HTTP/1.1 400 Bad Request]
</failure>
  </testcase>
  <testcase name="lowerCaseFunctionCall" classname="org.opensearch.sql.legacy.MathFunctionsIT" time="0.031">
    <failure message="org.opensearch.client.ResponseException: method [POST], host [http://127.0.0.1:61803], URI [/_plugins/_sql?format=json], status line [HTTP/1.1 400 Bad Request]&#10;{&#10;  &quot;error&quot;: {&#10;    &quot;reason&quot;: &quot;Invalid SQL query&quot;,&#10;    &quot;details&quot;: &quot;Query is unsupported in the new engine&quot;,&#10;    &quot;type&quot;: &quot;SQLFeatureDisabledException&quot;&#10;  },&#10;  &quot;status&quot;: 400&#10;}" type="org.opensearch.client.ResponseException">org.opensearch.client.ResponseException: method [POST], host [http://127.0.0.1:61803], URI [/_plugins/_sql?format=json], status line [HTTP/1.1 400 Bad Request]
</failure>
  </testcase>
  <testcase name="sin" classname="org.opensearch.sql.legacy.MathFunctionsIT" time="0.031">
    <failure message="org.opensearch.client.ResponseException: method [POST], host [http://[::1]:61802], URI [/_plugins/_sql?format=json], status line [HTTP/1.1 400 Bad Request]&#10;{&#10;  &quot;error&quot;: {&#10;    &quot;reason&quot;: &quot;Invalid SQL query&quot;,&#10;    &quot;details&quot;: &quot;Query is unsupported in the new engine&quot;,&#10;    &quot;type&quot;: &quot;SQLFeatureDisabledException&quot;&#10;  },&#10;  &quot;status&quot;: 400&#10;}" type="org.opensearch.client.ResponseException">org.opensearch.client.ResponseException: method [POST], host [http://[::1]:61802], URI [/_plugins/_sql?format=json], status line [HTTP/1.1 400 Bad Request]
</failure>
  </testcase>
  <testcase name="logWithTwoParams" classname="org.opensearch.sql.legacy.MathFunctionsIT" time="0.034">
    <failure message="org.opensearch.client.ResponseException: method [POST], host [http://127.0.0.1:61803], URI [/_plugins/_sql?format=json], status line [HTTP/1.1 400 Bad Request]&#10;{&#10;  &quot;error&quot;: {&#10;    &quot;reason&quot;: &quot;Invalid SQL query&quot;,&#10;    &quot;details&quot;: &quot;Query is unsupported in the new engine&quot;,&#10;    &quot;type&quot;: &quot;SQLFeatureDisabledException&quot;&#10;  },&#10;  &quot;status&quot;: 400&#10;}" type="org.opensearch.client.ResponseException">org.opensearch.client.ResponseException: method [POST], host [http://127.0.0.1:61803], URI [/_plugins/_sql?format=json], status line [HTTP/1.1 400 Bad Request]
</failure>
  </testcase>
  <testcase name="upperCaseFunctionCall" classname="org.opensearch.sql.legacy.MathFunctionsIT" time="0.03">
    <failure message="org.opensearch.client.ResponseException: method [POST], host [http://[::1]:61802], URI [/_plugins/_sql?format=json], status line [HTTP/1.1 400 Bad Request]&#10;{&#10;  &quot;error&quot;: {&#10;    &quot;reason&quot;: &quot;Invalid SQL query&quot;,&#10;    &quot;details&quot;: &quot;Query is unsupported in the new engine&quot;,&#10;    &quot;type&quot;: &quot;SQLFeatureDisabledException&quot;&#10;  },&#10;  &quot;status&quot;: 400&#10;}" type="org.opensearch.client.ResponseException">org.opensearch.client.ResponseException: method [POST], host [http://[::1]:61802], URI [/_plugins/_sql?format=json], status line [HTTP/1.1 400 Bad Request]
</failure>
  </testcase>
  <testcase name="rand" classname="org.opensearch.sql.legacy.MathFunctionsIT" time="0.028">
    <failure message="org.opensearch.client.ResponseException: method [POST], host [http://127.0.0.1:61803], URI [/_plugins/_sql?format=json], status line [HTTP/1.1 400 Bad Request]&#10;{&#10;  &quot;error&quot;: {&#10;    &quot;reason&quot;: &quot;Invalid SQL query&quot;,&#10;    &quot;details&quot;: &quot;Query is unsupported in the new engine&quot;,&#10;    &quot;type&quot;: &quot;SQLFeatureDisabledException&quot;&#10;  },&#10;  &quot;status&quot;: 400&#10;}" type="org.opensearch.client.ResponseException">org.opensearch.client.ResponseException: method [POST], host [http://127.0.0.1:61803], URI [/_plugins/_sql?format=json], status line [HTTP/1.1 400 Bad Request]
</failure>
  </testcase>
  <system-out><![CDATA[[2023-01-16T23:16:13,068][INFO ][o.o.s.l.MathFunctionsIT  ] [degreesFunction] before test
]]></system-out>
  <system-err><![CDATA[REPRODUCE WITH: ./gradlew ':integ-test:integTest' --tests "org.opensearch.sql.legacy.MathFunctionsIT.degreesFunction" -Dtests.seed=160F64C51FACC80F -Dtests.security.manager=false -Dtests.locale=pl-PL -Dtests.timezone=BET -Druntime.java=17
]]></system-err>
</testsuite>
<?xml version="1.0" encoding="UTF-8"?>
<testsuite name="org.opensearch.sql.legacy.MetaDataQueriesIT" tests="13" skipped="2" failures="11" errors="0" timestamp="2023-01-17T02:16:14" hostname="Unused26-MacBook.local" time="2.224">
  <properties/>
  <testcase name="describeSingleIndexWithObjectFieldShouldPass" classname="org.opensearch.sql.legacy.MetaDataQueriesIT" time="1.395">
    <failure message="org.opensearch.client.ResponseException: method [POST], host [http://[::1]:61802], URI [/_plugins/_sql?format=json&amp;format=jdbc], status line [HTTP/1.1 400 Bad Request]&#10;{&#10;  &quot;error&quot;: {&#10;    &quot;reason&quot;: &quot;Invalid SQL query&quot;,&#10;    &quot;details&quot;: &quot;Query is unsupported in the new engine&quot;,&#10;    &quot;type&quot;: &quot;SQLFeatureDisabledException&quot;&#10;  },&#10;  &quot;status&quot;: 400&#10;}" type="org.opensearch.client.ResponseException">org.opensearch.client.ResponseException: method [POST], host [http://[::1]:61802], URI [/_plugins/_sql?format=json&amp;format=jdbc], status line [HTTP/1.1 400 Bad Request]
</failure>
  </testcase>
  <testcase name="describeSingleIndexNameWithDot" classname="org.opensearch.sql.legacy.MetaDataQueriesIT" time="0.312">
    <failure message="org.opensearch.client.ResponseException: method [POST], host [http://[::1]:61802], URI [/_plugins/_sql?format=json&amp;format=jdbc], status line [HTTP/1.1 400 Bad Request]&#10;{&#10;  &quot;error&quot;: {&#10;    &quot;reason&quot;: &quot;Invalid SQL query&quot;,&#10;    &quot;details&quot;: &quot;Query is unsupported in the new engine&quot;,&#10;    &quot;type&quot;: &quot;SQLFeatureDisabledException&quot;&#10;  },&#10;  &quot;status&quot;: 400&#10;}" type="org.opensearch.client.ResponseException">org.opensearch.client.ResponseException: method [POST], host [http://[::1]:61802], URI [/_plugins/_sql?format=json&amp;format=jdbc], status line [HTTP/1.1 400 Bad Request]
</failure>
  </testcase>
  <testcase name="showSingleIndexAlias" classname="org.opensearch.sql.legacy.MetaDataQueriesIT" time="0.0">
    <skipped/>
  </testcase>
  <testcase name="describeSingleCharacterWildcard" classname="org.opensearch.sql.legacy.MetaDataQueriesIT" time="0.036">
    <failure message="org.opensearch.client.ResponseException: method [POST], host [http://127.0.0.1:61803], URI [/_plugins/_sql?format=json&amp;format=jdbc], status line [HTTP/1.1 400 Bad Request]&#10;{&#10;  &quot;error&quot;: {&#10;    &quot;reason&quot;: &quot;Invalid SQL query&quot;,&#10;    &quot;details&quot;: &quot;Query is unsupported in the new engine&quot;,&#10;    &quot;type&quot;: &quot;SQLFeatureDisabledException&quot;&#10;  },&#10;  &quot;status&quot;: 400&#10;}" type="org.opensearch.client.ResponseException">org.opensearch.client.ResponseException: method [POST], host [http://127.0.0.1:61803], URI [/_plugins/_sql?format=json&amp;format=jdbc], status line [HTTP/1.1 400 Bad Request]
</failure>
  </testcase>
  <testcase name="showCaseSensitivityCheck" classname="org.opensearch.sql.legacy.MetaDataQueriesIT" time="0.031">
    <failure message="org.opensearch.client.ResponseException: method [POST], host [http://[::1]:61802], URI [/_plugins/_sql?format=json&amp;format=jdbc], status line [HTTP/1.1 400 Bad Request]&#10;{&#10;  &quot;error&quot;: {&#10;    &quot;reason&quot;: &quot;Invalid SQL query&quot;,&#10;    &quot;details&quot;: &quot;Query is unsupported in the new engine&quot;,&#10;    &quot;type&quot;: &quot;SQLFeatureDisabledException&quot;&#10;  },&#10;  &quot;status&quot;: 400&#10;}" type="org.opensearch.client.ResponseException">org.opensearch.client.ResponseException: method [POST], host [http://[::1]:61802], URI [/_plugins/_sql?format=json&amp;format=jdbc], status line [HTTP/1.1 400 Bad Request]
</failure>
  </testcase>
  <testcase name="describeWildcardIndex" classname="org.opensearch.sql.legacy.MetaDataQueriesIT" time="0.032">
    <failure message="org.opensearch.client.ResponseException: method [POST], host [http://127.0.0.1:61803], URI [/_plugins/_sql?format=json&amp;format=jdbc], status line [HTTP/1.1 400 Bad Request]&#10;{&#10;  &quot;error&quot;: {&#10;    &quot;reason&quot;: &quot;Invalid SQL query&quot;,&#10;    &quot;details&quot;: &quot;Query is unsupported in the new engine&quot;,&#10;    &quot;type&quot;: &quot;SQLFeatureDisabledException&quot;&#10;  },&#10;  &quot;status&quot;: 400&#10;}" type="org.opensearch.client.ResponseException">org.opensearch.client.ResponseException: method [POST], host [http://127.0.0.1:61803], URI [/_plugins/_sql?format=json&amp;format=jdbc], status line [HTTP/1.1 400 Bad Request]
</failure>
  </testcase>
  <testcase name="describeSingleIndex" classname="org.opensearch.sql.legacy.MetaDataQueriesIT" time="0.03">
    <failure message="org.opensearch.client.ResponseException: method [POST], host [http://[::1]:61802], URI [/_plugins/_sql?format=json&amp;format=jdbc], status line [HTTP/1.1 400 Bad Request]&#10;{&#10;  &quot;error&quot;: {&#10;    &quot;reason&quot;: &quot;Invalid SQL query&quot;,&#10;    &quot;details&quot;: &quot;Query is unsupported in the new engine&quot;,&#10;    &quot;type&quot;: &quot;SQLFeatureDisabledException&quot;&#10;  },&#10;  &quot;status&quot;: 400&#10;}" type="org.opensearch.client.ResponseException">org.opensearch.client.ResponseException: method [POST], host [http://[::1]:61802], URI [/_plugins/_sql?format=json&amp;format=jdbc], status line [HTTP/1.1 400 Bad Request]
</failure>
  </testcase>
  <testcase name="showSingleIndexNameWithDot" classname="org.opensearch.sql.legacy.MetaDataQueriesIT" time="0.268">
    <failure message="org.opensearch.client.ResponseException: method [POST], host [http://[::1]:61802], URI [/_plugins/_sql?format=json&amp;format=jdbc], status line [HTTP/1.1 400 Bad Request]&#10;{&#10;  &quot;error&quot;: {&#10;    &quot;reason&quot;: &quot;Invalid SQL query&quot;,&#10;    &quot;details&quot;: &quot;Query is unsupported in the new engine&quot;,&#10;    &quot;type&quot;: &quot;SQLFeatureDisabledException&quot;&#10;  },&#10;  &quot;status&quot;: 400&#10;}" type="org.opensearch.client.ResponseException">org.opensearch.client.ResponseException: method [POST], host [http://[::1]:61802], URI [/_plugins/_sql?format=json&amp;format=jdbc], status line [HTTP/1.1 400 Bad Request]
</failure>
  </testcase>
  <testcase name="describeSingleIndexAlias" classname="org.opensearch.sql.legacy.MetaDataQueriesIT" time="0.0">
    <skipped/>
  </testcase>
  <testcase name="showSingleIndex" classname="org.opensearch.sql.legacy.MetaDataQueriesIT" time="0.033">
    <failure message="org.opensearch.client.ResponseException: method [POST], host [http://127.0.0.1:61803], URI [/_plugins/_sql?format=json&amp;format=jdbc], status line [HTTP/1.1 400 Bad Request]&#10;{&#10;  &quot;error&quot;: {&#10;    &quot;reason&quot;: &quot;Invalid SQL query&quot;,&#10;    &quot;details&quot;: &quot;Query is unsupported in the new engine&quot;,&#10;    &quot;type&quot;: &quot;SQLFeatureDisabledException&quot;&#10;  },&#10;  &quot;status&quot;: 400&#10;}" type="org.opensearch.client.ResponseException">org.opensearch.client.ResponseException: method [POST], host [http://127.0.0.1:61803], URI [/_plugins/_sql?format=json&amp;format=jdbc], status line [HTTP/1.1 400 Bad Request]
</failure>
  </testcase>
  <testcase name="describeWildcardColumn" classname="org.opensearch.sql.legacy.MetaDataQueriesIT" time="0.028">
    <failure message="org.opensearch.client.ResponseException: method [POST], host [http://[::1]:61802], URI [/_plugins/_sql?format=json&amp;format=jdbc], status line [HTTP/1.1 400 Bad Request]&#10;{&#10;  &quot;error&quot;: {&#10;    &quot;reason&quot;: &quot;Invalid SQL query&quot;,&#10;    &quot;details&quot;: &quot;Query is unsupported in the new engine&quot;,&#10;    &quot;type&quot;: &quot;SQLFeatureDisabledException&quot;&#10;  },&#10;  &quot;status&quot;: 400&#10;}" type="org.opensearch.client.ResponseException">org.opensearch.client.ResponseException: method [POST], host [http://[::1]:61802], URI [/_plugins/_sql?format=json&amp;format=jdbc], status line [HTTP/1.1 400 Bad Request]
</failure>
  </testcase>
  <testcase name="describeCaseSensitivityCheck" classname="org.opensearch.sql.legacy.MetaDataQueriesIT" time="0.028">
    <failure message="org.opensearch.client.ResponseException: method [POST], host [http://127.0.0.1:61803], URI [/_plugins/_sql?format=json&amp;format=jdbc], status line [HTTP/1.1 400 Bad Request]&#10;{&#10;  &quot;error&quot;: {&#10;    &quot;reason&quot;: &quot;Invalid SQL query&quot;,&#10;    &quot;details&quot;: &quot;Query is unsupported in the new engine&quot;,&#10;    &quot;type&quot;: &quot;SQLFeatureDisabledException&quot;&#10;  },&#10;  &quot;status&quot;: 400&#10;}" type="org.opensearch.client.ResponseException">org.opensearch.client.ResponseException: method [POST], host [http://127.0.0.1:61803], URI [/_plugins/_sql?format=json&amp;format=jdbc], status line [HTTP/1.1 400 Bad Request]
</failure>
  </testcase>
  <testcase name="showWildcardIndex" classname="org.opensearch.sql.legacy.MetaDataQueriesIT" time="0.029">
    <failure message="org.opensearch.client.ResponseException: method [POST], host [http://[::1]:61802], URI [/_plugins/_sql?format=json&amp;format=jdbc], status line [HTTP/1.1 400 Bad Request]&#10;{&#10;  &quot;error&quot;: {&#10;    &quot;reason&quot;: &quot;Invalid SQL query&quot;,&#10;    &quot;details&quot;: &quot;Query is unsupported in the new engine&quot;,&#10;    &quot;type&quot;: &quot;SQLFeatureDisabledException&quot;&#10;  },&#10;  &quot;status&quot;: 400&#10;}" type="org.opensearch.client.ResponseException">org.opensearch.client.ResponseException: method [POST], host [http://[::1]:61802], URI [/_plugins/_sql?format=json&amp;format=jdbc], status line [HTTP/1.1 400 Bad Request]
</failure>
  </testcase>
  <system-out><![CDATA[[2023-01-16T16:46:14,932][INFO ][o.o.s.l.MetaDataQueriesIT] [describeSingleIndexWithObjectFieldShouldPass] before test
]]></system-out>
  <system-err><![CDATA[REPRODUCE WITH: ./gradlew ':integ-test:integTest' --tests "org.opensearch.sql.legacy.MetaDataQueriesIT.describeSingleIndexWithObjectFieldShouldPass" -Dtests.seed=160F64C51FACC80F -Dtests.security.manager=false -Dtests.locale=vi-VN -Dtests.timezone=Pacific/Marquesas -Druntime.java=17
]]></system-err>
</testsuite>
<?xml version="1.0" encoding="UTF-8"?>
<testsuite name="org.opensearch.sql.legacy.MethodQueryIT" tests="7" skipped="0" failures="5" errors="0" timestamp="2023-01-17T02:16:17" hostname="Unused26-MacBook.local" time="0.686">
  <properties/>
  <testcase name="matchQueryTest" classname="org.opensearch.sql.legacy.MethodQueryIT" time="0.496"/>
  <testcase name="wildcardQueryTest" classname="org.opensearch.sql.legacy.MethodQueryIT" time="0.033">
    <failure message="org.opensearch.client.ResponseException: method [POST], host [http://127.0.0.1:61803], URI [/_plugins/_sql/_explain], status line [HTTP/1.1 400 Bad Request]&#10;{&#10;  &quot;error&quot;: {&#10;    &quot;reason&quot;: &quot;Invalid SQL query&quot;,&#10;    &quot;details&quot;: &quot;Query is unsupported in the new engine&quot;,&#10;    &quot;type&quot;: &quot;SQLFeatureDisabledException&quot;&#10;  },&#10;  &quot;status&quot;: 400&#10;}" type="org.opensearch.client.ResponseException">org.opensearch.client.ResponseException: method [POST], host [http://127.0.0.1:61803], URI [/_plugins/_sql/_explain], status line [HTTP/1.1 400 Bad Request]
</failure>
  </testcase>
  <testcase name="regexpQueryTest" classname="org.opensearch.sql.legacy.MethodQueryIT" time="0.029">
    <failure message="org.opensearch.client.ResponseException: method [POST], host [http://[::1]:61802], URI [/_plugins/_sql/_explain], status line [HTTP/1.1 400 Bad Request]&#10;{&#10;  &quot;error&quot;: {&#10;    &quot;reason&quot;: &quot;Invalid SQL query&quot;,&#10;    &quot;details&quot;: &quot;Query is unsupported in the new engine&quot;,&#10;    &quot;type&quot;: &quot;SQLFeatureDisabledException&quot;&#10;  },&#10;  &quot;status&quot;: 400&#10;}" type="org.opensearch.client.ResponseException">org.opensearch.client.ResponseException: method [POST], host [http://[::1]:61802], URI [/_plugins/_sql/_explain], status line [HTTP/1.1 400 Bad Request]
</failure>
  </testcase>
  <testcase name="scoreQueryTest" classname="org.opensearch.sql.legacy.MethodQueryIT" time="0.03">
    <failure message="org.opensearch.client.ResponseException: method [POST], host [http://127.0.0.1:61803], URI [/_plugins/_sql/_explain], status line [HTTP/1.1 400 Bad Request]&#10;{&#10;  &quot;error&quot;: {&#10;    &quot;reason&quot;: &quot;Invalid SQL query&quot;,&#10;    &quot;details&quot;: &quot;Query is unsupported in the new engine&quot;,&#10;    &quot;type&quot;: &quot;SQLFeatureDisabledException&quot;&#10;  },&#10;  &quot;status&quot;: 400&#10;}" type="org.opensearch.client.ResponseException">org.opensearch.client.ResponseException: method [POST], host [http://127.0.0.1:61803], URI [/_plugins/_sql/_explain], status line [HTTP/1.1 400 Bad Request]
</failure>
  </testcase>
  <testcase name="queryTest" classname="org.opensearch.sql.legacy.MethodQueryIT" time="0.03"/>
  <testcase name="matchPhraseQueryTest" classname="org.opensearch.sql.legacy.MethodQueryIT" time="0.031">
    <failure message="org.opensearch.client.ResponseException: method [POST], host [http://127.0.0.1:61803], URI [/_plugins/_sql/_explain], status line [HTTP/1.1 400 Bad Request]&#10;{&#10;  &quot;error&quot;: {&#10;    &quot;reason&quot;: &quot;Invalid SQL query&quot;,&#10;    &quot;details&quot;: &quot;Query is unsupported in the new engine&quot;,&#10;    &quot;type&quot;: &quot;SQLFeatureDisabledException&quot;&#10;  },&#10;  &quot;status&quot;: 400&#10;}" type="org.opensearch.client.ResponseException">org.opensearch.client.ResponseException: method [POST], host [http://127.0.0.1:61803], URI [/_plugins/_sql/_explain], status line [HTTP/1.1 400 Bad Request]
</failure>
  </testcase>
  <testcase name="negativeRegexpQueryTest" classname="org.opensearch.sql.legacy.MethodQueryIT" time="0.035">
    <failure message="org.opensearch.client.ResponseException: method [POST], host [http://[::1]:61802], URI [/_plugins/_sql/_explain], status line [HTTP/1.1 400 Bad Request]&#10;{&#10;  &quot;error&quot;: {&#10;    &quot;reason&quot;: &quot;Invalid SQL query&quot;,&#10;    &quot;details&quot;: &quot;Query is unsupported in the new engine&quot;,&#10;    &quot;type&quot;: &quot;SQLFeatureDisabledException&quot;&#10;  },&#10;  &quot;status&quot;: 400&#10;}" type="org.opensearch.client.ResponseException">org.opensearch.client.ResponseException: method [POST], host [http://[::1]:61802], URI [/_plugins/_sql/_explain], status line [HTTP/1.1 400 Bad Request]
</failure>
  </testcase>
  <system-out><![CDATA[[2023-01-17T15:16:17,467][INFO ][o.o.s.l.MethodQueryIT    ] [matchQueryTest] before test
]]></system-out>
  <system-err><![CDATA[REPRODUCE WITH: ./gradlew ':integ-test:integTest' --tests "org.opensearch.sql.legacy.MethodQueryIT.wildcardQueryTest" -Dtests.seed=160F64C51FACC80F -Dtests.security.manager=false -Dtests.locale=tr -Dtests.timezone=Pacific/Tongatapu -Druntime.java=17
]]></system-err>
</testsuite>
<?xml version="1.0" encoding="UTF-8"?>
<testsuite name="org.opensearch.sql.legacy.MetricsIT" tests="1" skipped="1" failures="0" errors="0" timestamp="2023-01-17T02:16:18" hostname="Unused26-MacBook.local" time="0.0">
  <properties/>
  <testcase name="requestCount" classname="org.opensearch.sql.legacy.MetricsIT" time="0.0">
    <skipped/>
  </testcase>
  <system-out><![CDATA[]]></system-out>
  <system-err><![CDATA[]]></system-err>
</testsuite>
<?xml version="1.0" encoding="UTF-8"?>
<testsuite name="org.opensearch.sql.legacy.MultiQueryIT" tests="22" skipped="0" failures="22" errors="0" timestamp="2023-01-17T02:16:18" hostname="Unused26-MacBook.local" time="2.008">
  <properties/>
  <testcase name="minusCMinusDTwoFieldsAliasOnBothTablesWithScrolling" classname="org.opensearch.sql.legacy.MultiQueryIT" time="1.316">
    <failure message="org.opensearch.client.ResponseException: method [POST], host [http://127.0.0.1:61803], URI [/_plugins/_sql?format=json], status line [HTTP/1.1 400 Bad Request]&#10;{&#10;  &quot;error&quot;: {&#10;    &quot;reason&quot;: &quot;Invalid SQL query&quot;,&#10;    &quot;details&quot;: &quot;Query is unsupported in the new engine&quot;,&#10;    &quot;type&quot;: &quot;SQLFeatureDisabledException&quot;&#10;  },&#10;  &quot;status&quot;: 400&#10;}" type="org.opensearch.client.ResponseException">org.opensearch.client.ResponseException: method [POST], host [http://127.0.0.1:61803], URI [/_plugins/_sql?format=json], status line [HTTP/1.1 400 Bad Request]
</failure>
  </testcase>
  <testcase name="minusCMinusTNonExistentFieldTwoFields" classname="org.opensearch.sql.legacy.MultiQueryIT" time="0.031">
    <failure message="org.opensearch.client.ResponseException: method [POST], host [http://127.0.0.1:61803], URI [/_plugins/_sql?format=json], status line [HTTP/1.1 400 Bad Request]&#10;{&#10;  &quot;error&quot;: {&#10;    &quot;reason&quot;: &quot;Invalid SQL query&quot;,&#10;    &quot;details&quot;: &quot;Query is unsupported in the new engine&quot;,&#10;    &quot;type&quot;: &quot;SQLFeatureDisabledException&quot;&#10;  },&#10;  &quot;status&quot;: 400&#10;}" type="org.opensearch.client.ResponseException">org.opensearch.client.ResponseException: method [POST], host [http://127.0.0.1:61803], URI [/_plugins/_sql?format=json], status line [HTTP/1.1 400 Bad Request]
</failure>
  </testcase>
  <testcase name="minusCMinusTNonExistentFieldOneField" classname="org.opensearch.sql.legacy.MultiQueryIT" time="0.029">
    <failure message="org.opensearch.client.ResponseException: method [POST], host [http://127.0.0.1:61803], URI [/_plugins/_sql?format=json], status line [HTTP/1.1 400 Bad Request]&#10;{&#10;  &quot;error&quot;: {&#10;    &quot;reason&quot;: &quot;Invalid SQL query&quot;,&#10;    &quot;details&quot;: &quot;Query is unsupported in the new engine&quot;,&#10;    &quot;type&quot;: &quot;SQLFeatureDisabledException&quot;&#10;  },&#10;  &quot;status&quot;: 400&#10;}" type="org.opensearch.client.ResponseException">org.opensearch.client.ResponseException: method [POST], host [http://127.0.0.1:61803], URI [/_plugins/_sql?format=json], status line [HTTP/1.1 400 Bad Request]
</failure>
  </testcase>
  <testcase name="minusAMinusANoAliasWithScrollingAndTerms" classname="org.opensearch.sql.legacy.MultiQueryIT" time="0.033">
    <failure message="org.opensearch.client.ResponseException: method [POST], host [http://127.0.0.1:61803], URI [/_plugins/_sql?format=json], status line [HTTP/1.1 400 Bad Request]&#10;{&#10;  &quot;error&quot;: {&#10;    &quot;reason&quot;: &quot;Invalid SQL query&quot;,&#10;    &quot;details&quot;: &quot;Query is unsupported in the new engine&quot;,&#10;    &quot;type&quot;: &quot;SQLFeatureDisabledException&quot;&#10;  },&#10;  &quot;status&quot;: 400&#10;}" type="org.opensearch.client.ResponseException">org.opensearch.client.ResponseException: method [POST], host [http://127.0.0.1:61803], URI [/_plugins/_sql?format=json], status line [HTTP/1.1 400 Bad Request]
</failure>
  </testcase>
  <testcase name="minusAMinusBNoAliasWithScrolling" classname="org.opensearch.sql.legacy.MultiQueryIT" time="0.03">
    <failure message="org.opensearch.client.ResponseException: method [POST], host [http://127.0.0.1:61803], URI [/_plugins/_sql?format=json], status line [HTTP/1.1 400 Bad Request]&#10;{&#10;  &quot;error&quot;: {&#10;    &quot;reason&quot;: &quot;Invalid SQL query&quot;,&#10;    &quot;details&quot;: &quot;Query is unsupported in the new engine&quot;,&#10;    &quot;type&quot;: &quot;SQLFeatureDisabledException&quot;&#10;  },&#10;  &quot;status&quot;: 400&#10;}" type="org.opensearch.client.ResponseException">org.opensearch.client.ResponseException: method [POST], host [http://127.0.0.1:61803], URI [/_plugins/_sql?format=json], status line [HTTP/1.1 400 Bad Request]
</failure>
  </testcase>
  <testcase name="minusTMinusCNonExistentFieldFirstQuery" classname="org.opensearch.sql.legacy.MultiQueryIT" time="0.029">
    <failure message="org.opensearch.client.ResponseException: method [POST], host [http://127.0.0.1:61803], URI [/_plugins/_sql?format=json], status line [HTTP/1.1 400 Bad Request]&#10;{&#10;  &quot;error&quot;: {&#10;    &quot;reason&quot;: &quot;Invalid SQL query&quot;,&#10;    &quot;details&quot;: &quot;Query is unsupported in the new engine&quot;,&#10;    &quot;type&quot;: &quot;SQLFeatureDisabledException&quot;&#10;  },&#10;  &quot;status&quot;: 400&#10;}" type="org.opensearch.client.ResponseException">org.opensearch.client.ResponseException: method [POST], host [http://127.0.0.1:61803], URI [/_plugins/_sql?format=json], status line [HTTP/1.1 400 Bad Request]
</failure>
  </testcase>
  <testcase name="minusTMinusCNonExistentFieldFirstQueryWithScrolling" classname="org.opensearch.sql.legacy.MultiQueryIT" time="0.032">
    <failure message="org.opensearch.client.ResponseException: method [POST], host [http://127.0.0.1:61803], URI [/_plugins/_sql?format=json], status line [HTTP/1.1 400 Bad Request]&#10;{&#10;  &quot;error&quot;: {&#10;    &quot;reason&quot;: &quot;Invalid SQL query&quot;,&#10;    &quot;details&quot;: &quot;Query is unsupported in the new engine&quot;,&#10;    &quot;type&quot;: &quot;SQLFeatureDisabledException&quot;&#10;  },&#10;  &quot;status&quot;: 400&#10;}" type="org.opensearch.client.ResponseException">org.opensearch.client.ResponseException: method [POST], host [http://127.0.0.1:61803], URI [/_plugins/_sql?format=json], status line [HTTP/1.1 400 Bad Request]
</failure>
  </testcase>
  <testcase name="minusTMinusCNonExistentFieldFirstQueryWithScrollingAndOptimization" classname="org.opensearch.sql.legacy.MultiQueryIT" time="0.033">
    <failure message="org.opensearch.client.ResponseException: method [POST], host [http://127.0.0.1:61803], URI [/_plugins/_sql?format=json], status line [HTTP/1.1 400 Bad Request]&#10;{&#10;  &quot;error&quot;: {&#10;    &quot;reason&quot;: &quot;Invalid SQL query&quot;,&#10;    &quot;details&quot;: &quot;Query is unsupported in the new engine&quot;,&#10;    &quot;type&quot;: &quot;SQLFeatureDisabledException&quot;&#10;  },&#10;  &quot;status&quot;: 400&#10;}" type="org.opensearch.client.ResponseException">org.opensearch.client.ResponseException: method [POST], host [http://127.0.0.1:61803], URI [/_plugins/_sql?format=json], status line [HTTP/1.1 400 Bad Request]
</failure>
  </testcase>
  <testcase name="minusCMinusCTwoFieldsOneAlias" classname="org.opensearch.sql.legacy.MultiQueryIT" time="0.029">
    <failure message="org.opensearch.client.ResponseException: method [POST], host [http://127.0.0.1:61803], URI [/_plugins/_sql?format=json], status line [HTTP/1.1 400 Bad Request]&#10;{&#10;  &quot;error&quot;: {&#10;    &quot;reason&quot;: &quot;Invalid SQL query&quot;,&#10;    &quot;details&quot;: &quot;Query is unsupported in the new engine&quot;,&#10;    &quot;type&quot;: &quot;SQLFeatureDisabledException&quot;&#10;  },&#10;  &quot;status&quot;: 400&#10;}" type="org.opensearch.client.ResponseException">org.opensearch.client.ResponseException: method [POST], host [http://127.0.0.1:61803], URI [/_plugins/_sql?format=json], status line [HTTP/1.1 400 Bad Request]
</failure>
  </testcase>
  <testcase name="minusCMinusTNonExistentFieldOneFieldWithScrollingAndOptimization" classname="org.opensearch.sql.legacy.MultiQueryIT" time="0.027">
    <failure message="org.opensearch.client.ResponseException: method [POST], host [http://127.0.0.1:61803], URI [/_plugins/_sql?format=json], status line [HTTP/1.1 400 Bad Request]&#10;{&#10;  &quot;error&quot;: {&#10;    &quot;reason&quot;: &quot;Invalid SQL query&quot;,&#10;    &quot;details&quot;: &quot;Query is unsupported in the new engine&quot;,&#10;    &quot;type&quot;: &quot;SQLFeatureDisabledException&quot;&#10;  },&#10;  &quot;status&quot;: 400&#10;}" type="org.opensearch.client.ResponseException">org.opensearch.client.ResponseException: method [POST], host [http://127.0.0.1:61803], URI [/_plugins/_sql?format=json], status line [HTTP/1.1 400 Bad Request]
</failure>
  </testcase>
  <testcase name="unionAllOnlyOneRecordEachWithComplexAlias" classname="org.opensearch.sql.legacy.MultiQueryIT" time="0.032">
    <failure message="org.opensearch.client.ResponseException: method [POST], host [http://127.0.0.1:61803], URI [/_plugins/_sql?format=json], status line [HTTP/1.1 400 Bad Request]&#10;{&#10;  &quot;error&quot;: {&#10;    &quot;reason&quot;: &quot;Invalid SQL query&quot;,&#10;    &quot;details&quot;: &quot;Query is unsupported in the new engine&quot;,&#10;    &quot;type&quot;: &quot;SQLFeatureDisabledException&quot;&#10;  },&#10;  &quot;status&quot;: 400&#10;}" type="org.opensearch.client.ResponseException">org.opensearch.client.ResponseException: method [POST], host [http://127.0.0.1:61803], URI [/_plugins/_sql?format=json], status line [HTTP/1.1 400 Bad Request]
</failure>
  </testcase>
  <testcase name="minusCMinusDTwoFieldsAliasOnBothTables" classname="org.opensearch.sql.legacy.MultiQueryIT" time="0.029">
    <failure message="org.opensearch.client.ResponseException: method [POST], host [http://127.0.0.1:61803], URI [/_plugins/_sql?format=json], status line [HTTP/1.1 400 Bad Request]&#10;{&#10;  &quot;error&quot;: {&#10;    &quot;reason&quot;: &quot;Invalid SQL query&quot;,&#10;    &quot;details&quot;: &quot;Query is unsupported in the new engine&quot;,&#10;    &quot;type&quot;: &quot;SQLFeatureDisabledException&quot;&#10;  },&#10;  &quot;status&quot;: 400&#10;}" type="org.opensearch.client.ResponseException">org.opensearch.client.ResponseException: method [POST], host [http://127.0.0.1:61803], URI [/_plugins/_sql?format=json], status line [HTTP/1.1 400 Bad Request]
</failure>
  </testcase>
  <testcase name="minusAMinusBNoAliasWithScrollingAndTerms" classname="org.opensearch.sql.legacy.MultiQueryIT" time="0.029">
    <failure message="org.opensearch.client.ResponseException: method [POST], host [http://127.0.0.1:61803], URI [/_plugins/_sql?format=json], status line [HTTP/1.1 400 Bad Request]&#10;{&#10;  &quot;error&quot;: {&#10;    &quot;reason&quot;: &quot;Invalid SQL query&quot;,&#10;    &quot;details&quot;: &quot;Query is unsupported in the new engine&quot;,&#10;    &quot;type&quot;: &quot;SQLFeatureDisabledException&quot;&#10;  },&#10;  &quot;status&quot;: 400&#10;}" type="org.opensearch.client.ResponseException">org.opensearch.client.ResponseException: method [POST], host [http://127.0.0.1:61803], URI [/_plugins/_sql?format=json], status line [HTTP/1.1 400 Bad Request]
</failure>
  </testcase>
  <testcase name="minusCMinusDTwoFieldsNoAlias" classname="org.opensearch.sql.legacy.MultiQueryIT" time="0.026">
    <failure message="org.opensearch.client.ResponseException: method [POST], host [http://127.0.0.1:61803], URI [/_plugins/_sql?format=json], status line [HTTP/1.1 400 Bad Request]&#10;{&#10;  &quot;error&quot;: {&#10;    &quot;reason&quot;: &quot;Invalid SQL query&quot;,&#10;    &quot;details&quot;: &quot;Query is unsupported in the new engine&quot;,&#10;    &quot;type&quot;: &quot;SQLFeatureDisabledException&quot;&#10;  },&#10;  &quot;status&quot;: 400&#10;}" type="org.opensearch.client.ResponseException">org.opensearch.client.ResponseException: method [POST], host [http://127.0.0.1:61803], URI [/_plugins/_sql?format=json], status line [HTTP/1.1 400 Bad Request]
</failure>
  </testcase>
  <testcase name="minusAMinusANoAlias" classname="org.opensearch.sql.legacy.MultiQueryIT" time="0.029">
    <failure message="org.opensearch.client.ResponseException: method [POST], host [http://127.0.0.1:61803], URI [/_plugins/_sql?format=json], status line [HTTP/1.1 400 Bad Request]&#10;{&#10;  &quot;error&quot;: {&#10;    &quot;reason&quot;: &quot;Invalid SQL query&quot;,&#10;    &quot;details&quot;: &quot;Query is unsupported in the new engine&quot;,&#10;    &quot;type&quot;: &quot;SQLFeatureDisabledException&quot;&#10;  },&#10;  &quot;status&quot;: 400&#10;}" type="org.opensearch.client.ResponseException">org.opensearch.client.ResponseException: method [POST], host [http://127.0.0.1:61803], URI [/_plugins/_sql?format=json], status line [HTTP/1.1 400 Bad Request]
</failure>
  </testcase>
  <testcase name="minusCMinusDTwoFieldsNoAliasWithScrolling" classname="org.opensearch.sql.legacy.MultiQueryIT" time="0.03">
    <failure message="org.opensearch.client.ResponseException: method [POST], host [http://127.0.0.1:61803], URI [/_plugins/_sql?format=json], status line [HTTP/1.1 400 Bad Request]&#10;{&#10;  &quot;error&quot;: {&#10;    &quot;reason&quot;: &quot;Invalid SQL query&quot;,&#10;    &quot;details&quot;: &quot;Query is unsupported in the new engine&quot;,&#10;    &quot;type&quot;: &quot;SQLFeatureDisabledException&quot;&#10;  },&#10;  &quot;status&quot;: 400&#10;}" type="org.opensearch.client.ResponseException">org.opensearch.client.ResponseException: method [POST], host [http://127.0.0.1:61803], URI [/_plugins/_sql?format=json], status line [HTTP/1.1 400 Bad Request]
</failure>
  </testcase>
  <testcase name="unionAllSameRequestOnlyOneRecordTwice" classname="org.opensearch.sql.legacy.MultiQueryIT" time="0.031">
    <failure message="org.opensearch.client.ResponseException: method [POST], host [http://127.0.0.1:61803], URI [/_plugins/_sql?format=json], status line [HTTP/1.1 400 Bad Request]&#10;{&#10;  &quot;error&quot;: {&#10;    &quot;reason&quot;: &quot;Invalid SQL query&quot;,&#10;    &quot;details&quot;: &quot;Query is unsupported in the new engine&quot;,&#10;    &quot;type&quot;: &quot;SQLFeatureDisabledException&quot;&#10;  },&#10;  &quot;status&quot;: 400&#10;}" type="org.opensearch.client.ResponseException">org.opensearch.client.ResponseException: method [POST], host [http://127.0.0.1:61803], URI [/_plugins/_sql?format=json], status line [HTTP/1.1 400 Bad Request]
</failure>
  </testcase>
  <testcase name="unionAllOnlyOneRecordEachWithAlias" classname="org.opensearch.sql.legacy.MultiQueryIT" time="0.052">
    <failure message="org.opensearch.client.ResponseException: method [POST], host [http://127.0.0.1:61803], URI [/_plugins/_sql?format=json], status line [HTTP/1.1 400 Bad Request]&#10;{&#10;  &quot;error&quot;: {&#10;    &quot;reason&quot;: &quot;Invalid SQL query&quot;,&#10;    &quot;details&quot;: &quot;Query is unsupported in the new engine&quot;,&#10;    &quot;type&quot;: &quot;SQLFeatureDisabledException&quot;&#10;  },&#10;  &quot;status&quot;: 400&#10;}" type="org.opensearch.client.ResponseException">org.opensearch.client.ResponseException: method [POST], host [http://127.0.0.1:61803], URI [/_plugins/_sql?format=json], status line [HTTP/1.1 400 Bad Request]
</failure>
  </testcase>
  <testcase name="minusAMinusANoAliasWithScrolling" classname="org.opensearch.sql.legacy.MultiQueryIT" time="0.045">
    <failure message="org.opensearch.client.ResponseException: method [POST], host [http://127.0.0.1:61803], URI [/_plugins/_sql?format=json], status line [HTTP/1.1 400 Bad Request]&#10;{&#10;  &quot;error&quot;: {&#10;    &quot;reason&quot;: &quot;Invalid SQL query&quot;,&#10;    &quot;details&quot;: &quot;Query is unsupported in the new engine&quot;,&#10;    &quot;type&quot;: &quot;SQLFeatureDisabledException&quot;&#10;  },&#10;  &quot;status&quot;: 400&#10;}" type="org.opensearch.client.ResponseException">org.opensearch.client.ResponseException: method [POST], host [http://127.0.0.1:61803], URI [/_plugins/_sql?format=json], status line [HTTP/1.1 400 Bad Request]
</failure>
  </testcase>
  <testcase name="minusAMinusBNoAlias" classname="org.opensearch.sql.legacy.MultiQueryIT" time="0.036">
    <failure message="org.opensearch.client.ResponseException: method [POST], host [http://127.0.0.1:61803], URI [/_plugins/_sql?format=json], status line [HTTP/1.1 400 Bad Request]&#10;{&#10;  &quot;error&quot;: {&#10;    &quot;reason&quot;: &quot;Invalid SQL query&quot;,&#10;    &quot;details&quot;: &quot;Query is unsupported in the new engine&quot;,&#10;    &quot;type&quot;: &quot;SQLFeatureDisabledException&quot;&#10;  },&#10;  &quot;status&quot;: 400&#10;}" type="org.opensearch.client.ResponseException">org.opensearch.client.ResponseException: method [POST], host [http://127.0.0.1:61803], URI [/_plugins/_sql?format=json], status line [HTTP/1.1 400 Bad Request]
</failure>
  </testcase>
  <testcase name="minusCMinusTNonExistentOneFieldWithScrolling" classname="org.opensearch.sql.legacy.MultiQueryIT" time="0.037">
    <failure message="org.opensearch.client.ResponseException: method [POST], host [http://127.0.0.1:61803], URI [/_plugins/_sql?format=json], status line [HTTP/1.1 400 Bad Request]&#10;{&#10;  &quot;error&quot;: {&#10;    &quot;reason&quot;: &quot;Invalid SQL query&quot;,&#10;    &quot;details&quot;: &quot;Query is unsupported in the new engine&quot;,&#10;    &quot;type&quot;: &quot;SQLFeatureDisabledException&quot;&#10;  },&#10;  &quot;status&quot;: 400&#10;}" type="org.opensearch.client.ResponseException">org.opensearch.client.ResponseException: method [POST], host [http://127.0.0.1:61803], URI [/_plugins/_sql?format=json], status line [HTTP/1.1 400 Bad Request]
</failure>
  </testcase>
  <testcase name="minusCMinusDTwoFieldsAliasOnBothSecondTableFields" classname="org.opensearch.sql.legacy.MultiQueryIT" time="0.037">
    <failure message="org.opensearch.client.ResponseException: method [POST], host [http://127.0.0.1:61803], URI [/_plugins/_sql?format=json], status line [HTTP/1.1 400 Bad Request]&#10;{&#10;  &quot;error&quot;: {&#10;    &quot;reason&quot;: &quot;Invalid SQL query&quot;,&#10;    &quot;details&quot;: &quot;Query is unsupported in the new engine&quot;,&#10;    &quot;type&quot;: &quot;SQLFeatureDisabledException&quot;&#10;  },&#10;  &quot;status&quot;: 400&#10;}" type="org.opensearch.client.ResponseException">org.opensearch.client.ResponseException: method [POST], host [http://127.0.0.1:61803], URI [/_plugins/_sql?format=json], status line [HTTP/1.1 400 Bad Request]
</failure>
  </testcase>
  <system-out><![CDATA[[2023-01-17T02:16:18,297][INFO ][o.o.s.l.MultiQueryIT     ] [minusCMinusDTwoFieldsAliasOnBothTablesWithScrolling] before test
]]></system-out>
  <system-err><![CDATA[REPRODUCE WITH: ./gradlew ':integ-test:integTest' --tests "org.opensearch.sql.legacy.MultiQueryIT.minusCMinusDTwoFieldsAliasOnBothTablesWithScrolling" -Dtests.seed=160F64C51FACC80F -Dtests.security.manager=false -Dtests.locale=id-ID -Dtests.timezone=Europe/Guernsey -Druntime.java=17
]]></system-err>
</testsuite>
<?xml version="1.0" encoding="UTF-8"?>
<testsuite name="org.opensearch.sql.legacy.NestedFieldQueryIT" tests="33" skipped="1" failures="32" errors="0" timestamp="2023-01-17T02:16:20" hostname="Unused26-MacBook.local" time="1.652">
  <properties/>
  <testcase name="countAggWithWhereOnParent" classname="org.opensearch.sql.legacy.NestedFieldQueryIT" time="0.531">
    <failure message="org.opensearch.client.ResponseException: method [POST], host [http://127.0.0.1:61803], URI [/_plugins/_sql?format=json], status line [HTTP/1.1 400 Bad Request]&#10;{&#10;  &quot;error&quot;: {&#10;    &quot;reason&quot;: &quot;Invalid SQL query&quot;,&#10;    &quot;details&quot;: &quot;Query is unsupported in the new engine&quot;,&#10;    &quot;type&quot;: &quot;SQLFeatureDisabledException&quot;&#10;  },&#10;  &quot;status&quot;: 400&#10;}" type="org.opensearch.client.ResponseException">org.opensearch.client.ResponseException: method [POST], host [http://127.0.0.1:61803], URI [/_plugins/_sql?format=json], status line [HTTP/1.1 400 Bad Request]
</failure>
  </testcase>
  <testcase name="havingCountAggWithWhereOnParentOrNested" classname="org.opensearch.sql.legacy.NestedFieldQueryIT" time="0.039">
    <failure message="org.opensearch.client.ResponseException: method [POST], host [http://127.0.0.1:61803], URI [/_plugins/_sql?format=json], status line [HTTP/1.1 400 Bad Request]&#10;{&#10;  &quot;error&quot;: {&#10;    &quot;reason&quot;: &quot;Invalid SQL query&quot;,&#10;    &quot;details&quot;: &quot;Query is unsupported in the new engine&quot;,&#10;    &quot;type&quot;: &quot;SQLFeatureDisabledException&quot;&#10;  },&#10;  &quot;status&quot;: 400&#10;}" type="org.opensearch.client.ResponseException">org.opensearch.client.ResponseException: method [POST], host [http://127.0.0.1:61803], URI [/_plugins/_sql?format=json], status line [HTTP/1.1 400 Bad Request]
</failure>
  </testcase>
  <testcase name="selectAll" classname="org.opensearch.sql.legacy.NestedFieldQueryIT" time="0.034">
    <failure message="org.opensearch.client.ResponseException: method [POST], host [http://127.0.0.1:61803], URI [/_plugins/_sql?format=json], status line [HTTP/1.1 400 Bad Request]&#10;{&#10;  &quot;error&quot;: {&#10;    &quot;reason&quot;: &quot;Invalid SQL query&quot;,&#10;    &quot;details&quot;: &quot;Query is unsupported in the new engine&quot;,&#10;    &quot;type&quot;: &quot;SQLFeatureDisabledException&quot;&#10;  },&#10;  &quot;status&quot;: 400&#10;}" type="org.opensearch.client.ResponseException">org.opensearch.client.ResponseException: method [POST], host [http://127.0.0.1:61803], URI [/_plugins/_sql?format=json], status line [HTTP/1.1 400 Bad Request]
</failure>
  </testcase>
  <testcase name="noCondition" classname="org.opensearch.sql.legacy.NestedFieldQueryIT" time="0.038">
    <failure message="org.opensearch.client.ResponseException: method [POST], host [http://127.0.0.1:61803], URI [/_plugins/_sql?format=json], status line [HTTP/1.1 400 Bad Request]&#10;{&#10;  &quot;error&quot;: {&#10;    &quot;reason&quot;: &quot;Invalid SQL query&quot;,&#10;    &quot;details&quot;: &quot;Query is unsupported in the new engine&quot;,&#10;    &quot;type&quot;: &quot;SQLFeatureDisabledException&quot;&#10;  },&#10;  &quot;status&quot;: 400&#10;}" type="org.opensearch.client.ResponseException">org.opensearch.client.ResponseException: method [POST], host [http://127.0.0.1:61803], URI [/_plugins/_sql?format=json], status line [HTTP/1.1 400 Bad Request]
</failure>
  </testcase>
  <testcase name="leftJoinSelectAll" classname="org.opensearch.sql.legacy.NestedFieldQueryIT" time="0.041">
    <failure message="org.opensearch.client.ResponseException: method [POST], host [http://127.0.0.1:61803], URI [/_plugins/_sql/_explain], status line [HTTP/1.1 400 Bad Request]&#10;{&#10;  &quot;error&quot;: {&#10;    &quot;reason&quot;: &quot;Invalid SQL query&quot;,&#10;    &quot;details&quot;: &quot;Query is unsupported in the new engine&quot;,&#10;    &quot;type&quot;: &quot;SQLFeatureDisabledException&quot;&#10;  },&#10;  &quot;status&quot;: 400&#10;}" type="org.opensearch.client.ResponseException">org.opensearch.client.ResponseException: method [POST], host [http://127.0.0.1:61803], URI [/_plugins/_sql/_explain], status line [HTTP/1.1 400 Bad Request]
</failure>
  </testcase>
  <testcase name="countAggWithWhereOnNestedOrNested" classname="org.opensearch.sql.legacy.NestedFieldQueryIT" time="0.041">
    <failure message="org.opensearch.client.ResponseException: method [POST], host [http://127.0.0.1:61803], URI [/_plugins/_sql?format=json], status line [HTTP/1.1 400 Bad Request]&#10;{&#10;  &quot;error&quot;: {&#10;    &quot;reason&quot;: &quot;Invalid SQL query&quot;,&#10;    &quot;details&quot;: &quot;Query is unsupported in the new engine&quot;,&#10;    &quot;type&quot;: &quot;SQLFeatureDisabledException&quot;&#10;  },&#10;  &quot;status&quot;: 400&#10;}" type="org.opensearch.client.ResponseException">org.opensearch.client.ResponseException: method [POST], host [http://127.0.0.1:61803], URI [/_plugins/_sql?format=json], status line [HTTP/1.1 400 Bad Request]
</failure>
  </testcase>
  <testcase name="leftJoinSpecificFields" classname="org.opensearch.sql.legacy.NestedFieldQueryIT" time="0.038">
    <failure message="org.opensearch.client.ResponseException: method [POST], host [http://127.0.0.1:61803], URI [/_plugins/_sql/_explain], status line [HTTP/1.1 400 Bad Request]&#10;{&#10;  &quot;error&quot;: {&#10;    &quot;reason&quot;: &quot;Invalid SQL query&quot;,&#10;    &quot;details&quot;: &quot;Query is unsupported in the new engine&quot;,&#10;    &quot;type&quot;: &quot;SQLFeatureDisabledException&quot;&#10;  },&#10;  &quot;status&quot;: 400&#10;}" type="org.opensearch.client.ResponseException">org.opensearch.client.ResponseException: method [POST], host [http://127.0.0.1:61803], URI [/_plugins/_sql/_explain], status line [HTTP/1.1 400 Bad Request]
</failure>
  </testcase>
  <testcase name="countAggOnNestedInnerFieldWithoutWhere" classname="org.opensearch.sql.legacy.NestedFieldQueryIT" time="0.035">
    <failure message="org.opensearch.client.ResponseException: method [POST], host [http://127.0.0.1:61803], URI [/_plugins/_sql?format=json], status line [HTTP/1.1 400 Bad Request]&#10;{&#10;  &quot;error&quot;: {&#10;    &quot;reason&quot;: &quot;Invalid SQL query&quot;,&#10;    &quot;details&quot;: &quot;Query is unsupported in the new engine&quot;,&#10;    &quot;type&quot;: &quot;SQLFeatureDisabledException&quot;&#10;  },&#10;  &quot;status&quot;: 400&#10;}" type="org.opensearch.client.ResponseException">org.opensearch.client.ResponseException: method [POST], host [http://127.0.0.1:61803], URI [/_plugins/_sql?format=json], status line [HTTP/1.1 400 Bad Request]
</failure>
  </testcase>
  <testcase name="aggregationWithoutGroupBy" classname="org.opensearch.sql.legacy.NestedFieldQueryIT" time="0.034">
    <failure message="org.opensearch.client.ResponseException: method [POST], host [http://127.0.0.1:61803], URI [/_plugins/_sql?format=json], status line [HTTP/1.1 400 Bad Request]&#10;{&#10;  &quot;error&quot;: {&#10;    &quot;reason&quot;: &quot;Invalid SQL query&quot;,&#10;    &quot;details&quot;: &quot;Query is unsupported in the new engine&quot;,&#10;    &quot;type&quot;: &quot;SQLFeatureDisabledException&quot;&#10;  },&#10;  &quot;status&quot;: 400&#10;}" type="org.opensearch.client.ResponseException">org.opensearch.client.ResponseException: method [POST], host [http://127.0.0.1:61803], URI [/_plugins/_sql?format=json], status line [HTTP/1.1 400 Bad Request]
</failure>
  </testcase>
  <testcase name="groupByRegularFieldAndSum" classname="org.opensearch.sql.legacy.NestedFieldQueryIT" time="0.043">
    <failure message="org.opensearch.client.ResponseException: method [POST], host [http://127.0.0.1:61803], URI [/_plugins/_sql?format=json], status line [HTTP/1.1 400 Bad Request]&#10;{&#10;  &quot;error&quot;: {&#10;    &quot;reason&quot;: &quot;Invalid SQL query&quot;,&#10;    &quot;details&quot;: &quot;Query is unsupported in the new engine&quot;,&#10;    &quot;type&quot;: &quot;SQLFeatureDisabledException&quot;&#10;  },&#10;  &quot;status&quot;: 400&#10;}" type="org.opensearch.client.ResponseException">org.opensearch.client.ResponseException: method [POST], host [http://127.0.0.1:61803], URI [/_plugins/_sql?format=json], status line [HTTP/1.1 400 Bad Request]
</failure>
  </testcase>
  <testcase name="groupByNestedFieldAndCount" classname="org.opensearch.sql.legacy.NestedFieldQueryIT" time="0.033">
    <failure message="org.opensearch.client.ResponseException: method [POST], host [http://127.0.0.1:61803], URI [/_plugins/_sql?format=json], status line [HTTP/1.1 400 Bad Request]&#10;{&#10;  &quot;error&quot;: {&#10;    &quot;reason&quot;: &quot;Invalid SQL query&quot;,&#10;    &quot;details&quot;: &quot;Query is unsupported in the new engine&quot;,&#10;    &quot;type&quot;: &quot;SQLFeatureDisabledException&quot;&#10;  },&#10;  &quot;status&quot;: 400&#10;}" type="org.opensearch.client.ResponseException">org.opensearch.client.ResponseException: method [POST], host [http://127.0.0.1:61803], URI [/_plugins/_sql?format=json], status line [HTTP/1.1 400 Bad Request]
</failure>
  </testcase>
  <testcase name="havingCountAggOnNestedInnerFieldWithoutWhere" classname="org.opensearch.sql.legacy.NestedFieldQueryIT" time="0.035">
    <failure message="org.opensearch.client.ResponseException: method [POST], host [http://127.0.0.1:61803], URI [/_plugins/_sql?format=json], status line [HTTP/1.1 400 Bad Request]&#10;{&#10;  &quot;error&quot;: {&#10;    &quot;reason&quot;: &quot;Invalid SQL query&quot;,&#10;    &quot;details&quot;: &quot;Query is unsupported in the new engine&quot;,&#10;    &quot;type&quot;: &quot;SQLFeatureDisabledException&quot;&#10;  },&#10;  &quot;status&quot;: 400&#10;}" type="org.opensearch.client.ResponseException">org.opensearch.client.ResponseException: method [POST], host [http://127.0.0.1:61803], URI [/_plugins/_sql?format=json], status line [HTTP/1.1 400 Bad Request]
</failure>
  </testcase>
  <testcase name="countAggWithoutWhere" classname="org.opensearch.sql.legacy.NestedFieldQueryIT" time="0.032">
    <failure message="org.opensearch.client.ResponseException: method [POST], host [http://127.0.0.1:61803], URI [/_plugins/_sql?format=json], status line [HTTP/1.1 400 Bad Request]&#10;{&#10;  &quot;error&quot;: {&#10;    &quot;reason&quot;: &quot;Invalid SQL query&quot;,&#10;    &quot;details&quot;: &quot;Query is unsupported in the new engine&quot;,&#10;    &quot;type&quot;: &quot;SQLFeatureDisabledException&quot;&#10;  },&#10;  &quot;status&quot;: 400&#10;}" type="org.opensearch.client.ResponseException">org.opensearch.client.ResponseException: method [POST], host [http://127.0.0.1:61803], URI [/_plugins/_sql?format=json], status line [HTTP/1.1 400 Bad Request]
</failure>
  </testcase>
  <testcase name="leftJoinExceptionOnExtraNestedFields" classname="org.opensearch.sql.legacy.NestedFieldQueryIT" time="0.0">
    <skipped/>
  </testcase>
  <testcase name="havingCountAggWithWhereOnNested" classname="org.opensearch.sql.legacy.NestedFieldQueryIT" time="0.036">
    <failure message="org.opensearch.client.ResponseException: method [POST], host [http://127.0.0.1:61803], URI [/_plugins/_sql?format=json], status line [HTTP/1.1 400 Bad Request]&#10;{&#10;  &quot;error&quot;: {&#10;    &quot;reason&quot;: &quot;Invalid SQL query&quot;,&#10;    &quot;details&quot;: &quot;Query is unsupported in the new engine&quot;,&#10;    &quot;type&quot;: &quot;SQLFeatureDisabledException&quot;&#10;  },&#10;  &quot;status&quot;: 400&#10;}" type="org.opensearch.client.ResponseException">org.opensearch.client.ResponseException: method [POST], host [http://127.0.0.1:61803], URI [/_plugins/_sql?format=json], status line [HTTP/1.1 400 Bad Request]
</failure>
  </testcase>
  <testcase name="multipleConditionsOfNestedField" classname="org.opensearch.sql.legacy.NestedFieldQueryIT" time="0.034">
    <failure message="org.opensearch.client.ResponseException: method [POST], host [http://127.0.0.1:61803], URI [/_plugins/_sql?format=json], status line [HTTP/1.1 400 Bad Request]&#10;{&#10;  &quot;error&quot;: {&#10;    &quot;reason&quot;: &quot;Invalid SQL query&quot;,&#10;    &quot;details&quot;: &quot;Query is unsupported in the new engine&quot;,&#10;    &quot;type&quot;: &quot;SQLFeatureDisabledException&quot;&#10;  },&#10;  &quot;status&quot;: 400&#10;}" type="org.opensearch.client.ResponseException">org.opensearch.client.ResponseException: method [POST], host [http://127.0.0.1:61803], URI [/_plugins/_sql?format=json], status line [HTTP/1.1 400 Bad Request]
</failure>
  </testcase>
  <testcase name="singleCondition" classname="org.opensearch.sql.legacy.NestedFieldQueryIT" time="0.034">
    <failure message="org.opensearch.client.ResponseException: method [POST], host [http://127.0.0.1:61803], URI [/_plugins/_sql?format=json], status line [HTTP/1.1 400 Bad Request]&#10;{&#10;  &quot;error&quot;: {&#10;    &quot;reason&quot;: &quot;Invalid SQL query&quot;,&#10;    &quot;details&quot;: &quot;Query is unsupported in the new engine&quot;,&#10;    &quot;type&quot;: &quot;SQLFeatureDisabledException&quot;&#10;  },&#10;  &quot;status&quot;: 400&#10;}" type="org.opensearch.client.ResponseException">org.opensearch.client.ResponseException: method [POST], host [http://127.0.0.1:61803], URI [/_plugins/_sql?format=json], status line [HTTP/1.1 400 Bad Request]
</failure>
  </testcase>
  <testcase name="countAggWithWhereOnParentAndNested" classname="org.opensearch.sql.legacy.NestedFieldQueryIT" time="0.034">
    <failure message="org.opensearch.client.ResponseException: method [POST], host [http://127.0.0.1:61803], URI [/_plugins/_sql?format=json], status line [HTTP/1.1 400 Bad Request]&#10;{&#10;  &quot;error&quot;: {&#10;    &quot;reason&quot;: &quot;Invalid SQL query&quot;,&#10;    &quot;details&quot;: &quot;Query is unsupported in the new engine&quot;,&#10;    &quot;type&quot;: &quot;SQLFeatureDisabledException&quot;&#10;  },&#10;  &quot;status&quot;: 400&#10;}" type="org.opensearch.client.ResponseException">org.opensearch.client.ResponseException: method [POST], host [http://127.0.0.1:61803], URI [/_plugins/_sql?format=json], status line [HTTP/1.1 400 Bad Request]
</failure>
  </testcase>
  <testcase name="groupByNestedAndRegularField" classname="org.opensearch.sql.legacy.NestedFieldQueryIT" time="0.033">
    <failure message="org.opensearch.client.ResponseException: method [POST], host [http://127.0.0.1:61803], URI [/_plugins/_sql?format=json], status line [HTTP/1.1 400 Bad Request]&#10;{&#10;  &quot;error&quot;: {&#10;    &quot;reason&quot;: &quot;Invalid SQL query&quot;,&#10;    &quot;details&quot;: &quot;Query is unsupported in the new engine&quot;,&#10;    &quot;type&quot;: &quot;SQLFeatureDisabledException&quot;&#10;  },&#10;  &quot;status&quot;: 400&#10;}" type="org.opensearch.client.ResponseException">org.opensearch.client.ResponseException: method [POST], host [http://127.0.0.1:61803], URI [/_plugins/_sql?format=json], status line [HTTP/1.1 400 Bad Request]
</failure>
  </testcase>
  <testcase name="multipleConditionsOfRegularAndNestedField" classname="org.opensearch.sql.legacy.NestedFieldQueryIT" time="0.041">
    <failure message="org.opensearch.client.ResponseException: method [POST], host [http://127.0.0.1:61803], URI [/_plugins/_sql?format=json], status line [HTTP/1.1 400 Bad Request]&#10;{&#10;  &quot;error&quot;: {&#10;    &quot;reason&quot;: &quot;Invalid SQL query&quot;,&#10;    &quot;details&quot;: &quot;Query is unsupported in the new engine&quot;,&#10;    &quot;type&quot;: &quot;SQLFeatureDisabledException&quot;&#10;  },&#10;  &quot;status&quot;: 400&#10;}" type="org.opensearch.client.ResponseException">org.opensearch.client.ResponseException: method [POST], host [http://127.0.0.1:61803], URI [/_plugins/_sql?format=json], status line [HTTP/1.1 400 Bad Request]
</failure>
  </testcase>
  <testcase name="havingMaxAggOnNestedInnerFieldWithoutWhere" classname="org.opensearch.sql.legacy.NestedFieldQueryIT" time="0.047">
    <failure message="org.opensearch.client.ResponseException: method [POST], host [http://127.0.0.1:61803], URI [/_plugins/_sql?format=json], status line [HTTP/1.1 400 Bad Request]&#10;{&#10;  &quot;error&quot;: {&#10;    &quot;reason&quot;: &quot;Invalid SQL query&quot;,&#10;    &quot;details&quot;: &quot;Query is unsupported in the new engine&quot;,&#10;    &quot;type&quot;: &quot;SQLFeatureDisabledException&quot;&#10;  },&#10;  &quot;status&quot;: 400&#10;}" type="org.opensearch.client.ResponseException">org.opensearch.client.ResponseException: method [POST], host [http://127.0.0.1:61803], URI [/_plugins/_sql?format=json], status line [HTTP/1.1 400 Bad Request]
</failure>
  </testcase>
  <testcase name="havingCountAggWithoutWhere" classname="org.opensearch.sql.legacy.NestedFieldQueryIT" time="0.032">
    <failure message="org.opensearch.client.ResponseException: method [POST], host [http://127.0.0.1:61803], URI [/_plugins/_sql?format=json], status line [HTTP/1.1 400 Bad Request]&#10;{&#10;  &quot;error&quot;: {&#10;    &quot;reason&quot;: &quot;Invalid SQL query&quot;,&#10;    &quot;details&quot;: &quot;Query is unsupported in the new engine&quot;,&#10;    &quot;type&quot;: &quot;SQLFeatureDisabledException&quot;&#10;  },&#10;  &quot;status&quot;: 400&#10;}" type="org.opensearch.client.ResponseException">org.opensearch.client.ResponseException: method [POST], host [http://127.0.0.1:61803], URI [/_plugins/_sql?format=json], status line [HTTP/1.1 400 Bad Request]
</failure>
  </testcase>
  <testcase name="havingCountAggWithWhereOnNestedOrNested" classname="org.opensearch.sql.legacy.NestedFieldQueryIT" time="0.032">
    <failure message="org.opensearch.client.ResponseException: method [POST], host [http://127.0.0.1:61803], URI [/_plugins/_sql?format=json], status line [HTTP/1.1 400 Bad Request]&#10;{&#10;  &quot;error&quot;: {&#10;    &quot;reason&quot;: &quot;Invalid SQL query&quot;,&#10;    &quot;details&quot;: &quot;Query is unsupported in the new engine&quot;,&#10;    &quot;type&quot;: &quot;SQLFeatureDisabledException&quot;&#10;  },&#10;  &quot;status&quot;: 400&#10;}" type="org.opensearch.client.ResponseException">org.opensearch.client.ResponseException: method [POST], host [http://127.0.0.1:61803], URI [/_plugins/_sql?format=json], status line [HTTP/1.1 400 Bad Request]
</failure>
  </testcase>
  <testcase name="havingCountAggWithWhereOnParentAndNested" classname="org.opensearch.sql.legacy.NestedFieldQueryIT" time="0.03">
    <failure message="org.opensearch.client.ResponseException: method [POST], host [http://127.0.0.1:61803], URI [/_plugins/_sql?format=json], status line [HTTP/1.1 400 Bad Request]&#10;{&#10;  &quot;error&quot;: {&#10;    &quot;reason&quot;: &quot;Invalid SQL query&quot;,&#10;    &quot;details&quot;: &quot;Query is unsupported in the new engine&quot;,&#10;    &quot;type&quot;: &quot;SQLFeatureDisabledException&quot;&#10;  },&#10;  &quot;status&quot;: 400&#10;}" type="org.opensearch.client.ResponseException">org.opensearch.client.ResponseException: method [POST], host [http://127.0.0.1:61803], URI [/_plugins/_sql?format=json], status line [HTTP/1.1 400 Bad Request]
</failure>
  </testcase>
  <testcase name="multipleConditionsOfRegularOrNestedField" classname="org.opensearch.sql.legacy.NestedFieldQueryIT" time="0.03">
    <failure message="org.opensearch.client.ResponseException: method [POST], host [http://127.0.0.1:61803], URI [/_plugins/_sql?format=json], status line [HTTP/1.1 400 Bad Request]&#10;{&#10;  &quot;error&quot;: {&#10;    &quot;reason&quot;: &quot;Invalid SQL query&quot;,&#10;    &quot;details&quot;: &quot;Query is unsupported in the new engine&quot;,&#10;    &quot;type&quot;: &quot;SQLFeatureDisabledException&quot;&#10;  },&#10;  &quot;status&quot;: 400&#10;}" type="org.opensearch.client.ResponseException">org.opensearch.client.ResponseException: method [POST], host [http://127.0.0.1:61803], URI [/_plugins/_sql?format=json], status line [HTTP/1.1 400 Bad Request]
</failure>
  </testcase>
  <testcase name="countAggWithWhereOnNested" classname="org.opensearch.sql.legacy.NestedFieldQueryIT" time="0.031">
    <failure message="org.opensearch.client.ResponseException: method [POST], host [http://127.0.0.1:61803], URI [/_plugins/_sql?format=json], status line [HTTP/1.1 400 Bad Request]&#10;{&#10;  &quot;error&quot;: {&#10;    &quot;reason&quot;: &quot;Invalid SQL query&quot;,&#10;    &quot;details&quot;: &quot;Query is unsupported in the new engine&quot;,&#10;    &quot;type&quot;: &quot;SQLFeatureDisabledException&quot;&#10;  },&#10;  &quot;status&quot;: 400&#10;}" type="org.opensearch.client.ResponseException">org.opensearch.client.ResponseException: method [POST], host [http://127.0.0.1:61803], URI [/_plugins/_sql?format=json], status line [HTTP/1.1 400 Bad Request]
</failure>
  </testcase>
  <testcase name="havingCountAggWithWhereOnNestedAndNested" classname="org.opensearch.sql.legacy.NestedFieldQueryIT" time="0.036">
    <failure message="org.opensearch.client.ResponseException: method [POST], host [http://127.0.0.1:61803], URI [/_plugins/_sql?format=json], status line [HTTP/1.1 400 Bad Request]&#10;{&#10;  &quot;error&quot;: {&#10;    &quot;reason&quot;: &quot;Invalid SQL query&quot;,&#10;    &quot;details&quot;: &quot;Query is unsupported in the new engine&quot;,&#10;    &quot;type&quot;: &quot;SQLFeatureDisabledException&quot;&#10;  },&#10;  &quot;status&quot;: 400&#10;}" type="org.opensearch.client.ResponseException">org.opensearch.client.ResponseException: method [POST], host [http://127.0.0.1:61803], URI [/_plugins/_sql?format=json], status line [HTTP/1.1 400 Bad Request]
</failure>
  </testcase>
  <testcase name="maxAggOnNestedInnerFieldWithoutWhere" classname="org.opensearch.sql.legacy.NestedFieldQueryIT" time="0.036">
    <failure message="org.opensearch.client.ResponseException: method [POST], host [http://127.0.0.1:61803], URI [/_plugins/_sql?format=json], status line [HTTP/1.1 400 Bad Request]&#10;{&#10;  &quot;error&quot;: {&#10;    &quot;reason&quot;: &quot;Invalid SQL query&quot;,&#10;    &quot;details&quot;: &quot;Query is unsupported in the new engine&quot;,&#10;    &quot;type&quot;: &quot;SQLFeatureDisabledException&quot;&#10;  },&#10;  &quot;status&quot;: 400&#10;}" type="org.opensearch.client.ResponseException">org.opensearch.client.ResponseException: method [POST], host [http://127.0.0.1:61803], URI [/_plugins/_sql?format=json], status line [HTTP/1.1 400 Bad Request]
</failure>
  </testcase>
  <testcase name="countAggWithWhereOnNestedAndNested" classname="org.opensearch.sql.legacy.NestedFieldQueryIT" time="0.037">
    <failure message="org.opensearch.client.ResponseException: method [POST], host [http://127.0.0.1:61803], URI [/_plugins/_sql?format=json], status line [HTTP/1.1 400 Bad Request]&#10;{&#10;  &quot;error&quot;: {&#10;    &quot;reason&quot;: &quot;Invalid SQL query&quot;,&#10;    &quot;details&quot;: &quot;Query is unsupported in the new engine&quot;,&#10;    &quot;type&quot;: &quot;SQLFeatureDisabledException&quot;&#10;  },&#10;  &quot;status&quot;: 400&#10;}" type="org.opensearch.client.ResponseException">org.opensearch.client.ResponseException: method [POST], host [http://127.0.0.1:61803], URI [/_plugins/_sql?format=json], status line [HTTP/1.1 400 Bad Request]
</failure>
  </testcase>
  <testcase name="nestedFiledIsNotNull" classname="org.opensearch.sql.legacy.NestedFieldQueryIT" time="0.039">
    <failure message="org.opensearch.client.ResponseException: method [POST], host [http://127.0.0.1:61803], URI [/_plugins/_sql?format=json], status line [HTTP/1.1 400 Bad Request]&#10;{&#10;  &quot;error&quot;: {&#10;    &quot;reason&quot;: &quot;Invalid SQL query&quot;,&#10;    &quot;details&quot;: &quot;Query is unsupported in the new engine&quot;,&#10;    &quot;type&quot;: &quot;SQLFeatureDisabledException&quot;&#10;  },&#10;  &quot;status&quot;: 400&#10;}" type="org.opensearch.client.ResponseException">org.opensearch.client.ResponseException: method [POST], host [http://127.0.0.1:61803], URI [/_plugins/_sql?format=json], status line [HTTP/1.1 400 Bad Request]
</failure>
  </testcase>
  <testcase name="havingCountAggWithWhereOnParent" classname="org.opensearch.sql.legacy.NestedFieldQueryIT" time="0.036">
    <failure message="org.opensearch.client.ResponseException: method [POST], host [http://127.0.0.1:61803], URI [/_plugins/_sql?format=json], status line [HTTP/1.1 400 Bad Request]&#10;{&#10;  &quot;error&quot;: {&#10;    &quot;reason&quot;: &quot;Invalid SQL query&quot;,&#10;    &quot;details&quot;: &quot;Query is unsupported in the new engine&quot;,&#10;    &quot;type&quot;: &quot;SQLFeatureDisabledException&quot;&#10;  },&#10;  &quot;status&quot;: 400&#10;}" type="org.opensearch.client.ResponseException">org.opensearch.client.ResponseException: method [POST], host [http://127.0.0.1:61803], URI [/_plugins/_sql?format=json], status line [HTTP/1.1 400 Bad Request]
</failure>
  </testcase>
  <testcase name="multipleConditionsOfNestedFieldNoMatch" classname="org.opensearch.sql.legacy.NestedFieldQueryIT" time="0.034">
    <failure message="org.opensearch.client.ResponseException: method [POST], host [http://127.0.0.1:61803], URI [/_plugins/_sql?format=json], status line [HTTP/1.1 400 Bad Request]&#10;{&#10;  &quot;error&quot;: {&#10;    &quot;reason&quot;: &quot;Invalid SQL query&quot;,&#10;    &quot;details&quot;: &quot;Query is unsupported in the new engine&quot;,&#10;    &quot;type&quot;: &quot;SQLFeatureDisabledException&quot;&#10;  },&#10;  &quot;status&quot;: 400&#10;}" type="org.opensearch.client.ResponseException">org.opensearch.client.ResponseException: method [POST], host [http://127.0.0.1:61803], URI [/_plugins/_sql?format=json], status line [HTTP/1.1 400 Bad Request]
</failure>
  </testcase>
  <testcase name="countAggWithWhereOnParentOrNested" classname="org.opensearch.sql.legacy.NestedFieldQueryIT" time="0.034">
    <failure message="org.opensearch.client.ResponseException: method [POST], host [http://127.0.0.1:61803], URI [/_plugins/_sql?format=json], status line [HTTP/1.1 400 Bad Request]&#10;{&#10;  &quot;error&quot;: {&#10;    &quot;reason&quot;: &quot;Invalid SQL query&quot;,&#10;    &quot;details&quot;: &quot;Query is unsupported in the new engine&quot;,&#10;    &quot;type&quot;: &quot;SQLFeatureDisabledException&quot;&#10;  },&#10;  &quot;status&quot;: 400&#10;}" type="org.opensearch.client.ResponseException">org.opensearch.client.ResponseException: method [POST], host [http://127.0.0.1:61803], URI [/_plugins/_sql?format=json], status line [HTTP/1.1 400 Bad Request]
</failure>
  </testcase>
  <system-out><![CDATA[[2023-01-16T23:16:20,556][INFO ][o.o.s.l.NestedFieldQueryIT] [countAggWithWhereOnParent] before test
]]></system-out>
  <system-err><![CDATA[REPRODUCE WITH: ./gradlew ':integ-test:integTest' --tests "org.opensearch.sql.legacy.NestedFieldQueryIT.countAggWithWhereOnParent" -Dtests.seed=160F64C51FACC80F -Dtests.security.manager=false -Dtests.locale=es-DO -Dtests.timezone=Atlantic/Stanley -Druntime.java=17
]]></system-err>
</testsuite>
<?xml version="1.0" encoding="UTF-8"?>
<testsuite name="org.opensearch.sql.legacy.ObjectFieldSelectIT" tests="5" skipped="0" failures="1" errors="0" timestamp="2023-01-17T02:16:22" hostname="Unused26-MacBook.local" time="0.647">
  <properties/>
  <testcase name="testSelectObjectFieldItself" classname="org.opensearch.sql.legacy.ObjectFieldSelectIT" time="0.347"/>
  <testcase name="testSelectObjectInnerFields" classname="org.opensearch.sql.legacy.ObjectFieldSelectIT" time="0.079"/>
  <testcase name="testSelectNestedFieldItself" classname="org.opensearch.sql.legacy.ObjectFieldSelectIT" time="0.071">
    <failure message="java.lang.RuntimeException: org.opensearch.client.ResponseException: method [POST], host [http://[::1]:61802], URI [/_plugins/_sql?format=jdbc], status line [HTTP/1.1 400 Bad Request]&#10;{&#10;  &quot;error&quot;: {&#10;    &quot;reason&quot;: &quot;Invalid SQL query&quot;,&#10;    &quot;details&quot;: &quot;Query is unsupported in the new engine&quot;,&#10;    &quot;type&quot;: &quot;SQLFeatureDisabledException&quot;&#10;  },&#10;  &quot;status&quot;: 400&#10;}" type="java.lang.RuntimeException">java.lang.RuntimeException: org.opensearch.client.ResponseException: method [POST], host [http://[::1]:61802], URI [/_plugins/_sql?format=jdbc], status line [HTTP/1.1 400 Bad Request]
</failure>
  </testcase>
  <testcase name="testSelectObjectFieldOfArrayValuesItself" classname="org.opensearch.sql.legacy.ObjectFieldSelectIT" time="0.072"/>
  <testcase name="testSelectObjectFieldOfArrayValuesInnerFields" classname="org.opensearch.sql.legacy.ObjectFieldSelectIT" time="0.076"/>
  <system-out><![CDATA[[2023-01-17T07:16:22,391][INFO ][o.o.s.l.ObjectFieldSelectIT] [testSelectObjectFieldItself] before test
]]></system-out>
  <system-err><![CDATA[REPRODUCE WITH: ./gradlew ':integ-test:integTest' --tests "org.opensearch.sql.legacy.ObjectFieldSelectIT.testSelectNestedFieldItself" -Dtests.seed=160F64C51FACC80F -Dtests.security.manager=false -Dtests.locale=sl-SI -Dtests.timezone=Asia/Ashkhabad -Druntime.java=17
]]></system-err>
</testsuite>
<?xml version="1.0" encoding="UTF-8"?>
<testsuite name="org.opensearch.sql.legacy.OrdinalAliasRewriterIT" tests="11" skipped="0" failures="0" errors="0" timestamp="2023-01-17T02:16:23" hostname="Unused26-MacBook.local" time="1.332">
  <properties/>
  <testcase name="selectFieldiWithBacticksAndTableAliasGroupByOrdinal" classname="org.opensearch.sql.legacy.OrdinalAliasRewriterIT" time="0.687"/>
  <testcase name="simpleGroupByOrdinal" classname="org.opensearch.sql.legacy.OrdinalAliasRewriterIT" time="0.073"/>
  <testcase name="simpleOrderByOrdinal" classname="org.opensearch.sql.legacy.OrdinalAliasRewriterIT" time="0.062"/>
  <testcase name="multipleOrderByOrdinal" classname="org.opensearch.sql.legacy.OrdinalAliasRewriterIT" time="0.063"/>
  <testcase name="multipleGroupByOrdinal" classname="org.opensearch.sql.legacy.OrdinalAliasRewriterIT" time="0.077"/>
  <testcase name="selectFieldiWithBacticksOrderByOrdinal" classname="org.opensearch.sql.legacy.OrdinalAliasRewriterIT" time="0.06"/>
  <testcase name="selectFieldiWithBacticksAndTableAliasOrderByOrdinal" classname="org.opensearch.sql.legacy.OrdinalAliasRewriterIT" time="0.061"/>
  <testcase name="explainSelectFieldiWithBacticksAndTableAliasOrderByOrdinal" classname="org.opensearch.sql.legacy.OrdinalAliasRewriterIT" time="0.046"/>
  <testcase name="explainSelectFieldiWithBacticksAndTableAliasGroupByOrdinal" classname="org.opensearch.sql.legacy.OrdinalAliasRewriterIT" time="0.049"/>
  <testcase name="selectFieldiWithBacticksAndTableAliasOrderByOrdinalAndNull" classname="org.opensearch.sql.legacy.OrdinalAliasRewriterIT" time="0.087"/>
  <testcase name="selectFieldiWithBacticksGroupByOrdinal" classname="org.opensearch.sql.legacy.OrdinalAliasRewriterIT" time="0.065"/>
  <system-out><![CDATA[[2023-01-16T17:16:23,255][INFO ][o.o.s.l.OrdinalAliasRewriterIT] [selectFieldiWithBacticksAndTableAliasGroupByOrdinal] before test
]]></system-out>
  <system-err><![CDATA[]]></system-err>
</testsuite>
<?xml version="1.0" encoding="UTF-8"?>
<testsuite name="org.opensearch.sql.legacy.PluginIT" tests="9" skipped="0" failures="2" errors="0" timestamp="2023-01-17T02:16:24" hostname="Unused26-MacBook.local" time="2.175">
  <properties/>
  <testcase name="sqlCombinedMixedSettingTest" classname="org.opensearch.sql.legacy.PluginIT" time="0.14"/>
  <testcase name="ignoreNonTransientNonPersistentSettingsTest" classname="org.opensearch.sql.legacy.PluginIT" time="0.136"/>
  <testcase name="nonRegisteredSQLSettingsThrowException" classname="org.opensearch.sql.legacy.PluginIT" time="0.12"/>
  <testcase name="ignoreNonSQLSettingsTest" classname="org.opensearch.sql.legacy.PluginIT" time="0.12"/>
  <testcase name="sqlCombinedSettingTest" classname="org.opensearch.sql.legacy.PluginIT" time="0.376"/>
  <testcase name="sqlTransientOnlySettingTest" classname="org.opensearch.sql.legacy.PluginIT" time="0.194"/>
  <testcase name="sqlDeleteSettingsTest" classname="org.opensearch.sql.legacy.PluginIT" time="0.164">
    <failure message="java.lang.AssertionError: {&quot;error&quot;:{&quot;reason&quot;:&quot;Invalid SQL query&quot;,&quot;details&quot;:&quot;Query is unsupported in the new engine&quot;,&quot;type&quot;:&quot;SQLFeatureDisabledException&quot;},&quot;status&quot;:400}" type="java.lang.AssertionError">java.lang.AssertionError: {&quot;error&quot;:{&quot;reason&quot;:&quot;Invalid SQL query&quot;,&quot;details&quot;:&quot;Query is unsupported in the new engine&quot;,&quot;type&quot;:&quot;SQLFeatureDisabledException&quot;},&quot;status&quot;:400}
</failure>
  </testcase>
  <testcase name="sqlEnableSettingsTest" classname="org.opensearch.sql.legacy.PluginIT" time="0.695">
    <failure message="org.opensearch.client.ResponseException: method [POST], host [http://[::1]:61802], URI [/_plugins/_sql?format=json], status line [HTTP/1.1 400 Bad Request]&#10;{&#10;  &quot;error&quot;: {&#10;    &quot;reason&quot;: &quot;Invalid SQL query&quot;,&#10;    &quot;details&quot;: &quot;Query is unsupported in the new engine&quot;,&#10;    &quot;type&quot;: &quot;SQLFeatureDisabledException&quot;&#10;  },&#10;  &quot;status&quot;: 400&#10;}" type="org.opensearch.client.ResponseException">org.opensearch.client.ResponseException: method [POST], host [http://[::1]:61802], URI [/_plugins/_sql?format=json], status line [HTTP/1.1 400 Bad Request]
</failure>
  </testcase>
  <testcase name="sqlPersistentOnlySettingTest" classname="org.opensearch.sql.legacy.PluginIT" time="0.226"/>
  <system-out><![CDATA[[2023-01-17T09:16:24,736][INFO ][o.o.s.l.PluginIT         ] [sqlCombinedMixedSettingTest] before test
]]></system-out>
  <system-err><![CDATA[REPRODUCE WITH: ./gradlew ':integ-test:integTest' --tests "org.opensearch.sql.legacy.PluginIT.sqlDeleteSettingsTest" -Dtests.seed=160F64C51FACC80F -Dtests.security.manager=false -Dtests.locale=en-SG -Dtests.timezone=Asia/Vientiane -Druntime.java=17
]]></system-err>
</testsuite>
<?xml version="1.0" encoding="UTF-8"?>
<testsuite name="org.opensearch.sql.legacy.PreparedStatementIT" tests="1" skipped="0" failures="1" errors="0" timestamp="2023-01-17T02:16:27" hostname="Unused26-MacBook.local" time="0.434">
  <properties/>
  <testcase name="testPreparedStatement" classname="org.opensearch.sql.legacy.PreparedStatementIT" time="0.434">
    <failure message="org.opensearch.client.ResponseException: method [POST], host [http://[::1]:61802], URI [/_plugins/_sql?format=json], status line [HTTP/1.1 400 Bad Request]&#10;{&#10;  &quot;error&quot;: {&#10;    &quot;reason&quot;: &quot;Invalid SQL query&quot;,&#10;    &quot;details&quot;: &quot;Query is unsupported in the new engine&quot;,&#10;    &quot;type&quot;: &quot;SQLFeatureDisabledException&quot;&#10;  },&#10;  &quot;status&quot;: 400&#10;}" type="org.opensearch.client.ResponseException">org.opensearch.client.ResponseException: method [POST], host [http://[::1]:61802], URI [/_plugins/_sql?format=json], status line [HTTP/1.1 400 Bad Request]
</failure>
  </testcase>
  <system-out><![CDATA[[2023-01-17T07:16:27,047][INFO ][o.o.s.l.PreparedStatementIT] [testPreparedStatement] before test
]]></system-out>
  <system-err><![CDATA[REPRODUCE WITH: ./gradlew ':integ-test:integTest' --tests "org.opensearch.sql.legacy.PreparedStatementIT.testPreparedStatement" -Dtests.seed=160F64C51FACC80F -Dtests.security.manager=false -Dtests.locale=es-AR -Dtests.timezone=Asia/Samarkand -Druntime.java=17
]]></system-err>
</testsuite>
<?xml version="1.0" encoding="UTF-8"?>
<testsuite name="org.opensearch.sql.legacy.PrettyFormatResponseIT" tests="30" skipped="3" failures="12" errors="0" timestamp="2023-01-17T02:16:27" hostname="Unused26-MacBook.local" time="2.963">
  <properties/>
  <testcase name="aggregationFunctionInHaving" classname="org.opensearch.sql.legacy.PrettyFormatResponseIT" time="1.466"/>
  <testcase name="selectAll" classname="org.opensearch.sql.legacy.PrettyFormatResponseIT" time="0.102"/>
  <testcase name="selectAllFromNestedWithoutFieldInFrom" classname="org.opensearch.sql.legacy.PrettyFormatResponseIT" time="0.071"/>
  <testcase name="joinQuery" classname="org.opensearch.sql.legacy.PrettyFormatResponseIT" time="0.043">
    <failure message="org.opensearch.client.ResponseException: method [POST], host [http://127.0.0.1:61803], URI [/_plugins/_sql?format=json&amp;format=jdbc], status line [HTTP/1.1 400 Bad Request]&#10;{&#10;  &quot;error&quot;: {&#10;    &quot;reason&quot;: &quot;Invalid SQL query&quot;,&#10;    &quot;details&quot;: &quot;Query is unsupported in the new engine&quot;,&#10;    &quot;type&quot;: &quot;SQLFeatureDisabledException&quot;&#10;  },&#10;  &quot;status&quot;: 400&#10;}" type="org.opensearch.client.ResponseException">org.opensearch.client.ResponseException: method [POST], host [http://127.0.0.1:61803], URI [/_plugins/_sql?format=json&amp;format=jdbc], status line [HTTP/1.1 400 Bad Request]
</failure>
  </testcase>
  <testcase name="selectNestedFieldWithWildcard" classname="org.opensearch.sql.legacy.PrettyFormatResponseIT" time="0.039">
    <failure message="org.opensearch.client.ResponseException: method [POST], host [http://127.0.0.1:61803], URI [/_plugins/_sql?format=json&amp;format=jdbc], status line [HTTP/1.1 400 Bad Request]&#10;{&#10;  &quot;error&quot;: {&#10;    &quot;reason&quot;: &quot;Invalid SQL query&quot;,&#10;    &quot;details&quot;: &quot;Query is unsupported in the new engine&quot;,&#10;    &quot;type&quot;: &quot;SQLFeatureDisabledException&quot;&#10;  },&#10;  &quot;status&quot;: 400&#10;}" type="org.opensearch.client.ResponseException">org.opensearch.client.ResponseException: method [POST], host [http://127.0.0.1:61803], URI [/_plugins/_sql?format=json&amp;format=jdbc], status line [HTTP/1.1 400 Bad Request]
</failure>
  </testcase>
  <testcase name="selectWithWhere" classname="org.opensearch.sql.legacy.PrettyFormatResponseIT" time="0.07"/>
  <testcase name="aggregationFunctionInSelect" classname="org.opensearch.sql.legacy.PrettyFormatResponseIT" time="0.063"/>
  <testcase name="indexWithMissingFields" classname="org.opensearch.sql.legacy.PrettyFormatResponseIT" time="0.117"/>
  <testcase name="fieldOrderOther" classname="org.opensearch.sql.legacy.PrettyFormatResponseIT" time="0.096"/>
  <testcase name="testSizeAndTotal" classname="org.opensearch.sql.legacy.PrettyFormatResponseIT" time="0.0">
    <skipped/>
  </testcase>
  <testcase name="selectAllFromNestedWithFieldInFrom" classname="org.opensearch.sql.legacy.PrettyFormatResponseIT" time="0.057">
    <failure message="org.opensearch.client.ResponseException: method [POST], host [http://127.0.0.1:61803], URI [/_plugins/_sql?format=json&amp;format=jdbc], status line [HTTP/1.1 400 Bad Request]&#10;{&#10;  &quot;error&quot;: {&#10;    &quot;reason&quot;: &quot;Invalid SQL query&quot;,&#10;    &quot;details&quot;: &quot;Query is unsupported in the new engine&quot;,&#10;    &quot;type&quot;: &quot;SQLFeatureDisabledException&quot;&#10;  },&#10;  &quot;status&quot;: 400&#10;}" type="org.opensearch.client.ResponseException">org.opensearch.client.ResponseException: method [POST], host [http://127.0.0.1:61803], URI [/_plugins/_sql?format=json&amp;format=jdbc], status line [HTTP/1.1 400 Bad Request]
</failure>
  </testcase>
  <testcase name="wrongIndexType" classname="org.opensearch.sql.legacy.PrettyFormatResponseIT" time="0.074">
    <failure message="org.opensearch.client.ResponseException: method [POST], host [http://127.0.0.1:61803], URI [/_plugins/_sql?format=json&amp;format=jdbc], status line [HTTP/1.1 400 Bad Request]&#10;{&#10;  &quot;error&quot;: {&#10;    &quot;reason&quot;: &quot;Invalid SQL query&quot;,&#10;    &quot;details&quot;: &quot;Query is unsupported in the new engine&quot;,&#10;    &quot;type&quot;: &quot;SQLFeatureDisabledException&quot;&#10;  },&#10;  &quot;status&quot;: 400&#10;}" type="org.opensearch.client.ResponseException">org.opensearch.client.ResponseException: method [POST], host [http://127.0.0.1:61803], URI [/_plugins/_sql?format=json&amp;format=jdbc], status line [HTTP/1.1 400 Bad Request]
</failure>
  </testcase>
  <testcase name="selectSpecificRegularFieldAndAllFromNestedWithFieldInFrom" classname="org.opensearch.sql.legacy.PrettyFormatResponseIT" time="0.047">
    <failure message="org.opensearch.client.ResponseException: method [POST], host [http://127.0.0.1:61803], URI [/_plugins/_sql?format=json&amp;format=jdbc], status line [HTTP/1.1 400 Bad Request]&#10;{&#10;  &quot;error&quot;: {&#10;    &quot;reason&quot;: &quot;Invalid SQL query&quot;,&#10;    &quot;details&quot;: &quot;Query is unsupported in the new engine&quot;,&#10;    &quot;type&quot;: &quot;SQLFeatureDisabledException&quot;&#10;  },&#10;  &quot;status&quot;: 400&#10;}" type="org.opensearch.client.ResponseException">org.opensearch.client.ResponseException: method [POST], host [http://127.0.0.1:61803], URI [/_plugins/_sql?format=json&amp;format=jdbc], status line [HTTP/1.1 400 Bad Request]
</failure>
  </testcase>
  <testcase name="selectScore" classname="org.opensearch.sql.legacy.PrettyFormatResponseIT" time="0.038">
    <failure message="org.opensearch.client.ResponseException: method [POST], host [http://127.0.0.1:61803], URI [/_plugins/_sql?format=json&amp;format=jdbc], status line [HTTP/1.1 400 Bad Request]&#10;{&#10;  &quot;error&quot;: {&#10;    &quot;reason&quot;: &quot;Invalid SQL query&quot;,&#10;    &quot;details&quot;: &quot;Query is unsupported in the new engine&quot;,&#10;    &quot;type&quot;: &quot;SQLFeatureDisabledException&quot;&#10;  },&#10;  &quot;status&quot;: 400&#10;}" type="org.opensearch.client.ResponseException">org.opensearch.client.ResponseException: method [POST], host [http://127.0.0.1:61803], URI [/_plugins/_sql?format=json&amp;format=jdbc], status line [HTTP/1.1 400 Bad Request]
</failure>
  </testcase>
  <testcase name="fieldsWithAlias" classname="org.opensearch.sql.legacy.PrettyFormatResponseIT" time="0.085"/>
  <testcase name="aggregationFunctionInSelectCaseCheck" classname="org.opensearch.sql.legacy.PrettyFormatResponseIT" time="0.0">
    <skipped/>
  </testcase>
  <testcase name="joinQueryWithObjectFieldInSelect" classname="org.opensearch.sql.legacy.PrettyFormatResponseIT" time="0.065">
    <failure message="org.opensearch.client.ResponseException: method [POST], host [http://127.0.0.1:61803], URI [/_plugins/_sql?format=json&amp;format=jdbc], status line [HTTP/1.1 400 Bad Request]&#10;{&#10;  &quot;error&quot;: {&#10;    &quot;reason&quot;: &quot;Invalid SQL query&quot;,&#10;    &quot;details&quot;: &quot;Query is unsupported in the new engine&quot;,&#10;    &quot;type&quot;: &quot;SQLFeatureDisabledException&quot;&#10;  },&#10;  &quot;status&quot;: 400&#10;}" type="org.opensearch.client.ResponseException">org.opensearch.client.ResponseException: method [POST], host [http://127.0.0.1:61803], URI [/_plugins/_sql?format=json&amp;format=jdbc], status line [HTTP/1.1 400 Bad Request]
</failure>
  </testcase>
  <testcase name="testSizeWithGroupBy" classname="org.opensearch.sql.legacy.PrettyFormatResponseIT" time="0.058"/>
  <testcase name="selectAllFromNestedWithMultipleFieldsInFrom" classname="org.opensearch.sql.legacy.PrettyFormatResponseIT" time="0.035">
    <failure message="org.opensearch.client.ResponseException: method [POST], host [http://127.0.0.1:61803], URI [/_plugins/_sql?format=json&amp;format=jdbc], status line [HTTP/1.1 400 Bad Request]&#10;{&#10;  &quot;error&quot;: {&#10;    &quot;reason&quot;: &quot;Invalid SQL query&quot;,&#10;    &quot;details&quot;: &quot;Query is unsupported in the new engine&quot;,&#10;    &quot;type&quot;: &quot;SQLFeatureDisabledException&quot;&#10;  },&#10;  &quot;status&quot;: 400&#10;}" type="org.opensearch.client.ResponseException">org.opensearch.client.ResponseException: method [POST], host [http://127.0.0.1:61803], URI [/_plugins/_sql?format=json&amp;format=jdbc], status line [HTTP/1.1 400 Bad Request]
</failure>
  </testcase>
  <testcase name="joinQueryWithAlias" classname="org.opensearch.sql.legacy.PrettyFormatResponseIT" time="0.041">
    <failure message="org.opensearch.client.ResponseException: method [POST], host [http://127.0.0.1:61803], URI [/_plugins/_sql?format=json&amp;format=jdbc], status line [HTTP/1.1 400 Bad Request]&#10;{&#10;  &quot;error&quot;: {&#10;    &quot;reason&quot;: &quot;Invalid SQL query&quot;,&#10;    &quot;details&quot;: &quot;Query is unsupported in the new engine&quot;,&#10;    &quot;type&quot;: &quot;SQLFeatureDisabledException&quot;&#10;  },&#10;  &quot;status&quot;: 400&#10;}" type="org.opensearch.client.ResponseException">org.opensearch.client.ResponseException: method [POST], host [http://127.0.0.1:61803], URI [/_plugins/_sql?format=json&amp;format=jdbc], status line [HTTP/1.1 400 Bad Request]
</failure>
  </testcase>
  <testcase name="selectNames" classname="org.opensearch.sql.legacy.PrettyFormatResponseIT" time="0.051"/>
  <testcase name="groupBySingleField" classname="org.opensearch.sql.legacy.PrettyFormatResponseIT" time="0.04"/>
  <testcase name="selectNestedFields" classname="org.opensearch.sql.legacy.PrettyFormatResponseIT" time="0.036">
    <failure message="org.opensearch.client.ResponseException: method [POST], host [http://127.0.0.1:61803], URI [/_plugins/_sql?format=json&amp;format=jdbc], status line [HTTP/1.1 400 Bad Request]&#10;{&#10;  &quot;error&quot;: {&#10;    &quot;reason&quot;: &quot;Invalid SQL query&quot;,&#10;    &quot;details&quot;: &quot;Query is unsupported in the new engine&quot;,&#10;    &quot;type&quot;: &quot;SQLFeatureDisabledException&quot;&#10;  },&#10;  &quot;status&quot;: 400&#10;}" type="org.opensearch.client.ResponseException">org.opensearch.client.ResponseException: method [POST], host [http://127.0.0.1:61803], URI [/_plugins/_sql?format=json&amp;format=jdbc], status line [HTTP/1.1 400 Bad Request]
</failure>
  </testcase>
  <testcase name="selectWrongField" classname="org.opensearch.sql.legacy.PrettyFormatResponseIT" time="0.0">
    <skipped/>
  </testcase>
  <testcase name="fieldOrder" classname="org.opensearch.sql.legacy.PrettyFormatResponseIT" time="0.039"/>
  <testcase name="aggregationFunctionInSelectNoGroupBy" classname="org.opensearch.sql.legacy.PrettyFormatResponseIT" time="0.039"/>
  <testcase name="joinQuerySelectOnlyOnOneTable" classname="org.opensearch.sql.legacy.PrettyFormatResponseIT" time="0.036">
    <failure message="org.opensearch.client.ResponseException: method [POST], host [http://127.0.0.1:61803], URI [/_plugins/_sql?format=json&amp;format=jdbc], status line [HTTP/1.1 400 Bad Request]&#10;{&#10;  &quot;error&quot;: {&#10;    &quot;reason&quot;: &quot;Invalid SQL query&quot;,&#10;    &quot;details&quot;: &quot;Query is unsupported in the new engine&quot;,&#10;    &quot;type&quot;: &quot;SQLFeatureDisabledException&quot;&#10;  },&#10;  &quot;status&quot;: 400&#10;}" type="org.opensearch.client.ResponseException">org.opensearch.client.ResponseException: method [POST], host [http://127.0.0.1:61803], URI [/_plugins/_sql?format=json&amp;format=jdbc], status line [HTTP/1.1 400 Bad Request]
</failure>
  </testcase>
  <testcase name="selectAllNestedFromNestedWithFieldInFrom" classname="org.opensearch.sql.legacy.PrettyFormatResponseIT" time="0.043">
    <failure message="org.opensearch.client.ResponseException: method [POST], host [http://127.0.0.1:61803], URI [/_plugins/_sql?format=json&amp;format=jdbc], status line [HTTP/1.1 400 Bad Request]&#10;{&#10;  &quot;error&quot;: {&#10;    &quot;reason&quot;: &quot;Invalid SQL query&quot;,&#10;    &quot;details&quot;: &quot;Query is unsupported in the new engine&quot;,&#10;    &quot;type&quot;: &quot;SQLFeatureDisabledException&quot;&#10;  },&#10;  &quot;status&quot;: 400&#10;}" type="org.opensearch.client.ResponseException">org.opensearch.client.ResponseException: method [POST], host [http://127.0.0.1:61803], URI [/_plugins/_sql?format=json&amp;format=jdbc], status line [HTTP/1.1 400 Bad Request]
</failure>
  </testcase>
  <testcase name="multipleAggregationFunctionsInSelect" classname="org.opensearch.sql.legacy.PrettyFormatResponseIT" time="0.048"/>
  <testcase name="groupByMultipleFields" classname="org.opensearch.sql.legacy.PrettyFormatResponseIT" time="0.052"/>
  <system-out><![CDATA[[2023-01-17T02:16:27,627][INFO ][o.o.s.l.PrettyFormatResponseIT] [aggregationFunctionInHaving] before test
]]></system-out>
  <system-err><![CDATA[REPRODUCE WITH: ./gradlew ':integ-test:integTest' --tests "org.opensearch.sql.legacy.PrettyFormatResponseIT.joinQuery" -Dtests.seed=160F64C51FACC80F -Dtests.security.manager=false -Dtests.locale=de -Dtests.timezone=Etc/GMT+0 -Druntime.java=17
]]></system-err>
</testsuite>
<?xml version="1.0" encoding="UTF-8"?>
<testsuite name="org.opensearch.sql.legacy.QueryFunctionsIT" tests="10" skipped="0" failures="9" errors="0" timestamp="2023-01-17T02:16:30" hostname="Unused26-MacBook.local" time="1.351">
  <properties/>
  <testcase name="numberLiteralInSelectField" classname="org.opensearch.sql.legacy.QueryFunctionsIT" time="1.034"/>
  <testcase name="matchQueryNestedField" classname="org.opensearch.sql.legacy.QueryFunctionsIT" time="0.037">
    <failure message="org.opensearch.client.ResponseException: method [POST], host [http://[::1]:61802], URI [/_plugins/_sql?format=json], status line [HTTP/1.1 400 Bad Request]&#10;{&#10;  &quot;error&quot;: {&#10;    &quot;reason&quot;: &quot;Invalid SQL query&quot;,&#10;    &quot;details&quot;: &quot;Query is unsupported in the new engine&quot;,&#10;    &quot;type&quot;: &quot;SQLFeatureDisabledException&quot;&#10;  },&#10;  &quot;status&quot;: 400&#10;}" type="org.opensearch.client.ResponseException">org.opensearch.client.ResponseException: method [POST], host [http://[::1]:61802], URI [/_plugins/_sql?format=json], status line [HTTP/1.1 400 Bad Request]
</failure>
  </testcase>
  <testcase name="scoreQueryWithNestedField" classname="org.opensearch.sql.legacy.QueryFunctionsIT" time="0.036">
    <failure message="org.opensearch.client.ResponseException: method [POST], host [http://127.0.0.1:61803], URI [/_plugins/_sql?format=json], status line [HTTP/1.1 400 Bad Request]&#10;{&#10;  &quot;error&quot;: {&#10;    &quot;reason&quot;: &quot;Invalid SQL query&quot;,&#10;    &quot;details&quot;: &quot;Query is unsupported in the new engine&quot;,&#10;    &quot;type&quot;: &quot;SQLFeatureDisabledException&quot;&#10;  },&#10;  &quot;status&quot;: 400&#10;}" type="org.opensearch.client.ResponseException">org.opensearch.client.ResponseException: method [POST], host [http://127.0.0.1:61803], URI [/_plugins/_sql?format=json], status line [HTTP/1.1 400 Bad Request]
</failure>
  </testcase>
  <testcase name="matchQueryRegularField" classname="org.opensearch.sql.legacy.QueryFunctionsIT" time="0.034">
    <failure message="org.opensearch.client.ResponseException: method [POST], host [http://[::1]:61802], URI [/_plugins/_sql?format=json], status line [HTTP/1.1 400 Bad Request]&#10;{&#10;  &quot;error&quot;: {&#10;    &quot;reason&quot;: &quot;Invalid SQL query&quot;,&#10;    &quot;details&quot;: &quot;Query is unsupported in the new engine&quot;,&#10;    &quot;type&quot;: &quot;SQLFeatureDisabledException&quot;&#10;  },&#10;  &quot;status&quot;: 400&#10;}" type="org.opensearch.client.ResponseException">org.opensearch.client.ResponseException: method [POST], host [http://[::1]:61802], URI [/_plugins/_sql?format=json], status line [HTTP/1.1 400 Bad Request]
</failure>
  </testcase>
  <testcase name="multiMatchQueryWildcardField" classname="org.opensearch.sql.legacy.QueryFunctionsIT" time="0.035">
    <failure message="org.opensearch.client.ResponseException: method [POST], host [http://127.0.0.1:61803], URI [/_plugins/_sql?format=json], status line [HTTP/1.1 400 Bad Request]&#10;{&#10;  &quot;error&quot;: {&#10;    &quot;reason&quot;: &quot;Invalid SQL query&quot;,&#10;    &quot;details&quot;: &quot;Query is unsupported in the new engine&quot;,&#10;    &quot;type&quot;: &quot;SQLFeatureDisabledException&quot;&#10;  },&#10;  &quot;status&quot;: 400&#10;}" type="org.opensearch.client.ResponseException">org.opensearch.client.ResponseException: method [POST], host [http://127.0.0.1:61803], URI [/_plugins/_sql?format=json], status line [HTTP/1.1 400 Bad Request]
</failure>
  </testcase>
  <testcase name="wildcardQuery" classname="org.opensearch.sql.legacy.QueryFunctionsIT" time="0.037">
    <failure message="org.opensearch.client.ResponseException: method [POST], host [http://[::1]:61802], URI [/_plugins/_sql?format=json], status line [HTTP/1.1 400 Bad Request]&#10;{&#10;  &quot;error&quot;: {&#10;    &quot;reason&quot;: &quot;Invalid SQL query&quot;,&#10;    &quot;details&quot;: &quot;Query is unsupported in the new engine&quot;,&#10;    &quot;type&quot;: &quot;SQLFeatureDisabledException&quot;&#10;  },&#10;  &quot;status&quot;: 400&#10;}" type="org.opensearch.client.ResponseException">org.opensearch.client.ResponseException: method [POST], host [http://[::1]:61802], URI [/_plugins/_sql?format=json], status line [HTTP/1.1 400 Bad Request]
</failure>
  </testcase>
  <testcase name="matchPhraseQuery" classname="org.opensearch.sql.legacy.QueryFunctionsIT" time="0.035">
    <failure message="org.opensearch.client.ResponseException: method [POST], host [http://127.0.0.1:61803], URI [/_plugins/_sql?format=json], status line [HTTP/1.1 400 Bad Request]&#10;{&#10;  &quot;error&quot;: {&#10;    &quot;reason&quot;: &quot;Invalid SQL query&quot;,&#10;    &quot;details&quot;: &quot;Query is unsupported in the new engine&quot;,&#10;    &quot;type&quot;: &quot;SQLFeatureDisabledException&quot;&#10;  },&#10;  &quot;status&quot;: 400&#10;}" type="org.opensearch.client.ResponseException">org.opensearch.client.ResponseException: method [POST], host [http://127.0.0.1:61803], URI [/_plugins/_sql?format=json], status line [HTTP/1.1 400 Bad Request]
</failure>
  </testcase>
  <testcase name="multiMatchQuerySingleField" classname="org.opensearch.sql.legacy.QueryFunctionsIT" time="0.034">
    <failure message="org.opensearch.client.ResponseException: method [POST], host [http://[::1]:61802], URI [/_plugins/_sql?format=json], status line [HTTP/1.1 400 Bad Request]&#10;{&#10;  &quot;error&quot;: {&#10;    &quot;reason&quot;: &quot;Invalid SQL query&quot;,&#10;    &quot;details&quot;: &quot;Query is unsupported in the new engine&quot;,&#10;    &quot;type&quot;: &quot;SQLFeatureDisabledException&quot;&#10;  },&#10;  &quot;status&quot;: 400&#10;}" type="org.opensearch.client.ResponseException">org.opensearch.client.ResponseException: method [POST], host [http://[::1]:61802], URI [/_plugins/_sql?format=json], status line [HTTP/1.1 400 Bad Request]
</failure>
  </testcase>
  <testcase name="query" classname="org.opensearch.sql.legacy.QueryFunctionsIT" time="0.034">
    <failure message="org.opensearch.client.ResponseException: method [POST], host [http://127.0.0.1:61803], URI [/_plugins/_sql?format=json], status line [HTTP/1.1 400 Bad Request]&#10;{&#10;  &quot;error&quot;: {&#10;    &quot;reason&quot;: &quot;Invalid SQL query&quot;,&#10;    &quot;details&quot;: &quot;Query is unsupported in the new engine&quot;,&#10;    &quot;type&quot;: &quot;SQLFeatureDisabledException&quot;&#10;  },&#10;  &quot;status&quot;: 400&#10;}" type="org.opensearch.client.ResponseException">org.opensearch.client.ResponseException: method [POST], host [http://127.0.0.1:61803], URI [/_plugins/_sql?format=json], status line [HTTP/1.1 400 Bad Request]
</failure>
  </testcase>
  <testcase name="scoreQuery" classname="org.opensearch.sql.legacy.QueryFunctionsIT" time="0.034">
    <failure message="org.opensearch.client.ResponseException: method [POST], host [http://[::1]:61802], URI [/_plugins/_sql?format=json], status line [HTTP/1.1 400 Bad Request]&#10;{&#10;  &quot;error&quot;: {&#10;    &quot;reason&quot;: &quot;Invalid SQL query&quot;,&#10;    &quot;details&quot;: &quot;Query is unsupported in the new engine&quot;,&#10;    &quot;type&quot;: &quot;SQLFeatureDisabledException&quot;&#10;  },&#10;  &quot;status&quot;: 400&#10;}" type="org.opensearch.client.ResponseException">org.opensearch.client.ResponseException: method [POST], host [http://[::1]:61802], URI [/_plugins/_sql?format=json], status line [HTTP/1.1 400 Bad Request]
</failure>
  </testcase>
  <system-out><![CDATA[[2023-01-17T03:16:30,993][INFO ][o.o.s.l.QueryFunctionsIT ] [numberLiteralInSelectField] before test
]]></system-out>
  <system-err><![CDATA[REPRODUCE WITH: ./gradlew ':integ-test:integTest' --tests "org.opensearch.sql.legacy.QueryFunctionsIT.matchQueryNestedField" -Dtests.seed=160F64C51FACC80F -Dtests.security.manager=false -Dtests.locale=ar-MA -Dtests.timezone=Europe/Sarajevo -Druntime.java=17
]]></system-err>
</testsuite>
<?xml version="1.0" encoding="UTF-8"?>
<testsuite name="org.opensearch.sql.legacy.QueryIT" tests="107" skipped="17" failures="82" errors="0" timestamp="2023-01-17T02:16:32" hostname="Unused26-MacBook.local" time="10.741">
  <properties/>
  <testcase name="testMultiPartWhere" classname="org.opensearch.sql.legacy.QueryIT" time="5.84">
    <failure message="org.opensearch.client.ResponseException: method [POST], host [http://127.0.0.1:61803], URI [/_plugins/_sql?format=json], status line [HTTP/1.1 400 Bad Request]&#10;{&#10;  &quot;error&quot;: {&#10;    &quot;reason&quot;: &quot;Invalid SQL query&quot;,&#10;    &quot;details&quot;: &quot;Query is unsupported in the new engine&quot;,&#10;    &quot;type&quot;: &quot;SQLFeatureDisabledException&quot;&#10;  },&#10;  &quot;status&quot;: 400&#10;}" type="org.opensearch.client.ResponseException">org.opensearch.client.ResponseException: method [POST], host [http://127.0.0.1:61803], URI [/_plugins/_sql?format=json], status line [HTTP/1.1 400 Bad Request]
</failure>
  </testcase>
  <testcase name="testMultiPartWhere3" classname="org.opensearch.sql.legacy.QueryIT" time="0.056">
    <failure message="org.opensearch.client.ResponseException: method [POST], host [http://127.0.0.1:61803], URI [/_plugins/_sql?format=json], status line [HTTP/1.1 400 Bad Request]&#10;{&#10;  &quot;error&quot;: {&#10;    &quot;reason&quot;: &quot;Invalid SQL query&quot;,&#10;    &quot;details&quot;: &quot;Query is unsupported in the new engine&quot;,&#10;    &quot;type&quot;: &quot;SQLFeatureDisabledException&quot;&#10;  },&#10;  &quot;status&quot;: 400&#10;}" type="org.opensearch.client.ResponseException">org.opensearch.client.ResponseException: method [POST], host [http://127.0.0.1:61803], URI [/_plugins/_sql?format=json], status line [HTTP/1.1 400 Bad Request]
</failure>
  </testcase>
  <testcase name="selectFieldWithAliasAndGroupBy" classname="org.opensearch.sql.legacy.QueryIT" time="0.08"/>
  <testcase name="idsQuerySubQueryIds" classname="org.opensearch.sql.legacy.QueryIT" time="0.0">
    <skipped/>
  </testcase>
  <testcase name="escapedCharactersCheck" classname="org.opensearch.sql.legacy.QueryIT" time="0.0">
    <skipped/>
  </testcase>
  <testcase name="orderByAscFieldWithSpaceTest" classname="org.opensearch.sql.legacy.QueryIT" time="0.045">
    <failure message="org.opensearch.client.ResponseException: method [POST], host [http://127.0.0.1:61803], URI [/_plugins/_sql?format=json], status line [HTTP/1.1 400 Bad Request]&#10;{&#10;  &quot;error&quot;: {&#10;    &quot;reason&quot;: &quot;Invalid SQL query&quot;,&#10;    &quot;details&quot;: &quot;Query is unsupported in the new engine&quot;,&#10;    &quot;type&quot;: &quot;SQLFeatureDisabledException&quot;&#10;  },&#10;  &quot;status&quot;: 400&#10;}" type="org.opensearch.client.ResponseException">org.opensearch.client.ResponseException: method [POST], host [http://127.0.0.1:61803], URI [/_plugins/_sql?format=json], status line [HTTP/1.1 400 Bad Request]
</failure>
  </testcase>
  <testcase name="functionCallWithIllegalScriptShouldThrowESExceptionInJdbc" classname="org.opensearch.sql.legacy.QueryIT" time="0.0">
    <skipped/>
  </testcase>
  <testcase name="twoSubQueriesTest" classname="org.opensearch.sql.legacy.QueryIT" time="0.0">
    <skipped/>
  </testcase>
  <testcase name="doubleNotTest" classname="org.opensearch.sql.legacy.QueryIT" time="0.042">
    <failure message="org.opensearch.client.ResponseException: method [POST], host [http://127.0.0.1:61803], URI [/_plugins/_sql?format=json], status line [HTTP/1.1 400 Bad Request]&#10;{&#10;  &quot;error&quot;: {&#10;    &quot;reason&quot;: &quot;Invalid SQL query&quot;,&#10;    &quot;details&quot;: &quot;Query is unsupported in the new engine&quot;,&#10;    &quot;type&quot;: &quot;SQLFeatureDisabledException&quot;&#10;  },&#10;  &quot;status&quot;: 400&#10;}" type="org.opensearch.client.ResponseException">org.opensearch.client.ResponseException: method [POST], host [http://127.0.0.1:61803], URI [/_plugins/_sql?format=json], status line [HTTP/1.1 400 Bad Request]
</failure>
  </testcase>
  <testcase name="nestedEqualsTestFieldNormalField" classname="org.opensearch.sql.legacy.QueryIT" time="0.039">
    <failure message="org.opensearch.client.ResponseException: method [POST], host [http://127.0.0.1:61803], URI [/_plugins/_sql?format=json], status line [HTTP/1.1 400 Bad Request]&#10;{&#10;  &quot;error&quot;: {&#10;    &quot;reason&quot;: &quot;Invalid SQL query&quot;,&#10;    &quot;details&quot;: &quot;Query is unsupported in the new engine&quot;,&#10;    &quot;type&quot;: &quot;SQLFeatureDisabledException&quot;&#10;  },&#10;  &quot;status&quot;: 400&#10;}" type="org.opensearch.client.ResponseException">org.opensearch.client.ResponseException: method [POST], host [http://127.0.0.1:61803], URI [/_plugins/_sql?format=json], status line [HTTP/1.1 400 Bad Request]
</failure>
  </testcase>
  <testcase name="nestedOnInQuery" classname="org.opensearch.sql.legacy.QueryIT" time="0.0">
    <skipped/>
  </testcase>
  <testcase name="functionInCaseFieldShouldThrowESExceptionDueToIllegalScriptInJdbc" classname="org.opensearch.sql.legacy.QueryIT" time="0.0">
    <skipped/>
  </testcase>
  <testcase name="notBetweenTest" classname="org.opensearch.sql.legacy.QueryIT" time="0.047">
    <failure message="org.opensearch.client.ResponseException: method [POST], host [http://127.0.0.1:61803], URI [/_plugins/_sql?format=json], status line [HTTP/1.1 400 Bad Request]&#10;{&#10;  &quot;error&quot;: {&#10;    &quot;reason&quot;: &quot;Invalid SQL query&quot;,&#10;    &quot;details&quot;: &quot;Query is unsupported in the new engine&quot;,&#10;    &quot;type&quot;: &quot;SQLFeatureDisabledException&quot;&#10;  },&#10;  &quot;status&quot;: 400&#10;}" type="org.opensearch.client.ResponseException">org.opensearch.client.ResponseException: method [POST], host [http://127.0.0.1:61803], URI [/_plugins/_sql?format=json], status line [HTTP/1.1 400 Bad Request]
</failure>
  </testcase>
  <testcase name="selectSpecificFieldsUsingTableAlias" classname="org.opensearch.sql.legacy.QueryIT" time="0.046">
    <failure message="org.opensearch.client.ResponseException: method [POST], host [http://127.0.0.1:61803], URI [/_plugins/_sql?format=json], status line [HTTP/1.1 400 Bad Request]&#10;{&#10;  &quot;error&quot;: {&#10;    &quot;reason&quot;: &quot;Invalid SQL query&quot;,&#10;    &quot;details&quot;: &quot;Query is unsupported in the new engine&quot;,&#10;    &quot;type&quot;: &quot;SQLFeatureDisabledException&quot;&#10;  },&#10;  &quot;status&quot;: 400&#10;}" type="org.opensearch.client.ResponseException">org.opensearch.client.ResponseException: method [POST], host [http://127.0.0.1:61803], URI [/_plugins/_sql?format=json], status line [HTTP/1.1 400 Bad Request]
</failure>
  </testcase>
  <testcase name="notInTest" classname="org.opensearch.sql.legacy.QueryIT" time="0.047">
    <failure message="org.opensearch.client.ResponseException: method [POST], host [http://127.0.0.1:61803], URI [/_plugins/_sql?format=json], status line [HTTP/1.1 400 Bad Request]&#10;{&#10;  &quot;error&quot;: {&#10;    &quot;reason&quot;: &quot;Invalid SQL query&quot;,&#10;    &quot;details&quot;: &quot;Query is unsupported in the new engine&quot;,&#10;    &quot;type&quot;: &quot;SQLFeatureDisabledException&quot;&#10;  },&#10;  &quot;status&quot;: 400&#10;}" type="org.opensearch.client.ResponseException">org.opensearch.client.ResponseException: method [POST], host [http://127.0.0.1:61803], URI [/_plugins/_sql?format=json], status line [HTTP/1.1 400 Bad Request]
</failure>
  </testcase>
  <testcase name="notMissFilterSearch" classname="org.opensearch.sql.legacy.QueryIT" time="0.044">
    <failure message="org.opensearch.client.ResponseException: method [POST], host [http://127.0.0.1:61803], URI [/_plugins/_sql?format=json], status line [HTTP/1.1 400 Bad Request]&#10;{&#10;  &quot;error&quot;: {&#10;    &quot;reason&quot;: &quot;Invalid SQL query&quot;,&#10;    &quot;details&quot;: &quot;Query is unsupported in the new engine&quot;,&#10;    &quot;type&quot;: &quot;SQLFeatureDisabledException&quot;&#10;  },&#10;  &quot;status&quot;: 400&#10;}" type="org.opensearch.client.ResponseException">org.opensearch.client.ResponseException: method [POST], host [http://127.0.0.1:61803], URI [/_plugins/_sql?format=json], status line [HTTP/1.1 400 Bad Request]
</failure>
  </testcase>
  <testcase name="caseWhenSwitchTest" classname="org.opensearch.sql.legacy.QueryIT" time="0.042">
    <failure message="org.opensearch.client.ResponseException: method [POST], host [http://127.0.0.1:61803], URI [/_plugins/_sql?format=json], status line [HTTP/1.1 400 Bad Request]&#10;{&#10;  &quot;error&quot;: {&#10;    &quot;reason&quot;: &quot;Invalid SQL query&quot;,&#10;    &quot;details&quot;: &quot;Query is unsupported in the new engine&quot;,&#10;    &quot;type&quot;: &quot;SQLFeatureDisabledException&quot;&#10;  },&#10;  &quot;status&quot;: 400&#10;}" type="org.opensearch.client.ResponseException">org.opensearch.client.ResponseException: method [POST], host [http://127.0.0.1:61803], URI [/_plugins/_sql?format=json], status line [HTTP/1.1 400 Bad Request]
</failure>
  </testcase>
  <testcase name="termQueryWithNumber" classname="org.opensearch.sql.legacy.QueryIT" time="0.038">
    <failure message="org.opensearch.client.ResponseException: method [POST], host [http://127.0.0.1:61803], URI [/_plugins/_sql?format=json], status line [HTTP/1.1 400 Bad Request]&#10;{&#10;  &quot;error&quot;: {&#10;    &quot;reason&quot;: &quot;Invalid SQL query&quot;,&#10;    &quot;details&quot;: &quot;Query is unsupported in the new engine&quot;,&#10;    &quot;type&quot;: &quot;SQLFeatureDisabledException&quot;&#10;  },&#10;  &quot;status&quot;: 400&#10;}" type="org.opensearch.client.ResponseException">org.opensearch.client.ResponseException: method [POST], host [http://127.0.0.1:61803], URI [/_plugins/_sql?format=json], status line [HTTP/1.1 400 Bad Request]
</failure>
  </testcase>
  <testcase name="notLikeTest" classname="org.opensearch.sql.legacy.QueryIT" time="0.048">
    <failure message="org.opensearch.client.ResponseException: method [POST], host [http://127.0.0.1:61803], URI [/_plugins/_sql?format=json], status line [HTTP/1.1 400 Bad Request]&#10;{&#10;  &quot;error&quot;: {&#10;    &quot;reason&quot;: &quot;Invalid SQL query&quot;,&#10;    &quot;details&quot;: &quot;Query is unsupported in the new engine&quot;,&#10;    &quot;type&quot;: &quot;SQLFeatureDisabledException&quot;&#10;  },&#10;  &quot;status&quot;: 400&#10;}" type="org.opensearch.client.ResponseException">org.opensearch.client.ResponseException: method [POST], host [http://127.0.0.1:61803], URI [/_plugins/_sql?format=json], status line [HTTP/1.1 400 Bad Request]
</failure>
  </testcase>
  <testcase name="complexConditionQuery" classname="org.opensearch.sql.legacy.QueryIT" time="0.097">
    <failure message="org.opensearch.client.ResponseException: method [POST], host [http://127.0.0.1:61803], URI [/_plugins/_sql?format=json], status line [HTTP/1.1 400 Bad Request]&#10;{&#10;  &quot;error&quot;: {&#10;    &quot;reason&quot;: &quot;Invalid SQL query&quot;,&#10;    &quot;details&quot;: &quot;Query is unsupported in the new engine&quot;,&#10;    &quot;type&quot;: &quot;SQLFeatureDisabledException&quot;&#10;  },&#10;  &quot;status&quot;: 400&#10;}" type="org.opensearch.client.ResponseException">org.opensearch.client.ResponseException: method [POST], host [http://127.0.0.1:61803], URI [/_plugins/_sql?format=json], status line [HTTP/1.1 400 Bad Request]
</failure>
  </testcase>
  <testcase name="functionArgWithNullValueFieldShouldThrowESExceptionInJdbc" classname="org.opensearch.sql.legacy.QueryIT" time="0.0">
    <skipped/>
  </testcase>
  <testcase name="termQueryWithStringLiteral" classname="org.opensearch.sql.legacy.QueryIT" time="0.091">
    <failure message="org.opensearch.client.ResponseException: method [POST], host [http://127.0.0.1:61803], URI [/_plugins/_sql?format=json], status line [HTTP/1.1 400 Bad Request]&#10;{&#10;  &quot;error&quot;: {&#10;    &quot;reason&quot;: &quot;Invalid SQL query&quot;,&#10;    &quot;details&quot;: &quot;Query is unsupported in the new engine&quot;,&#10;    &quot;type&quot;: &quot;SQLFeatureDisabledException&quot;&#10;  },&#10;  &quot;status&quot;: 400&#10;}" type="org.opensearch.client.ResponseException">org.opensearch.client.ResponseException: method [POST], host [http://127.0.0.1:61803], URI [/_plugins/_sql?format=json], status line [HTTP/1.1 400 Bad Request]
</failure>
  </testcase>
  <testcase name="backticksQuotedIndexNameTest" classname="org.opensearch.sql.legacy.QueryIT" time="0.0">
    <skipped/>
  </testcase>
  <testcase name="queryWithAtFieldOnWhere" classname="org.opensearch.sql.legacy.QueryIT" time="0.0">
    <skipped/>
  </testcase>
  <testcase name="queryEndWithSemiColonTest" classname="org.opensearch.sql.legacy.QueryIT" time="0.1"/>
  <testcase name="caseWhenJdbcResponseTest" classname="org.opensearch.sql.legacy.QueryIT" time="0.103"/>
  <testcase name="selectFieldWithSpace" classname="org.opensearch.sql.legacy.QueryIT" time="0.05">
    <failure message="org.opensearch.client.ResponseException: method [POST], host [http://127.0.0.1:61803], URI [/_plugins/_sql?format=json], status line [HTTP/1.1 400 Bad Request]&#10;{&#10;  &quot;error&quot;: {&#10;    &quot;reason&quot;: &quot;Invalid SQL query&quot;,&#10;    &quot;details&quot;: &quot;Query is unsupported in the new engine&quot;,&#10;    &quot;type&quot;: &quot;SQLFeatureDisabledException&quot;&#10;  },&#10;  &quot;status&quot;: 400&#10;}" type="org.opensearch.client.ResponseException">org.opensearch.client.ResponseException: method [POST], host [http://127.0.0.1:61803], URI [/_plugins/_sql?format=json], status line [HTTP/1.1 400 Bad Request]
</failure>
  </testcase>
  <testcase name="dateSearchBraces" classname="org.opensearch.sql.legacy.QueryIT" time="0.095">
    <failure message="org.opensearch.client.ResponseException: method [POST], host [http://127.0.0.1:61803], URI [/_plugins/_sql?format=json], status line [HTTP/1.1 400 Bad Request]&#10;{&#10;  &quot;error&quot;: {&#10;    &quot;reason&quot;: &quot;Invalid SQL query&quot;,&#10;    &quot;details&quot;: &quot;Query is unsupported in the new engine&quot;,&#10;    &quot;type&quot;: &quot;SQLFeatureDisabledException&quot;&#10;  },&#10;  &quot;status&quot;: 400&#10;}" type="org.opensearch.client.ResponseException">org.opensearch.client.ResponseException: method [POST], host [http://127.0.0.1:61803], URI [/_plugins/_sql?format=json], status line [HTTP/1.1 400 Bad Request]
</failure>
  </testcase>
  <testcase name="selectAllWithFieldReverseOrder" classname="org.opensearch.sql.legacy.QueryIT" time="0.072">
    <failure message="org.opensearch.client.ResponseException: method [POST], host [http://127.0.0.1:61803], URI [/_plugins/_sql?format=json], status line [HTTP/1.1 400 Bad Request]&#10;{&#10;  &quot;error&quot;: {&#10;    &quot;reason&quot;: &quot;Invalid SQL query&quot;,&#10;    &quot;details&quot;: &quot;Query is unsupported in the new engine&quot;,&#10;    &quot;type&quot;: &quot;SQLFeatureDisabledException&quot;&#10;  },&#10;  &quot;status&quot;: 400&#10;}" type="org.opensearch.client.ResponseException">org.opensearch.client.ResponseException: method [POST], host [http://127.0.0.1:61803], URI [/_plugins/_sql?format=json], status line [HTTP/1.1 400 Bad Request]
</failure>
  </testcase>
  <testcase name="backticksQuotedFieldNamesTest" classname="org.opensearch.sql.legacy.QueryIT" time="0.142"/>
  <testcase name="orderByAscTest" classname="org.opensearch.sql.legacy.QueryIT" time="0.064">
    <failure message="org.opensearch.client.ResponseException: method [POST], host [http://[::1]:61802], URI [/_plugins/_sql?format=json], status line [HTTP/1.1 400 Bad Request]&#10;{&#10;  &quot;error&quot;: {&#10;    &quot;reason&quot;: &quot;Invalid SQL query&quot;,&#10;    &quot;details&quot;: &quot;Query is unsupported in the new engine&quot;,&#10;    &quot;type&quot;: &quot;SQLFeatureDisabledException&quot;&#10;  },&#10;  &quot;status&quot;: 400&#10;}" type="org.opensearch.client.ResponseException">org.opensearch.client.ResponseException: method [POST], host [http://[::1]:61802], URI [/_plugins/_sql?format=json], status line [HTTP/1.1 400 Bad Request]
</failure>
  </testcase>
  <testcase name="complexNestedQueryBothOnSameObject" classname="org.opensearch.sql.legacy.QueryIT" time="0.091">
    <failure message="org.opensearch.client.ResponseException: method [POST], host [http://[::1]:61802], URI [/_plugins/_sql?format=json], status line [HTTP/1.1 400 Bad Request]&#10;{&#10;  &quot;error&quot;: {&#10;    &quot;reason&quot;: &quot;Invalid SQL query&quot;,&#10;    &quot;details&quot;: &quot;Query is unsupported in the new engine&quot;,&#10;    &quot;type&quot;: &quot;SQLFeatureDisabledException&quot;&#10;  },&#10;  &quot;status&quot;: 400&#10;}" type="org.opensearch.client.ResponseException">org.opensearch.client.ResponseException: method [POST], host [http://[::1]:61802], URI [/_plugins/_sql?format=json], status line [HTTP/1.1 400 Bad Request]
</failure>
  </testcase>
  <testcase name="selectSpecificFieldsUsingTableNamePrefix" classname="org.opensearch.sql.legacy.QueryIT" time="0.11">
    <failure message="org.opensearch.client.ResponseException: method [POST], host [http://[::1]:61802], URI [/_plugins/_sql?format=json], status line [HTTP/1.1 400 Bad Request]&#10;{&#10;  &quot;error&quot;: {&#10;    &quot;reason&quot;: &quot;Invalid SQL query&quot;,&#10;    &quot;details&quot;: &quot;Query is unsupported in the new engine&quot;,&#10;    &quot;type&quot;: &quot;SQLFeatureDisabledException&quot;&#10;  },&#10;  &quot;status&quot;: 400&#10;}" type="org.opensearch.client.ResponseException">org.opensearch.client.ResponseException: method [POST], host [http://[::1]:61802], URI [/_plugins/_sql?format=json], status line [HTTP/1.1 400 Bad Request]
</failure>
  </testcase>
  <testcase name="equalityTest" classname="org.opensearch.sql.legacy.QueryIT" time="0.049">
    <failure message="org.opensearch.client.ResponseException: method [POST], host [http://[::1]:61802], URI [/_plugins/_sql?format=json], status line [HTTP/1.1 400 Bad Request]&#10;{&#10;  &quot;error&quot;: {&#10;    &quot;reason&quot;: &quot;Invalid SQL query&quot;,&#10;    &quot;details&quot;: &quot;Query is unsupported in the new engine&quot;,&#10;    &quot;type&quot;: &quot;SQLFeatureDisabledException&quot;&#10;  },&#10;  &quot;status&quot;: 400&#10;}" type="org.opensearch.client.ResponseException">org.opensearch.client.ResponseException: method [POST], host [http://[::1]:61802], URI [/_plugins/_sql?format=json], status line [HTTP/1.1 400 Bad Request]
</failure>
  </testcase>
  <testcase name="highlightPreTagsAndPostTags" classname="org.opensearch.sql.legacy.QueryIT" time="0.041">
    <failure message="org.opensearch.client.ResponseException: method [POST], host [http://[::1]:61802], URI [/_plugins/_sql?format=json], status line [HTTP/1.1 400 Bad Request]&#10;{&#10;  &quot;error&quot;: {&#10;    &quot;reason&quot;: &quot;Invalid SQL query&quot;,&#10;    &quot;details&quot;: &quot;Query is unsupported in the new engine&quot;,&#10;    &quot;type&quot;: &quot;SQLFeatureDisabledException&quot;&#10;  },&#10;  &quot;status&quot;: 400&#10;}" type="org.opensearch.client.ResponseException">org.opensearch.client.ResponseException: method [POST], host [http://[::1]:61802], URI [/_plugins/_sql?format=json], status line [HTTP/1.1 400 Bad Request]
</failure>
  </testcase>
  <testcase name="multipleFromTest" classname="org.opensearch.sql.legacy.QueryIT" time="0.038">
    <failure message="org.opensearch.client.ResponseException: method [POST], host [http://[::1]:61802], URI [/_plugins/_sql?format=json], status line [HTTP/1.1 400 Bad Request]&#10;{&#10;  &quot;error&quot;: {&#10;    &quot;reason&quot;: &quot;Invalid SQL query&quot;,&#10;    &quot;details&quot;: &quot;Query is unsupported in the new engine&quot;,&#10;    &quot;type&quot;: &quot;SQLFeatureDisabledException&quot;&#10;  },&#10;  &quot;status&quot;: 400&#10;}" type="org.opensearch.client.ResponseException">org.opensearch.client.ResponseException: method [POST], host [http://[::1]:61802], URI [/_plugins/_sql?format=json], status line [HTTP/1.1 400 Bad Request]
</failure>
  </testcase>
  <testcase name="nestedOnInTermsQuery" classname="org.opensearch.sql.legacy.QueryIT" time="0.045">
    <failure message="org.opensearch.client.ResponseException: method [POST], host [http://[::1]:61802], URI [/_plugins/_sql?format=json], status line [HTTP/1.1 400 Bad Request]&#10;{&#10;  &quot;error&quot;: {&#10;    &quot;reason&quot;: &quot;Invalid SQL query&quot;,&#10;    &quot;details&quot;: &quot;Query is unsupported in the new engine&quot;,&#10;    &quot;type&quot;: &quot;SQLFeatureDisabledException&quot;&#10;  },&#10;  &quot;status&quot;: 400&#10;}" type="org.opensearch.client.ResponseException">org.opensearch.client.ResponseException: method [POST], host [http://[::1]:61802], URI [/_plugins/_sql?format=json], status line [HTTP/1.1 400 Bad Request]
</failure>
  </testcase>
  <testcase name="notUseTableAliasInWhereClauseTest" classname="org.opensearch.sql.legacy.QueryIT" time="0.045">
    <failure message="org.opensearch.client.ResponseException: method [POST], host [http://[::1]:61802], URI [/_plugins/_sql?format=json], status line [HTTP/1.1 400 Bad Request]&#10;{&#10;  &quot;error&quot;: {&#10;    &quot;reason&quot;: &quot;Invalid SQL query&quot;,&#10;    &quot;details&quot;: &quot;Query is unsupported in the new engine&quot;,&#10;    &quot;type&quot;: &quot;SQLFeatureDisabledException&quot;&#10;  },&#10;  &quot;status&quot;: 400&#10;}" type="org.opensearch.client.ResponseException">org.opensearch.client.ResponseException: method [POST], host [http://[::1]:61802], URI [/_plugins/_sql?format=json], status line [HTTP/1.1 400 Bad Request]
</failure>
  </testcase>
  <testcase name="regexQueryTest" classname="org.opensearch.sql.legacy.QueryIT" time="0.046">
    <failure message="org.opensearch.client.ResponseException: method [POST], host [http://[::1]:61802], URI [/_plugins/_sql?format=json], status line [HTTP/1.1 400 Bad Request]&#10;{&#10;  &quot;error&quot;: {&#10;    &quot;reason&quot;: &quot;Invalid SQL query&quot;,&#10;    &quot;details&quot;: &quot;Query is unsupported in the new engine&quot;,&#10;    &quot;type&quot;: &quot;SQLFeatureDisabledException&quot;&#10;  },&#10;  &quot;status&quot;: 400&#10;}" type="org.opensearch.client.ResponseException">org.opensearch.client.ResponseException: method [POST], host [http://[::1]:61802], URI [/_plugins/_sql?format=json], status line [HTTP/1.1 400 Bad Request]
</failure>
  </testcase>
  <testcase name="inTestWithStrings" classname="org.opensearch.sql.legacy.QueryIT" time="0.04">
    <failure message="org.opensearch.client.ResponseException: method [POST], host [http://[::1]:61802], URI [/_plugins/_sql?format=json], status line [HTTP/1.1 400 Bad Request]&#10;{&#10;  &quot;error&quot;: {&#10;    &quot;reason&quot;: &quot;Invalid SQL query&quot;,&#10;    &quot;details&quot;: &quot;Query is unsupported in the new engine&quot;,&#10;    &quot;type&quot;: &quot;SQLFeatureDisabledException&quot;&#10;  },&#10;  &quot;status&quot;: 400&#10;}" type="org.opensearch.client.ResponseException">org.opensearch.client.ResponseException: method [POST], host [http://[::1]:61802], URI [/_plugins/_sql?format=json], status line [HTTP/1.1 400 Bad Request]
</failure>
  </testcase>
  <testcase name="testWhereWithBoolIsNotTrue" classname="org.opensearch.sql.legacy.QueryIT" time="0.047">
    <failure message="org.opensearch.client.ResponseException: method [POST], host [http://[::1]:61802], URI [/_plugins/_sql?format=json], status line [HTTP/1.1 400 Bad Request]&#10;{&#10;  &quot;error&quot;: {&#10;    &quot;reason&quot;: &quot;Invalid SQL query&quot;,&#10;    &quot;details&quot;: &quot;Query is unsupported in the new engine&quot;,&#10;    &quot;type&quot;: &quot;SQLFeatureDisabledException&quot;&#10;  },&#10;  &quot;status&quot;: 400&#10;}" type="org.opensearch.client.ResponseException">org.opensearch.client.ResponseException: method [POST], host [http://[::1]:61802], URI [/_plugins/_sql?format=json], status line [HTTP/1.1 400 Bad Request]
</failure>
  </testcase>
  <testcase name="selectAllWithFieldAndOrderBy" classname="org.opensearch.sql.legacy.QueryIT" time="0.042">
    <failure message="org.opensearch.client.ResponseException: method [POST], host [http://[::1]:61802], URI [/_plugins/_sql?format=json], status line [HTTP/1.1 400 Bad Request]&#10;{&#10;  &quot;error&quot;: {&#10;    &quot;reason&quot;: &quot;Invalid SQL query&quot;,&#10;    &quot;details&quot;: &quot;Query is unsupported in the new engine&quot;,&#10;    &quot;type&quot;: &quot;SQLFeatureDisabledException&quot;&#10;  },&#10;  &quot;status&quot;: 400&#10;}" type="org.opensearch.client.ResponseException">org.opensearch.client.ResponseException: method [POST], host [http://[::1]:61802], URI [/_plugins/_sql?format=json], status line [HTTP/1.1 400 Bad Request]
</failure>
  </testcase>
  <testcase name="selectAllWithFieldReturnsAll" classname="org.opensearch.sql.legacy.QueryIT" time="0.041">
    <failure message="org.opensearch.client.ResponseException: method [POST], host [http://[::1]:61802], URI [/_plugins/_sql?format=json], status line [HTTP/1.1 400 Bad Request]&#10;{&#10;  &quot;error&quot;: {&#10;    &quot;reason&quot;: &quot;Invalid SQL query&quot;,&#10;    &quot;details&quot;: &quot;Query is unsupported in the new engine&quot;,&#10;    &quot;type&quot;: &quot;SQLFeatureDisabledException&quot;&#10;  },&#10;  &quot;status&quot;: 400&#10;}" type="org.opensearch.client.ResponseException">org.opensearch.client.ResponseException: method [POST], host [http://[::1]:61802], URI [/_plugins/_sql?format=json], status line [HTTP/1.1 400 Bad Request]
</failure>
  </testcase>
  <testcase name="geoPolygon" classname="org.opensearch.sql.legacy.QueryIT" time="0.041">
    <failure message="org.opensearch.client.ResponseException: method [POST], host [http://[::1]:61802], URI [/_plugins/_sql?format=json], status line [HTTP/1.1 400 Bad Request]&#10;{&#10;  &quot;error&quot;: {&#10;    &quot;reason&quot;: &quot;Invalid SQL query&quot;,&#10;    &quot;details&quot;: &quot;Query is unsupported in the new engine&quot;,&#10;    &quot;type&quot;: &quot;SQLFeatureDisabledException&quot;&#10;  },&#10;  &quot;status&quot;: 400&#10;}" type="org.opensearch.client.ResponseException">org.opensearch.client.ResponseException: method [POST], host [http://[::1]:61802], URI [/_plugins/_sql?format=json], status line [HTTP/1.1 400 Bad Request]
</failure>
  </testcase>
  <testcase name="selectAllWithMultipleFields" classname="org.opensearch.sql.legacy.QueryIT" time="0.049">
    <failure message="org.opensearch.client.ResponseException: method [POST], host [http://[::1]:61802], URI [/_plugins/_sql?format=json], status line [HTTP/1.1 400 Bad Request]&#10;{&#10;  &quot;error&quot;: {&#10;    &quot;reason&quot;: &quot;Invalid SQL query&quot;,&#10;    &quot;details&quot;: &quot;Query is unsupported in the new engine&quot;,&#10;    &quot;type&quot;: &quot;SQLFeatureDisabledException&quot;&#10;  },&#10;  &quot;status&quot;: 400&#10;}" type="org.opensearch.client.ResponseException">org.opensearch.client.ResponseException: method [POST], host [http://[::1]:61802], URI [/_plugins/_sql?format=json], status line [HTTP/1.1 400 Bad Request]
</failure>
  </testcase>
  <testcase name="complexObjectReturnField" classname="org.opensearch.sql.legacy.QueryIT" time="0.042">
    <failure message="org.opensearch.client.ResponseException: method [POST], host [http://[::1]:61802], URI [/_plugins/_sql?format=json], status line [HTTP/1.1 400 Bad Request]&#10;{&#10;  &quot;error&quot;: {&#10;    &quot;reason&quot;: &quot;Invalid SQL query&quot;,&#10;    &quot;details&quot;: &quot;Query is unsupported in the new engine&quot;,&#10;    &quot;type&quot;: &quot;SQLFeatureDisabledException&quot;&#10;  },&#10;  &quot;status&quot;: 400&#10;}" type="org.opensearch.client.ResponseException">org.opensearch.client.ResponseException: method [POST], host [http://[::1]:61802], URI [/_plugins/_sql?format=json], status line [HTTP/1.1 400 Bad Request]
</failure>
  </testcase>
  <testcase name="testMultiPartWhere2" classname="org.opensearch.sql.legacy.QueryIT" time="0.039">
    <failure message="org.opensearch.client.ResponseException: method [POST], host [http://[::1]:61802], URI [/_plugins/_sql?format=json], status line [HTTP/1.1 400 Bad Request]&#10;{&#10;  &quot;error&quot;: {&#10;    &quot;reason&quot;: &quot;Invalid SQL query&quot;,&#10;    &quot;details&quot;: &quot;Query is unsupported in the new engine&quot;,&#10;    &quot;type&quot;: &quot;SQLFeatureDisabledException&quot;&#10;  },&#10;  &quot;status&quot;: 400&#10;}" type="org.opensearch.client.ResponseException">org.opensearch.client.ResponseException: method [POST], host [http://[::1]:61802], URI [/_plugins/_sql?format=json], status line [HTTP/1.1 400 Bad Request]
</failure>
  </testcase>
  <testcase name="testWhereWithBoolIsNotFalse" classname="org.opensearch.sql.legacy.QueryIT" time="0.044">
    <failure message="org.opensearch.client.ResponseException: method [POST], host [http://[::1]:61802], URI [/_plugins/_sql?format=json], status line [HTTP/1.1 400 Bad Request]&#10;{&#10;  &quot;error&quot;: {&#10;    &quot;reason&quot;: &quot;Invalid SQL query&quot;,&#10;    &quot;details&quot;: &quot;Query is unsupported in the new engine&quot;,&#10;    &quot;type&quot;: &quot;SQLFeatureDisabledException&quot;&#10;  },&#10;  &quot;status&quot;: 400&#10;}" type="org.opensearch.client.ResponseException">org.opensearch.client.ResponseException: method [POST], host [http://[::1]:61802], URI [/_plugins/_sql?format=json], status line [HTTP/1.1 400 Bad Request]
</failure>
  </testcase>
  <testcase name="greaterThanTest" classname="org.opensearch.sql.legacy.QueryIT" time="0.048">
    <failure message="org.opensearch.client.ResponseException: method [POST], host [http://[::1]:61802], URI [/_plugins/_sql?format=json], status line [HTTP/1.1 400 Bad Request]&#10;{&#10;  &quot;error&quot;: {&#10;    &quot;reason&quot;: &quot;Invalid SQL query&quot;,&#10;    &quot;details&quot;: &quot;Query is unsupported in the new engine&quot;,&#10;    &quot;type&quot;: &quot;SQLFeatureDisabledException&quot;&#10;  },&#10;  &quot;status&quot;: 400&#10;}" type="org.opensearch.client.ResponseException">org.opensearch.client.ResponseException: method [POST], host [http://[::1]:61802], URI [/_plugins/_sql?format=json], status line [HTTP/1.1 400 Bad Request]
</failure>
  </testcase>
  <testcase name="useTableNamePrefixInWhereClauseTest" classname="org.opensearch.sql.legacy.QueryIT" time="0.046">
    <failure message="org.opensearch.client.ResponseException: method [POST], host [http://[::1]:61802], URI [/_plugins/_sql?format=json], status line [HTTP/1.1 400 Bad Request]&#10;{&#10;  &quot;error&quot;: {&#10;    &quot;reason&quot;: &quot;Invalid SQL query&quot;,&#10;    &quot;details&quot;: &quot;Query is unsupported in the new engine&quot;,&#10;    &quot;type&quot;: &quot;SQLFeatureDisabledException&quot;&#10;  },&#10;  &quot;status&quot;: 400&#10;}" type="org.opensearch.client.ResponseException">org.opensearch.client.ResponseException: method [POST], host [http://[::1]:61802], URI [/_plugins/_sql?format=json], status line [HTTP/1.1 400 Bad Request]
</failure>
  </testcase>
  <testcase name="testWhereWithBoolEqualsFalseAndOrderBy" classname="org.opensearch.sql.legacy.QueryIT" time="0.04">
    <failure message="org.opensearch.client.ResponseException: method [POST], host [http://[::1]:61802], URI [/_plugins/_sql?format=json], status line [HTTP/1.1 400 Bad Request]&#10;{&#10;  &quot;error&quot;: {&#10;    &quot;reason&quot;: &quot;Invalid SQL query&quot;,&#10;    &quot;details&quot;: &quot;Query is unsupported in the new engine&quot;,&#10;    &quot;type&quot;: &quot;SQLFeatureDisabledException&quot;&#10;  },&#10;  &quot;status&quot;: 400&#10;}" type="org.opensearch.client.ResponseException">org.opensearch.client.ResponseException: method [POST], host [http://[::1]:61802], URI [/_plugins/_sql?format=json], status line [HTTP/1.1 400 Bad Request]
</failure>
  </testcase>
  <testcase name="scriptFilterWithParams" classname="org.opensearch.sql.legacy.QueryIT" time="0.0">
    <skipped/>
  </testcase>
  <testcase name="isNotNullTest" classname="org.opensearch.sql.legacy.QueryIT" time="0.038">
    <failure message="org.opensearch.client.ResponseException: method [POST], host [http://[::1]:61802], URI [/_plugins/_sql?format=json], status line [HTTP/1.1 400 Bad Request]&#10;{&#10;  &quot;error&quot;: {&#10;    &quot;reason&quot;: &quot;Invalid SQL query&quot;,&#10;    &quot;details&quot;: &quot;Query is unsupported in the new engine&quot;,&#10;    &quot;type&quot;: &quot;SQLFeatureDisabledException&quot;&#10;  },&#10;  &quot;status&quot;: 400&#10;}" type="org.opensearch.client.ResponseException">org.opensearch.client.ResponseException: method [POST], host [http://[::1]:61802], URI [/_plugins/_sql?format=json], status line [HTTP/1.1 400 Bad Request]
</failure>
  </testcase>
  <testcase name="nestedEqualsTestFieldInsideArrays" classname="org.opensearch.sql.legacy.QueryIT" time="0.042">
    <failure message="org.opensearch.client.ResponseException: method [POST], host [http://[::1]:61802], URI [/_plugins/_sql?format=json], status line [HTTP/1.1 400 Bad Request]&#10;{&#10;  &quot;error&quot;: {&#10;    &quot;reason&quot;: &quot;Invalid SQL query&quot;,&#10;    &quot;details&quot;: &quot;Query is unsupported in the new engine&quot;,&#10;    &quot;type&quot;: &quot;SQLFeatureDisabledException&quot;&#10;  },&#10;  &quot;status&quot;: 400&#10;}" type="org.opensearch.client.ResponseException">org.opensearch.client.ResponseException: method [POST], host [http://[::1]:61802], URI [/_plugins/_sql?format=json], status line [HTTP/1.1 400 Bad Request]
</failure>
  </testcase>
  <testcase name="lessThanOrEqualTest" classname="org.opensearch.sql.legacy.QueryIT" time="0.045">
    <failure message="org.opensearch.client.ResponseException: method [POST], host [http://[::1]:61802], URI [/_plugins/_sql?format=json], status line [HTTP/1.1 400 Bad Request]&#10;{&#10;  &quot;error&quot;: {&#10;    &quot;reason&quot;: &quot;Invalid SQL query&quot;,&#10;    &quot;details&quot;: &quot;Query is unsupported in the new engine&quot;,&#10;    &quot;type&quot;: &quot;SQLFeatureDisabledException&quot;&#10;  },&#10;  &quot;status&quot;: 400&#10;}" type="org.opensearch.client.ResponseException">org.opensearch.client.ResponseException: method [POST], host [http://[::1]:61802], URI [/_plugins/_sql?format=json], status line [HTTP/1.1 400 Bad Request]
</failure>
  </testcase>
  <testcase name="complexObjectSearch" classname="org.opensearch.sql.legacy.QueryIT" time="0.045">
    <failure message="org.opensearch.client.ResponseException: method [POST], host [http://[::1]:61802], URI [/_plugins/_sql?format=json], status line [HTTP/1.1 400 Bad Request]&#10;{&#10;  &quot;error&quot;: {&#10;    &quot;reason&quot;: &quot;Invalid SQL query&quot;,&#10;    &quot;details&quot;: &quot;Query is unsupported in the new engine&quot;,&#10;    &quot;type&quot;: &quot;SQLFeatureDisabledException&quot;&#10;  },&#10;  &quot;status&quot;: 400&#10;}" type="org.opensearch.client.ResponseException">org.opensearch.client.ResponseException: method [POST], host [http://[::1]:61802], URI [/_plugins/_sql?format=json], status line [HTTP/1.1 400 Bad Request]
</failure>
  </testcase>
  <testcase name="greaterThanOrEqualTest" classname="org.opensearch.sql.legacy.QueryIT" time="0.046">
    <failure message="org.opensearch.client.ResponseException: method [POST], host [http://[::1]:61802], URI [/_plugins/_sql?format=json], status line [HTTP/1.1 400 Bad Request]&#10;{&#10;  &quot;error&quot;: {&#10;    &quot;reason&quot;: &quot;Invalid SQL query&quot;,&#10;    &quot;details&quot;: &quot;Query is unsupported in the new engine&quot;,&#10;    &quot;type&quot;: &quot;SQLFeatureDisabledException&quot;&#10;  },&#10;  &quot;status&quot;: 400&#10;}" type="org.opensearch.client.ResponseException">org.opensearch.client.ResponseException: method [POST], host [http://[::1]:61802], URI [/_plugins/_sql?format=json], status line [HTTP/1.1 400 Bad Request]
</failure>
  </testcase>
  <testcase name="equalityTestPhrase" classname="org.opensearch.sql.legacy.QueryIT" time="0.046">
    <failure message="org.opensearch.client.ResponseException: method [POST], host [http://[::1]:61802], URI [/_plugins/_sql?format=json], status line [HTTP/1.1 400 Bad Request]&#10;{&#10;  &quot;error&quot;: {&#10;    &quot;reason&quot;: &quot;Invalid SQL query&quot;,&#10;    &quot;details&quot;: &quot;Query is unsupported in the new engine&quot;,&#10;    &quot;type&quot;: &quot;SQLFeatureDisabledException&quot;&#10;  },&#10;  &quot;status&quot;: 400&#10;}" type="org.opensearch.client.ResponseException">org.opensearch.client.ResponseException: method [POST], host [http://[::1]:61802], URI [/_plugins/_sql?format=json], status line [HTTP/1.1 400 Bad Request]
</failure>
  </testcase>
  <testcase name="multipleIndicesOneNotExistWithoutHint" classname="org.opensearch.sql.legacy.QueryIT" time="0.065">
    <failure message="java.lang.AssertionError: &#10;Expected: a string containing &quot;\&quot;type\&quot;: \&quot;IndexNotFoundException\&quot;&quot;&#10;     but: was &quot;{  &quot;error&quot;: {    &quot;reason&quot;: &quot;Invalid SQL query&quot;,    &quot;details&quot;: &quot;Query is unsupported in the new engine&quot;,    &quot;type&quot;: &quot;SQLFeatureDisabledException&quot;  },  &quot;status&quot;: 400}&quot;" type="java.lang.AssertionError">java.lang.AssertionError: 
</failure>
  </testcase>
  <testcase name="dateSearch" classname="org.opensearch.sql.legacy.QueryIT" time="0.047">
    <failure message="org.opensearch.client.ResponseException: method [POST], host [http://[::1]:61802], URI [/_plugins/_sql?format=json], status line [HTTP/1.1 400 Bad Request]&#10;{&#10;  &quot;error&quot;: {&#10;    &quot;reason&quot;: &quot;Invalid SQL query&quot;,&#10;    &quot;details&quot;: &quot;Query is unsupported in the new engine&quot;,&#10;    &quot;type&quot;: &quot;SQLFeatureDisabledException&quot;&#10;  },&#10;  &quot;status&quot;: 400&#10;}" type="org.opensearch.client.ResponseException">org.opensearch.client.ResponseException: method [POST], host [http://[::1]:61802], URI [/_plugins/_sql?format=json], status line [HTTP/1.1 400 Bad Request]
</failure>
  </testcase>
  <testcase name="inTermsSubQueryTest" classname="org.opensearch.sql.legacy.QueryIT" time="0.0">
    <skipped/>
  </testcase>
  <testcase name="testWhereWithBoolEqualsFalseAndGroupBy" classname="org.opensearch.sql.legacy.QueryIT" time="0.042">
    <failure message="org.opensearch.client.ResponseException: method [POST], host [http://[::1]:61802], URI [/_plugins/_sql?format=json], status line [HTTP/1.1 400 Bad Request]&#10;{&#10;  &quot;error&quot;: {&#10;    &quot;reason&quot;: &quot;Invalid SQL query&quot;,&#10;    &quot;details&quot;: &quot;Query is unsupported in the new engine&quot;,&#10;    &quot;type&quot;: &quot;SQLFeatureDisabledException&quot;&#10;  },&#10;  &quot;status&quot;: 400&#10;}" type="org.opensearch.client.ResponseException">org.opensearch.client.ResponseException: method [POST], host [http://[::1]:61802], URI [/_plugins/_sql?format=json], status line [HTTP/1.1 400 Bad Request]
</failure>
  </testcase>
  <testcase name="orderByDescUsingTableAliasTest" classname="org.opensearch.sql.legacy.QueryIT" time="0.043">
    <failure message="org.opensearch.client.ResponseException: method [POST], host [http://[::1]:61802], URI [/_plugins/_sql?format=json], status line [HTTP/1.1 400 Bad Request]&#10;{&#10;  &quot;error&quot;: {&#10;    &quot;reason&quot;: &quot;Invalid SQL query&quot;,&#10;    &quot;details&quot;: &quot;Query is unsupported in the new engine&quot;,&#10;    &quot;type&quot;: &quot;SQLFeatureDisabledException&quot;&#10;  },&#10;  &quot;status&quot;: 400&#10;}" type="org.opensearch.client.ResponseException">org.opensearch.client.ResponseException: method [POST], host [http://[::1]:61802], URI [/_plugins/_sql?format=json], status line [HTTP/1.1 400 Bad Request]
</failure>
  </testcase>
  <testcase name="scriptFilterNoParams" classname="org.opensearch.sql.legacy.QueryIT" time="0.0">
    <skipped/>
  </testcase>
  <testcase name="lessThanTest" classname="org.opensearch.sql.legacy.QueryIT" time="0.046">
    <failure message="org.opensearch.client.ResponseException: method [POST], host [http://[::1]:61802], URI [/_plugins/_sql?format=json], status line [HTTP/1.1 400 Bad Request]&#10;{&#10;  &quot;error&quot;: {&#10;    &quot;reason&quot;: &quot;Invalid SQL query&quot;,&#10;    &quot;details&quot;: &quot;Query is unsupported in the new engine&quot;,&#10;    &quot;type&quot;: &quot;SQLFeatureDisabledException&quot;&#10;  },&#10;  &quot;status&quot;: 400&#10;}" type="org.opensearch.client.ResponseException">org.opensearch.client.ResponseException: method [POST], host [http://[::1]:61802], URI [/_plugins/_sql?format=json], status line [HTTP/1.1 400 Bad Request]
</failure>
  </testcase>
  <testcase name="andTest" classname="org.opensearch.sql.legacy.QueryIT" time="0.045">
    <failure message="org.opensearch.client.ResponseException: method [POST], host [http://[::1]:61802], URI [/_plugins/_sql?format=json], status line [HTTP/1.1 400 Bad Request]&#10;{&#10;  &quot;error&quot;: {&#10;    &quot;reason&quot;: &quot;Invalid SQL query&quot;,&#10;    &quot;details&quot;: &quot;Query is unsupported in the new engine&quot;,&#10;    &quot;type&quot;: &quot;SQLFeatureDisabledException&quot;&#10;  },&#10;  &quot;status&quot;: 400&#10;}" type="org.opensearch.client.ResponseException">org.opensearch.client.ResponseException: method [POST], host [http://[::1]:61802], URI [/_plugins/_sql?format=json], status line [HTTP/1.1 400 Bad Request]
</failure>
  </testcase>
  <testcase name="backticksQuotedAliasWithSpecialCharactersTest" classname="org.opensearch.sql.legacy.QueryIT" time="0.069"/>
  <testcase name="fieldCollapsingTest" classname="org.opensearch.sql.legacy.QueryIT" time="0.0">
    <skipped/>
  </testcase>
  <testcase name="selectAllWithFieldAndGroupBy" classname="org.opensearch.sql.legacy.QueryIT" time="0.045">
    <failure message="org.opensearch.client.ResponseException: method [POST], host [http://127.0.0.1:61803], URI [/_plugins/_sql?format=json], status line [HTTP/1.1 400 Bad Request]&#10;{&#10;  &quot;error&quot;: {&#10;    &quot;reason&quot;: &quot;Invalid SQL query&quot;,&#10;    &quot;details&quot;: &quot;Query is unsupported in the new engine&quot;,&#10;    &quot;type&quot;: &quot;SQLFeatureDisabledException&quot;&#10;  },&#10;  &quot;status&quot;: 400&#10;}" type="org.opensearch.client.ResponseException">org.opensearch.client.ResponseException: method [POST], host [http://127.0.0.1:61803], URI [/_plugins/_sql?format=json], status line [HTTP/1.1 400 Bad Request]
</failure>
  </testcase>
  <testcase name="useTableAliasInWhereClauseTest" classname="org.opensearch.sql.legacy.QueryIT" time="0.041">
    <failure message="org.opensearch.client.ResponseException: method [POST], host [http://127.0.0.1:61803], URI [/_plugins/_sql?format=json], status line [HTTP/1.1 400 Bad Request]&#10;{&#10;  &quot;error&quot;: {&#10;    &quot;reason&quot;: &quot;Invalid SQL query&quot;,&#10;    &quot;details&quot;: &quot;Query is unsupported in the new engine&quot;,&#10;    &quot;type&quot;: &quot;SQLFeatureDisabledException&quot;&#10;  },&#10;  &quot;status&quot;: 400&#10;}" type="org.opensearch.client.ResponseException">org.opensearch.client.ResponseException: method [POST], host [http://127.0.0.1:61803], URI [/_plugins/_sql?format=json], status line [HTTP/1.1 400 Bad Request]
</failure>
  </testcase>
  <testcase name="queryWithDotAtStartOfIndexName" classname="org.opensearch.sql.legacy.QueryIT" time="0.321"/>
  <testcase name="testWhereWithBoolEqualsFalse" classname="org.opensearch.sql.legacy.QueryIT" time="0.041">
    <failure message="org.opensearch.client.ResponseException: method [POST], host [http://127.0.0.1:61803], URI [/_plugins/_sql?format=json], status line [HTTP/1.1 400 Bad Request]&#10;{&#10;  &quot;error&quot;: {&#10;    &quot;reason&quot;: &quot;Invalid SQL query&quot;,&#10;    &quot;details&quot;: &quot;Query is unsupported in the new engine&quot;,&#10;    &quot;type&quot;: &quot;SQLFeatureDisabledException&quot;&#10;  },&#10;  &quot;status&quot;: 400&#10;}" type="org.opensearch.client.ResponseException">org.opensearch.client.ResponseException: method [POST], host [http://127.0.0.1:61803], URI [/_plugins/_sql?format=json], status line [HTTP/1.1 400 Bad Request]
</failure>
  </testcase>
  <testcase name="missFilterSearch" classname="org.opensearch.sql.legacy.QueryIT" time="0.039">
    <failure message="org.opensearch.client.ResponseException: method [POST], host [http://127.0.0.1:61803], URI [/_plugins/_sql?format=json], status line [HTTP/1.1 400 Bad Request]&#10;{&#10;  &quot;error&quot;: {&#10;    &quot;reason&quot;: &quot;Invalid SQL query&quot;,&#10;    &quot;details&quot;: &quot;Query is unsupported in the new engine&quot;,&#10;    &quot;type&quot;: &quot;SQLFeatureDisabledException&quot;&#10;  },&#10;  &quot;status&quot;: 400&#10;}" type="org.opensearch.client.ResponseException">org.opensearch.client.ResponseException: method [POST], host [http://127.0.0.1:61803], URI [/_plugins/_sql?format=json], status line [HTTP/1.1 400 Bad Request]
</failure>
  </testcase>
  <testcase name="selectAliases" classname="org.opensearch.sql.legacy.QueryIT" time="0.0">
    <skipped/>
  </testcase>
  <testcase name="innerQueryTest" classname="org.opensearch.sql.legacy.QueryIT" time="0.041">
    <failure message="org.opensearch.client.ResponseException: method [POST], host [http://127.0.0.1:61803], URI [/_plugins/_sql?format=json], status line [HTTP/1.1 400 Bad Request]&#10;{&#10;  &quot;error&quot;: {&#10;    &quot;reason&quot;: &quot;Invalid SQL query&quot;,&#10;    &quot;details&quot;: &quot;Query is unsupported in the new engine&quot;,&#10;    &quot;type&quot;: &quot;SQLFeatureDisabledException&quot;&#10;  },&#10;  &quot;status&quot;: 400&#10;}" type="org.opensearch.client.ResponseException">org.opensearch.client.ResponseException: method [POST], host [http://127.0.0.1:61803], URI [/_plugins/_sql?format=json], status line [HTTP/1.1 400 Bad Request]
</failure>
  </testcase>
  <testcase name="negativeRegexQueryTest" classname="org.opensearch.sql.legacy.QueryIT" time="0.079">
    <failure message="org.opensearch.client.ResponseException: method [POST], host [http://127.0.0.1:61803], URI [/_plugins/_sql?format=json], status line [HTTP/1.1 400 Bad Request]&#10;{&#10;  &quot;error&quot;: {&#10;    &quot;reason&quot;: &quot;Invalid SQL query&quot;,&#10;    &quot;details&quot;: &quot;Query is unsupported in the new engine&quot;,&#10;    &quot;type&quot;: &quot;SQLFeatureDisabledException&quot;&#10;  },&#10;  &quot;status&quot;: 400&#10;}" type="org.opensearch.client.ResponseException">org.opensearch.client.ResponseException: method [POST], host [http://127.0.0.1:61803], URI [/_plugins/_sql?format=json], status line [HTTP/1.1 400 Bad Request]
</failure>
  </testcase>
  <testcase name="inTermsTestWithStrings" classname="org.opensearch.sql.legacy.QueryIT" time="0.045">
    <failure message="org.opensearch.client.ResponseException: method [POST], host [http://127.0.0.1:61803], URI [/_plugins/_sql?format=json], status line [HTTP/1.1 400 Bad Request]&#10;{&#10;  &quot;error&quot;: {&#10;    &quot;reason&quot;: &quot;Invalid SQL query&quot;,&#10;    &quot;details&quot;: &quot;Query is unsupported in the new engine&quot;,&#10;    &quot;type&quot;: &quot;SQLFeatureDisabledException&quot;&#10;  },&#10;  &quot;status&quot;: 400&#10;}" type="org.opensearch.client.ResponseException">org.opensearch.client.ResponseException: method [POST], host [http://127.0.0.1:61803], URI [/_plugins/_sql?format=json], status line [HTTP/1.1 400 Bad Request]
</failure>
  </testcase>
  <testcase name="testWhereWithBoolIsTrue" classname="org.opensearch.sql.legacy.QueryIT" time="0.038">
    <failure message="org.opensearch.client.ResponseException: method [POST], host [http://127.0.0.1:61803], URI [/_plugins/_sql?format=json], status line [HTTP/1.1 400 Bad Request]&#10;{&#10;  &quot;error&quot;: {&#10;    &quot;reason&quot;: &quot;Invalid SQL query&quot;,&#10;    &quot;details&quot;: &quot;Query is unsupported in the new engine&quot;,&#10;    &quot;type&quot;: &quot;SQLFeatureDisabledException&quot;&#10;  },&#10;  &quot;status&quot;: 400&#10;}" type="org.opensearch.client.ResponseException">org.opensearch.client.ResponseException: method [POST], host [http://127.0.0.1:61803], URI [/_plugins/_sql?format=json], status line [HTTP/1.1 400 Bad Request]
</failure>
  </testcase>
  <testcase name="orderByDescTest" classname="org.opensearch.sql.legacy.QueryIT" time="0.042">
    <failure message="org.opensearch.client.ResponseException: method [POST], host [http://127.0.0.1:61803], URI [/_plugins/_sql?format=json], status line [HTTP/1.1 400 Bad Request]&#10;{&#10;  &quot;error&quot;: {&#10;    &quot;reason&quot;: &quot;Invalid SQL query&quot;,&#10;    &quot;details&quot;: &quot;Query is unsupported in the new engine&quot;,&#10;    &quot;type&quot;: &quot;SQLFeatureDisabledException&quot;&#10;  },&#10;  &quot;status&quot;: 400&#10;}" type="org.opensearch.client.ResponseException">org.opensearch.client.ResponseException: method [POST], host [http://127.0.0.1:61803], URI [/_plugins/_sql?format=json], status line [HTTP/1.1 400 Bad Request]
</failure>
  </testcase>
  <testcase name="complexNestedQueryNotBothOnSameObject" classname="org.opensearch.sql.legacy.QueryIT" time="0.047">
    <failure message="org.opensearch.client.ResponseException: method [POST], host [http://127.0.0.1:61803], URI [/_plugins/_sql?format=json], status line [HTTP/1.1 400 Bad Request]&#10;{&#10;  &quot;error&quot;: {&#10;    &quot;reason&quot;: &quot;Invalid SQL query&quot;,&#10;    &quot;details&quot;: &quot;Query is unsupported in the new engine&quot;,&#10;    &quot;type&quot;: &quot;SQLFeatureDisabledException&quot;&#10;  },&#10;  &quot;status&quot;: 400&#10;}" type="org.opensearch.client.ResponseException">org.opensearch.client.ResponseException: method [POST], host [http://127.0.0.1:61803], URI [/_plugins/_sql?format=json], status line [HTTP/1.1 400 Bad Request]
</failure>
  </testcase>
  <testcase name="betweenTest" classname="org.opensearch.sql.legacy.QueryIT" time="0.065">
    <failure message="org.opensearch.client.ResponseException: method [POST], host [http://127.0.0.1:61803], URI [/_plugins/_sql?format=json], status line [HTTP/1.1 400 Bad Request]&#10;{&#10;  &quot;error&quot;: {&#10;    &quot;reason&quot;: &quot;Invalid SQL query&quot;,&#10;    &quot;details&quot;: &quot;Query is unsupported in the new engine&quot;,&#10;    &quot;type&quot;: &quot;SQLFeatureDisabledException&quot;&#10;  },&#10;  &quot;status&quot;: 400&#10;}" type="org.opensearch.client.ResponseException">org.opensearch.client.ResponseException: method [POST], host [http://127.0.0.1:61803], URI [/_plugins/_sql?format=json], status line [HTTP/1.1 400 Bad Request]
</failure>
  </testcase>
  <testcase name="multipleIndicesOneNotExistWithHint" classname="org.opensearch.sql.legacy.QueryIT" time="0.0">
    <skipped/>
  </testcase>
  <testcase name="testWhereWithBoolEqualsTrueAndGroupBy" classname="org.opensearch.sql.legacy.QueryIT" time="0.043">
    <failure message="org.opensearch.client.ResponseException: method [POST], host [http://127.0.0.1:61803], URI [/_plugins/_sql?format=json], status line [HTTP/1.1 400 Bad Request]&#10;{&#10;  &quot;error&quot;: {&#10;    &quot;reason&quot;: &quot;Invalid SQL query&quot;,&#10;    &quot;details&quot;: &quot;Query is unsupported in the new engine&quot;,&#10;    &quot;type&quot;: &quot;SQLFeatureDisabledException&quot;&#10;  },&#10;  &quot;status&quot;: 400&#10;}" type="org.opensearch.client.ResponseException">org.opensearch.client.ResponseException: method [POST], host [http://127.0.0.1:61803], URI [/_plugins/_sql?format=json], status line [HTTP/1.1 400 Bad Request]
</failure>
  </testcase>
  <testcase name="termQueryWithStringIdentifier" classname="org.opensearch.sql.legacy.QueryIT" time="0.041">
    <failure message="org.opensearch.client.ResponseException: method [POST], host [http://127.0.0.1:61803], URI [/_plugins/_sql?format=json], status line [HTTP/1.1 400 Bad Request]&#10;{&#10;  &quot;error&quot;: {&#10;    &quot;reason&quot;: &quot;Invalid SQL query&quot;,&#10;    &quot;details&quot;: &quot;Query is unsupported in the new engine&quot;,&#10;    &quot;type&quot;: &quot;SQLFeatureDisabledException&quot;&#10;  },&#10;  &quot;status&quot;: 400&#10;}" type="org.opensearch.client.ResponseException">org.opensearch.client.ResponseException: method [POST], host [http://127.0.0.1:61803], URI [/_plugins/_sql?format=json], status line [HTTP/1.1 400 Bad Request]
</failure>
  </testcase>
  <testcase name="limitTest" classname="org.opensearch.sql.legacy.QueryIT" time="0.042">
    <failure message="org.opensearch.client.ResponseException: method [POST], host [http://127.0.0.1:61803], URI [/_plugins/_sql?format=json], status line [HTTP/1.1 400 Bad Request]&#10;{&#10;  &quot;error&quot;: {&#10;    &quot;reason&quot;: &quot;Invalid SQL query&quot;,&#10;    &quot;details&quot;: &quot;Query is unsupported in the new engine&quot;,&#10;    &quot;type&quot;: &quot;SQLFeatureDisabledException&quot;&#10;  },&#10;  &quot;status&quot;: 400&#10;}" type="org.opensearch.client.ResponseException">org.opensearch.client.ResponseException: method [POST], host [http://127.0.0.1:61803], URI [/_plugins/_sql?format=json], status line [HTTP/1.1 400 Bad Request]
</failure>
  </testcase>
  <testcase name="selectAllWithFieldAndGroupByReverseOrder" classname="org.opensearch.sql.legacy.QueryIT" time="0.041">
    <failure message="org.opensearch.client.ResponseException: method [POST], host [http://127.0.0.1:61803], URI [/_plugins/_sql?format=json], status line [HTTP/1.1 400 Bad Request]&#10;{&#10;  &quot;error&quot;: {&#10;    &quot;reason&quot;: &quot;Invalid SQL query&quot;,&#10;    &quot;details&quot;: &quot;Query is unsupported in the new engine&quot;,&#10;    &quot;type&quot;: &quot;SQLFeatureDisabledException&quot;&#10;  },&#10;  &quot;status&quot;: 400&#10;}" type="org.opensearch.client.ResponseException">org.opensearch.client.ResponseException: method [POST], host [http://127.0.0.1:61803], URI [/_plugins/_sql?format=json], status line [HTTP/1.1 400 Bad Request]
</failure>
  </testcase>
  <testcase name="dateBetweenSearch" classname="org.opensearch.sql.legacy.QueryIT" time="0.039">
    <failure message="org.opensearch.client.ResponseException: method [POST], host [http://127.0.0.1:61803], URI [/_plugins/_sql?format=json], status line [HTTP/1.1 400 Bad Request]&#10;{&#10;  &quot;error&quot;: {&#10;    &quot;reason&quot;: &quot;Invalid SQL query&quot;,&#10;    &quot;details&quot;: &quot;Query is unsupported in the new engine&quot;,&#10;    &quot;type&quot;: &quot;SQLFeatureDisabledException&quot;&#10;  },&#10;  &quot;status&quot;: 400&#10;}" type="org.opensearch.client.ResponseException">org.opensearch.client.ResponseException: method [POST], host [http://127.0.0.1:61803], URI [/_plugins/_sql?format=json], status line [HTTP/1.1 400 Bad Request]
</failure>
  </testcase>
  <testcase name="boundingBox" classname="org.opensearch.sql.legacy.QueryIT" time="0.042">
    <failure message="org.opensearch.client.ResponseException: method [POST], host [http://127.0.0.1:61803], URI [/_plugins/_sql?format=json], status line [HTTP/1.1 400 Bad Request]&#10;{&#10;  &quot;error&quot;: {&#10;    &quot;reason&quot;: &quot;Invalid SQL query&quot;,&#10;    &quot;details&quot;: &quot;Query is unsupported in the new engine&quot;,&#10;    &quot;type&quot;: &quot;SQLFeatureDisabledException&quot;&#10;  },&#10;  &quot;status&quot;: 400&#10;}" type="org.opensearch.client.ResponseException">org.opensearch.client.ResponseException: method [POST], host [http://127.0.0.1:61803], URI [/_plugins/_sql?format=json], status line [HTTP/1.1 400 Bad Request]
</failure>
  </testcase>
  <testcase name="backticksQuotedAliasInJDBCResponseTest" classname="org.opensearch.sql.legacy.QueryIT" time="0.044"/>
  <testcase name="orTest" classname="org.opensearch.sql.legacy.QueryIT" time="0.039">
    <failure message="org.opensearch.client.ResponseException: method [POST], host [http://127.0.0.1:61803], URI [/_plugins/_sql?format=json], status line [HTTP/1.1 400 Bad Request]&#10;{&#10;  &quot;error&quot;: {&#10;    &quot;reason&quot;: &quot;Invalid SQL query&quot;,&#10;    &quot;details&quot;: &quot;Query is unsupported in the new engine&quot;,&#10;    &quot;type&quot;: &quot;SQLFeatureDisabledException&quot;&#10;  },&#10;  &quot;status&quot;: 400&#10;}" type="org.opensearch.client.ResponseException">org.opensearch.client.ResponseException: method [POST], host [http://127.0.0.1:61803], URI [/_plugins/_sql?format=json], status line [HTTP/1.1 400 Bad Request]
</failure>
  </testcase>
  <testcase name="inTermsWithNumbers" classname="org.opensearch.sql.legacy.QueryIT" time="0.041">
    <failure message="org.opensearch.client.ResponseException: method [POST], host [http://127.0.0.1:61803], URI [/_plugins/_sql?format=json], status line [HTTP/1.1 400 Bad Request]&#10;{&#10;  &quot;error&quot;: {&#10;    &quot;reason&quot;: &quot;Invalid SQL query&quot;,&#10;    &quot;details&quot;: &quot;Query is unsupported in the new engine&quot;,&#10;    &quot;type&quot;: &quot;SQLFeatureDisabledException&quot;&#10;  },&#10;  &quot;status&quot;: 400&#10;}" type="org.opensearch.client.ResponseException">org.opensearch.client.ResponseException: method [POST], host [http://127.0.0.1:61803], URI [/_plugins/_sql?format=json], status line [HTTP/1.1 400 Bad Request]
</failure>
  </testcase>
  <testcase name="testWhereWithBoolIsFalse" classname="org.opensearch.sql.legacy.QueryIT" time="0.041">
    <failure message="org.opensearch.client.ResponseException: method [POST], host [http://127.0.0.1:61803], URI [/_plugins/_sql?format=json], status line [HTTP/1.1 400 Bad Request]&#10;{&#10;  &quot;error&quot;: {&#10;    &quot;reason&quot;: &quot;Invalid SQL query&quot;,&#10;    &quot;details&quot;: &quot;Query is unsupported in the new engine&quot;,&#10;    &quot;type&quot;: &quot;SQLFeatureDisabledException&quot;&#10;  },&#10;  &quot;status&quot;: 400&#10;}" type="org.opensearch.client.ResponseException">org.opensearch.client.ResponseException: method [POST], host [http://127.0.0.1:61803], URI [/_plugins/_sql?format=json], status line [HTTP/1.1 400 Bad Request]
</failure>
  </testcase>
  <testcase name="idsQueryOneId" classname="org.opensearch.sql.legacy.QueryIT" time="0.0">
    <skipped/>
  </testcase>
  <testcase name="notLikeTests" classname="org.opensearch.sql.legacy.QueryIT" time="0.047">
    <failure message="org.opensearch.client.ResponseException: method [POST], host [http://127.0.0.1:61803], URI [/_plugins/_sql?format=json], status line [HTTP/1.1 400 Bad Request]&#10;{&#10;  &quot;error&quot;: {&#10;    &quot;reason&quot;: &quot;Invalid SQL query&quot;,&#10;    &quot;details&quot;: &quot;Query is unsupported in the new engine&quot;,&#10;    &quot;type&quot;: &quot;SQLFeatureDisabledException&quot;&#10;  },&#10;  &quot;status&quot;: 400&#10;}" type="org.opensearch.client.ResponseException">org.opensearch.client.ResponseException: method [POST], host [http://127.0.0.1:61803], URI [/_plugins/_sql?format=json], status line [HTTP/1.1 400 Bad Request]
</failure>
  </testcase>
  <testcase name="complexNotConditionQuery" classname="org.opensearch.sql.legacy.QueryIT" time="0.044">
    <failure message="org.opensearch.client.ResponseException: method [POST], host [http://127.0.0.1:61803], URI [/_plugins/_sql?format=json], status line [HTTP/1.1 400 Bad Request]&#10;{&#10;  &quot;error&quot;: {&#10;    &quot;reason&quot;: &quot;Invalid SQL query&quot;,&#10;    &quot;details&quot;: &quot;Query is unsupported in the new engine&quot;,&#10;    &quot;type&quot;: &quot;SQLFeatureDisabledException&quot;&#10;  },&#10;  &quot;status&quot;: 400&#10;}" type="org.opensearch.client.ResponseException">org.opensearch.client.ResponseException: method [POST], host [http://127.0.0.1:61803], URI [/_plugins/_sql?format=json], status line [HTTP/1.1 400 Bad Request]
</failure>
  </testcase>
  <testcase name="inTermsTestWithIdentifiersTreatedLikeStrings" classname="org.opensearch.sql.legacy.QueryIT" time="0.046">
    <failure message="org.opensearch.client.ResponseException: method [POST], host [http://127.0.0.1:61803], URI [/_plugins/_sql?format=json], status line [HTTP/1.1 400 Bad Request]&#10;{&#10;  &quot;error&quot;: {&#10;    &quot;reason&quot;: &quot;Invalid SQL query&quot;,&#10;    &quot;details&quot;: &quot;Query is unsupported in the new engine&quot;,&#10;    &quot;type&quot;: &quot;SQLFeatureDisabledException&quot;&#10;  },&#10;  &quot;status&quot;: 400&#10;}" type="org.opensearch.client.ResponseException">org.opensearch.client.ResponseException: method [POST], host [http://127.0.0.1:61803], URI [/_plugins/_sql?format=json], status line [HTTP/1.1 400 Bad Request]
</failure>
  </testcase>
  <testcase name="searchTypeTest" classname="org.opensearch.sql.legacy.QueryIT" time="0.046">
    <failure message="org.opensearch.client.ResponseException: method [POST], host [http://127.0.0.1:61803], URI [/_plugins/_sql?format=json], status line [HTTP/1.1 400 Bad Request]&#10;{&#10;  &quot;error&quot;: {&#10;    &quot;reason&quot;: &quot;Invalid SQL query&quot;,&#10;    &quot;details&quot;: &quot;Query is unsupported in the new engine&quot;,&#10;    &quot;type&quot;: &quot;SQLFeatureDisabledException&quot;&#10;  },&#10;  &quot;status&quot;: 400&#10;}" type="org.opensearch.client.ResponseException">org.opensearch.client.ResponseException: method [POST], host [http://127.0.0.1:61803], URI [/_plugins/_sql?format=json], status line [HTTP/1.1 400 Bad Request]
</failure>
  </testcase>
  <testcase name="testWhereWithBoolEqualsTrue" classname="org.opensearch.sql.legacy.QueryIT" time="0.056">
    <failure message="org.opensearch.client.ResponseException: method [POST], host [http://127.0.0.1:61803], URI [/_plugins/_sql?format=json], status line [HTTP/1.1 400 Bad Request]&#10;{&#10;  &quot;error&quot;: {&#10;    &quot;reason&quot;: &quot;Invalid SQL query&quot;,&#10;    &quot;details&quot;: &quot;Query is unsupported in the new engine&quot;,&#10;    &quot;type&quot;: &quot;SQLFeatureDisabledException&quot;&#10;  },&#10;  &quot;status&quot;: 400&#10;}" type="org.opensearch.client.ResponseException">org.opensearch.client.ResponseException: method [POST], host [http://127.0.0.1:61803], URI [/_plugins/_sql?format=json], status line [HTTP/1.1 400 Bad Request]
</failure>
  </testcase>
  <testcase name="selectSpecificFields" classname="org.opensearch.sql.legacy.QueryIT" time="0.043">
    <failure message="org.opensearch.client.ResponseException: method [POST], host [http://127.0.0.1:61803], URI [/_plugins/_sql?format=json], status line [HTTP/1.1 400 Bad Request]&#10;{&#10;  &quot;error&quot;: {&#10;    &quot;reason&quot;: &quot;Invalid SQL query&quot;,&#10;    &quot;details&quot;: &quot;Query is unsupported in the new engine&quot;,&#10;    &quot;type&quot;: &quot;SQLFeatureDisabledException&quot;&#10;  },&#10;  &quot;status&quot;: 400&#10;}" type="org.opensearch.client.ResponseException">org.opensearch.client.ResponseException: method [POST], host [http://127.0.0.1:61803], URI [/_plugins/_sql?format=json], status line [HTTP/1.1 400 Bad Request]
</failure>
  </testcase>
  <testcase name="inTest" classname="org.opensearch.sql.legacy.QueryIT" time="0.04">
    <failure message="org.opensearch.client.ResponseException: method [POST], host [http://127.0.0.1:61803], URI [/_plugins/_sql?format=json], status line [HTTP/1.1 400 Bad Request]&#10;{&#10;  &quot;error&quot;: {&#10;    &quot;reason&quot;: &quot;Invalid SQL query&quot;,&#10;    &quot;details&quot;: &quot;Query is unsupported in the new engine&quot;,&#10;    &quot;type&quot;: &quot;SQLFeatureDisabledException&quot;&#10;  },&#10;  &quot;status&quot;: 400&#10;}" type="org.opensearch.client.ResponseException">org.opensearch.client.ResponseException: method [POST], host [http://127.0.0.1:61803], URI [/_plugins/_sql?format=json], status line [HTTP/1.1 400 Bad Request]
</failure>
  </testcase>
  <testcase name="isNullTest" classname="org.opensearch.sql.legacy.QueryIT" time="0.038">
    <failure message="org.opensearch.client.ResponseException: method [POST], host [http://127.0.0.1:61803], URI [/_plugins/_sql?format=json], status line [HTTP/1.1 400 Bad Request]&#10;{&#10;  &quot;error&quot;: {&#10;    &quot;reason&quot;: &quot;Invalid SQL query&quot;,&#10;    &quot;details&quot;: &quot;Query is unsupported in the new engine&quot;,&#10;    &quot;type&quot;: &quot;SQLFeatureDisabledException&quot;&#10;  },&#10;  &quot;status&quot;: 400&#10;}" type="org.opensearch.client.ResponseException">org.opensearch.client.ResponseException: method [POST], host [http://127.0.0.1:61803], URI [/_plugins/_sql?format=json], status line [HTTP/1.1 400 Bad Request]
</failure>
  </testcase>
  <testcase name="filterPolygonTest" classname="org.opensearch.sql.legacy.QueryIT" time="0.041">
    <failure message="org.opensearch.client.ResponseException: method [POST], host [http://127.0.0.1:61803], URI [/_plugins/_sql?format=json], status line [HTTP/1.1 400 Bad Request]&#10;{&#10;  &quot;error&quot;: {&#10;    &quot;reason&quot;: &quot;Invalid SQL query&quot;,&#10;    &quot;details&quot;: &quot;Query is unsupported in the new engine&quot;,&#10;    &quot;type&quot;: &quot;SQLFeatureDisabledException&quot;&#10;  },&#10;  &quot;status&quot;: 400&#10;}" type="org.opensearch.client.ResponseException">org.opensearch.client.ResponseException: method [POST], host [http://127.0.0.1:61803], URI [/_plugins/_sql?format=json], status line [HTTP/1.1 400 Bad Request]
</failure>
  </testcase>
  <testcase name="geoDistance" classname="org.opensearch.sql.legacy.QueryIT" time="0.049">
    <failure message="org.opensearch.client.ResponseException: method [POST], host [http://127.0.0.1:61803], URI [/_plugins/_sql?format=json], status line [HTTP/1.1 400 Bad Request]&#10;{&#10;  &quot;error&quot;: {&#10;    &quot;reason&quot;: &quot;Invalid SQL query&quot;,&#10;    &quot;details&quot;: &quot;Query is unsupported in the new engine&quot;,&#10;    &quot;type&quot;: &quot;SQLFeatureDisabledException&quot;&#10;  },&#10;  &quot;status&quot;: 400&#10;}" type="org.opensearch.client.ResponseException">org.opensearch.client.ResponseException: method [POST], host [http://127.0.0.1:61803], URI [/_plugins/_sql?format=json], status line [HTTP/1.1 400 Bad Request]
</failure>
  </testcase>
  <testcase name="testWhereWithBoolEqualsTrueAndOrderBy" classname="org.opensearch.sql.legacy.QueryIT" time="0.043">
    <failure message="org.opensearch.client.ResponseException: method [POST], host [http://127.0.0.1:61803], URI [/_plugins/_sql?format=json], status line [HTTP/1.1 400 Bad Request]&#10;{&#10;  &quot;error&quot;: {&#10;    &quot;reason&quot;: &quot;Invalid SQL query&quot;,&#10;    &quot;details&quot;: &quot;Query is unsupported in the new engine&quot;,&#10;    &quot;type&quot;: &quot;SQLFeatureDisabledException&quot;&#10;  },&#10;  &quot;status&quot;: 400&#10;}" type="org.opensearch.client.ResponseException">org.opensearch.client.ResponseException: method [POST], host [http://127.0.0.1:61803], URI [/_plugins/_sql?format=json], status line [HTTP/1.1 400 Bad Request]
</failure>
  </testcase>
  <testcase name="idsQueryMultipleId" classname="org.opensearch.sql.legacy.QueryIT" time="0.0">
    <skipped/>
  </testcase>
  <testcase name="backticksQuotedAliasTest" classname="org.opensearch.sql.legacy.QueryIT" time="0.077"/>
  <testcase name="likeTest" classname="org.opensearch.sql.legacy.QueryIT" time="0.043">
    <failure message="org.opensearch.client.ResponseException: method [POST], host [http://127.0.0.1:61803], URI [/_plugins/_sql?format=json], status line [HTTP/1.1 400 Bad Request]&#10;{&#10;  &quot;error&quot;: {&#10;    &quot;reason&quot;: &quot;Invalid SQL query&quot;,&#10;    &quot;details&quot;: &quot;Query is unsupported in the new engine&quot;,&#10;    &quot;type&quot;: &quot;SQLFeatureDisabledException&quot;&#10;  },&#10;  &quot;status&quot;: 400&#10;}" type="org.opensearch.client.ResponseException">org.opensearch.client.ResponseException: method [POST], host [http://127.0.0.1:61803], URI [/_plugins/_sql?format=json], status line [HTTP/1.1 400 Bad Request]
</failure>
  </testcase>
  <system-out><![CDATA[[2023-01-17T14:16:32,558][INFO ][o.o.s.l.QueryIT          ] [testMultiPartWhere] before test
]]></system-out>
  <system-err><![CDATA[REPRODUCE WITH: ./gradlew ':integ-test:integTest' --tests "org.opensearch.sql.legacy.QueryIT.testMultiPartWhere" -Dtests.seed=160F64C51FACC80F -Dtests.security.manager=false -Dtests.locale=nl-NL -Dtests.timezone=Pacific/Norfolk -Druntime.java=17
]]></system-err>
</testsuite>
<?xml version="1.0" encoding="UTF-8"?>
<testsuite name="org.opensearch.sql.legacy.SQLFunctionsIT" tests="53" skipped="2" failures="37" errors="0" timestamp="2023-01-17T02:16:44" hostname="Unused26-MacBook.local" time="6.37">
  <properties/>
  <testcase name="castIntFieldToFloatWithoutAliasJdbcFormatGroupByTest" classname="org.opensearch.sql.legacy.SQLFunctionsIT" time="4.023"/>
  <testcase name="castStatementInWhereClauseLessThanTest" classname="org.opensearch.sql.legacy.SQLFunctionsIT" time="0.121"/>
  <testcase name="ifFuncWithBinaryComparisonAsConditionTest" classname="org.opensearch.sql.legacy.SQLFunctionsIT" time="0.048">
    <failure message="org.opensearch.client.ResponseException: method [POST], host [http://127.0.0.1:61803], URI [/_plugins/_sql?format=json], status line [HTTP/1.1 400 Bad Request]&#10;{&#10;  &quot;error&quot;: {&#10;    &quot;reason&quot;: &quot;Invalid SQL query&quot;,&#10;    &quot;details&quot;: &quot;Query is unsupported in the new engine&quot;,&#10;    &quot;type&quot;: &quot;SQLFeatureDisabledException&quot;&#10;  },&#10;  &quot;status&quot;: 400&#10;}" type="org.opensearch.client.ResponseException">org.opensearch.client.ResponseException: method [POST], host [http://127.0.0.1:61803], URI [/_plugins/_sql?format=json], status line [HTTP/1.1 400 Bad Request]
</failure>
  </testcase>
  <testcase name="caseChangeWithAggregationTest" classname="org.opensearch.sql.legacy.SQLFunctionsIT" time="0.034">
    <failure message="org.opensearch.client.ResponseException: method [POST], host [http://127.0.0.1:61803], URI [/_plugins/_sql?format=json], status line [HTTP/1.1 400 Bad Request]&#10;{&#10;  &quot;error&quot;: {&#10;    &quot;reason&quot;: &quot;Invalid SQL query&quot;,&#10;    &quot;details&quot;: &quot;Query is unsupported in the new engine&quot;,&#10;    &quot;type&quot;: &quot;SQLFeatureDisabledException&quot;&#10;  },&#10;  &quot;status&quot;: 400&#10;}" type="org.opensearch.client.ResponseException">org.opensearch.client.ResponseException: method [POST], host [http://127.0.0.1:61803], URI [/_plugins/_sql?format=json], status line [HTTP/1.1 400 Bad Request]
</failure>
  </testcase>
  <testcase name="castStatementInWhereClauseDatetimeCastTest" classname="org.opensearch.sql.legacy.SQLFunctionsIT" time="0.04">
    <failure message="java.lang.RuntimeException: org.opensearch.client.ResponseException: method [POST], host [http://127.0.0.1:61803], URI [/_plugins/_sql?format=jdbc], status line [HTTP/1.1 400 Bad Request]&#10;{&#10;  &quot;error&quot;: {&#10;    &quot;reason&quot;: &quot;Invalid SQL query&quot;,&#10;    &quot;details&quot;: &quot;Query is unsupported in the new engine&quot;,&#10;    &quot;type&quot;: &quot;SQLFeatureDisabledException&quot;&#10;  },&#10;  &quot;status&quot;: 400&#10;}" type="java.lang.RuntimeException">java.lang.RuntimeException: org.opensearch.client.ResponseException: method [POST], host [http://127.0.0.1:61803], URI [/_plugins/_sql?format=jdbc], status line [HTTP/1.1 400 Bad Request]
</failure>
  </testcase>
  <testcase name="functionPow" classname="org.opensearch.sql.legacy.SQLFunctionsIT" time="0.039">
    <failure message="org.opensearch.client.ResponseException: method [POST], host [http://127.0.0.1:61803], URI [/_plugins/_sql?format=json], status line [HTTP/1.1 400 Bad Request]&#10;{&#10;  &quot;error&quot;: {&#10;    &quot;reason&quot;: &quot;Invalid SQL query&quot;,&#10;    &quot;details&quot;: &quot;Query is unsupported in the new engine&quot;,&#10;    &quot;type&quot;: &quot;SQLFeatureDisabledException&quot;&#10;  },&#10;  &quot;status&quot;: 400&#10;}" type="org.opensearch.client.ResponseException">org.opensearch.client.ResponseException: method [POST], host [http://127.0.0.1:61803], URI [/_plugins/_sql?format=json], status line [HTTP/1.1 400 Bad Request]
</failure>
  </testcase>
  <testcase name="operatorSubstring" classname="org.opensearch.sql.legacy.SQLFunctionsIT" time="0.042">
    <failure message="org.opensearch.client.ResponseException: method [POST], host [http://127.0.0.1:61803], URI [/_plugins/_sql?format=json], status line [HTTP/1.1 400 Bad Request]&#10;{&#10;  &quot;error&quot;: {&#10;    &quot;reason&quot;: &quot;Invalid SQL query&quot;,&#10;    &quot;details&quot;: &quot;Query is unsupported in the new engine&quot;,&#10;    &quot;type&quot;: &quot;SQLFeatureDisabledException&quot;&#10;  },&#10;  &quot;status&quot;: 400&#10;}" type="org.opensearch.client.ResponseException">org.opensearch.client.ResponseException: method [POST], host [http://127.0.0.1:61803], URI [/_plugins/_sql?format=json], status line [HTTP/1.1 400 Bad Request]
</failure>
  </testcase>
  <testcase name="isnullWithNullInputTest" classname="org.opensearch.sql.legacy.SQLFunctionsIT" time="0.044">
    <failure message="org.opensearch.client.ResponseException: method [POST], host [http://127.0.0.1:61803], URI [/_plugins/_sql?format=json], status line [HTTP/1.1 400 Bad Request]&#10;{&#10;  &quot;error&quot;: {&#10;    &quot;reason&quot;: &quot;Invalid SQL query&quot;,&#10;    &quot;details&quot;: &quot;Query is unsupported in the new engine&quot;,&#10;    &quot;type&quot;: &quot;SQLFeatureDisabledException&quot;&#10;  },&#10;  &quot;status&quot;: 400&#10;}" type="org.opensearch.client.ResponseException">org.opensearch.client.ResponseException: method [POST], host [http://127.0.0.1:61803], URI [/_plugins/_sql?format=json], status line [HTTP/1.1 400 Bad Request]
</failure>
  </testcase>
  <testcase name="castBoolFieldToNumericValueWithGroupByAlias" classname="org.opensearch.sql.legacy.SQLFunctionsIT" time="0.068"/>
  <testcase name="ifnullWithNullInputTest" classname="org.opensearch.sql.legacy.SQLFunctionsIT" time="0.042">
    <failure message="org.opensearch.client.ResponseException: method [POST], host [http://127.0.0.1:61803], URI [/_plugins/_sql?format=json], status line [HTTP/1.1 400 Bad Request]&#10;{&#10;  &quot;error&quot;: {&#10;    &quot;reason&quot;: &quot;Invalid SQL query&quot;,&#10;    &quot;details&quot;: &quot;Query is unsupported in the new engine&quot;,&#10;    &quot;type&quot;: &quot;SQLFeatureDisabledException&quot;&#10;  },&#10;  &quot;status&quot;: 400&#10;}" type="org.opensearch.client.ResponseException">org.opensearch.client.ResponseException: method [POST], host [http://127.0.0.1:61803], URI [/_plugins/_sql?format=json], status line [HTTP/1.1 400 Bad Request]
</failure>
  </testcase>
  <testcase name="castIntFieldToFloatWithoutAliasJdbcFormatTest" classname="org.opensearch.sql.legacy.SQLFunctionsIT" time="0.041"/>
  <testcase name="rtrim" classname="org.opensearch.sql.legacy.SQLFunctionsIT" time="0.036">
    <failure message="org.opensearch.client.ResponseException: method [POST], host [http://127.0.0.1:61803], URI [/_plugins/_sql?format=json], status line [HTTP/1.1 400 Bad Request]&#10;{&#10;  &quot;error&quot;: {&#10;    &quot;reason&quot;: &quot;Invalid SQL query&quot;,&#10;    &quot;details&quot;: &quot;Query is unsupported in the new engine&quot;,&#10;    &quot;type&quot;: &quot;SQLFeatureDisabledException&quot;&#10;  },&#10;  &quot;status&quot;: 400&#10;}" type="org.opensearch.client.ResponseException">org.opensearch.client.ResponseException: method [POST], host [http://127.0.0.1:61803], URI [/_plugins/_sql?format=json], status line [HTTP/1.1 400 Bad Request]
</failure>
  </testcase>
  <testcase name="ifnullShouldPassJDBC" classname="org.opensearch.sql.legacy.SQLFunctionsIT" time="0.083"/>
  <testcase name="literalWithAlias" classname="org.opensearch.sql.legacy.SQLFunctionsIT" time="0.036">
    <failure message="org.opensearch.client.ResponseException: method [POST], host [http://127.0.0.1:61803], URI [/_plugins/_sql?format=json], status line [HTTP/1.1 400 Bad Request]&#10;{&#10;  &quot;error&quot;: {&#10;    &quot;reason&quot;: &quot;Invalid SQL query&quot;,&#10;    &quot;details&quot;: &quot;Query is unsupported in the new engine&quot;,&#10;    &quot;type&quot;: &quot;SQLFeatureDisabledException&quot;&#10;  },&#10;  &quot;status&quot;: 400&#10;}" type="org.opensearch.client.ResponseException">org.opensearch.client.ResponseException: method [POST], host [http://127.0.0.1:61803], URI [/_plugins/_sql?format=json], status line [HTTP/1.1 400 Bad Request]
</failure>
  </testcase>
  <testcase name="literalWithDoubleValue" classname="org.opensearch.sql.legacy.SQLFunctionsIT" time="0.034">
    <failure message="org.opensearch.client.ResponseException: method [POST], host [http://127.0.0.1:61803], URI [/_plugins/_sql?format=json], status line [HTTP/1.1 400 Bad Request]&#10;{&#10;  &quot;error&quot;: {&#10;    &quot;reason&quot;: &quot;Invalid SQL query&quot;,&#10;    &quot;details&quot;: &quot;Query is unsupported in the new engine&quot;,&#10;    &quot;type&quot;: &quot;SQLFeatureDisabledException&quot;&#10;  },&#10;  &quot;status&quot;: 400&#10;}" type="org.opensearch.client.ResponseException">org.opensearch.client.ResponseException: method [POST], host [http://127.0.0.1:61803], URI [/_plugins/_sql?format=json], status line [HTTP/1.1 400 Bad Request]
</failure>
  </testcase>
  <testcase name="ifFuncShouldPassJDBC" classname="org.opensearch.sql.legacy.SQLFunctionsIT" time="0.098"/>
  <testcase name="functionLogs" classname="org.opensearch.sql.legacy.SQLFunctionsIT" time="0.048">
    <failure message="org.opensearch.client.ResponseException: method [POST], host [http://127.0.0.1:61803], URI [/_plugins/_sql?format=json], status line [HTTP/1.1 400 Bad Request]&#10;{&#10;  &quot;error&quot;: {&#10;    &quot;reason&quot;: &quot;Invalid SQL query&quot;,&#10;    &quot;details&quot;: &quot;Query is unsupported in the new engine&quot;,&#10;    &quot;type&quot;: &quot;SQLFeatureDisabledException&quot;&#10;  },&#10;  &quot;status&quot;: 400&#10;}" type="org.opensearch.client.ResponseException">org.opensearch.client.ResponseException: method [POST], host [http://127.0.0.1:61803], URI [/_plugins/_sql?format=json], status line [HTTP/1.1 400 Bad Request]
</failure>
  </testcase>
  <testcase name="castStatementInWhereClauseEqualToConstantTest" classname="org.opensearch.sql.legacy.SQLFunctionsIT" time="0.062"/>
  <testcase name="castKeywordFieldToDatetimeWithAliasJdbcFormatTest" classname="org.opensearch.sql.legacy.SQLFunctionsIT" time="0.036">
    <failure message="java.lang.RuntimeException: org.opensearch.client.ResponseException: method [POST], host [http://127.0.0.1:61803], URI [/_plugins/_sql?format=jdbc], status line [HTTP/1.1 400 Bad Request]&#10;{&#10;  &quot;error&quot;: {&#10;    &quot;reason&quot;: &quot;Invalid SQL query&quot;,&#10;    &quot;details&quot;: &quot;Query is unsupported in the new engine&quot;,&#10;    &quot;type&quot;: &quot;SQLFeatureDisabledException&quot;&#10;  },&#10;  &quot;status&quot;: 400&#10;}" type="java.lang.RuntimeException">java.lang.RuntimeException: org.opensearch.client.ResponseException: method [POST], host [http://127.0.0.1:61803], URI [/_plugins/_sql?format=jdbc], status line [HTTP/1.1 400 Bad Request]
</failure>
  </testcase>
  <testcase name="ltrim" classname="org.opensearch.sql.legacy.SQLFunctionsIT" time="0.034">
    <failure message="org.opensearch.client.ResponseException: method [POST], host [http://127.0.0.1:61803], URI [/_plugins/_sql?format=json], status line [HTTP/1.1 400 Bad Request]&#10;{&#10;  &quot;error&quot;: {&#10;    &quot;reason&quot;: &quot;Invalid SQL query&quot;,&#10;    &quot;details&quot;: &quot;Query is unsupported in the new engine&quot;,&#10;    &quot;type&quot;: &quot;SQLFeatureDisabledException&quot;&#10;  },&#10;  &quot;status&quot;: 400&#10;}" type="org.opensearch.client.ResponseException">org.opensearch.client.ResponseException: method [POST], host [http://127.0.0.1:61803], URI [/_plugins/_sql?format=json], status line [HTTP/1.1 400 Bad Request]
</failure>
  </testcase>
  <testcase name="concat_ws_fields" classname="org.opensearch.sql.legacy.SQLFunctionsIT" time="0.035">
    <failure message="org.opensearch.client.ResponseException: method [POST], host [http://127.0.0.1:61803], URI [/_plugins/_sql?format=json], status line [HTTP/1.1 400 Bad Request]&#10;{&#10;  &quot;error&quot;: {&#10;    &quot;reason&quot;: &quot;Invalid SQL query&quot;,&#10;    &quot;details&quot;: &quot;Query is unsupported in the new engine&quot;,&#10;    &quot;type&quot;: &quot;SQLFeatureDisabledException&quot;&#10;  },&#10;  &quot;status&quot;: 400&#10;}" type="org.opensearch.client.ResponseException">org.opensearch.client.ResponseException: method [POST], host [http://127.0.0.1:61803], URI [/_plugins/_sql?format=json], status line [HTTP/1.1 400 Bad Request]
</failure>
  </testcase>
  <testcase name="operatorLength" classname="org.opensearch.sql.legacy.SQLFunctionsIT" time="0.071">
    <failure message="org.opensearch.client.ResponseException: method [POST], host [http://[::1]:61802], URI [/_plugins/_sql?format=json], status line [HTTP/1.1 400 Bad Request]&#10;{&#10;  &quot;error&quot;: {&#10;    &quot;reason&quot;: &quot;Invalid SQL query&quot;,&#10;    &quot;details&quot;: &quot;Query is unsupported in the new engine&quot;,&#10;    &quot;type&quot;: &quot;SQLFeatureDisabledException&quot;&#10;  },&#10;  &quot;status&quot;: 400&#10;}" type="org.opensearch.client.ResponseException">org.opensearch.client.ResponseException: method [POST], host [http://[::1]:61802], URI [/_plugins/_sql?format=json], status line [HTTP/1.1 400 Bad Request]
</failure>
  </testcase>
  <testcase name="isnullWithMathExpr" classname="org.opensearch.sql.legacy.SQLFunctionsIT" time="0.036">
    <failure message="org.opensearch.client.ResponseException: method [POST], host [http://[::1]:61802], URI [/_plugins/_sql?format=json], status line [HTTP/1.1 400 Bad Request]&#10;{&#10;  &quot;error&quot;: {&#10;    &quot;reason&quot;: &quot;Invalid SQL query&quot;,&#10;    &quot;details&quot;: &quot;Query is unsupported in the new engine&quot;,&#10;    &quot;type&quot;: &quot;SQLFeatureDisabledException&quot;&#10;  },&#10;  &quot;status&quot;: 400&#10;}" type="org.opensearch.client.ResponseException">org.opensearch.client.ResponseException: method [POST], host [http://[::1]:61802], URI [/_plugins/_sql?format=json], status line [HTTP/1.1 400 Bad Request]
</failure>
  </testcase>
  <testcase name="isnullShouldPassJDBC" classname="org.opensearch.sql.legacy.SQLFunctionsIT" time="0.06"/>
  <testcase name="castIntFieldToStringWithoutAliasTest" classname="org.opensearch.sql.legacy.SQLFunctionsIT" time="0.036">
    <failure message="org.opensearch.client.ResponseException: method [POST], host [http://[::1]:61802], URI [/_plugins/_sql?format=json], status line [HTTP/1.1 400 Bad Request]&#10;{&#10;  &quot;error&quot;: {&#10;    &quot;reason&quot;: &quot;Invalid SQL query&quot;,&#10;    &quot;details&quot;: &quot;Query is unsupported in the new engine&quot;,&#10;    &quot;type&quot;: &quot;SQLFeatureDisabledException&quot;&#10;  },&#10;  &quot;status&quot;: 400&#10;}" type="org.opensearch.client.ResponseException">org.opensearch.client.ResponseException: method [POST], host [http://[::1]:61802], URI [/_plugins/_sql?format=json], status line [HTTP/1.1 400 Bad Request]
</failure>
  </testcase>
  <testcase name="castIntFieldToDoubleWithAliasOrderByTest" classname="org.opensearch.sql.legacy.SQLFunctionsIT" time="0.037">
    <failure message="org.opensearch.client.ResponseException: method [POST], host [http://[::1]:61802], URI [/_plugins/_sql?format=json], status line [HTTP/1.1 400 Bad Request]&#10;{&#10;  &quot;error&quot;: {&#10;    &quot;reason&quot;: &quot;Invalid SQL query&quot;,&#10;    &quot;details&quot;: &quot;Query is unsupported in the new engine&quot;,&#10;    &quot;type&quot;: &quot;SQLFeatureDisabledException&quot;&#10;  },&#10;  &quot;status&quot;: 400&#10;}" type="org.opensearch.client.ResponseException">org.opensearch.client.ResponseException: method [POST], host [http://[::1]:61802], URI [/_plugins/_sql?format=json], status line [HTTP/1.1 400 Bad Request]
</failure>
  </testcase>
  <testcase name="castFieldToDatetimeWithWhereClauseJdbcFormatTest" classname="org.opensearch.sql.legacy.SQLFunctionsIT" time="0.064">
    <failure message="java.lang.RuntimeException: org.opensearch.client.ResponseException: method [POST], host [http://[::1]:61802], URI [/_plugins/_sql?format=jdbc], status line [HTTP/1.1 400 Bad Request]&#10;{&#10;  &quot;error&quot;: {&#10;    &quot;reason&quot;: &quot;Invalid SQL query&quot;,&#10;    &quot;details&quot;: &quot;Query is unsupported in the new engine&quot;,&#10;    &quot;type&quot;: &quot;SQLFeatureDisabledException&quot;&#10;  },&#10;  &quot;status&quot;: 400&#10;}" type="java.lang.RuntimeException">java.lang.RuntimeException: org.opensearch.client.ResponseException: method [POST], host [http://[::1]:61802], URI [/_plugins/_sql?format=jdbc], status line [HTTP/1.1 400 Bad Request]
</failure>
  </testcase>
  <testcase name="castIntFieldToDoubleWithAliasTest" classname="org.opensearch.sql.legacy.SQLFunctionsIT" time="0.034">
    <failure message="org.opensearch.client.ResponseException: method [POST], host [http://[::1]:61802], URI [/_plugins/_sql?format=json], status line [HTTP/1.1 400 Bad Request]&#10;{&#10;  &quot;error&quot;: {&#10;    &quot;reason&quot;: &quot;Invalid SQL query&quot;,&#10;    &quot;details&quot;: &quot;Query is unsupported in the new engine&quot;,&#10;    &quot;type&quot;: &quot;SQLFeatureDisabledException&quot;&#10;  },&#10;  &quot;status&quot;: 400&#10;}" type="org.opensearch.client.ResponseException">org.opensearch.client.ResponseException: method [POST], host [http://[::1]:61802], URI [/_plugins/_sql?format=json], status line [HTTP/1.1 400 Bad Request]
</failure>
  </testcase>
  <testcase name="ifFuncWithNullInputAsConditionTest" classname="org.opensearch.sql.legacy.SQLFunctionsIT" time="0.042">
    <failure message="org.opensearch.client.ResponseException: method [POST], host [http://[::1]:61802], URI [/_plugins/_sql?format=json], status line [HTTP/1.1 400 Bad Request]&#10;{&#10;  &quot;error&quot;: {&#10;    &quot;reason&quot;: &quot;Invalid SQL query&quot;,&#10;    &quot;details&quot;: &quot;Query is unsupported in the new engine&quot;,&#10;    &quot;type&quot;: &quot;SQLFeatureDisabledException&quot;&#10;  },&#10;  &quot;status&quot;: 400&#10;}" type="org.opensearch.client.ResponseException">org.opensearch.client.ResponseException: method [POST], host [http://[::1]:61802], URI [/_plugins/_sql?format=json], status line [HTTP/1.1 400 Bad Request]
</failure>
  </testcase>
  <testcase name="functionFieldAliasAndGroupByAlias" classname="org.opensearch.sql.legacy.SQLFunctionsIT" time="0.038">
    <failure message="org.opensearch.client.ResponseException: method [POST], host [http://[::1]:61802], URI [/_plugins/_sql?format=json], status line [HTTP/1.1 400 Bad Request]&#10;{&#10;  &quot;error&quot;: {&#10;    &quot;reason&quot;: &quot;Invalid SQL query&quot;,&#10;    &quot;details&quot;: &quot;Query is unsupported in the new engine&quot;,&#10;    &quot;type&quot;: &quot;SQLFeatureDisabledException&quot;&#10;  },&#10;  &quot;status&quot;: 400&#10;}" type="org.opensearch.client.ResponseException">org.opensearch.client.ResponseException: method [POST], host [http://[::1]:61802], URI [/_plugins/_sql?format=json], status line [HTTP/1.1 400 Bad Request]
</failure>
  </testcase>
  <testcase name="literal" classname="org.opensearch.sql.legacy.SQLFunctionsIT" time="0.034">
    <failure message="org.opensearch.client.ResponseException: method [POST], host [http://[::1]:61802], URI [/_plugins/_sql?format=json], status line [HTTP/1.1 400 Bad Request]&#10;{&#10;  &quot;error&quot;: {&#10;    &quot;reason&quot;: &quot;Invalid SQL query&quot;,&#10;    &quot;details&quot;: &quot;Query is unsupported in the new engine&quot;,&#10;    &quot;type&quot;: &quot;SQLFeatureDisabledException&quot;&#10;  },&#10;  &quot;status&quot;: 400&#10;}" type="org.opensearch.client.ResponseException">org.opensearch.client.ResponseException: method [POST], host [http://[::1]:61802], URI [/_plugins/_sql?format=json], status line [HTTP/1.1 400 Bad Request]
</failure>
  </testcase>
  <testcase name="castIntFieldToDoubleWithoutAliasTest" classname="org.opensearch.sql.legacy.SQLFunctionsIT" time="0.035">
    <failure message="org.opensearch.client.ResponseException: method [POST], host [http://[::1]:61802], URI [/_plugins/_sql?format=json], status line [HTTP/1.1 400 Bad Request]&#10;{&#10;  &quot;error&quot;: {&#10;    &quot;reason&quot;: &quot;Invalid SQL query&quot;,&#10;    &quot;details&quot;: &quot;Query is unsupported in the new engine&quot;,&#10;    &quot;type&quot;: &quot;SQLFeatureDisabledException&quot;&#10;  },&#10;  &quot;status&quot;: 400&#10;}" type="org.opensearch.client.ResponseException">org.opensearch.client.ResponseException: method [POST], host [http://[::1]:61802], URI [/_plugins/_sql?format=json], status line [HTTP/1.1 400 Bad Request]
</failure>
  </testcase>
  <testcase name="operatorReplace" classname="org.opensearch.sql.legacy.SQLFunctionsIT" time="0.063"/>
  <testcase name="caseChangeTestWithLocale" classname="org.opensearch.sql.legacy.SQLFunctionsIT" time="0.037">
    <failure message="org.opensearch.client.ResponseException: method [POST], host [http://[::1]:61802], URI [/_plugins/_sql?format=json], status line [HTTP/1.1 400 Bad Request]&#10;{&#10;  &quot;error&quot;: {&#10;    &quot;reason&quot;: &quot;Invalid SQL query&quot;,&#10;    &quot;details&quot;: &quot;Query is unsupported in the new engine&quot;,&#10;    &quot;type&quot;: &quot;SQLFeatureDisabledException&quot;&#10;  },&#10;  &quot;status&quot;: 400&#10;}" type="org.opensearch.client.ResponseException">org.opensearch.client.ResponseException: method [POST], host [http://[::1]:61802], URI [/_plugins/_sql?format=json], status line [HTTP/1.1 400 Bad Request]
</failure>
  </testcase>
  <testcase name="castStatementInWhereClauseLessThanConstantTest" classname="org.opensearch.sql.legacy.SQLFunctionsIT" time="0.054"/>
  <testcase name="castIntFieldToDoubleWithoutAliasOrderByTest" classname="org.opensearch.sql.legacy.SQLFunctionsIT" time="0.034">
    <failure message="org.opensearch.client.ResponseException: method [POST], host [http://[::1]:61802], URI [/_plugins/_sql?format=json], status line [HTTP/1.1 400 Bad Request]&#10;{&#10;  &quot;error&quot;: {&#10;    &quot;reason&quot;: &quot;Invalid SQL query&quot;,&#10;    &quot;details&quot;: &quot;Query is unsupported in the new engine&quot;,&#10;    &quot;type&quot;: &quot;SQLFeatureDisabledException&quot;&#10;  },&#10;  &quot;status&quot;: 400&#10;}" type="org.opensearch.client.ResponseException">org.opensearch.client.ResponseException: method [POST], host [http://[::1]:61802], URI [/_plugins/_sql?format=json], status line [HTTP/1.1 400 Bad Request]
</failure>
  </testcase>
  <testcase name="concat_ws_field_and_string" classname="org.opensearch.sql.legacy.SQLFunctionsIT" time="0.035">
    <failure message="org.opensearch.client.ResponseException: method [POST], host [http://[::1]:61802], URI [/_plugins/_sql?format=json], status line [HTTP/1.1 400 Bad Request]&#10;{&#10;  &quot;error&quot;: {&#10;    &quot;reason&quot;: &quot;Invalid SQL query&quot;,&#10;    &quot;details&quot;: &quot;Query is unsupported in the new engine&quot;,&#10;    &quot;type&quot;: &quot;SQLFeatureDisabledException&quot;&#10;  },&#10;  &quot;status&quot;: 400&#10;}" type="org.opensearch.client.ResponseException">org.opensearch.client.ResponseException: method [POST], host [http://[::1]:61802], URI [/_plugins/_sql?format=json], status line [HTTP/1.1 400 Bad Request]
</failure>
  </testcase>
  <testcase name="castIntFieldToFloatWithAliasJdbcFormatGroupByTest" classname="org.opensearch.sql.legacy.SQLFunctionsIT" time="0.053"/>
  <testcase name="castIntFieldToStringWithAliasTest" classname="org.opensearch.sql.legacy.SQLFunctionsIT" time="0.036">
    <failure message="org.opensearch.client.ResponseException: method [POST], host [http://[::1]:61802], URI [/_plugins/_sql?format=json], status line [HTTP/1.1 400 Bad Request]&#10;{&#10;  &quot;error&quot;: {&#10;    &quot;reason&quot;: &quot;Invalid SQL query&quot;,&#10;    &quot;details&quot;: &quot;Query is unsupported in the new engine&quot;,&#10;    &quot;type&quot;: &quot;SQLFeatureDisabledException&quot;&#10;  },&#10;  &quot;status&quot;: 400&#10;}" type="org.opensearch.client.ResponseException">org.opensearch.client.ResponseException: method [POST], host [http://[::1]:61802], URI [/_plugins/_sql?format=json], status line [HTTP/1.1 400 Bad Request]
</failure>
  </testcase>
  <testcase name="castBoolFieldToNumericValueInSelectClause" classname="org.opensearch.sql.legacy.SQLFunctionsIT" time="0.051"/>
  <testcase name="literalMultiField" classname="org.opensearch.sql.legacy.SQLFunctionsIT" time="0.038">
    <failure message="org.opensearch.client.ResponseException: method [POST], host [http://[::1]:61802], URI [/_plugins/_sql?format=json], status line [HTTP/1.1 400 Bad Request]&#10;{&#10;  &quot;error&quot;: {&#10;    &quot;reason&quot;: &quot;Invalid SQL query&quot;,&#10;    &quot;details&quot;: &quot;Query is unsupported in the new engine&quot;,&#10;    &quot;type&quot;: &quot;SQLFeatureDisabledException&quot;&#10;  },&#10;  &quot;status&quot;: 400&#10;}" type="org.opensearch.client.ResponseException">org.opensearch.client.ResponseException: method [POST], host [http://[::1]:61802], URI [/_plugins/_sql?format=json], status line [HTTP/1.1 400 Bad Request]
</failure>
  </testcase>
  <testcase name="left" classname="org.opensearch.sql.legacy.SQLFunctionsIT" time="0.0">
    <skipped/>
  </testcase>
  <testcase name="castIntFieldToDoubleWithAliasJdbcFormatGroupByTest" classname="org.opensearch.sql.legacy.SQLFunctionsIT" time="0.062">
    <failure message="java.lang.RuntimeException: org.opensearch.client.ResponseException: method [POST], host [http://[::1]:61802], URI [/_plugins/_sql?format=jdbc], status line [HTTP/1.1 400 Bad Request]&#10;{&#10;  &quot;error&quot;: {&#10;    &quot;reason&quot;: &quot;Invalid SQL query&quot;,&#10;    &quot;details&quot;: &quot;Query is unsupported in the new engine&quot;,&#10;    &quot;type&quot;: &quot;SQLFeatureDisabledException&quot;&#10;  },&#10;  &quot;status&quot;: 400&#10;}" type="java.lang.RuntimeException">java.lang.RuntimeException: org.opensearch.client.ResponseException: method [POST], host [http://[::1]:61802], URI [/_plugins/_sql?format=jdbc], status line [HTTP/1.1 400 Bad Request]
</failure>
  </testcase>
  <testcase name="castFieldToDatetimeWithGroupByJdbcFormatTest" classname="org.opensearch.sql.legacy.SQLFunctionsIT" time="0.037">
    <failure message="java.lang.RuntimeException: org.opensearch.client.ResponseException: method [POST], host [http://[::1]:61802], URI [/_plugins/_sql?format=jdbc], status line [HTTP/1.1 400 Bad Request]&#10;{&#10;  &quot;error&quot;: {&#10;    &quot;reason&quot;: &quot;Invalid SQL query&quot;,&#10;    &quot;details&quot;: &quot;Query is unsupported in the new engine&quot;,&#10;    &quot;type&quot;: &quot;SQLFeatureDisabledException&quot;&#10;  },&#10;  &quot;status&quot;: 400&#10;}" type="java.lang.RuntimeException">java.lang.RuntimeException: org.opensearch.client.ResponseException: method [POST], host [http://[::1]:61802], URI [/_plugins/_sql?format=jdbc], status line [HTTP/1.1 400 Bad Request]
</failure>
  </testcase>
  <testcase name="castIntFieldToFloatWithAliasJdbcFormatTest" classname="org.opensearch.sql.legacy.SQLFunctionsIT" time="0.064"/>
  <testcase name="castStatementInWhereClauseGreaterThanTest" classname="org.opensearch.sql.legacy.SQLFunctionsIT" time="0.048"/>
  <testcase name="ifFuncWithBooleanExprInputAsConditionTest" classname="org.opensearch.sql.legacy.SQLFunctionsIT" time="0.035">
    <failure message="org.opensearch.client.ResponseException: method [POST], host [http://[::1]:61802], URI [/_plugins/_sql?format=json], status line [HTTP/1.1 400 Bad Request]&#10;{&#10;  &quot;error&quot;: {&#10;    &quot;reason&quot;: &quot;Invalid SQL query&quot;,&#10;    &quot;details&quot;: &quot;Query is unsupported in the new engine&quot;,&#10;    &quot;type&quot;: &quot;SQLFeatureDisabledException&quot;&#10;  },&#10;  &quot;status&quot;: 400&#10;}" type="org.opensearch.client.ResponseException">org.opensearch.client.ResponseException: method [POST], host [http://[::1]:61802], URI [/_plugins/_sql?format=json], status line [HTTP/1.1 400 Bad Request]
</failure>
  </testcase>
  <testcase name="ifnullWithNotNullInputTest" classname="org.opensearch.sql.legacy.SQLFunctionsIT" time="0.035">
    <failure message="org.opensearch.client.ResponseException: method [POST], host [http://[::1]:61802], URI [/_plugins/_sql?format=json], status line [HTTP/1.1 400 Bad Request]&#10;{&#10;  &quot;error&quot;: {&#10;    &quot;reason&quot;: &quot;Invalid SQL query&quot;,&#10;    &quot;details&quot;: &quot;Query is unsupported in the new engine&quot;,&#10;    &quot;type&quot;: &quot;SQLFeatureDisabledException&quot;&#10;  },&#10;  &quot;status&quot;: 400&#10;}" type="org.opensearch.client.ResponseException">org.opensearch.client.ResponseException: method [POST], host [http://[::1]:61802], URI [/_plugins/_sql?format=json], status line [HTTP/1.1 400 Bad Request]
</failure>
  </testcase>
  <testcase name="right" classname="org.opensearch.sql.legacy.SQLFunctionsIT" time="0.0">
    <skipped/>
  </testcase>
  <testcase name="castKeywordFieldToDatetimeWithoutAliasJdbcFormatTest" classname="org.opensearch.sql.legacy.SQLFunctionsIT" time="0.035">
    <failure message="java.lang.RuntimeException: org.opensearch.client.ResponseException: method [POST], host [http://[::1]:61802], URI [/_plugins/_sql?format=jdbc], status line [HTTP/1.1 400 Bad Request]&#10;{&#10;  &quot;error&quot;: {&#10;    &quot;reason&quot;: &quot;Invalid SQL query&quot;,&#10;    &quot;details&quot;: &quot;Query is unsupported in the new engine&quot;,&#10;    &quot;type&quot;: &quot;SQLFeatureDisabledException&quot;&#10;  },&#10;  &quot;status&quot;: 400&#10;}" type="java.lang.RuntimeException">java.lang.RuntimeException: org.opensearch.client.ResponseException: method [POST], host [http://[::1]:61802], URI [/_plugins/_sql?format=jdbc], status line [HTTP/1.1 400 Bad Request]
</failure>
  </testcase>
  <testcase name="functionAlias" classname="org.opensearch.sql.legacy.SQLFunctionsIT" time="0.037">
    <failure message="org.opensearch.client.ResponseException: method [POST], host [http://[::1]:61802], URI [/_plugins/_sql?format=json], status line [HTTP/1.1 400 Bad Request]&#10;{&#10;  &quot;error&quot;: {&#10;    &quot;reason&quot;: &quot;Invalid SQL query&quot;,&#10;    &quot;details&quot;: &quot;Query is unsupported in the new engine&quot;,&#10;    &quot;type&quot;: &quot;SQLFeatureDisabledException&quot;&#10;  },&#10;  &quot;status&quot;: 400&#10;}" type="org.opensearch.client.ResponseException">org.opensearch.client.ResponseException: method [POST], host [http://[::1]:61802], URI [/_plugins/_sql?format=json], status line [HTTP/1.1 400 Bad Request]
</failure>
  </testcase>
  <testcase name="isnullWithNotNullInputTest" classname="org.opensearch.sql.legacy.SQLFunctionsIT" time="0.035">
    <failure message="org.opensearch.client.ResponseException: method [POST], host [http://[::1]:61802], URI [/_plugins/_sql?format=json], status line [HTTP/1.1 400 Bad Request]&#10;{&#10;  &quot;error&quot;: {&#10;    &quot;reason&quot;: &quot;Invalid SQL query&quot;,&#10;    &quot;details&quot;: &quot;Query is unsupported in the new engine&quot;,&#10;    &quot;type&quot;: &quot;SQLFeatureDisabledException&quot;&#10;  },&#10;  &quot;status&quot;: 400&#10;}" type="org.opensearch.client.ResponseException">org.opensearch.client.ResponseException: method [POST], host [http://[::1]:61802], URI [/_plugins/_sql?format=json], status line [HTTP/1.1 400 Bad Request]
</failure>
  </testcase>
  <testcase name="caseChangeTest" classname="org.opensearch.sql.legacy.SQLFunctionsIT" time="0.035">
    <failure message="org.opensearch.client.ResponseException: method [POST], host [http://[::1]:61802], URI [/_plugins/_sql?format=json], status line [HTTP/1.1 400 Bad Request]&#10;{&#10;  &quot;error&quot;: {&#10;    &quot;reason&quot;: &quot;Invalid SQL query&quot;,&#10;    &quot;details&quot;: &quot;Query is unsupported in the new engine&quot;,&#10;    &quot;type&quot;: &quot;SQLFeatureDisabledException&quot;&#10;  },&#10;  &quot;status&quot;: 400&#10;}" type="org.opensearch.client.ResponseException">org.opensearch.client.ResponseException: method [POST], host [http://[::1]:61802], URI [/_plugins/_sql?format=json], status line [HTTP/1.1 400 Bad Request]
</failure>
  </testcase>
  <system-out><![CDATA[[2023-01-17T05:16:44,258][INFO ][o.o.s.l.SQLFunctionsIT   ] [castIntFieldToFloatWithoutAliasJdbcFormatGroupByTest] before test
]]></system-out>
  <system-err><![CDATA[REPRODUCE WITH: ./gradlew ':integ-test:integTest' --tests "org.opensearch.sql.legacy.SQLFunctionsIT.ifFuncWithBinaryComparisonAsConditionTest" -Dtests.seed=160F64C51FACC80F -Dtests.security.manager=false -Dtests.locale=vi -Dtests.timezone=Asia/Baghdad -Druntime.java=17
]]></system-err>
</testsuite>
<?xml version="1.0" encoding="UTF-8"?>
<testsuite name="org.opensearch.sql.legacy.ShowIT" tests="4" skipped="0" failures="4" errors="0" timestamp="2023-01-17T02:16:50" hostname="Unused26-MacBook.local" time="0.718">
  <properties/>
  <testcase name="showIndexMatchExact" classname="org.opensearch.sql.legacy.ShowIT" time="0.612">
    <failure message="org.opensearch.client.ResponseException: method [POST], host [http://127.0.0.1:61803], URI [/_plugins/_sql?format=json], status line [HTTP/1.1 400 Bad Request]&#10;{&#10;  &quot;error&quot;: {&#10;    &quot;reason&quot;: &quot;Invalid SQL query&quot;,&#10;    &quot;details&quot;: &quot;Query is unsupported in the new engine&quot;,&#10;    &quot;type&quot;: &quot;SQLFeatureDisabledException&quot;&#10;  },&#10;  &quot;status&quot;: 400&#10;}" type="org.opensearch.client.ResponseException">org.opensearch.client.ResponseException: method [POST], host [http://127.0.0.1:61803], URI [/_plugins/_sql?format=json], status line [HTTP/1.1 400 Bad Request]
</failure>
  </testcase>
  <testcase name="showIndexMatchPrefix" classname="org.opensearch.sql.legacy.ShowIT" time="0.037">
    <failure message="org.opensearch.client.ResponseException: method [POST], host [http://[::1]:61802], URI [/_plugins/_sql?format=json], status line [HTTP/1.1 400 Bad Request]&#10;{&#10;  &quot;error&quot;: {&#10;    &quot;reason&quot;: &quot;Invalid SQL query&quot;,&#10;    &quot;details&quot;: &quot;Query is unsupported in the new engine&quot;,&#10;    &quot;type&quot;: &quot;SQLFeatureDisabledException&quot;&#10;  },&#10;  &quot;status&quot;: 400&#10;}" type="org.opensearch.client.ResponseException">org.opensearch.client.ResponseException: method [POST], host [http://[::1]:61802], URI [/_plugins/_sql?format=json], status line [HTTP/1.1 400 Bad Request]
</failure>
  </testcase>
  <testcase name="showAllMatchAll" classname="org.opensearch.sql.legacy.ShowIT" time="0.035">
    <failure message="org.opensearch.client.ResponseException: method [POST], host [http://127.0.0.1:61803], URI [/_plugins/_sql?format=json], status line [HTTP/1.1 400 Bad Request]&#10;{&#10;  &quot;error&quot;: {&#10;    &quot;reason&quot;: &quot;Invalid SQL query&quot;,&#10;    &quot;details&quot;: &quot;Query is unsupported in the new engine&quot;,&#10;    &quot;type&quot;: &quot;SQLFeatureDisabledException&quot;&#10;  },&#10;  &quot;status&quot;: 400&#10;}" type="org.opensearch.client.ResponseException">org.opensearch.client.ResponseException: method [POST], host [http://127.0.0.1:61803], URI [/_plugins/_sql?format=json], status line [HTTP/1.1 400 Bad Request]
</failure>
  </testcase>
  <testcase name="showIndexMatchSuffix" classname="org.opensearch.sql.legacy.ShowIT" time="0.034">
    <failure message="org.opensearch.client.ResponseException: method [POST], host [http://[::1]:61802], URI [/_plugins/_sql?format=json], status line [HTTP/1.1 400 Bad Request]&#10;{&#10;  &quot;error&quot;: {&#10;    &quot;reason&quot;: &quot;Invalid SQL query&quot;,&#10;    &quot;details&quot;: &quot;Query is unsupported in the new engine&quot;,&#10;    &quot;type&quot;: &quot;SQLFeatureDisabledException&quot;&#10;  },&#10;  &quot;status&quot;: 400&#10;}" type="org.opensearch.client.ResponseException">org.opensearch.client.ResponseException: method [POST], host [http://[::1]:61802], URI [/_plugins/_sql?format=json], status line [HTTP/1.1 400 Bad Request]
</failure>
  </testcase>
  <system-out><![CDATA[[2023-01-17T11:16:50,920][INFO ][o.o.s.l.ShowIT           ] [showIndexMatchExact] before test
]]></system-out>
  <system-err><![CDATA[REPRODUCE WITH: ./gradlew ':integ-test:integTest' --tests "org.opensearch.sql.legacy.ShowIT.showIndexMatchExact" -Dtests.seed=160F64C51FACC80F -Dtests.security.manager=false -Dtests.locale=da -Dtests.timezone=Japan -Druntime.java=17
]]></system-err>
</testsuite>
<?xml version="1.0" encoding="UTF-8"?>
<testsuite name="org.opensearch.sql.legacy.SourceFieldIT" tests="3" skipped="0" failures="3" errors="0" timestamp="2023-01-17T02:16:51" hostname="Unused26-MacBook.local" time="0.519">
  <properties/>
  <testcase name="allTest" classname="org.opensearch.sql.legacy.SourceFieldIT" time="0.45">
    <failure message="org.opensearch.client.ResponseException: method [POST], host [http://[::1]:61802], URI [/_plugins/_sql?format=json], status line [HTTP/1.1 400 Bad Request]&#10;{&#10;  &quot;error&quot;: {&#10;    &quot;reason&quot;: &quot;Invalid SQL query&quot;,&#10;    &quot;details&quot;: &quot;Query is unsupported in the new engine&quot;,&#10;    &quot;type&quot;: &quot;SQLFeatureDisabledException&quot;&#10;  },&#10;  &quot;status&quot;: 400&#10;}" type="org.opensearch.client.ResponseException">org.opensearch.client.ResponseException: method [POST], host [http://[::1]:61802], URI [/_plugins/_sql?format=json], status line [HTTP/1.1 400 Bad Request]
</failure>
  </testcase>
  <testcase name="includeTest" classname="org.opensearch.sql.legacy.SourceFieldIT" time="0.036">
    <failure message="org.opensearch.client.ResponseException: method [POST], host [http://127.0.0.1:61803], URI [/_plugins/_sql?format=json], status line [HTTP/1.1 400 Bad Request]&#10;{&#10;  &quot;error&quot;: {&#10;    &quot;reason&quot;: &quot;Invalid SQL query&quot;,&#10;    &quot;details&quot;: &quot;Query is unsupported in the new engine&quot;,&#10;    &quot;type&quot;: &quot;SQLFeatureDisabledException&quot;&#10;  },&#10;  &quot;status&quot;: 400&#10;}" type="org.opensearch.client.ResponseException">org.opensearch.client.ResponseException: method [POST], host [http://127.0.0.1:61803], URI [/_plugins/_sql?format=json], status line [HTTP/1.1 400 Bad Request]
</failure>
  </testcase>
  <testcase name="excludeTest" classname="org.opensearch.sql.legacy.SourceFieldIT" time="0.032">
    <failure message="org.opensearch.client.ResponseException: method [POST], host [http://[::1]:61802], URI [/_plugins/_sql?format=json], status line [HTTP/1.1 400 Bad Request]&#10;{&#10;  &quot;error&quot;: {&#10;    &quot;reason&quot;: &quot;Invalid SQL query&quot;,&#10;    &quot;details&quot;: &quot;Query is unsupported in the new engine&quot;,&#10;    &quot;type&quot;: &quot;SQLFeatureDisabledException&quot;&#10;  },&#10;  &quot;status&quot;: 400&#10;}" type="org.opensearch.client.ResponseException">org.opensearch.client.ResponseException: method [POST], host [http://[::1]:61802], URI [/_plugins/_sql?format=json], status line [HTTP/1.1 400 Bad Request]
</failure>
  </testcase>
  <system-out><![CDATA[[2023-01-17T12:16:51,872][INFO ][o.o.s.l.SourceFieldIT    ] [allTest] before test
]]></system-out>
  <system-err><![CDATA[REPRODUCE WITH: ./gradlew ':integ-test:integTest' --tests "org.opensearch.sql.legacy.SourceFieldIT.allTest" -Dtests.seed=160F64C51FACC80F -Dtests.security.manager=false -Dtests.locale=ms-MY -Dtests.timezone=Asia/Vladivostok -Druntime.java=17
]]></system-err>
</testsuite>
<?xml version="1.0" encoding="UTF-8"?>
<testsuite name="org.opensearch.sql.legacy.SubqueryIT" tests="19" skipped="1" failures="17" errors="0" timestamp="2023-01-17T02:16:52" hostname="Unused26-MacBook.local" time="1.552">
  <properties/>
  <testcase name="nonCorrelatedNotExistsWhere" classname="org.opensearch.sql.legacy.SubqueryIT" time="0.919">
    <failure message="org.opensearch.client.ResponseException: method [POST], host [http://[::1]:61802], URI [/_plugins/_sql?format=json], status line [HTTP/1.1 400 Bad Request]&#10;{&#10;  &quot;error&quot;: {&#10;    &quot;reason&quot;: &quot;Invalid SQL query&quot;,&#10;    &quot;details&quot;: &quot;Query is unsupported in the new engine&quot;,&#10;    &quot;type&quot;: &quot;SQLFeatureDisabledException&quot;&#10;  },&#10;  &quot;status&quot;: 400&#10;}" type="org.opensearch.client.ResponseException">org.opensearch.client.ResponseException: method [POST], host [http://[::1]:61802], URI [/_plugins/_sql?format=json], status line [HTTP/1.1 400 Bad Request]
</failure>
  </testcase>
  <testcase name="selectFromSubqueryWithWhereAndCountShouldPass" classname="org.opensearch.sql.legacy.SubqueryIT" time="0.038">
    <failure message="org.opensearch.client.ResponseException: method [POST], host [http://127.0.0.1:61803], URI [/_plugins/_sql?format=json], status line [HTTP/1.1 400 Bad Request]&#10;{&#10;  &quot;error&quot;: {&#10;    &quot;reason&quot;: &quot;Invalid SQL query&quot;,&#10;    &quot;details&quot;: &quot;Query is unsupported in the new engine&quot;,&#10;    &quot;type&quot;: &quot;SQLFeatureDisabledException&quot;&#10;  },&#10;  &quot;status&quot;: 400&#10;}" type="org.opensearch.client.ResponseException">org.opensearch.client.ResponseException: method [POST], host [http://127.0.0.1:61803], URI [/_plugins/_sql?format=json], status line [HTTP/1.1 400 Bad Request]
</failure>
  </testcase>
  <testcase name="selectFromSubqueryWithoutAliasShouldPass" classname="org.opensearch.sql.legacy.SubqueryIT" time="0.043"/>
  <testcase name="testINWithAlias" classname="org.opensearch.sql.legacy.SubqueryIT" time="0.045">
    <failure message="org.opensearch.client.ResponseException: method [POST], host [http://127.0.0.1:61803], URI [/_plugins/_sql?format=json], status line [HTTP/1.1 400 Bad Request]&#10;{&#10;  &quot;error&quot;: {&#10;    &quot;reason&quot;: &quot;Invalid SQL query&quot;,&#10;    &quot;details&quot;: &quot;Query is unsupported in the new engine&quot;,&#10;    &quot;type&quot;: &quot;SQLFeatureDisabledException&quot;&#10;  },&#10;  &quot;status&quot;: 400&#10;}" type="org.opensearch.client.ResponseException">org.opensearch.client.ResponseException: method [POST], host [http://127.0.0.1:61803], URI [/_plugins/_sql?format=json], status line [HTTP/1.1 400 Bad Request]
</failure>
  </testcase>
  <testcase name="nonCorrelatedExistsParentWhere" classname="org.opensearch.sql.legacy.SubqueryIT" time="0.038">
    <failure message="org.opensearch.client.ResponseException: method [POST], host [http://[::1]:61802], URI [/_plugins/_sql?format=json], status line [HTTP/1.1 400 Bad Request]&#10;{&#10;  &quot;error&quot;: {&#10;    &quot;reason&quot;: &quot;Invalid SQL query&quot;,&#10;    &quot;details&quot;: &quot;Query is unsupported in the new engine&quot;,&#10;    &quot;type&quot;: &quot;SQLFeatureDisabledException&quot;&#10;  },&#10;  &quot;status&quot;: 400&#10;}" type="org.opensearch.client.ResponseException">org.opensearch.client.ResponseException: method [POST], host [http://[::1]:61802], URI [/_plugins/_sql?format=json], status line [HTTP/1.1 400 Bad Request]
</failure>
  </testcase>
  <testcase name="nonCorrelatedNotExists" classname="org.opensearch.sql.legacy.SubqueryIT" time="0.038">
    <failure message="org.opensearch.client.ResponseException: method [POST], host [http://127.0.0.1:61803], URI [/_plugins/_sql?format=json], status line [HTTP/1.1 400 Bad Request]&#10;{&#10;  &quot;error&quot;: {&#10;    &quot;reason&quot;: &quot;Invalid SQL query&quot;,&#10;    &quot;details&quot;: &quot;Query is unsupported in the new engine&quot;,&#10;    &quot;type&quot;: &quot;SQLFeatureDisabledException&quot;&#10;  },&#10;  &quot;status&quot;: 400&#10;}" type="org.opensearch.client.ResponseException">org.opensearch.client.ResponseException: method [POST], host [http://127.0.0.1:61803], URI [/_plugins/_sql?format=json], status line [HTTP/1.1 400 Bad Request]
</failure>
  </testcase>
  <testcase name="testINWithInnerWhere" classname="org.opensearch.sql.legacy.SubqueryIT" time="0.035">
    <failure message="org.opensearch.client.ResponseException: method [POST], host [http://[::1]:61802], URI [/_plugins/_sql?format=json], status line [HTTP/1.1 400 Bad Request]&#10;{&#10;  &quot;error&quot;: {&#10;    &quot;reason&quot;: &quot;Invalid SQL query&quot;,&#10;    &quot;details&quot;: &quot;Query is unsupported in the new engine&quot;,&#10;    &quot;type&quot;: &quot;SQLFeatureDisabledException&quot;&#10;  },&#10;  &quot;status&quot;: 400&#10;}" type="org.opensearch.client.ResponseException">org.opensearch.client.ResponseException: method [POST], host [http://[::1]:61802], URI [/_plugins/_sql?format=json], status line [HTTP/1.1 400 Bad Request]
</failure>
  </testcase>
  <testcase name="selectFromSubqueryWithCountAndGroupByAndHavingShouldPass" classname="org.opensearch.sql.legacy.SubqueryIT" time="0.034">
    <failure message="org.opensearch.client.ResponseException: method [POST], host [http://127.0.0.1:61803], URI [/_plugins/_sql?format=json], status line [HTTP/1.1 400 Bad Request]&#10;{&#10;  &quot;error&quot;: {&#10;    &quot;reason&quot;: &quot;Invalid SQL query&quot;,&#10;    &quot;details&quot;: &quot;Query is unsupported in the new engine&quot;,&#10;    &quot;type&quot;: &quot;SQLFeatureDisabledException&quot;&#10;  },&#10;  &quot;status&quot;: 400&#10;}" type="org.opensearch.client.ResponseException">org.opensearch.client.ResponseException: method [POST], host [http://127.0.0.1:61803], URI [/_plugins/_sql?format=json], status line [HTTP/1.1 400 Bad Request]
</failure>
  </testcase>
  <testcase name="testIN" classname="org.opensearch.sql.legacy.SubqueryIT" time="0.034">
    <failure message="org.opensearch.client.ResponseException: method [POST], host [http://[::1]:61802], URI [/_plugins/_sql?format=json], status line [HTTP/1.1 400 Bad Request]&#10;{&#10;  &quot;error&quot;: {&#10;    &quot;reason&quot;: &quot;Invalid SQL query&quot;,&#10;    &quot;details&quot;: &quot;Query is unsupported in the new engine&quot;,&#10;    &quot;type&quot;: &quot;SQLFeatureDisabledException&quot;&#10;  },&#10;  &quot;status&quot;: 400&#10;}" type="org.opensearch.client.ResponseException">org.opensearch.client.ResponseException: method [POST], host [http://[::1]:61802], URI [/_plugins/_sql?format=json], status line [HTTP/1.1 400 Bad Request]
</failure>
  </testcase>
  <testcase name="testINSelectAll" classname="org.opensearch.sql.legacy.SubqueryIT" time="0.038">
    <failure message="org.opensearch.client.ResponseException: method [POST], host [http://127.0.0.1:61803], URI [/_plugins/_sql?format=json], status line [HTTP/1.1 400 Bad Request]&#10;{&#10;  &quot;error&quot;: {&#10;    &quot;reason&quot;: &quot;Invalid SQL query&quot;,&#10;    &quot;details&quot;: &quot;Query is unsupported in the new engine&quot;,&#10;    &quot;type&quot;: &quot;SQLFeatureDisabledException&quot;&#10;  },&#10;  &quot;status&quot;: 400&#10;}" type="org.opensearch.client.ResponseException">org.opensearch.client.ResponseException: method [POST], host [http://127.0.0.1:61803], URI [/_plugins/_sql?format=json], status line [HTTP/1.1 400 Bad Request]
</failure>
  </testcase>
  <testcase name="selectFromSubqueryWithCountAndGroupByAndOrderByShouldPass" classname="org.opensearch.sql.legacy.SubqueryIT" time="0.036">
    <failure message="org.opensearch.client.ResponseException: method [POST], host [http://[::1]:61802], URI [/_plugins/_sql?format=json], status line [HTTP/1.1 400 Bad Request]&#10;{&#10;  &quot;error&quot;: {&#10;    &quot;reason&quot;: &quot;Invalid SQL query&quot;,&#10;    &quot;details&quot;: &quot;Query is unsupported in the new engine&quot;,&#10;    &quot;type&quot;: &quot;SQLFeatureDisabledException&quot;&#10;  },&#10;  &quot;status&quot;: 400&#10;}" type="org.opensearch.client.ResponseException">org.opensearch.client.ResponseException: method [POST], host [http://[::1]:61802], URI [/_plugins/_sql?format=json], status line [HTTP/1.1 400 Bad Request]
</failure>
  </testcase>
  <testcase name="nonCorrelatedExists" classname="org.opensearch.sql.legacy.SubqueryIT" time="0.036">
    <failure message="org.opensearch.client.ResponseException: method [POST], host [http://127.0.0.1:61803], URI [/_plugins/_sql?format=json], status line [HTTP/1.1 400 Bad Request]&#10;{&#10;  &quot;error&quot;: {&#10;    &quot;reason&quot;: &quot;Invalid SQL query&quot;,&#10;    &quot;details&quot;: &quot;Query is unsupported in the new engine&quot;,&#10;    &quot;type&quot;: &quot;SQLFeatureDisabledException&quot;&#10;  },&#10;  &quot;status&quot;: 400&#10;}" type="org.opensearch.client.ResponseException">org.opensearch.client.ResponseException: method [POST], host [http://127.0.0.1:61803], URI [/_plugins/_sql?format=json], status line [HTTP/1.1 400 Bad Request]
</failure>
  </testcase>
  <testcase name="testNotSupportedQuery" classname="org.opensearch.sql.legacy.SubqueryIT" time="0.036">
    <failure message="java.lang.AssertionError: &#10;Expected: (an instance of org.opensearch.client.ResponseException and exception with message a string containing &quot;Unsupported subquery&quot;)&#10;     but: exception with message a string containing &quot;Unsupported subquery&quot; message was &quot;method [POST], host [http://[::1]:61802], URI [/_plugins/_sql?format=json], status line [HTTP/1.1 400 Bad Request]&#10;{&#10;  &quot;error&quot;: {&#10;    &quot;reason&quot;: &quot;Invalid SQL query&quot;,&#10;    &quot;details&quot;: &quot;Query is unsupported in the new engine&quot;,&#10;    &quot;type&quot;: &quot;SQLFeatureDisabledException&quot;&#10;  },&#10;  &quot;status&quot;: 400&#10;}&quot;&#10;Stacktrace was: org.opensearch.client.ResponseException: method [POST], host [http://[::1]:61802], URI [/_plugins/_sql?format=json], status line [HTTP/1.1 400 Bad Request]&#10;{&#10;  &quot;error&quot;: {&#10;    &quot;reason&quot;: &quot;Invalid SQL query&quot;,&#10;    &quot;details&quot;: &quot;Query is unsupported in the new engine&quot;,&#10;    &quot;type&quot;: &quot;SQLFeatureDisabledException&quot;&#10;  },&#10;  &quot;status&quot;: 400&#10;}&#10;&#9;at org.opensearch.client.RestClient.convertResponse(RestClient.java:384)&#10;&#9;at org.opensearch.client.RestClient.performRequest(RestClient.java:354)&#10;&#9;at org.opensearch.client.RestClient.performRequest(RestClient.java:329)&#10;&#9;at org.opensearch.sql.legacy.SQLIntegTestCase.executeRequest(SQLIntegTestCase.java:327)&#10;&#9;at org.opensearch.sql.legacy.SQLIntegTestCase.executeRequest(SQLIntegTestCase.java:322)&#10;&#9;at org.opensearch.sql.legacy.SQLIntegTestCase.executeRequest(SQLIntegTestCase.java:310)&#10;&#9;at org.opensearch.sql.legacy.SQLIntegTestCase.executeQuery(SQLIntegTestCase.java:293)&#10;&#9;at org.opensearch.sql.legacy.SubqueryIT.testNotSupportedQuery(SubqueryIT.java:139)&#10;&#9;at java.base/jdk.internal.reflect.NativeMethodAccessorImpl.invoke0(Native Method)&#10;&#9;at java.base/jdk.internal.reflect.NativeMethodAccessorImpl.invoke(NativeMethodAccessorImpl.java:77)&#10;&#9;at java.base/jdk.internal.reflect.DelegatingMethodAccessorImpl.invoke(DelegatingMethodAccessorImpl.java:43)&#10;&#9;at java.base/java.lang.reflect.Method.invoke(Method.java:568)&#10;&#9;at com.carrotsearch.randomizedtesting.RandomizedRunner.invoke(RandomizedRunner.java:1750)&#10;&#9;at com.carrotsearch.randomizedtesting.RandomizedRunner$8.evaluate(RandomizedRunner.java:938)&#10;&#9;at com.carrotsearch.randomizedtesting.RandomizedRunner$9.evaluate(RandomizedRunner.java:974)&#10;&#9;at com.carrotsearch.randomizedtesting.RandomizedRunner$10.evaluate(RandomizedRunner.java:988)&#10;&#9;at org.junit.rules.ExpectedException$ExpectedExceptionStatement.evaluate(ExpectedException.java:258)&#10;&#9;at com.carrotsearch.randomizedtesting.rules.StatementAdapter.evaluate(StatementAdapter.java:36)&#10;&#9;at org.junit.rules.RunRules.evaluate(RunRules.java:20)&#10;&#9;at org.apache.lucene.tests.util.TestRuleSetupTeardownChained$1.evaluate(TestRuleSetupTeardownChained.java:48)&#10;&#9;at org.apache.lucene.tests.util.AbstractBeforeAfterRule$1.evaluate(AbstractBeforeAfterRule.java:43)&#10;&#9;at org.apache.lucene.tests.util.TestRuleThreadAndTestName$1.evaluate(TestRuleThreadAndTestName.java:45)&#10;&#9;at org.apache.lucene.tests.util.TestRuleIgnoreAfterMaxFailures$1.evaluate(TestRuleIgnoreAfterMaxFailures.java:60)&#10;&#9;at org.apache.lucene.tests.util.TestRuleMarkFailure$1.evaluate(TestRuleMarkFailure.java:44)&#10;&#9;at org.junit.rules.RunRules.evaluate(RunRules.java:20)&#10;&#9;at com.carrotsearch.randomizedtesting.rules.StatementAdapter.evaluate(StatementAdapter.java:36)&#10;&#9;at com.carrotsearch.randomizedtesting.ThreadLeakControl$StatementRunner.run(ThreadLeakControl.java:368)&#10;&#9;at com.carrotsearch.randomizedtesting.ThreadLeakControl.forkTimeoutingTask(ThreadLeakControl.java:817)&#10;&#9;at com.carrotsearch.randomizedtesting.ThreadLeakControl$3.evaluate(ThreadLeakControl.java:468)&#10;&#9;at com.carrotsearch.randomizedtesting.RandomizedRunner.runSingleTest(RandomizedRunner.java:947)&#10;&#9;at com.carrotsearch.randomizedtesting.RandomizedRunner$5.evaluate(RandomizedRunner.java:832)&#10;&#9;at com.carrotsearch.randomizedtesting.RandomizedRunner$6.evaluate(RandomizedRunner.java:883)&#10;&#9;at com.carrotsearch.randomizedtesting.RandomizedRunner$7.evaluate(RandomizedRunner.java:894)&#10;&#9;at org.apache.lucene.tests.util.AbstractBeforeAfterRule$1.evaluate(AbstractBeforeAfterRule.java:43)&#10;&#9;at com.carrotsearch.randomizedtesting.rules.StatementAdapter.evaluate(StatementAdapter.java:36)&#10;&#9;at org.apache.lucene.tests.util.TestRuleStoreClassName$1.evaluate(TestRuleStoreClassName.java:38)&#10;&#9;at com.carrotsearch.randomizedtesting.rules.NoShadowingOrOverridesOnMethodsRule$1.evaluate(NoShadowingOrOverridesOnMethodsRule.java:40)&#10;&#9;at com.carrotsearch.randomizedtesting.rules.NoShadowingOrOverridesOnMethodsRule$1.evaluate(NoShadowingOrOverridesOnMethodsRule.java:40)&#10;&#9;at com.carrotsearch.randomizedtesting.rules.StatementAdapter.evaluate(StatementAdapter.java:36)&#10;&#9;at com.carrotsearch.randomizedtesting.rules.StatementAdapter.evaluate(StatementAdapter.java:36)&#10;&#9;at org.apache.lucene.tests.util.TestRuleAssertionsRequired$1.evaluate(TestRuleAssertionsRequired.java:53)&#10;&#9;at org.apache.lucene.tests.util.AbstractBeforeAfterRule$1.evaluate(AbstractBeforeAfterRule.java:43)&#10;&#9;at org.apache.lucene.tests.util.TestRuleMarkFailure$1.evaluate(TestRuleMarkFailure.java:44)&#10;&#9;at org.apache.lucene.tests.util.TestRuleIgnoreAfterMaxFailures$1.evaluate(TestRuleIgnoreAfterMaxFailures.java:60)&#10;&#9;at org.apache.lucene.tests.util.TestRuleIgnoreTestSuites$1.evaluate(TestRuleIgnoreTestSuites.java:47)&#10;&#9;at org.junit.rules.RunRules.evaluate(RunRules.java:20)&#10;&#9;at com.carrotsearch.randomizedtesting.rules.StatementAdapter.evaluate(StatementAdapter.java:36)&#10;&#9;at com.carrotsearch.randomizedtesting.ThreadLeakControl$StatementRunner.run(ThreadLeakControl.java:368)&#10;&#9;at java.base/java.lang.Thread.run(Thread.java:833)&#10;" type="java.lang.AssertionError">java.lang.AssertionError: 
</failure>
  </testcase>
  <testcase name="testINWithDuplicate" classname="org.opensearch.sql.legacy.SubqueryIT" time="0.0">
    <skipped/>
  </testcase>
  <testcase name="selectFromSubqueryWithCountAndGroupByShouldPass" classname="org.opensearch.sql.legacy.SubqueryIT" time="0.035">
    <failure message="org.opensearch.client.ResponseException: method [POST], host [http://127.0.0.1:61803], URI [/_plugins/_sql?format=json], status line [HTTP/1.1 400 Bad Request]&#10;{&#10;  &quot;error&quot;: {&#10;    &quot;reason&quot;: &quot;Invalid SQL query&quot;,&#10;    &quot;details&quot;: &quot;Query is unsupported in the new engine&quot;,&#10;    &quot;type&quot;: &quot;SQLFeatureDisabledException&quot;&#10;  },&#10;  &quot;status&quot;: 400&#10;}" type="org.opensearch.client.ResponseException">org.opensearch.client.ResponseException: method [POST], host [http://127.0.0.1:61803], URI [/_plugins/_sql?format=json], status line [HTTP/1.1 400 Bad Request]
</failure>
  </testcase>
  <testcase name="nonCorrelatedExistsWhere" classname="org.opensearch.sql.legacy.SubqueryIT" time="0.034">
    <failure message="org.opensearch.client.ResponseException: method [POST], host [http://[::1]:61802], URI [/_plugins/_sql?format=json], status line [HTTP/1.1 400 Bad Request]&#10;{&#10;  &quot;error&quot;: {&#10;    &quot;reason&quot;: &quot;Invalid SQL query&quot;,&#10;    &quot;details&quot;: &quot;Query is unsupported in the new engine&quot;,&#10;    &quot;type&quot;: &quot;SQLFeatureDisabledException&quot;&#10;  },&#10;  &quot;status&quot;: 400&#10;}" type="org.opensearch.client.ResponseException">org.opensearch.client.ResponseException: method [POST], host [http://[::1]:61802], URI [/_plugins/_sql?format=json], status line [HTTP/1.1 400 Bad Request]
</failure>
  </testcase>
  <testcase name="selectFromSubqueryWithCountShouldPass" classname="org.opensearch.sql.legacy.SubqueryIT" time="0.036">
    <failure message="org.opensearch.client.ResponseException: method [POST], host [http://127.0.0.1:61803], URI [/_plugins/_sql?format=json], status line [HTTP/1.1 400 Bad Request]&#10;{&#10;  &quot;error&quot;: {&#10;    &quot;reason&quot;: &quot;Invalid SQL query&quot;,&#10;    &quot;details&quot;: &quot;Query is unsupported in the new engine&quot;,&#10;    &quot;type&quot;: &quot;SQLFeatureDisabledException&quot;&#10;  },&#10;  &quot;status&quot;: 400&#10;}" type="org.opensearch.client.ResponseException">org.opensearch.client.ResponseException: method [POST], host [http://127.0.0.1:61803], URI [/_plugins/_sql?format=json], status line [HTTP/1.1 400 Bad Request]
</failure>
  </testcase>
  <testcase name="selectFromSubqueryCountAndSum" classname="org.opensearch.sql.legacy.SubqueryIT" time="0.037">
    <failure message="org.opensearch.client.ResponseException: method [POST], host [http://[::1]:61802], URI [/_plugins/_sql?format=json], status line [HTTP/1.1 400 Bad Request]&#10;{&#10;  &quot;error&quot;: {&#10;    &quot;reason&quot;: &quot;Invalid SQL query&quot;,&#10;    &quot;details&quot;: &quot;Query is unsupported in the new engine&quot;,&#10;    &quot;type&quot;: &quot;SQLFeatureDisabledException&quot;&#10;  },&#10;  &quot;status&quot;: 400&#10;}" type="org.opensearch.client.ResponseException">org.opensearch.client.ResponseException: method [POST], host [http://[::1]:61802], URI [/_plugins/_sql?format=json], status line [HTTP/1.1 400 Bad Request]
</failure>
  </testcase>
  <testcase name="nonCorrelatedNotExistsParentWhere" classname="org.opensearch.sql.legacy.SubqueryIT" time="0.034">
    <failure message="org.opensearch.client.ResponseException: method [POST], host [http://127.0.0.1:61803], URI [/_plugins/_sql?format=json], status line [HTTP/1.1 400 Bad Request]&#10;{&#10;  &quot;error&quot;: {&#10;    &quot;reason&quot;: &quot;Invalid SQL query&quot;,&#10;    &quot;details&quot;: &quot;Query is unsupported in the new engine&quot;,&#10;    &quot;type&quot;: &quot;SQLFeatureDisabledException&quot;&#10;  },&#10;  &quot;status&quot;: 400&#10;}" type="org.opensearch.client.ResponseException">org.opensearch.client.ResponseException: method [POST], host [http://127.0.0.1:61803], URI [/_plugins/_sql?format=json], status line [HTTP/1.1 400 Bad Request]
</failure>
  </testcase>
  <system-out><![CDATA[[2023-01-17T04:16:52,516][INFO ][o.o.s.l.SubqueryIT       ] [nonCorrelatedNotExistsWhere] before test
]]></system-out>
  <system-err><![CDATA[REPRODUCE WITH: ./gradlew ':integ-test:integTest' --tests "org.opensearch.sql.legacy.SubqueryIT.nonCorrelatedNotExistsWhere" -Dtests.seed=160F64C51FACC80F -Dtests.security.manager=false -Dtests.locale=ar-LY -Dtests.timezone=Europe/Riga -Druntime.java=17
]]></system-err>
</testsuite>
<?xml version="1.0" encoding="UTF-8"?>
<testsuite name="org.opensearch.sql.legacy.TypeInformationIT" tests="13" skipped="0" failures="0" errors="0" timestamp="2023-01-17T02:15:13" hostname="Unused26-MacBook.local" time="10.99">
  <properties/>
  <testcase name="testLengthWithTextFieldReturnsInt" classname="org.opensearch.sql.legacy.TypeInformationIT" time="9.366"/>
  <testcase name="testLengthWithGroupByExpr" classname="org.opensearch.sql.legacy.TypeInformationIT" time="0.447"/>
  <testcase name="testSubtractLongWithLongReturnsLong" classname="org.opensearch.sql.legacy.TypeInformationIT" time="0.136"/>
  <testcase name="testAddWithIntReturnsInt" classname="org.opensearch.sql.legacy.TypeInformationIT" time="0.094"/>
  <testcase name="testRadiansWithLongFieldReturnsDouble" classname="org.opensearch.sql.legacy.TypeInformationIT" time="0.083"/>
  <testcase name="testPiReturnsDouble" classname="org.opensearch.sql.legacy.TypeInformationIT" time="0.096"/>
  <testcase name="testCeilWithLongFieldReturnsLong" classname="org.opensearch.sql.legacy.TypeInformationIT" time="0.089"/>
  <testcase name="testUpperWithStringFieldReturnsString" classname="org.opensearch.sql.legacy.TypeInformationIT" time="0.202"/>
  <testcase name="testDayOfWeekWithKeywordReturnsText" classname="org.opensearch.sql.legacy.TypeInformationIT" time="0.123"/>
  <testcase name="testSinWithLongFieldReturnsDouble" classname="org.opensearch.sql.legacy.TypeInformationIT" time="0.097"/>
  <testcase name="testLowerWithTextFieldReturnsText" classname="org.opensearch.sql.legacy.TypeInformationIT" time="0.09"/>
  <testcase name="testAbsWithIntFieldReturnsInt" classname="org.opensearch.sql.legacy.TypeInformationIT" time="0.081"/>
  <testcase name="testYearWithKeywordReturnsText" classname="org.opensearch.sql.legacy.TypeInformationIT" time="0.079"/>
  <system-out><![CDATA[[2023-01-17T03:15:13,300][INFO ][o.o.s.l.TypeInformationIT] [testLengthWithTextFieldReturnsInt] before test
]]></system-out>
  <system-err><![CDATA[log4j:WARN No appenders could be found for logger (org.apache.hc.client5.http.impl.async.InternalAbstractHttpAsyncClient).
]]></system-err>
</testsuite>
<?xml version="1.0" encoding="UTF-8"?>
<testsuite name="org.opensearch.sql.ppl.ConvertTZFunctionIT" tests="14" skipped="0" failures="0" errors="0" timestamp="2023-01-17T02:16:54" hostname="Unused26-MacBook.local" time="1.256">
  <properties/>
  <testcase name="inRangeZeroToZero" classname="org.opensearch.sql.ppl.ConvertTZFunctionIT" time="0.494"/>
  <testcase name="inRangeNoTZChange" classname="org.opensearch.sql.ppl.ConvertTZFunctionIT" time="0.108"/>
  <testcase name="nullDateTimeInvalidDateValueFebruary" classname="org.opensearch.sql.ppl.ConvertTZFunctionIT" time="0.067"/>
  <testcase name="nullFromGarbageInput2" classname="org.opensearch.sql.ppl.ConvertTZFunctionIT" time="0.07"/>
  <testcase name="nullDateTimeInvalidDateValueApril" classname="org.opensearch.sql.ppl.ConvertTZFunctionIT" time="0.052"/>
  <testcase name="nullFromFieldUnder" classname="org.opensearch.sql.ppl.ConvertTZFunctionIT" time="0.104"/>
  <testcase name="inRangeFifteenMinuteTZ" classname="org.opensearch.sql.ppl.ConvertTZFunctionIT" time="0.092"/>
  <testcase name="inRangeZeroToPositive" classname="org.opensearch.sql.ppl.ConvertTZFunctionIT" time="0.052"/>
  <testcase name="nullFromGarbageInput1" classname="org.opensearch.sql.ppl.ConvertTZFunctionIT" time="0.034"/>
  <testcase name="nullToFieldOver" classname="org.opensearch.sql.ppl.ConvertTZFunctionIT" time="0.033"/>
  <testcase name="inRangeTwentyFourHourChange" classname="org.opensearch.sql.ppl.ConvertTZFunctionIT" time="0.035"/>
  <testcase name="inRangePositiveToPositive" classname="org.opensearch.sql.ppl.ConvertTZFunctionIT" time="0.037"/>
  <testcase name="inRangeNegativeToPositive" classname="org.opensearch.sql.ppl.ConvertTZFunctionIT" time="0.037"/>
  <testcase name="nullDateTimeInvalidDateValueMonth" classname="org.opensearch.sql.ppl.ConvertTZFunctionIT" time="0.036"/>
  <system-out><![CDATA[[2023-01-17T05:16:54,285][INFO ][o.o.s.p.ConvertTZFunctionIT] [inRangeZeroToZero] before test
]]></system-out>
  <system-err><![CDATA[]]></system-err>
</testsuite>
<?xml version="1.0" encoding="UTF-8"?>
<testsuite name="org.opensearch.sql.ppl.CsvFormatIT" tests="2" skipped="0" failures="0" errors="0" timestamp="2023-01-17T02:16:55" hostname="Unused26-MacBook.local" time="0.448">
  <properties/>
  <testcase name="escapeSanitizeTest" classname="org.opensearch.sql.ppl.CsvFormatIT" time="0.411"/>
  <testcase name="sanitizeTest" classname="org.opensearch.sql.ppl.CsvFormatIT" time="0.036"/>
  <system-out><![CDATA[[2023-01-17T03:16:55,795][INFO ][o.o.s.p.CsvFormatIT      ] [escapeSanitizeTest] before test
]]></system-out>
  <system-err><![CDATA[]]></system-err>
</testsuite>
<?xml version="1.0" encoding="UTF-8"?>
<testsuite name="org.opensearch.sql.ppl.DataTypeIT" tests="3" skipped="0" failures="0" errors="0" timestamp="2023-01-17T02:16:56" hostname="Unused26-MacBook.local" time="0.701">
  <properties/>
  <testcase name="test_long_integer_data_type" classname="org.opensearch.sql.ppl.DataTypeIT" time="0.603"/>
  <testcase name="test_numeric_data_types" classname="org.opensearch.sql.ppl.DataTypeIT" time="0.044"/>
  <testcase name="test_nonnumeric_data_types" classname="org.opensearch.sql.ppl.DataTypeIT" time="0.054"/>
  <system-out><![CDATA[[2023-01-16T16:16:56,388][INFO ][o.o.s.p.DataTypeIT       ] [test_long_integer_data_type] before test
]]></system-out>
  <system-err><![CDATA[]]></system-err>
</testsuite>
<?xml version="1.0" encoding="UTF-8"?>
<testsuite name="org.opensearch.sql.ppl.DateTimeFunctionIT" tests="36" skipped="0" failures="0" errors="0" timestamp="2023-01-17T02:16:57" hostname="Unused26-MacBook.local" time="3.498">
  <properties/>
  <testcase name="testDayOfYear" classname="org.opensearch.sql.ppl.DateTimeFunctionIT" time="0.609"/>
  <testcase name="testUnixTimeStamp" classname="org.opensearch.sql.ppl.DateTimeFunctionIT" time="0.055"/>
  <testcase name="testHour" classname="org.opensearch.sql.ppl.DateTimeFunctionIT" time="0.102"/>
  <testcase name="testDay" classname="org.opensearch.sql.ppl.DateTimeFunctionIT" time="0.049"/>
  <testcase name="testMakeTime" classname="org.opensearch.sql.ppl.DateTimeFunctionIT" time="0.04"/>
  <testcase name="testFromDays" classname="org.opensearch.sql.ppl.DateTimeFunctionIT" time="0.035"/>
  <testcase name="testDayOfWeek" classname="org.opensearch.sql.ppl.DateTimeFunctionIT" time="0.056"/>
  <testcase name="testFromUnixTime" classname="org.opensearch.sql.ppl.DateTimeFunctionIT" time="0.076"/>
  <testcase name="testDateDiff" classname="org.opensearch.sql.ppl.DateTimeFunctionIT" time="0.103"/>
  <testcase name="testDateFormat" classname="org.opensearch.sql.ppl.DateTimeFunctionIT" time="0.198"/>
  <testcase name="testPeriodDiff" classname="org.opensearch.sql.ppl.DateTimeFunctionIT" time="0.046"/>
  <testcase name="testNowLikeFunctions" classname="org.opensearch.sql.ppl.DateTimeFunctionIT" time="0.253"/>
  <testcase name="testMicrosecond" classname="org.opensearch.sql.ppl.DateTimeFunctionIT" time="0.139"/>
  <testcase name="testConvertTZ" classname="org.opensearch.sql.ppl.DateTimeFunctionIT" time="0.155"/>
  <testcase name="testToDays" classname="org.opensearch.sql.ppl.DateTimeFunctionIT" time="0.048"/>
  <testcase name="testPeriodAdd" classname="org.opensearch.sql.ppl.DateTimeFunctionIT" time="0.037"/>
  <testcase name="testSubTime" classname="org.opensearch.sql.ppl.DateTimeFunctionIT" time="0.038"/>
  <testcase name="testMonth" classname="org.opensearch.sql.ppl.DateTimeFunctionIT" time="0.063"/>
  <testcase name="testTimeToSec" classname="org.opensearch.sql.ppl.DateTimeFunctionIT" time="0.053"/>
  <testcase name="testDayOfMonth" classname="org.opensearch.sql.ppl.DateTimeFunctionIT" time="0.052"/>
  <testcase name="testDateAdd" classname="org.opensearch.sql.ppl.DateTimeFunctionIT" time="0.084"/>
  <testcase name="testMonthName" classname="org.opensearch.sql.ppl.DateTimeFunctionIT" time="0.062"/>
  <testcase name="testWeek" classname="org.opensearch.sql.ppl.DateTimeFunctionIT" time="0.128"/>
  <testcase name="testMinute" classname="org.opensearch.sql.ppl.DateTimeFunctionIT" time="0.083"/>
  <testcase name="testYear" classname="org.opensearch.sql.ppl.DateTimeFunctionIT" time="0.056"/>
  <testcase name="testAddDate" classname="org.opensearch.sql.ppl.DateTimeFunctionIT" time="0.089"/>
  <testcase name="testDateTime" classname="org.opensearch.sql.ppl.DateTimeFunctionIT" time="0.211"/>
  <testcase name="testTimeDiff" classname="org.opensearch.sql.ppl.DateTimeFunctionIT" time="0.039"/>
  <testcase name="testDayName" classname="org.opensearch.sql.ppl.DateTimeFunctionIT" time="0.058"/>
  <testcase name="testMakeDate" classname="org.opensearch.sql.ppl.DateTimeFunctionIT" time="0.038"/>
  <testcase name="testSubDate" classname="org.opensearch.sql.ppl.DateTimeFunctionIT" time="0.085"/>
  <testcase name="testDateFormatISO8601" classname="org.opensearch.sql.ppl.DateTimeFunctionIT" time="0.084"/>
  <testcase name="testQuarter" classname="org.opensearch.sql.ppl.DateTimeFunctionIT" time="0.053"/>
  <testcase name="testSecond" classname="org.opensearch.sql.ppl.DateTimeFunctionIT" time="0.08"/>
  <testcase name="testAddTime" classname="org.opensearch.sql.ppl.DateTimeFunctionIT" time="0.043"/>
  <testcase name="testDateSub" classname="org.opensearch.sql.ppl.DateTimeFunctionIT" time="0.087"/>
  <system-out><![CDATA[[2023-01-17T06:16:57,320][INFO ][o.o.s.p.DateTimeFunctionIT] [testDayOfYear] before test
]]></system-out>
  <system-err><![CDATA[]]></system-err>
</testsuite>
<?xml version="1.0" encoding="UTF-8"?>
<testsuite name="org.opensearch.sql.ppl.DateTimeImplementationIT" tests="14" skipped="0" failures="0" errors="0" timestamp="2023-01-17T02:17:01" hostname="Unused26-MacBook.local" time="0.849">
  <properties/>
  <testcase name="inRangeZeroToPositive" classname="org.opensearch.sql.ppl.DateTimeImplementationIT" time="0.369"/>
  <testcase name="inRangeNoToTZ" classname="org.opensearch.sql.ppl.DateTimeImplementationIT" time="0.04"/>
  <testcase name="nullDateTimeInvalidDateValueApril" classname="org.opensearch.sql.ppl.DateTimeImplementationIT" time="0.036"/>
  <testcase name="nullField3Over" classname="org.opensearch.sql.ppl.DateTimeImplementationIT" time="0.035"/>
  <testcase name="inRangeZeroToStringTZ" classname="org.opensearch.sql.ppl.DateTimeImplementationIT" time="0.035"/>
  <testcase name="nullDateTimeInvalidDateValueMonth" classname="org.opensearch.sql.ppl.DateTimeImplementationIT" time="0.036"/>
  <testcase name="inRangeNegativeToPositive" classname="org.opensearch.sql.ppl.DateTimeImplementationIT" time="0.04"/>
  <testcase name="inRangeZeroToMax" classname="org.opensearch.sql.ppl.DateTimeImplementationIT" time="0.034"/>
  <testcase name="nullField2Under" classname="org.opensearch.sql.ppl.DateTimeImplementationIT" time="0.049"/>
  <testcase name="nullTField3Over" classname="org.opensearch.sql.ppl.DateTimeImplementationIT" time="0.034"/>
  <testcase name="inRangeYearChange" classname="org.opensearch.sql.ppl.DateTimeImplementationIT" time="0.034"/>
  <testcase name="inRangeTwentyHourOffset" classname="org.opensearch.sql.ppl.DateTimeImplementationIT" time="0.032"/>
  <testcase name="inRangeNoTZ" classname="org.opensearch.sql.ppl.DateTimeImplementationIT" time="0.032"/>
  <testcase name="nullDateTimeInvalidDateValueFebruary" classname="org.opensearch.sql.ppl.DateTimeImplementationIT" time="0.038"/>
  <system-out><![CDATA[[2023-01-16T20:17:01,108][INFO ][o.o.s.p.DateTimeImplementationIT] [inRangeZeroToPositive] before test
]]></system-out>
  <system-err><![CDATA[]]></system-err>
</testsuite>
<?xml version="1.0" encoding="UTF-8"?>
<testsuite name="org.opensearch.sql.ppl.DedupCommandIT" tests="4" skipped="0" failures="0" errors="0" timestamp="2023-01-17T02:17:02" hostname="Unused26-MacBook.local" time="0.651">
  <properties/>
  <testcase name="testConsecutiveDedup" classname="org.opensearch.sql.ppl.DedupCommandIT" time="0.541"/>
  <testcase name="testDedup" classname="org.opensearch.sql.ppl.DedupCommandIT" time="0.039"/>
  <testcase name="testAllowMoreDuplicates" classname="org.opensearch.sql.ppl.DedupCommandIT" time="0.033"/>
  <testcase name="testKeepEmptyDedup" classname="org.opensearch.sql.ppl.DedupCommandIT" time="0.036"/>
  <system-out><![CDATA[[2023-01-17T04:17:02,094][INFO ][o.o.s.p.DedupCommandIT   ] [testConsecutiveDedup] before test
]]></system-out>
  <system-err><![CDATA[]]></system-err>
</testsuite>
<?xml version="1.0" encoding="UTF-8"?>
<testsuite name="org.opensearch.sql.ppl.DescribeCommandIT" tests="4" skipped="0" failures="0" errors="0" timestamp="2023-01-17T02:17:02" hostname="Unused26-MacBook.local" time="0.882">
  <properties/>
  <testcase name="testDescribeCommandWithPrometheusCatalog" classname="org.opensearch.sql.ppl.DescribeCommandIT" time="0.412"/>
  <testcase name="testDescribeFilterFields" classname="org.opensearch.sql.ppl.DescribeCommandIT" time="0.04"/>
  <testcase name="testDescribeAllFields" classname="org.opensearch.sql.ppl.DescribeCommandIT" time="0.032"/>
  <testcase name="testDescribeWithSpecialIndexName" classname="org.opensearch.sql.ppl.DescribeCommandIT" time="0.396"/>
  <system-out><![CDATA[[2023-01-17T05:17:02,907][INFO ][o.o.s.p.DescribeCommandIT] [testDescribeCommandWithPrometheusCatalog] before test
]]></system-out>
  <system-err><![CDATA[]]></system-err>
</testsuite>
<?xml version="1.0" encoding="UTF-8"?>
<testsuite name="org.opensearch.sql.ppl.ExplainIT" tests="4" skipped="0" failures="0" errors="0" timestamp="2023-01-17T02:17:03" hostname="Unused26-MacBook.local" time="0.633">
  <properties/>
  <testcase name="testFilterAndAggPushDownExplain" classname="org.opensearch.sql.ppl.ExplainIT" time="0.498"/>
  <testcase name="testFilterPushDownExplain" classname="org.opensearch.sql.ppl.ExplainIT" time="0.038"/>
  <testcase name="testExplain" classname="org.opensearch.sql.ppl.ExplainIT" time="0.059"/>
  <testcase name="testSortPushDownExplain" classname="org.opensearch.sql.ppl.ExplainIT" time="0.037"/>
  <system-out><![CDATA[[2023-01-17T09:17:03,994][INFO ][o.o.s.p.ExplainIT        ] [testFilterAndAggPushDownExplain] before test
]]></system-out>
  <system-err><![CDATA[]]></system-err>
</testsuite>
<?xml version="1.0" encoding="UTF-8"?>
<testsuite name="org.opensearch.sql.ppl.FieldsCommandIT" tests="4" skipped="1" failures="0" errors="0" timestamp="2023-01-17T02:17:04" hostname="Unused26-MacBook.local" time="0.773">
  <properties/>
  <testcase name="testFieldsWithMultiFields" classname="org.opensearch.sql.ppl.FieldsCommandIT" time="0.678"/>
  <testcase name="testFieldsWithOneField" classname="org.opensearch.sql.ppl.FieldsCommandIT" time="0.052"/>
  <testcase name="testFieldsWildCard" classname="org.opensearch.sql.ppl.FieldsCommandIT" time="0.0">
    <skipped/>
  </testcase>
  <testcase name="testSelectDateTypeField" classname="org.opensearch.sql.ppl.FieldsCommandIT" time="0.043"/>
  <system-out><![CDATA[[2023-01-16T19:17:04,759][INFO ][o.o.s.p.FieldsCommandIT  ] [testFieldsWithMultiFields] before test
]]></system-out>
  <system-err><![CDATA[]]></system-err>
</testsuite>
<?xml version="1.0" encoding="UTF-8"?>
<testsuite name="org.opensearch.sql.ppl.HeadCommandIT" tests="6" skipped="2" failures="0" errors="0" timestamp="2023-01-17T02:17:05" hostname="Unused26-MacBook.local" time="1.479">
  <properties/>
  <testcase name="testHeadWithNumberAndFrom" classname="org.opensearch.sql.ppl.HeadCommandIT" time="0.865"/>
  <testcase name="testHead" classname="org.opensearch.sql.ppl.HeadCommandIT" time="0.114"/>
  <testcase name="testHeadWithNumber" classname="org.opensearch.sql.ppl.HeadCommandIT" time="0.115"/>
  <testcase name="testHeadWithNumberLargerThanMaxResultWindow" classname="org.opensearch.sql.ppl.HeadCommandIT" time="0.383"/>
  <testcase name="testHeadWithNumberLargerThanQuerySizeLimit" classname="org.opensearch.sql.ppl.HeadCommandIT" time="0.0">
    <skipped/>
  </testcase>
  <testcase name="testHeadWithLargeNumber" classname="org.opensearch.sql.ppl.HeadCommandIT" time="0.0">
    <skipped/>
  </testcase>
  <system-out><![CDATA[[2023-01-16T20:17:05,692][INFO ][o.o.s.p.HeadCommandIT    ] [testHeadWithNumberAndFrom] before test
]]></system-out>
  <system-err><![CDATA[]]></system-err>
</testsuite>
<?xml version="1.0" encoding="UTF-8"?>
<testsuite name="org.opensearch.sql.ppl.InformationSchemaCommandIT" tests="2" skipped="0" failures="0" errors="0" timestamp="2023-01-17T02:17:07" hostname="Unused26-MacBook.local" time="0.225">
  <properties/>
  <testcase name="testSearchTablesFromPrometheusCatalog" classname="org.opensearch.sql.ppl.InformationSchemaCommandIT" time="0.175"/>
  <testcase name="testTablesFromPrometheusCatalog" classname="org.opensearch.sql.ppl.InformationSchemaCommandIT" time="0.05"/>
  <system-out><![CDATA[[2023-01-16T19:17:07,389][INFO ][o.o.s.p.InformationSchemaCommandIT] [testSearchTablesFromPrometheusCatalog] before test
]]></system-out>
  <system-err><![CDATA[]]></system-err>
</testsuite>
<?xml version="1.0" encoding="UTF-8"?>
<testsuite name="org.opensearch.sql.ppl.LegacyAPICompatibilityIT" tests="5" skipped="0" failures="0" errors="0" timestamp="2023-01-17T02:17:07" hostname="Unused26-MacBook.local" time="0.815">
  <properties/>
  <testcase name="legacySettingNewEndpoint" classname="org.opensearch.sql.ppl.LegacyAPICompatibilityIT" time="0.581"/>
  <testcase name="stats" classname="org.opensearch.sql.ppl.LegacyAPICompatibilityIT" time="0.052"/>
  <testcase name="explain" classname="org.opensearch.sql.ppl.LegacyAPICompatibilityIT" time="0.038"/>
  <testcase name="query" classname="org.opensearch.sql.ppl.LegacyAPICompatibilityIT" time="0.085"/>
  <testcase name="newSettingNewEndpoint" classname="org.opensearch.sql.ppl.LegacyAPICompatibilityIT" time="0.058"/>
  <system-out><![CDATA[[2023-01-16T23:17:07,714][INFO ][o.o.s.p.LegacyAPICompatibilityIT] [legacySettingNewEndpoint] before test
]]></system-out>
  <system-err><![CDATA[]]></system-err>
</testsuite>
<?xml version="1.0" encoding="UTF-8"?>
<testsuite name="org.opensearch.sql.ppl.LikeQueryIT" tests="8" skipped="0" failures="0" errors="0" timestamp="2023-01-17T02:17:08" hostname="Unused26-MacBook.local" time="0.605">
  <properties/>
  <testcase name="test_like_on_text_field_with_greater_than_one_word" classname="org.opensearch.sql.ppl.LikeQueryIT" time="0.307"/>
  <testcase name="test_like_with_percent" classname="org.opensearch.sql.ppl.LikeQueryIT" time="0.047"/>
  <testcase name="test_like_on_text_keyword_field_with_one_word" classname="org.opensearch.sql.ppl.LikeQueryIT" time="0.037"/>
  <testcase name="test_convert_field_text_to_keyword" classname="org.opensearch.sql.ppl.LikeQueryIT" time="0.034"/>
  <testcase name="test_like_on_text_keyword_field_with_greater_than_one_word" classname="org.opensearch.sql.ppl.LikeQueryIT" time="0.036"/>
  <testcase name="test_like_on_text_field_with_one_word" classname="org.opensearch.sql.ppl.LikeQueryIT" time="0.035"/>
  <testcase name="test_like_in_where_with_escaped_underscore" classname="org.opensearch.sql.ppl.LikeQueryIT" time="0.044"/>
  <testcase name="test_like_with_escaped_percent" classname="org.opensearch.sql.ppl.LikeQueryIT" time="0.061"/>
  <system-out><![CDATA[[2023-01-16T21:17:08,696][INFO ][o.o.s.p.LikeQueryIT      ] [test_like_on_text_field_with_greater_than_one_word] before test
]]></system-out>
  <system-err><![CDATA[]]></system-err>
</testsuite>
<?xml version="1.0" encoding="UTF-8"?>
<testsuite name="org.opensearch.sql.ppl.MatchBoolPrefixIT" tests="3" skipped="0" failures="0" errors="0" timestamp="2023-01-17T02:17:09" hostname="Unused26-MacBook.local" time="0.479">
  <properties/>
  <testcase name="no_matches_test" classname="org.opensearch.sql.ppl.MatchBoolPrefixIT" time="0.375"/>
  <testcase name="valid_query_match_test" classname="org.opensearch.sql.ppl.MatchBoolPrefixIT" time="0.043"/>
  <testcase name="optional_parameter_match_test" classname="org.opensearch.sql.ppl.MatchBoolPrefixIT" time="0.06"/>
  <system-out><![CDATA[[2023-01-17T08:02:09,430][INFO ][o.o.s.p.MatchBoolPrefixIT] [no_matches_test] before test
]]></system-out>
  <system-err><![CDATA[]]></system-err>
</testsuite>
<?xml version="1.0" encoding="UTF-8"?>
<testsuite name="org.opensearch.sql.ppl.MatchIT" tests="1" skipped="0" failures="0" errors="0" timestamp="2023-01-17T02:17:10" hostname="Unused26-MacBook.local" time="0.306">
  <properties/>
  <testcase name="test_match_function" classname="org.opensearch.sql.ppl.MatchIT" time="0.306"/>
  <system-out><![CDATA[[0005-01-16T21:17:10,038][INFO ][o.o.s.p.MatchIT          ] [test_match_function] before test
]]></system-out>
  <system-err><![CDATA[]]></system-err>
</testsuite>
<?xml version="1.0" encoding="UTF-8"?>
<testsuite name="org.opensearch.sql.ppl.MatchPhraseIT" tests="2" skipped="0" failures="0" errors="0" timestamp="2023-01-17T02:17:10" hostname="Unused26-MacBook.local" time="0.416">
  <properties/>
  <testcase name="test_match_phrase_function" classname="org.opensearch.sql.ppl.MatchPhraseIT" time="0.379"/>
  <testcase name="test_match_phrase_with_slop" classname="org.opensearch.sql.ppl.MatchPhraseIT" time="0.037"/>
  <system-out><![CDATA[[2023-01-17T05:17:10,462][INFO ][o.o.s.p.MatchPhraseIT    ] [test_match_phrase_function] before test
]]></system-out>
  <system-err><![CDATA[]]></system-err>
</testsuite>
<?xml version="1.0" encoding="UTF-8"?>
<testsuite name="org.opensearch.sql.ppl.MatchPhrasePrefixIT" tests="8" skipped="0" failures="0" errors="0" timestamp="2023-01-17T02:17:10" hostname="Unused26-MacBook.local" time="0.796">
  <properties/>
  <testcase name="analyzer_standard" classname="org.opensearch.sql.ppl.MatchPhrasePrefixIT" time="0.512"/>
  <testcase name="zero_term_query_all" classname="org.opensearch.sql.ppl.MatchPhrasePrefixIT" time="0.047"/>
  <testcase name="slop_is_2" classname="org.opensearch.sql.ppl.MatchPhrasePrefixIT" time="0.039"/>
  <testcase name="all_optional_parameters" classname="org.opensearch.sql.ppl.MatchPhrasePrefixIT" time="0.038"/>
  <testcase name="required_parameters" classname="org.opensearch.sql.ppl.MatchPhrasePrefixIT" time="0.036"/>
  <testcase name="max_expansions_is_3" classname="org.opensearch.sql.ppl.MatchPhrasePrefixIT" time="0.043"/>
  <testcase name="analyzer_english" classname="org.opensearch.sql.ppl.MatchPhrasePrefixIT" time="0.037"/>
  <testcase name="slop_is_3" classname="org.opensearch.sql.ppl.MatchPhrasePrefixIT" time="0.041"/>
  <system-out><![CDATA[[2023-01-16T22:17:11,001][INFO ][o.o.s.p.MatchPhrasePrefixIT] [analyzer_standard] before test
]]></system-out>
  <system-err><![CDATA[]]></system-err>
</testsuite>
<?xml version="1.0" encoding="UTF-8"?>
<testsuite name="org.opensearch.sql.ppl.MathematicalFunctionIT" tests="31" skipped="0" failures="0" errors="0" timestamp="2023-01-17T02:17:11" hostname="Unused26-MacBook.local" time="2.175">
  <properties/>
  <testcase name="testAsin" classname="org.opensearch.sql.ppl.MathematicalFunctionIT" time="0.789"/>
  <testcase name="testAtan" classname="org.opensearch.sql.ppl.MathematicalFunctionIT" time="0.119"/>
  <testcase name="testSqrt" classname="org.opensearch.sql.ppl.MathematicalFunctionIT" time="0.071"/>
  <testcase name="testPow" classname="org.opensearch.sql.ppl.MathematicalFunctionIT" time="0.086"/>
  <testcase name="testRand" classname="org.opensearch.sql.ppl.MathematicalFunctionIT" time="0.055"/>
  <testcase name="testLn" classname="org.opensearch.sql.ppl.MathematicalFunctionIT" time="0.037"/>
  <testcase name="testLogTwoArgs" classname="org.opensearch.sql.ppl.MathematicalFunctionIT" time="0.044"/>
  <testcase name="testCrc32" classname="org.opensearch.sql.ppl.MathematicalFunctionIT" time="0.036"/>
  <testcase name="testAtan2" classname="org.opensearch.sql.ppl.MathematicalFunctionIT" time="0.034"/>
  <testcase name="testLog2" classname="org.opensearch.sql.ppl.MathematicalFunctionIT" time="0.045"/>
  <testcase name="testConv" classname="org.opensearch.sql.ppl.MathematicalFunctionIT" time="0.034"/>
  <testcase name="testSign" classname="org.opensearch.sql.ppl.MathematicalFunctionIT" time="0.038"/>
  <testcase name="testCos" classname="org.opensearch.sql.ppl.MathematicalFunctionIT" time="0.038"/>
  <testcase name="testLogOneArg" classname="org.opensearch.sql.ppl.MathematicalFunctionIT" time="0.039"/>
  <testcase name="testPi" classname="org.opensearch.sql.ppl.MathematicalFunctionIT" time="0.039"/>
  <testcase name="testCot" classname="org.opensearch.sql.ppl.MathematicalFunctionIT" time="0.037"/>
  <testcase name="testTruncate" classname="org.opensearch.sql.ppl.MathematicalFunctionIT" time="0.05"/>
  <testcase name="testFloor" classname="org.opensearch.sql.ppl.MathematicalFunctionIT" time="0.041"/>
  <testcase name="testE" classname="org.opensearch.sql.ppl.MathematicalFunctionIT" time="0.034"/>
  <testcase name="testRadians" classname="org.opensearch.sql.ppl.MathematicalFunctionIT" time="0.04"/>
  <testcase name="testMod" classname="org.opensearch.sql.ppl.MathematicalFunctionIT" time="0.036"/>
  <testcase name="testCbrt" classname="org.opensearch.sql.ppl.MathematicalFunctionIT" time="0.053"/>
  <testcase name="testAcos" classname="org.opensearch.sql.ppl.MathematicalFunctionIT" time="0.048"/>
  <testcase name="testSin" classname="org.opensearch.sql.ppl.MathematicalFunctionIT" time="0.041"/>
  <testcase name="testLog10" classname="org.opensearch.sql.ppl.MathematicalFunctionIT" time="0.036"/>
  <testcase name="testAbs" classname="org.opensearch.sql.ppl.MathematicalFunctionIT" time="0.034"/>
  <testcase name="testDegrees" classname="org.opensearch.sql.ppl.MathematicalFunctionIT" time="0.035"/>
  <testcase name="testCeiling" classname="org.opensearch.sql.ppl.MathematicalFunctionIT" time="0.042"/>
  <testcase name="testRound" classname="org.opensearch.sql.ppl.MathematicalFunctionIT" time="0.05"/>
  <testcase name="testCeil" classname="org.opensearch.sql.ppl.MathematicalFunctionIT" time="0.039"/>
  <testcase name="testExp" classname="org.opensearch.sql.ppl.MathematicalFunctionIT" time="0.036"/>
  <system-out><![CDATA[[2023-01-17T15:17:11,954][INFO ][o.o.s.p.MathematicalFunctionIT] [testAsin] before test
]]></system-out>
  <system-err><![CDATA[]]></system-err>
</testsuite>
<?xml version="1.0" encoding="UTF-8"?>
<testsuite name="org.opensearch.sql.ppl.MetricsIT" tests="1" skipped="0" failures="0" errors="0" timestamp="2023-01-17T02:17:14" hostname="Unused26-MacBook.local" time="2.644">
  <properties/>
  <testcase name="requestCount" classname="org.opensearch.sql.ppl.MetricsIT" time="2.644"/>
  <system-out><![CDATA[[2023-01-17T02:17:14,446][INFO ][o.o.s.p.MetricsIT        ] [requestCount] before test
]]></system-out>
  <system-err><![CDATA[]]></system-err>
</testsuite>
<?xml version="1.0" encoding="UTF-8"?>
<testsuite name="org.opensearch.sql.ppl.MultiMatchIT" tests="3" skipped="0" failures="0" errors="0" timestamp="2023-01-17T02:17:17" hostname="Unused26-MacBook.local" time="0.771">
  <properties/>
  <testcase name="test_multi_match" classname="org.opensearch.sql.ppl.MultiMatchIT" time="0.525"/>
  <testcase name="test_wildcard_multi_match" classname="org.opensearch.sql.ppl.MultiMatchIT" time="0.105"/>
  <testcase name="test_multi_match_all_params" classname="org.opensearch.sql.ppl.MultiMatchIT" time="0.14"/>
  <system-out><![CDATA[[2023-01-17T05:17:17,260][INFO ][o.o.s.p.MultiMatchIT     ] [test_multi_match] before test
]]></system-out>
  <system-err><![CDATA[]]></system-err>
</testsuite>
<?xml version="1.0" encoding="UTF-8"?>
<testsuite name="org.opensearch.sql.ppl.ObjectFieldOperateIT" tests="4" skipped="0" failures="0" errors="0" timestamp="2023-01-17T02:17:18" hostname="Unused26-MacBook.local" time="0.683">
  <properties/>
  <testcase name="group_object_field_in_stats" classname="org.opensearch.sql.ppl.ObjectFieldOperateIT" time="0.53"/>
  <testcase name="select_object_field" classname="org.opensearch.sql.ppl.ObjectFieldOperateIT" time="0.053"/>
  <testcase name="compare_object_field_in_where" classname="org.opensearch.sql.ppl.ObjectFieldOperateIT" time="0.059"/>
  <testcase name="sort_by_object_field" classname="org.opensearch.sql.ppl.ObjectFieldOperateIT" time="0.039"/>
  <system-out><![CDATA[[2023-01-17T13:17:18,303][INFO ][o.o.s.p.ObjectFieldOperateIT] [group_object_field_in_stats] before test
]]></system-out>
  <system-err><![CDATA[]]></system-err>
</testsuite>
<?xml version="1.0" encoding="UTF-8"?>
<testsuite name="org.opensearch.sql.ppl.OperatorIT" tests="21" skipped="0" failures="0" errors="0" timestamp="2023-01-17T02:17:19" hostname="Unused26-MacBook.local" time="1.515">
  <properties/>
  <testcase name="testArithmeticOperatorWithNullValue" classname="org.opensearch.sql.ppl.OperatorIT" time="0.518"/>
  <testcase name="testLessOperator" classname="org.opensearch.sql.ppl.OperatorIT" time="0.04"/>
  <testcase name="testBinaryPredicateWithMissingValue" classname="org.opensearch.sql.ppl.OperatorIT" time="0.049"/>
  <testcase name="testGreaterOperator" classname="org.opensearch.sql.ppl.OperatorIT" time="0.039"/>
  <testcase name="testMultiplyOperator" classname="org.opensearch.sql.ppl.OperatorIT" time="0.07"/>
  <testcase name="testGteOperator" classname="org.opensearch.sql.ppl.OperatorIT" time="0.036"/>
  <testcase name="testMultipleArithmeticOperators" classname="org.opensearch.sql.ppl.OperatorIT" time="0.051"/>
  <testcase name="testSubtractOperator" classname="org.opensearch.sql.ppl.OperatorIT" time="0.046"/>
  <testcase name="testNotOperator" classname="org.opensearch.sql.ppl.OperatorIT" time="0.057"/>
  <testcase name="testEqualOperator" classname="org.opensearch.sql.ppl.OperatorIT" time="0.058"/>
  <testcase name="testDivideOperator" classname="org.opensearch.sql.ppl.OperatorIT" time="0.042"/>
  <testcase name="testBinaryPredicateWithNullValue" classname="org.opensearch.sql.ppl.OperatorIT" time="0.036"/>
  <testcase name="testModuleOperator" classname="org.opensearch.sql.ppl.OperatorIT" time="0.049"/>
  <testcase name="testAddOperator" classname="org.opensearch.sql.ppl.OperatorIT" time="0.038"/>
  <testcase name="testArithmeticOperatorWithMissingValue" classname="org.opensearch.sql.ppl.OperatorIT" time="0.038"/>
  <testcase name="testAndOperator" classname="org.opensearch.sql.ppl.OperatorIT" time="0.075"/>
  <testcase name="testLteOperator" classname="org.opensearch.sql.ppl.OperatorIT" time="0.039"/>
  <testcase name="testOrOperator" classname="org.opensearch.sql.ppl.OperatorIT" time="0.064"/>
  <testcase name="testLikeFunction" classname="org.opensearch.sql.ppl.OperatorIT" time="0.042"/>
  <testcase name="testXorOperator" classname="org.opensearch.sql.ppl.OperatorIT" time="0.064"/>
  <testcase name="testNotEqualOperator" classname="org.opensearch.sql.ppl.OperatorIT" time="0.056"/>
  <system-out><![CDATA[[2023-01-17T11:17:19,133][INFO ][o.o.s.p.OperatorIT       ] [testArithmeticOperatorWithNullValue] before test
]]></system-out>
  <system-err><![CDATA[]]></system-err>
</testsuite>
<?xml version="1.0" encoding="UTF-8"?>
<testsuite name="org.opensearch.sql.ppl.PPLPluginIT" tests="3" skipped="0" failures="0" errors="0" timestamp="2023-01-17T02:17:20" hostname="Unused26-MacBook.local" time="1.042">
  <properties/>
  <testcase name="sqlEnableSettingsTest" classname="org.opensearch.sql.ppl.PPLPluginIT" time="0.38"/>
  <testcase name="testQueryEndpointShouldOK" classname="org.opensearch.sql.ppl.PPLPluginIT" time="0.583"/>
  <testcase name="testQueryEndpointShouldFail" classname="org.opensearch.sql.ppl.PPLPluginIT" time="0.077"/>
  <system-out><![CDATA[[2023-01-17T15:17:20,816][INFO ][o.o.s.p.PPLPluginIT      ] [sqlEnableSettingsTest] before test
]]></system-out>
  <system-err><![CDATA[]]></system-err>
</testsuite>
<?xml version="1.0" encoding="UTF-8"?>
<testsuite name="org.opensearch.sql.ppl.ParseCommandIT" tests="3" skipped="0" failures="0" errors="0" timestamp="2023-01-17T02:17:22" hostname="Unused26-MacBook.local" time="0.476">
  <properties/>
  <testcase name="testParseCommand" classname="org.opensearch.sql.ppl.ParseCommandIT" time="0.396"/>
  <testcase name="testParseCommandWithOtherRunTimeFields" classname="org.opensearch.sql.ppl.ParseCommandIT" time="0.042"/>
  <testcase name="testParseCommandReplaceOriginalField" classname="org.opensearch.sql.ppl.ParseCommandIT" time="0.037"/>
  <system-out><![CDATA[[2023-01-17T02:17:22,055][INFO ][o.o.s.p.ParseCommandIT   ] [testParseCommand] before test
]]></system-out>
  <system-err><![CDATA[]]></system-err>
</testsuite>
<?xml version="1.0" encoding="UTF-8"?>
<testsuite name="org.opensearch.sql.ppl.PositionFunctionIT" tests="6" skipped="0" failures="0" errors="0" timestamp="2023-01-17T02:17:22" hostname="Unused26-MacBook.local" time="0.535">
  <properties/>
  <testcase name="test_position_function_with_function_in_where_clause" classname="org.opensearch.sql.ppl.PositionFunctionIT" time="0.321"/>
  <testcase name="test_position_function" classname="org.opensearch.sql.ppl.PositionFunctionIT" time="0.051"/>
  <testcase name="test_position_function_with_function_as_arg" classname="org.opensearch.sql.ppl.PositionFunctionIT" time="0.046"/>
  <testcase name="test_position_function_with_nulls" classname="org.opensearch.sql.ppl.PositionFunctionIT" time="0.039"/>
  <testcase name="test_position_function_with_string_literals" classname="org.opensearch.sql.ppl.PositionFunctionIT" time="0.038"/>
  <testcase name="test_position_function_with_fields_only" classname="org.opensearch.sql.ppl.PositionFunctionIT" time="0.038"/>
  <system-out><![CDATA[[2023-01-17T11:47:22,652][INFO ][o.o.s.p.PositionFunctionIT] [test_position_function_with_function_in_where_clause] before test
]]></system-out>
  <system-err><![CDATA[]]></system-err>
</testsuite>
<?xml version="1.0" encoding="UTF-8"?>
<testsuite name="org.opensearch.sql.ppl.PrometheusDataSourceCommandsIT" tests="8" skipped="0" failures="0" errors="0" timestamp="2023-01-17T02:17:23" hostname="Unused26-MacBook.local" time="0.434">
  <properties/>
  <testcase name="testMetricCountAggregationCommand" classname="org.opensearch.sql.ppl.PrometheusDataSourceCommandsIT" time="0.121"/>
  <testcase name="testSourceMetricCommandWithTimestamp" classname="org.opensearch.sql.ppl.PrometheusDataSourceCommandsIT" time="0.048"/>
  <testcase name="testMetricSumAggregationCommand" classname="org.opensearch.sql.ppl.PrometheusDataSourceCommandsIT" time="0.058"/>
  <testcase name="testMetricAvgAggregationCommand" classname="org.opensearch.sql.ppl.PrometheusDataSourceCommandsIT" time="0.041"/>
  <testcase name="testMetricMinAggregationCommand" classname="org.opensearch.sql.ppl.PrometheusDataSourceCommandsIT" time="0.044"/>
  <testcase name="testMetricMaxAggregationCommand" classname="org.opensearch.sql.ppl.PrometheusDataSourceCommandsIT" time="0.042"/>
  <testcase name="testMetricAvgAggregationCommandWithAlias" classname="org.opensearch.sql.ppl.PrometheusDataSourceCommandsIT" time="0.04"/>
  <testcase name="testSourceMetricCommand" classname="org.opensearch.sql.ppl.PrometheusDataSourceCommandsIT" time="0.037"/>
  <system-out><![CDATA[[2023-01-17T03:17:23,317][INFO ][o.o.s.p.PrometheusDataSourceCommandsIT] [testMetricCountAggregationCommand] before test
]]></system-out>
  <system-err><![CDATA[]]></system-err>
</testsuite>
<?xml version="1.0" encoding="UTF-8"?>
<testsuite name="org.opensearch.sql.ppl.QueryAnalysisIT" tests="14" skipped="0" failures="0" errors="0" timestamp="2023-01-17T02:17:23" hostname="Unused26-MacBook.local" time="1.415">
  <properties/>
  <testcase name="queryWithIncorrectCommandShouldFailSyntaxCheck" classname="org.opensearch.sql.ppl.QueryAnalysisIT" time="0.436"/>
  <testcase name="fieldsCommandShouldPassSemanticCheck" classname="org.opensearch.sql.ppl.QueryAnalysisIT" time="0.055"/>
  <testcase name="renameCommandShouldPassSemanticCheck" classname="org.opensearch.sql.ppl.QueryAnalysisIT" time="0.097"/>
  <testcase name="unsupportedAggregationFunctionShouldFailSyntaxCheck" classname="org.opensearch.sql.ppl.QueryAnalysisIT" time="0.192"/>
  <testcase name="queryWithIncorrectKeywordsShouldFailSyntaxCheck" classname="org.opensearch.sql.ppl.QueryAnalysisIT" time="0.036"/>
  <testcase name="sortCommandShouldPassSemanticCheck" classname="org.opensearch.sql.ppl.QueryAnalysisIT" time="0.14"/>
  <testcase name="dedupCommandShouldPassSemanticCheck" classname="org.opensearch.sql.ppl.QueryAnalysisIT" time="0.082"/>
  <testcase name="queryShouldBeCaseInsensitiveInKeywords" classname="org.opensearch.sql.ppl.QueryAnalysisIT" time="0.064"/>
  <testcase name="statsCommandShouldPassSemanticCheck" classname="org.opensearch.sql.ppl.QueryAnalysisIT" time="0.047"/>
  <testcase name="whereCommandShouldPassSemanticCheck" classname="org.opensearch.sql.ppl.QueryAnalysisIT" time="0.044"/>
  <testcase name="queryNotStartingWithSearchCommandShouldFailSyntaxCheck" classname="org.opensearch.sql.ppl.QueryAnalysisIT" time="0.032"/>
  <testcase name="nonexistentFieldShouldFailSemanticCheck" classname="org.opensearch.sql.ppl.QueryAnalysisIT" time="0.034"/>
  <testcase name="evalCommandShouldPassSemanticCheck" classname="org.opensearch.sql.ppl.QueryAnalysisIT" time="0.114"/>
  <testcase name="searchCommandShouldPassSemanticCheck" classname="org.opensearch.sql.ppl.QueryAnalysisIT" time="0.035"/>
  <system-out><![CDATA[[2023-01-17T02:17:23,856][INFO ][o.o.s.p.QueryAnalysisIT  ] [queryWithIncorrectCommandShouldFailSyntaxCheck] before test
]]></system-out>
  <system-err><![CDATA[]]></system-err>
</testsuite>
<?xml version="1.0" encoding="UTF-8"?>
<testsuite name="org.opensearch.sql.ppl.QueryStringIT" tests="4" skipped="0" failures="0" errors="0" timestamp="2023-01-17T02:17:25" hostname="Unused26-MacBook.local" time="0.767">
  <properties/>
  <testcase name="all_params_test" classname="org.opensearch.sql.ppl.QueryStringIT" time="0.592"/>
  <testcase name="mandatory_params_test" classname="org.opensearch.sql.ppl.QueryStringIT" time="0.051"/>
  <testcase name="all_fields_test" classname="org.opensearch.sql.ppl.QueryStringIT" time="0.041"/>
  <testcase name="wildcard_test" classname="org.opensearch.sql.ppl.QueryStringIT" time="0.081"/>
  <system-out><![CDATA[[2023-01-17T13:17:25,499][INFO ][o.o.s.p.QueryStringIT    ] [all_params_test] before test
]]></system-out>
  <system-err><![CDATA[]]></system-err>
</testsuite>
<?xml version="1.0" encoding="UTF-8"?>
<testsuite name="org.opensearch.sql.ppl.RareCommandIT" tests="2" skipped="0" failures="0" errors="0" timestamp="2023-01-17T02:17:26" hostname="Unused26-MacBook.local" time="0.606">
  <properties/>
  <testcase name="testRareWithGroup" classname="org.opensearch.sql.ppl.RareCommandIT" time="0.501"/>
  <testcase name="testRareWithoutGroup" classname="org.opensearch.sql.ppl.RareCommandIT" time="0.105"/>
  <system-out><![CDATA[[2023-01-16T20:17:26,399][INFO ][o.o.s.p.RareCommandIT    ] [testRareWithGroup] before test
]]></system-out>
  <system-err><![CDATA[]]></system-err>
</testsuite>
<?xml version="1.0" encoding="UTF-8"?>
<testsuite name="org.opensearch.sql.ppl.RelevanceFunctionIT" tests="7" skipped="0" failures="0" errors="0" timestamp="2023-01-17T02:17:27" hostname="Unused26-MacBook.local" time="1.189">
  <properties/>
  <testcase name="verify_default_operator_in_multi_match" classname="org.opensearch.sql.ppl.RelevanceFunctionIT" time="0.779"/>
  <testcase name="verify_operator_in_match" classname="org.opensearch.sql.ppl.RelevanceFunctionIT" time="0.069"/>
  <testcase name="verify_escape_in_query_string" classname="org.opensearch.sql.ppl.RelevanceFunctionIT" time="0.059"/>
  <testcase name="verify_flags_in_simple_query_string" classname="org.opensearch.sql.ppl.RelevanceFunctionIT" time="0.109"/>
  <testcase name="verify_default_operator_in_simple_query_string" classname="org.opensearch.sql.ppl.RelevanceFunctionIT" time="0.059"/>
  <testcase name="test_wildcard_simple_query_string" classname="org.opensearch.sql.ppl.RelevanceFunctionIT" time="0.051"/>
  <testcase name="verify_default_operator_in_query_string" classname="org.opensearch.sql.ppl.RelevanceFunctionIT" time="0.057"/>
  <system-out><![CDATA[[2023-01-17T08:47:27,131][INFO ][o.o.s.p.RelevanceFunctionIT] [verify_default_operator_in_multi_match] before test
]]></system-out>
  <system-err><![CDATA[]]></system-err>
</testsuite>
<?xml version="1.0" encoding="UTF-8"?>
<testsuite name="org.opensearch.sql.ppl.RenameCommandIT" tests="3" skipped="1" failures="0" errors="0" timestamp="2023-01-17T02:17:28" hostname="Unused26-MacBook.local" time="0.545">
  <properties/>
  <testcase name="testRenameMultiField" classname="org.opensearch.sql.ppl.RenameCommandIT" time="0.502"/>
  <testcase name="testRenameWildcardFields" classname="org.opensearch.sql.ppl.RenameCommandIT" time="0.0">
    <skipped/>
  </testcase>
  <testcase name="testRenameOneField" classname="org.opensearch.sql.ppl.RenameCommandIT" time="0.042"/>
  <system-out><![CDATA[[2023-01-16T17:17:28,478][INFO ][o.o.s.p.RenameCommandIT  ] [testRenameMultiField] before test
]]></system-out>
  <system-err><![CDATA[]]></system-err>
</testsuite>
<?xml version="1.0" encoding="UTF-8"?>
<testsuite name="org.opensearch.sql.ppl.ResourceMonitorIT" tests="1" skipped="0" failures="0" errors="0" timestamp="2023-01-17T02:17:29" hostname="Unused26-MacBook.local" time="1.168">
  <properties/>
  <testcase name="queryExceedResourceLimitShouldFail" classname="org.opensearch.sql.ppl.ResourceMonitorIT" time="1.168"/>
  <system-out><![CDATA[[2023-01-17T03:17:29,141][INFO ][o.o.s.p.ResourceMonitorIT] [queryExceedResourceLimitShouldFail] before test
]]></system-out>
  <system-err><![CDATA[]]></system-err>
</testsuite>
<?xml version="1.0" encoding="UTF-8"?>
<testsuite name="org.opensearch.sql.ppl.SearchCommandIT" tests="4" skipped="0" failures="0" errors="0" timestamp="2023-01-17T02:17:30" hostname="Unused26-MacBook.local" time="1.069">
  <properties/>
  <testcase name="testSearchCommandWithLogicalExpression" classname="org.opensearch.sql.ppl.SearchCommandIT" time="0.571"/>
  <testcase name="testSearchCommandWithSpecialIndexName" classname="org.opensearch.sql.ppl.SearchCommandIT" time="0.406"/>
  <testcase name="testSearchAllFields" classname="org.opensearch.sql.ppl.SearchCommandIT" time="0.035"/>
  <testcase name="testSearchCommandWithoutSearchKeyword" classname="org.opensearch.sql.ppl.SearchCommandIT" time="0.051"/>
  <system-out><![CDATA[[2023-01-17T02:17:30,448][INFO ][o.o.s.p.SearchCommandIT  ] [testSearchCommandWithLogicalExpression] before test
]]></system-out>
  <system-err><![CDATA[]]></system-err>
</testsuite>
<?xml version="1.0" encoding="UTF-8"?>
<testsuite name="org.opensearch.sql.ppl.SettingsIT" tests="1" skipped="0" failures="0" errors="0" timestamp="2023-01-17T02:17:31" hostname="Unused26-MacBook.local" time="0.559">
  <properties/>
  <testcase name="testQuerySizeLimit" classname="org.opensearch.sql.ppl.SettingsIT" time="0.559"/>
  <system-out><![CDATA[[2023-01-17T09:17:31,787][INFO ][o.o.s.p.SettingsIT       ] [testQuerySizeLimit] before test
]]></system-out>
  <system-err><![CDATA[]]></system-err>
</testsuite>
<?xml version="1.0" encoding="UTF-8"?>
<testsuite name="org.opensearch.sql.ppl.ShowDataSourcesCommandIT" tests="2" skipped="0" failures="0" errors="0" timestamp="2023-01-17T02:17:32" hostname="Unused26-MacBook.local" time="0.11">
  <properties/>
  <testcase name="testShowDataSourcesCommands" classname="org.opensearch.sql.ppl.ShowDataSourcesCommandIT" time="0.079"/>
  <testcase name="testShowDataSourcesCommandsWithWhereClause" classname="org.opensearch.sql.ppl.ShowDataSourcesCommandIT" time="0.031"/>
  <system-out><![CDATA[[2023-01-16T22:17:32,528][INFO ][o.o.s.p.ShowDataSourcesCommandIT] [testShowDataSourcesCommands] before test
]]></system-out>
  <system-err><![CDATA[]]></system-err>
</testsuite>
<?xml version="1.0" encoding="UTF-8"?>
<testsuite name="org.opensearch.sql.ppl.SimpleQueryStringIT" tests="3" skipped="0" failures="0" errors="0" timestamp="2023-01-17T02:17:32" hostname="Unused26-MacBook.local" time="0.551">
  <properties/>
  <testcase name="test_simple_query_string" classname="org.opensearch.sql.ppl.SimpleQueryStringIT" time="0.436"/>
  <testcase name="test_wildcard_simple_query_string" classname="org.opensearch.sql.ppl.SimpleQueryStringIT" time="0.074"/>
  <testcase name="test_simple_query_string_all_params" classname="org.opensearch.sql.ppl.SimpleQueryStringIT" time="0.041"/>
  <system-out><![CDATA[[2023-01-17T13:17:32,717][INFO ][o.o.s.p.SimpleQueryStringIT] [test_simple_query_string] before test
]]></system-out>
  <system-err><![CDATA[]]></system-err>
</testsuite>
<?xml version="1.0" encoding="UTF-8"?>
<testsuite name="org.opensearch.sql.ppl.SortCommandIT" tests="4" skipped="0" failures="0" errors="0" timestamp="2023-01-17T02:17:33" hostname="Unused26-MacBook.local" time="0.862">
  <properties/>
  <testcase name="testSortMultipleFields" classname="org.opensearch.sql.ppl.SortCommandIT" time="0.76"/>
  <testcase name="testSortStringField" classname="org.opensearch.sql.ppl.SortCommandIT" time="0.034"/>
  <testcase name="testSortCommand" classname="org.opensearch.sql.ppl.SortCommandIT" time="0.033"/>
  <testcase name="testSortWithNullValue" classname="org.opensearch.sql.ppl.SortCommandIT" time="0.035"/>
  <system-out><![CDATA[[2023-01-17T08:47:33,392][INFO ][o.o.s.p.SortCommandIT    ] [testSortMultipleFields] before test
]]></system-out>
  <system-err><![CDATA[]]></system-err>
</testsuite>
<?xml version="1.0" encoding="UTF-8"?>
<testsuite name="org.opensearch.sql.ppl.StandaloneIT" tests="1" skipped="0" failures="0" errors="0" timestamp="2023-01-17T02:17:34" hostname="Unused26-MacBook.local" time="1.85">
  <properties/>
  <testcase name="testSourceFieldQuery" classname="org.opensearch.sql.ppl.StandaloneIT" time="1.85"/>
  <system-out><![CDATA[[2023-01-17T07:17:34,456][INFO ][o.o.s.p.StandaloneIT     ] [testSourceFieldQuery] before test
]]></system-out>
  <system-err><![CDATA[]]></system-err>
</testsuite>
<?xml version="1.0" encoding="UTF-8"?>
<testsuite name="org.opensearch.sql.ppl.StatsCommandIT" tests="17" skipped="0" failures="0" errors="0" timestamp="2023-01-17T02:17:36" hostname="Unused26-MacBook.local" time="1.588">
  <properties/>
  <testcase name="testStatsMax" classname="org.opensearch.sql.ppl.StatsCommandIT" time="0.843"/>
  <testcase name="testStatsAliasedSpan" classname="org.opensearch.sql.ppl.StatsCommandIT" time="0.052"/>
  <testcase name="testStatsCountAll" classname="org.opensearch.sql.ppl.StatsCommandIT" time="0.038"/>
  <testcase name="testStatsMin" classname="org.opensearch.sql.ppl.StatsCommandIT" time="0.04"/>
  <testcase name="testStatsWithMissing" classname="org.opensearch.sql.ppl.StatsCommandIT" time="0.038"/>
  <testcase name="testMultipleAggregationFunction" classname="org.opensearch.sql.ppl.StatsCommandIT" time="0.037"/>
  <testcase name="testStatsCount" classname="org.opensearch.sql.ppl.StatsCommandIT" time="0.034"/>
  <testcase name="testStatsSum" classname="org.opensearch.sql.ppl.StatsCommandIT" time="0.04"/>
  <testcase name="testStatsBySpan" classname="org.opensearch.sql.ppl.StatsCommandIT" time="0.035"/>
  <testcase name="testStatsNested" classname="org.opensearch.sql.ppl.StatsCommandIT" time="0.064"/>
  <testcase name="testStatsWithNull" classname="org.opensearch.sql.ppl.StatsCommandIT" time="0.041"/>
  <testcase name="testGroupByNullValue" classname="org.opensearch.sql.ppl.StatsCommandIT" time="0.046"/>
  <testcase name="testStatsWhere" classname="org.opensearch.sql.ppl.StatsCommandIT" time="0.047"/>
  <testcase name="testStatsDistinctCount" classname="org.opensearch.sql.ppl.StatsCommandIT" time="0.075"/>
  <testcase name="testStatsAvg" classname="org.opensearch.sql.ppl.StatsCommandIT" time="0.042"/>
  <testcase name="testStatsTimeSpan" classname="org.opensearch.sql.ppl.StatsCommandIT" time="0.053"/>
  <testcase name="testStatsNestedDoubleValue" classname="org.opensearch.sql.ppl.StatsCommandIT" time="0.056"/>
  <system-out><![CDATA[[2023-01-17T16:17:36,489][INFO ][o.o.s.p.StatsCommandIT   ] [testStatsMax] before test
]]></system-out>
  <system-err><![CDATA[]]></system-err>
</testsuite>
<?xml version="1.0" encoding="UTF-8"?>
<testsuite name="org.opensearch.sql.ppl.StreamingQueryIT" tests="1" skipped="0" failures="0" errors="0" timestamp="2023-01-17T02:17:38" hostname="Unused26-MacBook.local" time="3.868">
  <properties/>
  <testcase name="testStreamingQuery" classname="org.opensearch.sql.ppl.StreamingQueryIT" time="3.868"/>
  <system-out><![CDATA[[2023-01-16T22:17:38,280][INFO ][o.o.s.p.StreamingQueryIT ] [testStreamingQuery] before test
]]></system-out>
  <system-err><![CDATA[]]></system-err>
</testsuite>
<?xml version="1.0" encoding="UTF-8"?>
<testsuite name="org.opensearch.sql.ppl.SystemFunctionIT" tests="2" skipped="0" failures="0" errors="0" timestamp="2023-01-17T02:17:42" hostname="Unused26-MacBook.local" time="0.635">
  <properties/>
  <testcase name="typeof_opensearch_types" classname="org.opensearch.sql.ppl.SystemFunctionIT" time="0.578"/>
  <testcase name="typeof_sql_types" classname="org.opensearch.sql.ppl.SystemFunctionIT" time="0.056"/>
  <system-out><![CDATA[[2023-01-16T21:17:42,332][INFO ][o.o.s.p.SystemFunctionIT ] [typeof_opensearch_types] before test
]]></system-out>
  <system-err><![CDATA[]]></system-err>
</testsuite>
<?xml version="1.0" encoding="UTF-8"?>
<testsuite name="org.opensearch.sql.ppl.TextFunctionIT" tests="18" skipped="0" failures="0" errors="0" timestamp="2023-01-17T02:17:43" hostname="Unused26-MacBook.local" time="1.186">
  <properties/>
  <testcase name="testStrcmp" classname="org.opensearch.sql.ppl.TextFunctionIT" time="0.473"/>
  <testcase name="testReverse" classname="org.opensearch.sql.ppl.TextFunctionIT" time="0.038"/>
  <testcase name="testLength" classname="org.opensearch.sql.ppl.TextFunctionIT" time="0.036"/>
  <testcase name="testLower" classname="org.opensearch.sql.ppl.TextFunctionIT" time="0.042"/>
  <testcase name="testSubstring" classname="org.opensearch.sql.ppl.TextFunctionIT" time="0.048"/>
  <testcase name="testConcat_ws" classname="org.opensearch.sql.ppl.TextFunctionIT" time="0.036"/>
  <testcase name="testRtrim" classname="org.opensearch.sql.ppl.TextFunctionIT" time="0.044"/>
  <testcase name="testLeft" classname="org.opensearch.sql.ppl.TextFunctionIT" time="0.033"/>
  <testcase name="testReplace" classname="org.opensearch.sql.ppl.TextFunctionIT" time="0.036"/>
  <testcase name="testRegexp" classname="org.opensearch.sql.ppl.TextFunctionIT" time="0.068"/>
  <testcase name="testTrim" classname="org.opensearch.sql.ppl.TextFunctionIT" time="0.047"/>
  <testcase name="testRight" classname="org.opensearch.sql.ppl.TextFunctionIT" time="0.037"/>
  <testcase name="testAscii" classname="org.opensearch.sql.ppl.TextFunctionIT" time="0.032"/>
  <testcase name="testLocate" classname="org.opensearch.sql.ppl.TextFunctionIT" time="0.051"/>
  <testcase name="testSubstr" classname="org.opensearch.sql.ppl.TextFunctionIT" time="0.05"/>
  <testcase name="testUpper" classname="org.opensearch.sql.ppl.TextFunctionIT" time="0.034"/>
  <testcase name="testConcat" classname="org.opensearch.sql.ppl.TextFunctionIT" time="0.032"/>
  <testcase name="testLtrim" classname="org.opensearch.sql.ppl.TextFunctionIT" time="0.036"/>
  <system-out><![CDATA[[2023-01-17T02:17:43,149][INFO ][o.o.s.p.TextFunctionIT   ] [testStrcmp] before test
]]></system-out>
  <system-err><![CDATA[]]></system-err>
</testsuite>
<?xml version="1.0" encoding="UTF-8"?>
<testsuite name="org.opensearch.sql.ppl.TopCommandIT" tests="3" skipped="0" failures="0" errors="0" timestamp="2023-01-17T02:17:44" hostname="Unused26-MacBook.local" time="0.635">
  <properties/>
  <testcase name="testTopNWithGroup" classname="org.opensearch.sql.ppl.TopCommandIT" time="0.421"/>
  <testcase name="testTopWithoutGroup" classname="org.opensearch.sql.ppl.TopCommandIT" time="0.104"/>
  <testcase name="testTopNWithoutGroup" classname="org.opensearch.sql.ppl.TopCommandIT" time="0.109"/>
  <system-out><![CDATA[[2023-01-17T14:17:44,509][INFO ][o.o.s.p.TopCommandIT     ] [testTopNWithGroup] before test
]]></system-out>
  <system-err><![CDATA[]]></system-err>
</testsuite>
<?xml version="1.0" encoding="UTF-8"?>
<testsuite name="org.opensearch.sql.ppl.WhereCommandIT" tests="7" skipped="0" failures="0" errors="0" timestamp="2023-01-17T02:17:45" hostname="Unused26-MacBook.local" time="1.471">
  <properties/>
  <testcase name="testIsNullFunction" classname="org.opensearch.sql.ppl.WhereCommandIT" time="1.185"/>
  <testcase name="testWhereWithMultiLogicalExpr" classname="org.opensearch.sql.ppl.WhereCommandIT" time="0.049"/>
  <testcase name="testWhereEquivalentSortCommand" classname="org.opensearch.sql.ppl.WhereCommandIT" time="0.053"/>
  <testcase name="testWhereWithLogicalExpr" classname="org.opensearch.sql.ppl.WhereCommandIT" time="0.045"/>
  <testcase name="testMultipleWhereCommands" classname="org.opensearch.sql.ppl.WhereCommandIT" time="0.036"/>
  <testcase name="testIsNotNullFunction" classname="org.opensearch.sql.ppl.WhereCommandIT" time="0.05"/>
  <testcase name="testLikeFunction" classname="org.opensearch.sql.ppl.WhereCommandIT" time="0.051"/>
  <system-out><![CDATA[[2023-01-17T11:17:45,404][INFO ][o.o.s.p.WhereCommandIT   ] [testIsNullFunction] before test
]]></system-out>
  <system-err><![CDATA[]]></system-err>
</testsuite>
<?xml version="1.0" encoding="UTF-8"?>
<testsuite name="org.opensearch.sql.sql.AdminIT" tests="4" skipped="0" failures="0" errors="0" timestamp="2023-01-17T02:17:47" hostname="Unused26-MacBook.local" time="0.628">
  <properties/>
  <testcase name="describeSingleIndexWildcard" classname="org.opensearch.sql.sql.AdminIT" time="0.447"/>
  <testcase name="explainShow" classname="org.opensearch.sql.sql.AdminIT" time="0.042"/>
  <testcase name="describeSingleIndexAlias" classname="org.opensearch.sql.sql.AdminIT" time="0.086"/>
  <testcase name="showSingleIndexAlias" classname="org.opensearch.sql.sql.AdminIT" time="0.052"/>
  <system-out><![CDATA[[2023-01-17T10:17:47,117][INFO ][o.o.s.s.AdminIT          ] [describeSingleIndexWildcard] before test
]]></system-out>
  <system-err><![CDATA[]]></system-err>
</testsuite>
<?xml version="1.0" encoding="UTF-8"?>
<testsuite name="org.opensearch.sql.sql.AggregationIT" tests="11" skipped="0" failures="0" errors="0" timestamp="2023-01-17T02:17:47" hostname="Unused26-MacBook.local" time="1.273">
  <properties/>
  <testcase name="testInMemoryAggregationOnNullValues" classname="org.opensearch.sql.sql.AggregationIT" time="0.731"/>
  <testcase name="testPushDownAggregationOnNullValuesReturnsNull" classname="org.opensearch.sql.sql.AggregationIT" time="0.048"/>
  <testcase name="testPushDownAndInMemoryAggregationReturnTheSameResult" classname="org.opensearch.sql.sql.AggregationIT" time="0.101"/>
  <testcase name="testInMemoryAggregationOnMissingValues" classname="org.opensearch.sql.sql.AggregationIT" time="0.041"/>
  <testcase name="testInMemoryAggregationOnAllValuesAndOnNotNullReturnsSameResult" classname="org.opensearch.sql.sql.AggregationIT" time="0.068"/>
  <testcase name="testPushDownAggregationOnNullValues" classname="org.opensearch.sql.sql.AggregationIT" time="0.038"/>
  <testcase name="testInMemoryAggregationOnNullValuesReturnsNull" classname="org.opensearch.sql.sql.AggregationIT" time="0.042"/>
  <testcase name="testFilteredAggregatePushDown" classname="org.opensearch.sql.sql.AggregationIT" time="0.048"/>
  <testcase name="testFilteredAggregateNotPushDown" classname="org.opensearch.sql.sql.AggregationIT" time="0.05"/>
  <testcase name="testPushDownAggregationOnAllValuesAndOnNotNullReturnsSameResult" classname="org.opensearch.sql.sql.AggregationIT" time="0.056"/>
  <testcase name="testPushDownAggregationOnMissingValues" classname="org.opensearch.sql.sql.AggregationIT" time="0.045"/>
  <system-out><![CDATA[[2023-01-17T03:17:47,884][INFO ][o.o.s.s.AggregationIT    ] [testInMemoryAggregationOnNullValues] before test
]]></system-out>
  <system-err><![CDATA[]]></system-err>
</testsuite>
<?xml version="1.0" encoding="UTF-8"?>
<testsuite name="org.opensearch.sql.sql.ConditionalIT" tests="12" skipped="0" failures="2" errors="0" timestamp="2023-01-17T02:17:49" hostname="Unused26-MacBook.local" time="1.084">
  <properties/>
  <testcase name="nullifWithNullInputTest" classname="org.opensearch.sql.sql.ConditionalIT" time="0.607"/>
  <testcase name="ifnullWithNullInputTest" classname="org.opensearch.sql.sql.ConditionalIT" time="0.042"/>
  <testcase name="isnullWithNullInputTest" classname="org.opensearch.sql.sql.ConditionalIT" time="0.037"/>
  <testcase name="isnullWithMathExpr" classname="org.opensearch.sql.sql.ConditionalIT" time="0.052">
    <failure message="org.opensearch.client.ResponseException: method [POST], host [http://127.0.0.1:61803], URI [/_plugins/_sql?format=json], status line [HTTP/1.1 400 Bad Request]&#10;{&#10;  &quot;error&quot;: {&#10;    &quot;reason&quot;: &quot;Invalid SQL query&quot;,&#10;    &quot;details&quot;: &quot;Query is unsupported in the new engine&quot;,&#10;    &quot;type&quot;: &quot;SQLFeatureDisabledException&quot;&#10;  },&#10;  &quot;status&quot;: 400&#10;}" type="org.opensearch.client.ResponseException">org.opensearch.client.ResponseException: method [POST], host [http://127.0.0.1:61803], URI [/_plugins/_sql?format=json], status line [HTTP/1.1 400 Bad Request]
</failure>
  </testcase>
  <testcase name="ifShouldPassJDBC" classname="org.opensearch.sql.sql.ConditionalIT" time="0.054"/>
  <testcase name="isnullShouldPassJDBC" classname="org.opensearch.sql.sql.ConditionalIT" time="0.045"/>
  <testcase name="nullifShouldPassJDBC" classname="org.opensearch.sql.sql.ConditionalIT" time="0.043"/>
  <testcase name="ifWithTrueAndFalseCondition" classname="org.opensearch.sql.sql.ConditionalIT" time="0.035"/>
  <testcase name="ifnullShouldPassJDBC" classname="org.opensearch.sql.sql.ConditionalIT" time="0.061"/>
  <testcase name="ifnullWithMissingInputTest" classname="org.opensearch.sql.sql.ConditionalIT" time="0.035"/>
  <testcase name="nullifWithNotNullInputTestOne" classname="org.opensearch.sql.sql.ConditionalIT" time="0.033"/>
  <testcase name="isnullWithNotNullInputTest" classname="org.opensearch.sql.sql.ConditionalIT" time="0.036">
    <failure message="org.opensearch.client.ResponseException: method [POST], host [http://127.0.0.1:61803], URI [/_plugins/_sql?format=json], status line [HTTP/1.1 400 Bad Request]&#10;{&#10;  &quot;error&quot;: {&#10;    &quot;reason&quot;: &quot;Invalid SQL query&quot;,&#10;    &quot;details&quot;: &quot;Query is unsupported in the new engine&quot;,&#10;    &quot;type&quot;: &quot;SQLFeatureDisabledException&quot;&#10;  },&#10;  &quot;status&quot;: 400&#10;}" type="org.opensearch.client.ResponseException">org.opensearch.client.ResponseException: method [POST], host [http://127.0.0.1:61803], URI [/_plugins/_sql?format=json], status line [HTTP/1.1 400 Bad Request]
</failure>
  </testcase>
  <system-out><![CDATA[[2023-01-17T05:17:49,360][INFO ][o.o.s.s.ConditionalIT    ] [nullifWithNullInputTest] before test
]]></system-out>
  <system-err><![CDATA[REPRODUCE WITH: ./gradlew ':integ-test:integTest' --tests "org.opensearch.sql.sql.ConditionalIT.isnullWithMathExpr" -Dtests.seed=160F64C51FACC80F -Dtests.security.manager=false -Dtests.locale=es-VE -Dtests.timezone=Indian/Antananarivo -Druntime.java=17
]]></system-err>
</testsuite>
<?xml version="1.0" encoding="UTF-8"?>
<testsuite name="org.opensearch.sql.sql.ConvertTZFunctionIT" tests="17" skipped="0" failures="0" errors="0" timestamp="2023-01-17T02:17:50" hostname="Unused26-MacBook.local" time="0.913">
  <properties/>
  <testcase name="inRangeZeroToPositive" classname="org.opensearch.sql.sql.ConvertTZFunctionIT" time="0.265"/>
  <testcase name="inRangeNegativeToPositive" classname="org.opensearch.sql.sql.ConvertTZFunctionIT" time="0.033"/>
  <testcase name="inRangeSameTimeZone" classname="org.opensearch.sql.sql.ConvertTZFunctionIT" time="0.032"/>
  <testcase name="nullDateTimeInvalidDateValueApril" classname="org.opensearch.sql.sql.ConvertTZFunctionIT" time="0.033"/>
  <testcase name="nullField3InvalidInput" classname="org.opensearch.sql.sql.ConvertTZFunctionIT" time="0.055"/>
  <testcase name="inRangeMinOnPoint" classname="org.opensearch.sql.sql.ConvertTZFunctionIT" time="0.067"/>
  <testcase name="inRangeRandomTimes" classname="org.opensearch.sql.sql.ConvertTZFunctionIT" time="0.05"/>
  <testcase name="nullDateTimeInvalidInput" classname="org.opensearch.sql.sql.ConvertTZFunctionIT" time="0.044"/>
  <testcase name="inRangePositiveToPositive" classname="org.opensearch.sql.sql.ConvertTZFunctionIT" time="0.05"/>
  <testcase name="nullDateTimeInvalidDateValueFebruary" classname="org.opensearch.sql.sql.ConvertTZFunctionIT" time="0.044"/>
  <testcase name="nullField3Over" classname="org.opensearch.sql.sql.ConvertTZFunctionIT" time="0.03"/>
  <testcase name="inRangeFifteenMinuteTimeZones" classname="org.opensearch.sql.sql.ConvertTZFunctionIT" time="0.038"/>
  <testcase name="nullField2Under" classname="org.opensearch.sql.sql.ConvertTZFunctionIT" time="0.04"/>
  <testcase name="inRangeTwentyFourHourTimeOffset" classname="org.opensearch.sql.sql.ConvertTZFunctionIT" time="0.028"/>
  <testcase name="inRangeNegativeZeroToPositiveZero" classname="org.opensearch.sql.sql.ConvertTZFunctionIT" time="0.029"/>
  <testcase name="nullField2InvalidInput" classname="org.opensearch.sql.sql.ConvertTZFunctionIT" time="0.035"/>
  <testcase name="nullDateTimeInvalidDateValueMonth" classname="org.opensearch.sql.sql.ConvertTZFunctionIT" time="0.031"/>
  <system-out><![CDATA[[2023-01-17T07:17:50,601][INFO ][o.o.s.s.ConvertTZFunctionIT] [inRangeZeroToPositive] before test
]]></system-out>
  <system-err><![CDATA[]]></system-err>
</testsuite>
<?xml version="1.0" encoding="UTF-8"?>
<testsuite name="org.opensearch.sql.sql.CsvFormatIT" tests="2" skipped="0" failures="0" errors="0" timestamp="2023-01-17T02:17:51" hostname="Unused26-MacBook.local" time="0.457">
  <properties/>
  <testcase name="escapeSanitizeTest" classname="org.opensearch.sql.sql.CsvFormatIT" time="0.421"/>
  <testcase name="sanitizeTest" classname="org.opensearch.sql.sql.CsvFormatIT" time="0.036"/>
  <system-out><![CDATA[[2023-01-17T08:47:51,736][INFO ][o.o.s.s.CsvFormatIT      ] [escapeSanitizeTest] before test
]]></system-out>
  <system-err><![CDATA[]]></system-err>
</testsuite>
<?xml version="1.0" encoding="UTF-8"?>
<testsuite name="org.opensearch.sql.sql.DateTimeFunctionIT" tests="52" skipped="0" failures="0" errors="0" timestamp="2023-01-17T02:17:52" hostname="Unused26-MacBook.local" time="4.964">
  <properties/>
  <testcase name="testDateDiff" classname="org.opensearch.sql.sql.DateTimeFunctionIT" time="0.728"/>
  <testcase name="testDayOfMonth" classname="org.opensearch.sql.sql.DateTimeFunctionIT" time="0.19"/>
  <testcase name="testMinuteOfDay" classname="org.opensearch.sql.sql.DateTimeFunctionIT" time="0.114"/>
  <testcase name="testDateFormat" classname="org.opensearch.sql.sql.DateTimeFunctionIT" time="0.077"/>
  <testcase name="testSecondFunctionAliasesReturnTheSameResults" classname="org.opensearch.sql.sql.DateTimeFunctionIT" time="0.176"/>
  <testcase name="testTimeToSec" classname="org.opensearch.sql.sql.DateTimeFunctionIT" time="0.046"/>
  <testcase name="testHour" classname="org.opensearch.sql.sql.DateTimeFunctionIT" time="0.063"/>
  <testcase name="testDayOfWeekAliasesReturnTheSameResults" classname="org.opensearch.sql.sql.DateTimeFunctionIT" time="0.151"/>
  <testcase name="testHourOfDayWithUnderscores" classname="org.opensearch.sql.sql.DateTimeFunctionIT" time="0.083"/>
  <testcase name="testPeriodAdd" classname="org.opensearch.sql.sql.DateTimeFunctionIT" time="0.039"/>
  <testcase name="testAddDate" classname="org.opensearch.sql.sql.DateTimeFunctionIT" time="0.086"/>
  <testcase name="testFromUnixTime" classname="org.opensearch.sql.sql.DateTimeFunctionIT" time="0.035"/>
  <testcase name="testHourFunctionAliasesReturnTheSameResults" classname="org.opensearch.sql.sql.DateTimeFunctionIT" time="0.127"/>
  <testcase name="testWeekOfYear" classname="org.opensearch.sql.sql.DateTimeFunctionIT" time="0.086"/>
  <testcase name="testDayOfMonthWithUnderscores" classname="org.opensearch.sql.sql.DateTimeFunctionIT" time="0.042"/>
  <testcase name="testMakeTime" classname="org.opensearch.sql.sql.DateTimeFunctionIT" time="0.04"/>
  <testcase name="testDateInGroupBy" classname="org.opensearch.sql.sql.DateTimeFunctionIT" time="0.075"/>
  <testcase name="testDayOfMonthAliasesReturnTheSameResults" classname="org.opensearch.sql.sql.DateTimeFunctionIT" time="0.143"/>
  <testcase name="testWeek" classname="org.opensearch.sql.sql.DateTimeFunctionIT" time="0.086"/>
  <testcase name="testDayOfYearAlternateSyntaxesReturnTheSameResults" classname="org.opensearch.sql.sql.DateTimeFunctionIT" time="0.151"/>
  <testcase name="testWeekAlternateSyntaxesReturnTheSameResults" classname="org.opensearch.sql.sql.DateTimeFunctionIT" time="0.16"/>
  <testcase name="testDayOfYear" classname="org.opensearch.sql.sql.DateTimeFunctionIT" time="0.048"/>
  <testcase name="testNowLikeFunctions" classname="org.opensearch.sql.sql.DateTimeFunctionIT" time="0.338"/>
  <testcase name="testQuarter" classname="org.opensearch.sql.sql.DateTimeFunctionIT" time="0.071"/>
  <testcase name="testDateAdd" classname="org.opensearch.sql.sql.DateTimeFunctionIT" time="0.138"/>
  <testcase name="testDayOfWeek" classname="org.opensearch.sql.sql.DateTimeFunctionIT" time="0.043"/>
  <testcase name="testMonthName" classname="org.opensearch.sql.sql.DateTimeFunctionIT" time="0.042"/>
  <testcase name="testFromDays" classname="org.opensearch.sql.sql.DateTimeFunctionIT" time="0.035"/>
  <testcase name="testDay" classname="org.opensearch.sql.sql.DateTimeFunctionIT" time="0.06"/>
  <testcase name="testSecond" classname="org.opensearch.sql.sql.DateTimeFunctionIT" time="0.064"/>
  <testcase name="testPeriodDiff" classname="org.opensearch.sql.sql.DateTimeFunctionIT" time="0.039"/>
  <testcase name="testDayOfWeekWithUnderscores" classname="org.opensearch.sql.sql.DateTimeFunctionIT" time="0.041"/>
  <testcase name="testDateWithHavingClauseOnly" classname="org.opensearch.sql.sql.DateTimeFunctionIT" time="0.051"/>
  <testcase name="testAddTime" classname="org.opensearch.sql.sql.DateTimeFunctionIT" time="0.038"/>
  <testcase name="testMakeDate" classname="org.opensearch.sql.sql.DateTimeFunctionIT" time="0.037"/>
  <testcase name="testMonth" classname="org.opensearch.sql.sql.DateTimeFunctionIT" time="0.044"/>
  <testcase name="testDateSub" classname="org.opensearch.sql.sql.DateTimeFunctionIT" time="0.08"/>
  <testcase name="testUnixTimeStamp" classname="org.opensearch.sql.sql.DateTimeFunctionIT" time="0.047"/>
  <testcase name="testMinute" classname="org.opensearch.sql.sql.DateTimeFunctionIT" time="0.063"/>
  <testcase name="testMinuteFunctionAliasesReturnTheSameResults" classname="org.opensearch.sql.sql.DateTimeFunctionIT" time="0.146"/>
  <testcase name="testMonthAlternateSyntaxesReturnTheSameResults" classname="org.opensearch.sql.sql.DateTimeFunctionIT" time="0.191"/>
  <testcase name="testToDays" classname="org.opensearch.sql.sql.DateTimeFunctionIT" time="0.043"/>
  <testcase name="testMonthOfYearTypes" classname="org.opensearch.sql.sql.DateTimeFunctionIT" time="0.06"/>
  <testcase name="testTimeDiff" classname="org.opensearch.sql.sql.DateTimeFunctionIT" time="0.033"/>
  <testcase name="testMinuteOfHour" classname="org.opensearch.sql.sql.DateTimeFunctionIT" time="0.061"/>
  <testcase name="testSecondOfMinute" classname="org.opensearch.sql.sql.DateTimeFunctionIT" time="0.061"/>
  <testcase name="testMicrosecond" classname="org.opensearch.sql.sql.DateTimeFunctionIT" time="0.102"/>
  <testcase name="testDayName" classname="org.opensearch.sql.sql.DateTimeFunctionIT" time="0.046"/>
  <testcase name="testSubDate" classname="org.opensearch.sql.sql.DateTimeFunctionIT" time="0.07"/>
  <testcase name="testSubTime" classname="org.opensearch.sql.sql.DateTimeFunctionIT" time="0.033"/>
  <testcase name="testDayOfYearWithUnderscores" classname="org.opensearch.sql.sql.DateTimeFunctionIT" time="0.066"/>
  <testcase name="testYear" classname="org.opensearch.sql.sql.DateTimeFunctionIT" time="0.052"/>
  <system-out><![CDATA[[2023-01-16T23:17:52,309][INFO ][o.o.s.s.DateTimeFunctionIT] [testDateDiff] before test
]]></system-out>
  <system-err><![CDATA[]]></system-err>
</testsuite>
<?xml version="1.0" encoding="UTF-8"?>
<testsuite name="org.opensearch.sql.sql.DateTimeImplementationIT" tests="15" skipped="0" failures="0" errors="0" timestamp="2023-01-17T02:17:57" hostname="Unused26-MacBook.local" time="0.844">
  <properties/>
  <testcase name="nullDateTimeInvalidDateValueApril" classname="org.opensearch.sql.sql.DateTimeImplementationIT" time="0.41"/>
  <testcase name="inRangeJustInRangeNegative" classname="org.opensearch.sql.sql.DateTimeImplementationIT" time="0.033"/>
  <testcase name="nullDateTimeInvalidDateValueMonth" classname="org.opensearch.sql.sql.DateTimeImplementationIT" time="0.03"/>
  <testcase name="nullField3Under" classname="org.opensearch.sql.sql.DateTimeImplementationIT" time="0.03"/>
  <testcase name="inRangeNegativeToPositive" classname="org.opensearch.sql.sql.DateTimeImplementationIT" time="0.03"/>
  <testcase name="nullField1Over" classname="org.opensearch.sql.sql.DateTimeImplementationIT" time="0.033"/>
  <testcase name="inRangeTwentyHourOffset" classname="org.opensearch.sql.sql.DateTimeImplementationIT" time="0.03"/>
  <testcase name="inRangeZeroNoTZ" classname="org.opensearch.sql.sql.DateTimeImplementationIT" time="0.031"/>
  <testcase name="inRangeZeroDayConvert" classname="org.opensearch.sql.sql.DateTimeImplementationIT" time="0.03"/>
  <testcase name="inRangeYearChange" classname="org.opensearch.sql.sql.DateTimeImplementationIT" time="0.03"/>
  <testcase name="inRangeJustInRangePositive" classname="org.opensearch.sql.sql.DateTimeImplementationIT" time="0.03"/>
  <testcase name="nullDateTimeInvalidDateValueFebruary" classname="org.opensearch.sql.sql.DateTimeImplementationIT" time="0.029"/>
  <testcase name="inRangeZeroToStringTZ" classname="org.opensearch.sql.sql.DateTimeImplementationIT" time="0.03"/>
  <testcase name="inRangeZeroToPositive" classname="org.opensearch.sql.sql.DateTimeImplementationIT" time="0.03"/>
  <testcase name="inRangeZeroNoToTZ" classname="org.opensearch.sql.sql.DateTimeImplementationIT" time="0.031"/>
  <system-out><![CDATA[[2023-01-17T00:17:57,578][INFO ][o.o.s.s.DateTimeImplementationIT] [nullDateTimeInvalidDateValueApril] before test
]]></system-out>
  <system-err><![CDATA[]]></system-err>
</testsuite>
<?xml version="1.0" encoding="UTF-8"?>
<testsuite name="org.opensearch.sql.sql.HighlightFunctionIT" tests="8" skipped="0" failures="0" errors="0" timestamp="2023-01-17T02:17:58" hostname="Unused26-MacBook.local" time="0.938">
  <properties/>
  <testcase name="highlight_no_limit_test" classname="org.opensearch.sql.sql.HighlightFunctionIT" time="0.645"/>
  <testcase name="wildcard_multi_field_highlight_test" classname="org.opensearch.sql.sql.HighlightFunctionIT" time="0.059"/>
  <testcase name="single_highlight_test" classname="org.opensearch.sql.sql.HighlightFunctionIT" time="0.045"/>
  <testcase name="highlight_all_test" classname="org.opensearch.sql.sql.HighlightFunctionIT" time="0.043"/>
  <testcase name="multiple_highlight_test" classname="org.opensearch.sql.sql.HighlightFunctionIT" time="0.037"/>
  <testcase name="highlight_optional_arguments_test" classname="org.opensearch.sql.sql.HighlightFunctionIT" time="0.038"/>
  <testcase name="highlight_multiple_optional_arguments_test" classname="org.opensearch.sql.sql.HighlightFunctionIT" time="0.035"/>
  <testcase name="wildcard_highlight_test" classname="org.opensearch.sql.sql.HighlightFunctionIT" time="0.033"/>
  <system-out><![CDATA[[2023-01-17T08:17:58,553][INFO ][o.o.s.s.HighlightFunctionIT] [highlight_no_limit_test] before test
]]></system-out>
  <system-err><![CDATA[]]></system-err>
</testsuite>
<?xml version="1.0" encoding="UTF-8"?>
<testsuite name="org.opensearch.sql.sql.IdentifierIT" tests="5" skipped="0" failures="0" errors="0" timestamp="2023-01-17T02:17:59" hostname="Unused26-MacBook.local" time="2.256">
  <properties/>
  <testcase name="testMultipleQueriesWithSpecialIndexNames" classname="org.opensearch.sql.sql.IdentifierIT" time="0.548"/>
  <testcase name="testSpecialIndexNames" classname="org.opensearch.sql.sql.IdentifierIT" time="0.492"/>
  <testcase name="testIndexNames" classname="org.opensearch.sql.sql.IdentifierIT" time="0.476"/>
  <testcase name="testSpecialFieldName" classname="org.opensearch.sql.sql.IdentifierIT" time="0.263"/>
  <testcase name="testQuotedIndexNames" classname="org.opensearch.sql.sql.IdentifierIT" time="0.476"/>
  <system-out><![CDATA[[2023-01-17T05:17:59,616][INFO ][o.o.s.s.IdentifierIT     ] [testMultipleQueriesWithSpecialIndexNames] before test
]]></system-out>
  <system-err><![CDATA[]]></system-err>
</testsuite>
<?xml version="1.0" encoding="UTF-8"?>
<testsuite name="org.opensearch.sql.sql.JdbcFormatIT" tests="2" skipped="0" failures="0" errors="0" timestamp="2023-01-17T02:18:02" hostname="Unused26-MacBook.local" time="0.328">
  <properties/>
  <testcase name="testAliasInSchema" classname="org.opensearch.sql.sql.JdbcFormatIT" time="0.292"/>
  <testcase name="testSimpleDataTypesInSchema" classname="org.opensearch.sql.sql.JdbcFormatIT" time="0.036"/>
  <system-out><![CDATA[[2023-01-16T21:18:02,303][INFO ][o.o.s.s.JdbcFormatIT     ] [testAliasInSchema] before test
]]></system-out>
  <system-err><![CDATA[]]></system-err>
</testsuite>
<?xml version="1.0" encoding="UTF-8"?>
<testsuite name="org.opensearch.sql.sql.LegacyAPICompatibilityIT" tests="8" skipped="0" failures="1" errors="0" timestamp="2023-01-17T02:18:02" hostname="Unused26-MacBook.local" time="0.762">
  <properties/>
  <testcase name="legacySettingNewEndpoint" classname="org.opensearch.sql.sql.LegacyAPICompatibilityIT" time="0.44"/>
  <testcase name="stats" classname="org.opensearch.sql.sql.LegacyAPICompatibilityIT" time="0.042"/>
  <testcase name="newSettingsLegacyEndpoint" classname="org.opensearch.sql.sql.LegacyAPICompatibilityIT" time="0.058"/>
  <testcase name="closeCursor" classname="org.opensearch.sql.sql.LegacyAPICompatibilityIT" time="0.041">
    <failure message="org.opensearch.client.ResponseException: method [POST], host [http://127.0.0.1:61803], URI [/_plugins/_sql?format=jdbc], status line [HTTP/1.1 400 Bad Request]&#10;{&#10;  &quot;error&quot;: {&#10;    &quot;reason&quot;: &quot;Invalid SQL query&quot;,&#10;    &quot;details&quot;: &quot;Query is unsupported in the new engine&quot;,&#10;    &quot;type&quot;: &quot;SQLFeatureDisabledException&quot;&#10;  },&#10;  &quot;status&quot;: 400&#10;}" type="org.opensearch.client.ResponseException">org.opensearch.client.ResponseException: method [POST], host [http://127.0.0.1:61803], URI [/_plugins/_sql?format=jdbc], status line [HTTP/1.1 400 Bad Request]
</failure>
  </testcase>
  <testcase name="newSettingNewEndpoint" classname="org.opensearch.sql.sql.LegacyAPICompatibilityIT" time="0.053"/>
  <testcase name="legacySettingsLegacyEndpoint" classname="org.opensearch.sql.sql.LegacyAPICompatibilityIT" time="0.059"/>
  <testcase name="explain" classname="org.opensearch.sql.sql.LegacyAPICompatibilityIT" time="0.031"/>
  <testcase name="query" classname="org.opensearch.sql.sql.LegacyAPICompatibilityIT" time="0.035"/>
  <system-out><![CDATA[[2023-01-17T16:18:02,746][INFO ][o.o.s.s.LegacyAPICompatibilityIT] [legacySettingNewEndpoint] before test
]]></system-out>
  <system-err><![CDATA[REPRODUCE WITH: ./gradlew ':integ-test:integTest' --tests "org.opensearch.sql.sql.LegacyAPICompatibilityIT.closeCursor" -Dtests.seed=160F64C51FACC80F -Dtests.security.manager=false -Dtests.locale=lt -Dtests.timezone=Etc/GMT-14 -Druntime.java=17
]]></system-err>
</testsuite>
<?xml version="1.0" encoding="UTF-8"?>
<testsuite name="org.opensearch.sql.sql.LikeQueryIT" tests="11" skipped="0" failures="0" errors="0" timestamp="2023-01-17T02:18:03" hostname="Unused26-MacBook.local" time="0.629">
  <properties/>
  <testcase name="test_like_in_where" classname="org.opensearch.sql.sql.LikeQueryIT" time="0.295"/>
  <testcase name="test_like_on_text_keyword_field_with_greater_than_one_word" classname="org.opensearch.sql.sql.LikeQueryIT" time="0.039"/>
  <testcase name="test_like_on_text_keyword_field_with_one_word" classname="org.opensearch.sql.sql.LikeQueryIT" time="0.036"/>
  <testcase name="test_like_in_select_with_escaped_underscore" classname="org.opensearch.sql.sql.LikeQueryIT" time="0.035"/>
  <testcase name="test_like_in_select_with_escaped_percent" classname="org.opensearch.sql.sql.LikeQueryIT" time="0.032"/>
  <testcase name="test_like_on_text_field_with_one_word" classname="org.opensearch.sql.sql.LikeQueryIT" time="0.033"/>
  <testcase name="test_like_in_where_with_escaped_percent" classname="org.opensearch.sql.sql.LikeQueryIT" time="0.033"/>
  <testcase name="test_like_in_select" classname="org.opensearch.sql.sql.LikeQueryIT" time="0.031"/>
  <testcase name="test_convert_field_text_to_keyword" classname="org.opensearch.sql.sql.LikeQueryIT" time="0.029"/>
  <testcase name="test_like_in_where_with_escaped_underscore" classname="org.opensearch.sql.sql.LikeQueryIT" time="0.03"/>
  <testcase name="test_like_on_text_field_with_greater_than_one_word" classname="org.opensearch.sql.sql.LikeQueryIT" time="0.031"/>
  <system-out><![CDATA[[2023-01-17T05:18:03,656][INFO ][o.o.s.s.LikeQueryIT      ] [test_like_in_where] before test
]]></system-out>
  <system-err><![CDATA[]]></system-err>
</testsuite>
<?xml version="1.0" encoding="UTF-8"?>
<testsuite name="org.opensearch.sql.sql.MatchBoolPrefixIT" tests="3" skipped="0" failures="0" errors="0" timestamp="2023-01-17T02:18:04" hostname="Unused26-MacBook.local" time="0.4">
  <properties/>
  <testcase name="additional_parameters_test" classname="org.opensearch.sql.sql.MatchBoolPrefixIT" time="0.335"/>
  <testcase name="query_matches_test" classname="org.opensearch.sql.sql.MatchBoolPrefixIT" time="0.034"/>
  <testcase name="no_matches_test" classname="org.opensearch.sql.sql.MatchBoolPrefixIT" time="0.03"/>
  <system-out><![CDATA[[2023-01-17T03:18:04,405][INFO ][o.o.s.s.MatchBoolPrefixIT] [additional_parameters_test] before test
]]></system-out>
  <system-err><![CDATA[]]></system-err>
</testsuite>
<?xml version="1.0" encoding="UTF-8"?>
<testsuite name="org.opensearch.sql.sql.MatchIT" tests="13" skipped="0" failures="0" errors="0" timestamp="2023-01-17T02:18:04" hostname="Unused26-MacBook.local" time="0.85">
  <properties/>
  <testcase name="match_query_in_having" classname="org.opensearch.sql.sql.MatchIT" time="0.377"/>
  <testcase name="match_query_alternate_syntax" classname="org.opensearch.sql.sql.MatchIT" time="0.035"/>
  <testcase name="missing_backtick_field_test" classname="org.opensearch.sql.sql.MatchIT" time="0.036"/>
  <testcase name="match_alternate_syntaxes_return_the_same_results" classname="org.opensearch.sql.sql.MatchIT" time="0.057"/>
  <testcase name="matchquery_in_having" classname="org.opensearch.sql.sql.MatchIT" time="0.037"/>
  <testcase name="matchquery_alternate_syntax" classname="org.opensearch.sql.sql.MatchIT" time="0.034"/>
  <testcase name="match_in_having" classname="org.opensearch.sql.sql.MatchIT" time="0.036"/>
  <testcase name="missing_field_test" classname="org.opensearch.sql.sql.MatchIT" time="0.03"/>
  <testcase name="match_in_where" classname="org.opensearch.sql.sql.MatchIT" time="0.041"/>
  <testcase name="matchquery_in_where" classname="org.opensearch.sql.sql.MatchIT" time="0.037"/>
  <testcase name="match_query_in_where" classname="org.opensearch.sql.sql.MatchIT" time="0.04"/>
  <testcase name="match_aliases_return_the_same_results" classname="org.opensearch.sql.sql.MatchIT" time="0.055"/>
  <testcase name="missing_quoted_field_test" classname="org.opensearch.sql.sql.MatchIT" time="0.031"/>
  <system-out><![CDATA[[2023-01-17T09:18:04,927][INFO ][o.o.s.s.MatchIT          ] [match_query_in_having] before test
]]></system-out>
  <system-err><![CDATA[]]></system-err>
</testsuite>
<?xml version="1.0" encoding="UTF-8"?>
<testsuite name="org.opensearch.sql.sql.MatchPhraseIT" tests="8" skipped="0" failures="0" errors="0" timestamp="2023-01-17T02:18:05" hostname="Unused26-MacBook.local" time="0.669">
  <properties/>
  <testcase name="matchphrase_alternate_syntax" classname="org.opensearch.sql.sql.MatchPhraseIT" time="0.392"/>
  <testcase name="test_matchphrasequery_legacy_function" classname="org.opensearch.sql.sql.MatchPhraseIT" time="0.04"/>
  <testcase name="test_match_phrase_with_slop" classname="org.opensearch.sql.sql.MatchPhraseIT" time="0.03"/>
  <testcase name="match_phrase_alternate_syntax" classname="org.opensearch.sql.sql.MatchPhraseIT" time="0.032"/>
  <testcase name="test_match_phrase_function" classname="org.opensearch.sql.sql.MatchPhraseIT" time="0.031"/>
  <testcase name="test_aliases_for_match_phrase_returns_same_result" classname="org.opensearch.sql.sql.MatchPhraseIT" time="0.059"/>
  <testcase name="match_phrase_alternate_syntaxes_return_the_same_results" classname="org.opensearch.sql.sql.MatchPhraseIT" time="0.053"/>
  <testcase name="test_matchphrase_legacy_function" classname="org.opensearch.sql.sql.MatchPhraseIT" time="0.03"/>
  <system-out><![CDATA[[2023-01-16T21:18:05,910][INFO ][o.o.s.s.MatchPhraseIT    ] [matchphrase_alternate_syntax] before test
]]></system-out>
  <system-err><![CDATA[]]></system-err>
</testsuite>
<?xml version="1.0" encoding="UTF-8"?>
<testsuite name="org.opensearch.sql.sql.MatchPhrasePrefixIT" tests="8" skipped="0" failures="0" errors="0" timestamp="2023-01-17T02:18:06" hostname="Unused26-MacBook.local" time="0.635">
  <properties/>
  <testcase name="analyzer_standard" classname="org.opensearch.sql.sql.MatchPhrasePrefixIT" time="0.396"/>
  <testcase name="zero_term_query_all" classname="org.opensearch.sql.sql.MatchPhrasePrefixIT" time="0.043"/>
  <testcase name="slop_is_2" classname="org.opensearch.sql.sql.MatchPhrasePrefixIT" time="0.033"/>
  <testcase name="all_optional_parameters" classname="org.opensearch.sql.sql.MatchPhrasePrefixIT" time="0.033"/>
  <testcase name="required_parameters" classname="org.opensearch.sql.sql.MatchPhrasePrefixIT" time="0.031"/>
  <testcase name="max_expansions_is_3" classname="org.opensearch.sql.sql.MatchPhrasePrefixIT" time="0.032"/>
  <testcase name="analyzer_english" classname="org.opensearch.sql.sql.MatchPhrasePrefixIT" time="0.032"/>
  <testcase name="slop_is_3" classname="org.opensearch.sql.sql.MatchPhrasePrefixIT" time="0.031"/>
  <system-out><![CDATA[[2023-01-16T20:18:06,684][INFO ][o.o.s.s.MatchPhrasePrefixIT] [analyzer_standard] before test
]]></system-out>
  <system-err><![CDATA[]]></system-err>
</testsuite>
<?xml version="1.0" encoding="UTF-8"?>
<testsuite name="org.opensearch.sql.sql.MathematicalFunctionIT" tests="11" skipped="0" failures="0" errors="0" timestamp="2023-01-17T02:18:07" hostname="Unused26-MacBook.local" time="0.781">
  <properties/>
  <testcase name="testCrc32" classname="org.opensearch.sql.sql.MathematicalFunctionIT" time="0.252"/>
  <testcase name="testSign" classname="org.opensearch.sql.sql.MathematicalFunctionIT" time="0.039"/>
  <testcase name="testTruncate" classname="org.opensearch.sql.sql.MathematicalFunctionIT" time="0.118"/>
  <testcase name="testConv" classname="org.opensearch.sql.sql.MathematicalFunctionIT" time="0.037"/>
  <testcase name="testCeil" classname="org.opensearch.sql.sql.MathematicalFunctionIT" time="0.049"/>
  <testcase name="testRound" classname="org.opensearch.sql.sql.MathematicalFunctionIT" time="0.102"/>
  <testcase name="testE" classname="org.opensearch.sql.sql.MathematicalFunctionIT" time="0.028"/>
  <testcase name="testCbrt" classname="org.opensearch.sql.sql.MathematicalFunctionIT" time="0.046"/>
  <testcase name="testAtan" classname="org.opensearch.sql.sql.MathematicalFunctionIT" time="0.027"/>
  <testcase name="testMod" classname="org.opensearch.sql.sql.MathematicalFunctionIT" time="0.038"/>
  <testcase name="testPI" classname="org.opensearch.sql.sql.MathematicalFunctionIT" time="0.039"/>
  <system-out><![CDATA[[2023-01-17T00:18:07,434][INFO ][o.o.s.s.MathematicalFunctionIT] [testCrc32] before test
]]></system-out>
  <system-err><![CDATA[]]></system-err>
</testsuite>
<?xml version="1.0" encoding="UTF-8"?>
<testsuite name="org.opensearch.sql.sql.MetricsIT" tests="1" skipped="0" failures="1" errors="0" timestamp="2023-01-17T02:18:08" hostname="Unused26-MacBook.local" time="0.363">
  <properties/>
  <testcase name="requestCount" classname="org.opensearch.sql.sql.MetricsIT" time="0.363">
    <failure message="org.opensearch.client.ResponseException: method [POST], host [http://127.0.0.1:61803], URI [/_plugins/_sql?format=json], status line [HTTP/1.1 400 Bad Request]&#10;{&#10;  &quot;error&quot;: {&#10;    &quot;reason&quot;: &quot;Invalid SQL query&quot;,&#10;    &quot;details&quot;: &quot;Query is unsupported in the new engine&quot;,&#10;    &quot;type&quot;: &quot;SQLFeatureDisabledException&quot;&#10;  },&#10;  &quot;status&quot;: 400&#10;}" type="org.opensearch.client.ResponseException">org.opensearch.client.ResponseException: method [POST], host [http://127.0.0.1:61803], URI [/_plugins/_sql?format=json], status line [HTTP/1.1 400 Bad Request]
</failure>
  </testcase>
  <system-out><![CDATA[[2566-01-17T13:18:08,332][INFO ][o.o.s.s.MetricsIT        ] [requestCount] before test
]]></system-out>
  <system-err><![CDATA[REPRODUCE WITH: ./gradlew ':integ-test:integTest' --tests "org.opensearch.sql.sql.MetricsIT.requestCount" -Dtests.seed=160F64C51FACC80F -Dtests.security.manager=false -Dtests.locale=th-TH -Dtests.timezone=Australia/Hobart -Druntime.java=17
]]></system-err>
</testsuite>
<?xml version="1.0" encoding="UTF-8"?>
<testsuite name="org.opensearch.sql.sql.MultiMatchIT" tests="12" skipped="0" failures="0" errors="0" timestamp="2023-01-17T02:18:08" hostname="Unused26-MacBook.local" time="0.909">
  <properties/>
  <testcase name="verify_wildcard_test" classname="org.opensearch.sql.sql.MultiMatchIT" time="0.494"/>
  <testcase name="test_all_params_multimatchquery_alternate_parameter_syntax" classname="org.opensearch.sql.sql.MultiMatchIT" time="0.038"/>
  <testcase name="test_multimatchquery_alternate_parameter_syntax" classname="org.opensearch.sql.sql.MultiMatchIT" time="0.032"/>
  <testcase name="test_multi_match_alternate_parameter_syntax" classname="org.opensearch.sql.sql.MultiMatchIT" time="0.03"/>
  <testcase name="multi_match_alternate_syntax" classname="org.opensearch.sql.sql.MultiMatchIT" time="0.031"/>
  <testcase name="test_mandatory_params" classname="org.opensearch.sql.sql.MultiMatchIT" time="0.034"/>
  <testcase name="test_quoted_multi_match_alternate_parameter_syntax" classname="org.opensearch.sql.sql.MultiMatchIT" time="0.03"/>
  <testcase name="multi_match_alternate_syntaxes_return_the_same_results" classname="org.opensearch.sql.sql.MultiMatchIT" time="0.055"/>
  <testcase name="multimatch_alternate_syntax" classname="org.opensearch.sql.sql.MultiMatchIT" time="0.047"/>
  <testcase name="test_all_params" classname="org.opensearch.sql.sql.MultiMatchIT" time="0.035"/>
  <testcase name="test_wildcard_multi_match_alternate_parameter_syntax" classname="org.opensearch.sql.sql.MultiMatchIT" time="0.041"/>
  <testcase name="test_multimatch_alternate_parameter_syntax" classname="org.opensearch.sql.sql.MultiMatchIT" time="0.036"/>
  <system-out><![CDATA[[2023-01-17T07:48:08,867][INFO ][o.o.s.s.MultiMatchIT     ] [verify_wildcard_test] before test
]]></system-out>
  <system-err><![CDATA[]]></system-err>
</testsuite>
<?xml version="1.0" encoding="UTF-8"?>
<testsuite name="org.opensearch.sql.sql.NullLiteralIT" tests="4" skipped="0" failures="0" errors="0" timestamp="2023-01-17T02:18:09" hostname="Unused26-MacBook.local" time="0.177">
  <properties/>
  <testcase name="testNullLiteralInInterval" classname="org.opensearch.sql.sql.NullLiteralIT" time="0.075"/>
  <testcase name="testNullLiteralInOperator" classname="org.opensearch.sql.sql.NullLiteralIT" time="0.032"/>
  <testcase name="testNullLiteralInFunction" classname="org.opensearch.sql.sql.NullLiteralIT" time="0.037"/>
  <testcase name="testNullLiteralSchema" classname="org.opensearch.sql.sql.NullLiteralIT" time="0.032"/>
  <system-out><![CDATA[[2023-01-16T19:18:09,898][INFO ][o.o.s.s.NullLiteralIT    ] [testNullLiteralInInterval] before test
]]></system-out>
  <system-err><![CDATA[]]></system-err>
</testsuite>
<?xml version="1.0" encoding="UTF-8"?>
<testsuite name="org.opensearch.sql.sql.PositionFunctionIT" tests="7" skipped="0" failures="0" errors="0" timestamp="2023-01-17T02:18:10" hostname="Unused26-MacBook.local" time="0.827">
  <properties/>
  <testcase name="position_function_test" classname="org.opensearch.sql.sql.PositionFunctionIT" time="0.611"/>
  <testcase name="position_function_with_string_literals_test" classname="org.opensearch.sql.sql.PositionFunctionIT" time="0.029"/>
  <testcase name="position_function_with_nulls_test" classname="org.opensearch.sql.sql.PositionFunctionIT" time="0.031"/>
  <testcase name="position_function_with_only_fields_as_args_test" classname="org.opensearch.sql.sql.PositionFunctionIT" time="0.036"/>
  <testcase name="position_function_with_null_args_test" classname="org.opensearch.sql.sql.PositionFunctionIT" time="0.044"/>
  <testcase name="position_function_in_where_clause_test" classname="org.opensearch.sql.sql.PositionFunctionIT" time="0.037"/>
  <testcase name="position_function_with_function_as_arg_test" classname="org.opensearch.sql.sql.PositionFunctionIT" time="0.036"/>
  <system-out><![CDATA[[2023-01-17T07:48:10,154][INFO ][o.o.s.s.PositionFunctionIT] [position_function_test] before test
]]></system-out>
  <system-err><![CDATA[]]></system-err>
</testsuite>
<?xml version="1.0" encoding="UTF-8"?>
<testsuite name="org.opensearch.sql.sql.PreparedStatementIT" tests="1" skipped="0" failures="0" errors="0" timestamp="2023-01-17T02:18:11" hostname="Unused26-MacBook.local" time="0.37">
  <properties/>
  <testcase name="testPreparedStatement" classname="org.opensearch.sql.sql.PreparedStatementIT" time="0.37"/>
  <system-out><![CDATA[[2023-01-17T05:18:11,132][INFO ][o.o.s.s.PreparedStatementIT] [testPreparedStatement] before test
]]></system-out>
  <system-err><![CDATA[]]></system-err>
</testsuite>
<?xml version="1.0" encoding="UTF-8"?>
<testsuite name="org.opensearch.sql.sql.QueryIT" tests="5" skipped="0" failures="0" errors="0" timestamp="2023-01-17T02:18:11" hostname="Unused26-MacBook.local" time="0.6">
  <properties/>
  <testcase name="all_params_test" classname="org.opensearch.sql.sql.QueryIT" time="0.392"/>
  <testcase name="wildcard_test" classname="org.opensearch.sql.sql.QueryIT" time="0.078"/>
  <testcase name="all_fields_test" classname="org.opensearch.sql.sql.QueryIT" time="0.039"/>
  <testcase name="query_string_and_query_return_the_same_results_test" classname="org.opensearch.sql.sql.QueryIT" time="0.055"/>
  <testcase name="mandatory_params_test" classname="org.opensearch.sql.sql.QueryIT" time="0.034"/>
  <system-out><![CDATA[[2023-01-16T19:18:11,620][INFO ][o.o.s.s.QueryIT          ] [all_params_test] before test
]]></system-out>
  <system-err><![CDATA[]]></system-err>
</testsuite>
<?xml version="1.0" encoding="UTF-8"?>
<testsuite name="org.opensearch.sql.sql.QueryStringIT" tests="4" skipped="0" failures="0" errors="0" timestamp="2023-01-17T02:18:12" hostname="Unused26-MacBook.local" time="0.54">
  <properties/>
  <testcase name="all_params_test" classname="org.opensearch.sql.sql.QueryStringIT" time="0.41"/>
  <testcase name="mandatory_params_test" classname="org.opensearch.sql.sql.QueryStringIT" time="0.033"/>
  <testcase name="all_fields_test" classname="org.opensearch.sql.sql.QueryStringIT" time="0.037"/>
  <testcase name="wildcard_test" classname="org.opensearch.sql.sql.QueryStringIT" time="0.06"/>
  <system-out><![CDATA[[2023-01-16T23:18:12,340][INFO ][o.o.s.s.QueryStringIT    ] [all_params_test] before test
]]></system-out>
  <system-err><![CDATA[]]></system-err>
</testsuite>
<?xml version="1.0" encoding="UTF-8"?>
<testsuite name="org.opensearch.sql.sql.QueryValidationIT" tests="4" skipped="1" failures="0" errors="0" timestamp="2023-01-17T02:18:12" hostname="Unused26-MacBook.local" time="0.453">
  <properties/>
  <testcase name="testNonAggregatedSelectColumnMissingInGroupByClause" classname="org.opensearch.sql.sql.QueryValidationIT" time="0.0">
    <skipped/>
  </testcase>
  <testcase name="testNonAggregatedSelectColumnPresentWithoutGroupByClause" classname="org.opensearch.sql.sql.QueryValidationIT" time="0.389"/>
  <testcase name="aggregationFunctionInSelectGroupByMultipleFields" classname="org.opensearch.sql.sql.QueryValidationIT" time="0.032"/>
  <testcase name="testQueryFieldWithKeyword" classname="org.opensearch.sql.sql.QueryValidationIT" time="0.029"/>
  <system-out><![CDATA[[2023-01-17T02:18:13,004][INFO ][o.o.s.s.QueryValidationIT] [testNonAggregatedSelectColumnPresentWithoutGroupByClause] before test
]]></system-out>
  <system-err><![CDATA[]]></system-err>
</testsuite>
<?xml version="1.0" encoding="UTF-8"?>
<testsuite name="org.opensearch.sql.sql.RawFormatIT" tests="1" skipped="0" failures="0" errors="0" timestamp="2023-01-17T02:18:13" hostname="Unused26-MacBook.local" time="0.264">
  <properties/>
  <testcase name="rawFormatWithPipeFieldTest" classname="org.opensearch.sql.sql.RawFormatIT" time="0.264"/>
  <system-out><![CDATA[[2023-01-16T20:18:13,571][INFO ][o.o.s.s.RawFormatIT      ] [rawFormatWithPipeFieldTest] before test
]]></system-out>
  <system-err><![CDATA[]]></system-err>
</testsuite>
<?xml version="1.0" encoding="UTF-8"?>
<testsuite name="org.opensearch.sql.sql.RelevanceFunctionIT" tests="6" skipped="0" failures="0" errors="0" timestamp="2023-01-17T02:18:13" hostname="Unused26-MacBook.local" time="0.699">
  <properties/>
  <testcase name="verify_escape_in_query_string" classname="org.opensearch.sql.sql.RelevanceFunctionIT" time="0.418"/>
  <testcase name="verify_default_operator_in_multi_match" classname="org.opensearch.sql.sql.RelevanceFunctionIT" time="0.061"/>
  <testcase name="verify_default_operator_in_simple_query_string" classname="org.opensearch.sql.sql.RelevanceFunctionIT" time="0.046"/>
  <testcase name="verify_flags_in_simple_query_string" classname="org.opensearch.sql.sql.RelevanceFunctionIT" time="0.07"/>
  <testcase name="verify_operator_in_match" classname="org.opensearch.sql.sql.RelevanceFunctionIT" time="0.054"/>
  <testcase name="verify_default_operator_in_query_string" classname="org.opensearch.sql.sql.RelevanceFunctionIT" time="0.047"/>
  <system-out><![CDATA[[2023-01-17T02:18:13,950][INFO ][o.o.s.s.RelevanceFunctionIT] [verify_escape_in_query_string] before test
]]></system-out>
  <system-err><![CDATA[]]></system-err>
</testsuite>
<?xml version="1.0" encoding="UTF-8"?>
<testsuite name="org.opensearch.sql.sql.SQLCorrectnessIT" tests="1" skipped="0" failures="0" errors="0" timestamp="2023-01-17T02:18:14" hostname="Unused26-MacBook.local" time="8.06">
  <properties/>
  <testcase name="runAllTests" classname="org.opensearch.sql.sql.SQLCorrectnessIT" time="8.06"/>
  <system-out><![CDATA[[2023-01-17T10:18:14,777][INFO ][o.o.s.s.SQLCorrectnessIT ] [runAllTests] before test
]]></system-out>
  <system-err><![CDATA[]]></system-err>
</testsuite>
<?xml version="1.0" encoding="UTF-8"?>
<testsuite name="org.opensearch.sql.sql.SimpleQueryStringIT" tests="3" skipped="0" failures="0" errors="0" timestamp="2023-01-17T02:18:23" hostname="Unused26-MacBook.local" time="0.803">
  <properties/>
  <testcase name="test_all_params" classname="org.opensearch.sql.sql.SimpleQueryStringIT" time="0.687"/>
  <testcase name="verify_wildcard_test" classname="org.opensearch.sql.sql.SimpleQueryStringIT" time="0.077"/>
  <testcase name="test_mandatory_params" classname="org.opensearch.sql.sql.SimpleQueryStringIT" time="0.038"/>
  <system-out><![CDATA[[2023-01-17T13:18:23,342][INFO ][o.o.s.s.SimpleQueryStringIT] [test_all_params] before test
]]></system-out>
  <system-err><![CDATA[]]></system-err>
</testsuite>
<?xml version="1.0" encoding="UTF-8"?>
<testsuite name="org.opensearch.sql.sql.SystemFunctionIT" tests="2" skipped="0" failures="0" errors="0" timestamp="2023-01-17T02:18:24" hostname="Unused26-MacBook.local" time="0.596">
  <properties/>
  <testcase name="typeof_opensearch_types" classname="org.opensearch.sql.sql.SystemFunctionIT" time="0.555"/>
  <testcase name="typeof_sql_types" classname="org.opensearch.sql.sql.SystemFunctionIT" time="0.041"/>
  <system-out><![CDATA[[2023-01-17T02:18:24,268][INFO ][o.o.s.s.SystemFunctionIT ] [typeof_opensearch_types] before test
]]></system-out>
  <system-err><![CDATA[]]></system-err>
</testsuite>
<?xml version="1.0" encoding="UTF-8"?>
<testsuite name="org.opensearch.sql.sql.TextFunctionIT" tests="15" skipped="0" failures="0" errors="0" timestamp="2023-01-17T02:18:25" hostname="Unused26-MacBook.local" time="0.584">
  <properties/>
  <testcase name="testStrcmp" classname="org.opensearch.sql.sql.TextFunctionIT" time="0.079"/>
  <testcase name="testConcat" classname="org.opensearch.sql.sql.TextFunctionIT" time="0.036"/>
  <testcase name="testSubstring" classname="org.opensearch.sql.sql.TextFunctionIT" time="0.034"/>
  <testcase name="testUpper" classname="org.opensearch.sql.sql.TextFunctionIT" time="0.035"/>
  <testcase name="testLeft" classname="org.opensearch.sql.sql.TextFunctionIT" time="0.024"/>
  <testcase name="testTrim" classname="org.opensearch.sql.sql.TextFunctionIT" time="0.046"/>
  <testcase name="testLength" classname="org.opensearch.sql.sql.TextFunctionIT" time="0.026"/>
  <testcase name="testRegexp" classname="org.opensearch.sql.sql.TextFunctionIT" time="0.038"/>
  <testcase name="testLtrim" classname="org.opensearch.sql.sql.TextFunctionIT" time="0.045"/>
  <testcase name="testLower" classname="org.opensearch.sql.sql.TextFunctionIT" time="0.034"/>
  <testcase name="testConcat_ws" classname="org.opensearch.sql.sql.TextFunctionIT" time="0.034"/>
  <testcase name="testSubstr" classname="org.opensearch.sql.sql.TextFunctionIT" time="0.032"/>
  <testcase name="testRtrim" classname="org.opensearch.sql.sql.TextFunctionIT" time="0.041"/>
  <testcase name="testRight" classname="org.opensearch.sql.sql.TextFunctionIT" time="0.025"/>
  <testcase name="testReverse" classname="org.opensearch.sql.sql.TextFunctionIT" time="0.045"/>
  <system-out><![CDATA[[2023-01-17T05:18:25,014][INFO ][o.o.s.s.TextFunctionIT   ] [testStrcmp] before test
]]></system-out>
  <system-err><![CDATA[]]></system-err>
</testsuite>
<?xml version="1.0" encoding="UTF-8"?>
<testsuite name="org.opensearch.sql.sql.WildcardQueryIT" tests="18" skipped="0" failures="0" errors="0" timestamp="2023-01-17T02:18:25" hostname="Unused26-MacBook.local" time="1.155">
  <properties/>
  <testcase name="test_wildcard_query_on_text_keyword_field_with_greater_than_one_word" classname="org.opensearch.sql.sql.WildcardQueryIT" time="0.275"/>
  <testcase name="test_wildcard_query_asterisk_function" classname="org.opensearch.sql.sql.WildcardQueryIT" time="0.267"/>
  <testcase name="test_escaping_wildcard_percent_in_text" classname="org.opensearch.sql.sql.WildcardQueryIT" time="0.053"/>
  <testcase name="test_escaping_wildcard_percent_in_the_end_of_text" classname="org.opensearch.sql.sql.WildcardQueryIT" time="0.037"/>
  <testcase name="test_wildcard_query_question_mark_function" classname="org.opensearch.sql.sql.WildcardQueryIT" time="0.049"/>
  <testcase name="test_double_escaped_wildcard_percent" classname="org.opensearch.sql.sql.WildcardQueryIT" time="0.04"/>
  <testcase name="test_wildcard_query_on_text_field_with_one_word" classname="org.opensearch.sql.sql.WildcardQueryIT" time="0.041"/>
  <testcase name="test_double_escaped_wildcard_underscore" classname="org.opensearch.sql.sql.WildcardQueryIT" time="0.03"/>
  <testcase name="test_escaping_wildcard_underscore_in_the_end_of_text" classname="org.opensearch.sql.sql.WildcardQueryIT" time="0.036"/>
  <testcase name="test_escaping_wildcard_underscore_in_the_beginning_of_text" classname="org.opensearch.sql.sql.WildcardQueryIT" time="0.033"/>
  <testcase name="test_wildcard_query_sql_wildcard_percent_conversion" classname="org.opensearch.sql.sql.WildcardQueryIT" time="0.052"/>
  <testcase name="test_wildcard_query_on_text_field_with_greater_than_one_word" classname="org.opensearch.sql.sql.WildcardQueryIT" time="0.03"/>
  <testcase name="all_params_test" classname="org.opensearch.sql.sql.WildcardQueryIT" time="0.035"/>
  <testcase name="test_escaping_wildcard_percent_in_the_beginning_of_text" classname="org.opensearch.sql.sql.WildcardQueryIT" time="0.033"/>
  <testcase name="test_wildcard_query_on_text_keyword_field_with_one_word" classname="org.opensearch.sql.sql.WildcardQueryIT" time="0.032"/>
  <testcase name="test_wildcard_query_sql_wildcard_underscore_conversion" classname="org.opensearch.sql.sql.WildcardQueryIT" time="0.044"/>
  <testcase name="test_backslash_wildcard" classname="org.opensearch.sql.sql.WildcardQueryIT" time="0.03"/>
  <testcase name="test_escaping_wildcard_underscore_in_text" classname="org.opensearch.sql.sql.WildcardQueryIT" time="0.032"/>
  <system-out><![CDATA[[2023-01-16T21:18:25,682][INFO ][o.o.s.s.WildcardQueryIT  ] [test_wildcard_query_on_text_keyword_field_with_greater_than_one_word] before test
]]></system-out>
  <system-err><![CDATA[]]></system-err>
</testsuite>
<?xml version="1.0" encoding="UTF-8"?>
<testsuite name="org.opensearch.sql.sql.WindowFunctionIT" tests="5" skipped="0" failures="0" errors="0" timestamp="2023-01-17T02:18:27" hostname="Unused26-MacBook.local" time="0.71">
  <properties/>
  <testcase name="testDistinctCountOverNull" classname="org.opensearch.sql.sql.WindowFunctionIT" time="0.572"/>
  <testcase name="testOrderByNullLast" classname="org.opensearch.sql.sql.WindowFunctionIT" time="0.039"/>
  <testcase name="testDistinctCountOver" classname="org.opensearch.sql.sql.WindowFunctionIT" time="0.031"/>
  <testcase name="testOrderByNullFirst" classname="org.opensearch.sql.sql.WindowFunctionIT" time="0.03"/>
  <testcase name="testDistinctCountPartition" classname="org.opensearch.sql.sql.WindowFunctionIT" time="0.035"/>
  <system-out><![CDATA[[2023-01-16T19:18:27,057][INFO ][o.o.s.s.WindowFunctionIT ] [testDistinctCountOverNull] before test
]]></system-out>
  <system-err><![CDATA[]]></system-err>
</testsuite>
